

        **********************************************************
        ** PROGRAM FullProf.2k (Version 8.40 - Feb2026-ILL JRC) **
        **********************************************************
                       M U L T I -- P A T T E R N                 
            Rietveld, Profile Matching & Integrated Intensity     
                 Refinement of X-ray and/or Neutron Data


    Date: 25/09/2026  Time: 13:22:24.645                              

 => PCR file code: scale-fit-2
 => DAT file code: scale-fit-2          -> Relative contribution: 1.0000                                                            

 ==> CONDITIONS OF THIS RUN FOR PATTERN No.:  1

 => Global Refinement of neutron powder data                                                                                        
 => Title: YAlO3

 => Number of phases:    2
 => Number of excluded regions:    2
 => Number of scattering factors supplied:    0
 => Conventional weights: w=1.0/Variance(yobs)
 => Asymmetry correction as in J.Appl.Cryst. 26,128(1993)
 => Background linearly interpolated between the   25 points given
 => The    5th default profile function was selected
 => Pseudo-Voigt function (ETA variable)
                 X-parameter correspond to: ETA=ETA0+X*2theta
                       pV(x)= ETA*L(x)+(1-ETA)*G(x)

 ==> INPUT/OUTPUT OPTIONS:

 => Generate bacground file *.bac
 => Generate file *.PRF for plot
 => Output Integrated Intensities
 => Generate new input file *.PCR

 => X-Y type of data: 2theta/TOF/E(Kev) Intens sigma for pattern:  1
 => Plot pattern at each cycle
 => Wavelengths:  1.54816 1.54816
 => Alpha2/Alpha1 ratio:   1.0000
 => Cos(Monochromator angle)=   0.0000
 => Asymmetry correction for angles lower than  160.000 degrees
 => Absorption correction (AC), muR-eff =   0.0221  0.0000
 => AC : Cylinder Debye-Scherrer (Hewat formula)
 => Base of peaks: 2.0*HW*   20.00

 => Number of cycles:  150
 => Relaxation factors ==>    for coordinates:  1.00
 => for anisotropic temperature factors:  1.00
 => for halfwidth/strain/size/further parameters:  1.00
 => for lattice constants and propagation vectors:  1.00
 => EPS-value for convergence:    0.1
 => Background ==> 
    Position   Intensity
        4.05     1320.73        0.00
        4.78     1824.86        0.00
        6.79     2430.77        0.00
       13.26     2109.54        0.00
       18.17     2027.15        0.00
       23.75     2073.30        0.00
       32.01     2105.30        0.00
       36.47     2159.14        0.00
       47.19     1992.46        0.00
       52.10     2014.77        0.00
       59.02     2054.03        0.00
       69.96     1987.90        0.00
       80.00     2154.50        0.00
       90.49     2163.29        0.00
      101.21     2156.47        0.00
      106.34     2072.22        0.00
      108.79     1958.45        0.00
      112.59     1996.44        0.00
      119.29     1983.78        0.00
      128.21     2479.00        0.00

      133.12     2323.03        0.00
      140.94     2669.74        0.00
      145.62     2584.43        0.00
      148.08     2788.79        0.00
      151.90     2793.56        0.00

 

 => Excluded regions for Pattern#  1
    From     to
      0.0000      4.0000
    153.9500    180.0000

 => Number of Least-Squares parameters varied:     1

 =>--------------------------->
 =>------->  PATTERN number:  1
 =>--------------------------->
 => Global parameters and codes ==>
 => Zero-point:     0.0015    0.0000
 => Perpendicular Displacement parameter and code:     0.00    0.00
 => Parallel      Displacement parameter and code:     0.00    0.00

 => Reading Intensity data  =>>

 -> No recognizable heading in input data file X,Y,sigma
    First 6 lines are considered as COMMENTS (except for TSAMP keyword)
 -> COMMENT:                  2                 0                 0                                                                              
 -> COMMENT:               2.05                 0                 0                                                                              
 -> COMMENT:                2.1                 0                 0                                                                              
 -> COMMENT:               2.15                 0                 0                                                                              
 -> COMMENT:                2.2                 0                 0                                                                              
 -> COMMENT:               2.25                 0                 0                                                                              
 ==> Angular range, step and number of points:
     2Thmin:       2.300000  2Thmax:     151.949997  Step:       0.050019  No. of points:   2994
 --------------------------------------------------------------------------------
 => Phase  No. 1
      YAlO3                                                                 
 --------------------------------------------------------------------------------
 =>-------> Pattern#  1
 => Crystal Structure Refinement
 => Preferred orientation vector:   0.0000  0.0000  1.0000

 =>-------> Data for PHASE: 1
 => Number of atoms:    4
 => Number of distance  constraints:    0
 => Number of angle     constraints:    0

 => Symmetry information on space group: P b n m             
 -> The multiplicity of the general position is:   8
 -> The space group is Centric (-1 at origin)   
 -> Lattice type  P: { 000 }                                       
 -> Reduced set of symmetry operators:

  No.  IT   Symmetry symbol    Rotation part     Associated Translation
   1: ( 1)   1            -->     ( x, y, z) + {  0.0000  0.0000  0.0000}
   2: ( 4)   2 ( x, 0, 0) -->     ( x,-y,-z) + {  0.5000  0.5000  0.0000}
   3: ( 3)   2 ( 0, y, 0) -->     (-x, y,-z) + {  0.5000  0.5000  0.5000}
   4: ( 2)   2 ( 0, 0, z) -->     (-x,-y, z) + {  0.0000  0.0000  0.5000}


        Information on Space Group: 
        --------------------------- 

 =>   Number of Space group:  62
 =>  Hermann-Mauguin Symbol: P b n m
 =>             Hall Symbol: -P 2c 2ab
 =>    Table Setting Choice: cab
 =>            Setting Type: IT (Generated from Hermann-Mauguin symbol)
 =>          Crystal System: Orthorhombic
 =>              Laue Class: mmm
 =>             Point Group: mmm
 =>         Bravais Lattice: P
 =>          Lattice Symbol: oP
 =>  Reduced Number of S.O.:   4
 =>    General multiplicity:   8
 =>          Centrosymmetry: Centric (-1 at origin)
 =>  Generators (exc. -1&L):   2
 =>         Asymmetric unit:  0.000 <= x <=  1.000
                              0.000 <= y <=  0.500
                              0.000 <= z <=  0.250
 => Centring vectors:  0
                                                                                                    

 => List of all Symmetry Operators and Symmetry Symbols

 => SYMM(  1): x,y,z                             Symbol: 1
 => SYMM(  2): x+1/2,-y+1/2,-z                   Symbol: 2 (1/2,0,0) x,1/4,0
 => SYMM(  3): -x+1/2,y+1/2,-z+1/2               Symbol: 2 (0,1/2,0) 1/4,y,1/4
 => SYMM(  4): -x,-y,z+1/2                       Symbol: 2 (0,0,1/2) 0,0,z
 => SYMM(  5): -x,-y,-z                          Symbol: -1 0,0,0
 => SYMM(  6): -x+1/2,y+1/2,z                    Symbol: b 1/4,y,z
 => SYMM(  7): x+1/2,-y+1/2,z+1/2                Symbol: n (1/2,0,1/2) x,1/4,z
 => SYMM(  8): x,y,-z+1/2                        Symbol: m x,y,1/4

 => Initial parameters ==>
 Atom    Ntyp                  X         Y         Z         B         occ.         in  fin  Spc  Mult
                             B11       B22       B33       B12       B13       B23
 Y      Y                  0.01241   0.55406   0.25000   0.11810   0.50000           0    0    0    4
                 Codes:    0.00000   0.00000   0.00000   0.00000   0.00000
 Al     AL                 0.00000   0.00000   0.00000   0.12582   0.50000           0    0    0    4
                 Codes:    0.00000   0.00000   0.00000   0.00000   0.00000
 O1     O                 -0.08385  -0.02195   0.25000   0.05559   0.50000           0    0    0    4
                 Codes:    0.00000   0.00000   0.00000   0.00000   0.00000
 O2     O                  0.20470   0.29483   0.04427   0.13975   1.00000           0    0    0    8
                 Codes:    0.00000   0.00000   0.00000   0.00000   0.00000

 => It is assumed that THE FIRST GIVEN SITE plus all the other atoms 
    occupying THE SAME POSITION have a total full occupation (no vacancies!)
  (if this is not the case, change the order of atoms to obtain correct values for the content of the unit cell)
    The given occupation factors have been obtained mutiplying m/M by   0.5000
      -> Atom: Y   ,  Chemical element: Y   Atomic Mass:    88.9059
      -> Atom: AL  ,  Chemical element: AL  Atomic Mass:    26.9815
      -> Atom: O   ,  Chemical element: O   Atomic Mass:    15.9994
      -> Atom: O   ,  Chemical element: O   Atomic Mass:    15.9994
 => The given value of ATZ is        655.54 the program has calculated:         655.54
    The value of ATZ given in the input PCR file will be used for quantitative analysis
 => The chemical content of the unit cell is: 
       4.0000 Y    +   4.0000 AL   +   4.0000 O    +   8.0000 O      
 => The normalized site occupation numbers in % are: 
     100.0000 Y      :      100.0000 Al     :      100.0000 O1     :      100.0000 O2       
 => The density (volumic mass) of the compound is:    5.368 g/cm3

 =>-------> PROFILE PARAMETERS FOR PATTERN:  1

 => Overall scale factor:    27.8962    
 => ETA (p-Voigt) OR M (Pearson VII):   0.1252
 => Overall temperature factor:      0.00000
 => Halfwidth U,V,W:      0.03889    -0.04620     0.10586
 => X and Y parameters:       0.0000      0.0000
 => Direct cell parameters:    5.1724   5.3266   7.3608  90.0000  90.0000  90.0000
 => Preferred orientation parameters:   0.0000  0.0000
 => Asymmetry parameters     :      0.21542     0.00305    -0.27811     0.05563
 => Strain parameters        :      0.00000     0.00000     0.00000
 => Size   parameters        :      0.00000     0.00000

 ==> CODEWORDS FOR PROFILE PARAMETERS of PATTERN#  1

 => Overall scale factor:    0.000
 => ETA (p-Voigt) OR M (Pearson VII):    0.000
 => Overall temperature factor:    0.000
 => Halfwidth U,V,W:    0.000   0.000   0.000
 => X and Y parameters:    0.000   0.000
 => Direct cell parameters:    0.000   0.000   0.000   0.000   0.000   0.000
 => Preferred orientation parameters:    0.000   0.000
 => Asymmetry parameters     :    0.000   0.000   0.000   0.000
 => Strain parameters        :    0.000   0.000   0.000
 => Size   parameters        :    0.000   0.000

 => Cell constraints according to Laue symmetry: mmm  

        Metric information:
        -------------------

 => Direct cell parameters:

         a =       5.1724      b =       5.3266      c =       7.3608
     alpha =       90.000   beta =       90.000  gamma =       90.000
                        Direct Cell Volume =     202.8013

 => Reciprocal cell parameters:

         a*=     0.193333      b*=     0.187737      c*=     0.135854
     alpha*=       90.000   beta*=       90.000  gamma*=       90.000
                    Reciprocal Cell Volume =   0.00493093

 => Direct and Reciprocal Metric Tensors:

                   GD                                       GR
     26.7539      0.0000      0.0000          0.037378    0.000000    0.000000
      0.0000     28.3726      0.0000          0.000000    0.035245    0.000000
      0.0000      0.0000     54.1821          0.000000    0.000000    0.018456

 =>  Cartesian frame: x // a; z is along c*; y is within the ab-plane   

     Crystal_to_Orthonormal_Matrix              Orthonormal_to_Crystal Matrix
              Cr_Orth_cel                               Orth_Cr_cel  
      5.1724      0.0000      0.0000          0.193333   -0.000000   -0.000000
      0.0000      5.3266      0.0000          0.000000    0.187737   -0.000000
      0.0000      0.0000      7.3608          0.000000    0.000000    0.135854

     Busing-Levy B-matrix: Hc=B.H            Inverse of the Busing-Levy B-matrix
                BL_M                                      BL_Minv  
    0.193333    0.000000    0.000000            5.1724     -0.0000     -0.0000
    0.000000    0.187737   -0.000000            0.0000      5.3266      0.0000
    0.000000    0.000000    0.135854            0.0000      0.0000      7.3608

 => Laue symmetry mmm   will be used to generate HKL for pattern#   1
 => Reflections generated between S(1/d)min:  0.0259 A-1 and S(1/d)max:  1.2872 A-1
 =>                                    dmax: 38.5691 A   and      dmin:  0.7769 A
 => The number of reflections generated is:    245
 => The max. scatt. variable (gen.ref.) is:       170.2966
 => Scattering coefficients from internal table

 => Scattering lengths:

 Y      0.7750
 AL     0.3449
 O      0.5803
 --------------------------------------------------------------------------------
 => Phase  No. 2
      Al2O3                                                                 
 --------------------------------------------------------------------------------
 =>-------> Pattern#  1
 => Crystal Structure Refinement
 => Preferred orientation vector:   0.0000  0.0000  1.0000

 =>-------> Data for PHASE: 2
 => Number of atoms:    2
 => Number of distance  constraints:    0
 => Number of angle     constraints:    0

 => Symmetry information on space group: R -3 c              
 -> The multiplicity of the general position is:  36
 -> The space group is Centric (-1 at origin)   
 -> Lattice type  R: { 000; 2/3 1/3 1/3; 1/3 2/3 2/3   }+          
 -> Reduced set of symmetry operators:

  No.  IT   Symmetry symbol    Rotation part     Associated Translation
   1: ( 1)   1            --> ( x  ,   y, z) + {  0.0000  0.0000  0.0000}
   2: ( 2)  3+ ( 0, 0, z) --> (  -y, x-y, z) + {  0.0000  0.0000  0.0000}
   3: ( 3)  3- ( 0, 0, z) --> (-x+y,-x  , z) + {  0.0000  0.0000  0.0000}
   4: ( 7)   2 ( x, x, 0) --> (   y, x  ,-z) + {  0.0000  0.0000  0.5000}
   5: ( 8)   2 ( x, 0, 0) --> ( x-y,  -y,-z) + {  0.0000  0.0000  0.5000}
   6: ( 9)   2 ( 0, y, 0) --> (-x  ,-x+y,-z) + {  0.0000  0.0000  0.5000}


        Information on Space Group: 
        --------------------------- 

 =>   Number of Space group: 167
 =>  Hermann-Mauguin Symbol: R -3 c
 =>             Hall Symbol: -R 3 2"c
 =>            Setting Type: IT (Generated from Hermann-Mauguin symbol)
 =>          Crystal System: Trigonal
 =>              Laue Class: -3m1
 =>             Point Group: -3m
 =>         Bravais Lattice: R
 =>          Lattice Symbol: hR
 =>  Reduced Number of S.O.:   6
 =>    General multiplicity:  36
 =>          Centrosymmetry: Centric (-1 at origin)
 =>  Generators (exc. -1&L):   2
 =>         Asymmetric unit:  0.000 <= x <=  0.667
                              0.000 <= y <=  0.667
                              0.000 <= z <=  0.083
 => Centring vectors:  2
 => Latt( 1): (2/3,1/3,1/3)                        => Latt( 2): (1/3,2/3,2/3)                       
                                                                                                    

 => List of all Symmetry Operators and Symmetry Symbols

 => SYMM(  1): x,y,z                             Symbol: 1
 => SYMM(  2): -y,x-y,z                          Symbol: 3+ 0,0,z
 => SYMM(  3): -x+y,-x,z                         Symbol: 3- 0,0,z
 => SYMM(  4): -y,-x,z+1/2                       Symbol: c x,-x,z
 => SYMM(  5): -x+y,y,z+1/2                      Symbol: c x,2x,z
 => SYMM(  6): x,x-y,z+1/2                       Symbol: c 2x,x,2z
 => SYMM(  7): -x,-y,-z                          Symbol: -1 0,0,0
 => SYMM(  8): y,-x+y,-z                         Symbol: -3+ 0,0,z; 0,0,0
 => SYMM(  9): x-y,x,-z                          Symbol: -3- 0,0,z; 0,0,0
 => SYMM( 10): y,x,-z+1/2                        Symbol: 2 x,x,1/4
 => SYMM( 11): x-y,-y,-z+1/2                     Symbol: 2 x,0,1/4
 => SYMM( 12): -x,-x+y,-z+1/2                    Symbol: 2 0,y,1/4
 => SYMM( 13): x+2/3,y+1/3,z+1/3                 Symbol: t (2/3,1/3,1/3)
 => SYMM( 14): -y+2/3,x-y+1/3,z+1/3              Symbol: 3+ (0,0,1/3) 1/3,1/3,z
 => SYMM( 15): -x+y+2/3,-x+1/3,z+1/3             Symbol: 3- (0,0,1/3) 1/3,0,z
 => SYMM( 16): -y+2/3,-x+1/3,z+5/6               Symbol: g (1/6,-1/6,5/6) x,-x+1/2,z
 => SYMM( 17): -x+y+2/3,y+1/3,z+5/6              Symbol: g (1/6,1/3,5/6) x,2x-1/2,z
 => SYMM( 18): x+2/3,x-y+1/3,z+5/6               Symbol: g (2/3,1/3,5/6) 2x,x,2z
 => SYMM( 19): -x+2/3,-y+1/3,-z+1/3              Symbol: -1 1/3,1/6,1/6
 => SYMM( 20): y+2/3,-x+y+1/3,-z+1/3             Symbol: -3+ 1/3,-1/3,z; 1/3,-1/3,1/6
 => SYMM( 21): x-y+2/3,x+1/3,-z+1/3              Symbol: -3- 1/3,2/3,z; 1/3,2/3,1/6
 => SYMM( 22): y+2/3,x+1/3,-z+5/6                Symbol: 2 (1/2,1/2,0) x,x-1/6,5/12
 => SYMM( 23): x-y+2/3,-y+1/3,-z+5/6             Symbol: 2 (1/2,0,0) x,1/6,5/12
 => SYMM( 24): -x+2/3,-x+y+1/3,-z+5/6            Symbol: 2 1/3,y,5/12
 => SYMM( 25): x+1/3,y+2/3,z+2/3                 Symbol: t (1/3,2/3,2/3)
 => SYMM( 26): -y+1/3,x-y+2/3,z+2/3              Symbol: 3+ (0,0,2/3) 0,1/3,z
 => SYMM( 27): -x+y+1/3,-x+2/3,z+2/3             Symbol: 3- (0,0,2/3) 1/3,1/3,z
 => SYMM( 28): -y+1/3,-x+2/3,z+1/6               Symbol: g (-1/6,1/6,1/6) x,-x+1/2,z
 => SYMM( 29): -x+y+1/3,y+2/3,z+1/6              Symbol: g (1/3,2/3,1/6) x,2x,z
 => SYMM( 30): x+1/3,x-y+2/3,z+1/6               Symbol: g (1/3,1/6,1/6) 2x,x+1/4,2z
 => SYMM( 31): -x+1/3,-y+2/3,-z+2/3              Symbol: -1 1/6,1/3,1/3
 => SYMM( 32): y+1/3,-x+y+2/3,-z+2/3             Symbol: -3+ 2/3,1/3,z; 2/3,1/3,1/3
 => SYMM( 33): x-y+1/3,x+2/3,-z+2/3              Symbol: -3- -1/3,1/3,z; -1/3,1/3,1/3
 => SYMM( 34): y+1/3,x+2/3,-z+1/6                Symbol: 2 (1/2,1/2,0) x,x+1/6,1/12
 => SYMM( 35): x-y+1/3,-y+2/3,-z+1/6             Symbol: 2 x,1/3,1/12
 => SYMM( 36): -x+1/3,-x+y+2/3,-z+1/6            Symbol: 2 (0,1/2,0) 1/6,y,1/12

 => Special Wyckoff Positions for R -3 c
 
    Multp     Site        Representative Coordinates (centring translations excluded)
     18       e              x,0,1/4             0,x,1/4             -x,-x,1/4                               
                             0,-x,3/4            -x,0,3/4            x,x,3/4                                 
 
     18       d              1/2,0,0             0,1/2,0             1/2,1/2,0                               
                             0,1/2,1/2           1/2,0,1/2           1/2,1/2,1/2                             
 
     12       c              0,0,z               0,0,z+1/2           0,0,-z                                  
                             0,0,-z+1/2                                                                      
 
      6       b              0,0,0               0,0,1/2                                                     
 
      6       a              0,0,1/4             0,0,3/4                                                     
 

 => Initial parameters ==>
 Atom    Ntyp                  X         Y         Z         B         occ.         in  fin  Spc  Mult
                             B11       B22       B33       B12       B13       B23
 Al1    Al                 0.00000   0.00000   0.33349  -0.13591   0.33333           0    0    0   12
                 Codes:    0.00000   0.00000   0.00000   0.00000   0.00000
 O1     O                  0.34993   0.00000   0.25000   1.24078   0.50000           0    0    0   18
                 Codes:    0.00000   0.00000   0.00000   0.00000   0.00000

 => It is assumed that THE FIRST GIVEN SITE plus all the other atoms 
    occupying THE SAME POSITION have a total full occupation (no vacancies!)
  (if this is not the case, change the order of atoms to obtain correct values for the content of the unit cell)
    The given occupation factors have been obtained mutiplying m/M by   0.3333
      -> Atom: Al  ,  Chemical element: AL  Atomic Mass:    26.9815
      -> Atom: O   ,  Chemical element: O   Atomic Mass:    15.9994
 => The given value of ATZ is        611.76 the program has calculated:         611.76
    The value of ATZ given in the input PCR file will be used for quantitative analysis
 => The chemical content of the unit cell is: 
      12.0000 Al   +  18.0002 O      
 => The normalized site occupation numbers in % are: 
     100.0000 Al1    :      100.0010 O1       
 => The density (volumic mass) of the compound is:    3.997 g/cm3

 =>-------> PROFILE PARAMETERS FOR PATTERN:  1

 => Overall scale factor:   0.188768    
 => ETA (p-Voigt) OR M (Pearson VII):   0.1252
 => Overall temperature factor:      0.00000
 => Halfwidth U,V,W:      0.03889    -0.04620     0.10586
 => X and Y parameters:       0.0000      0.0000
 => Direct cell parameters:    4.7566   4.7566  12.9730  90.0000  90.0000 120.0000
 => Preferred orientation parameters:   0.0000  0.0000
 => Asymmetry parameters     :      0.21542     0.00305    -0.27811     0.05563
 => Strain parameters        :      0.00000     0.00000     0.00000
 => Size   parameters        :      0.00000     0.00000

 ==> CODEWORDS FOR PROFILE PARAMETERS of PATTERN#  1

 => Overall scale factor:   11.000
 => ETA (p-Voigt) OR M (Pearson VII):    0.000
 => Overall temperature factor:    0.000
 => Halfwidth U,V,W:    0.000   0.000   0.000
 => X and Y parameters:    0.000   0.000
 => Direct cell parameters:    0.000   0.000   0.000   0.000   0.000   0.000
 => Preferred orientation parameters:    0.000   0.000
 => Asymmetry parameters     :    0.000   0.000   0.000   0.000
 => Strain parameters        :    0.000   0.000   0.000
 => Size   parameters        :    0.000   0.000

 => Cell constraints according to Laue symmetry: -3m1 

        Metric information:
        -------------------

 => Direct cell parameters:

         a =       4.7566      b =       4.7566      c =      12.9730
     alpha =       90.000   beta =       90.000  gamma =      120.000
                        Direct Cell Volume =     254.1957

 => Reciprocal cell parameters:

         a*=     0.242757      b*=     0.242757      c*=     0.077083
     alpha*=       90.000   beta*=       90.000  gamma*=       60.000
                    Reciprocal Cell Volume =   0.00393398

 => Direct and Reciprocal Metric Tensors:

                   GD                                       GR
     22.6254    -11.3127      0.0000          0.058931    0.029465    0.000000
    -11.3127     22.6254      0.0000          0.029465    0.058931    0.000000
      0.0000      0.0000    168.2997          0.000000    0.000000    0.005942

 =>  Cartesian frame: x // a; z is along c*; y is within the ab-plane   

     Crystal_to_Orthonormal_Matrix              Orthonormal_to_Crystal Matrix
              Cr_Orth_cel                               Orth_Cr_cel  
      4.7566     -2.3783      0.0000          0.210234    0.121378   -0.000000
      0.0000      4.1193      0.0000          0.000000    0.242757   -0.000000
      0.0000      0.0000     12.9730          0.000000    0.000000    0.077083

     Busing-Levy B-matrix: Hc=B.H            Inverse of the Busing-Levy B-matrix
                BL_M                                      BL_Minv  
    0.242757    0.121378    0.000000            4.1193     -2.3783     -0.0000
    0.000000    0.210234   -0.000000            0.0000      4.7566      0.0000
    0.000000    0.000000    0.077083            0.0000      0.0000     12.9730

 => Laue symmetry -3m1  will be used to generate HKL for pattern#   1
 => Reflections generated between S(1/d)min:  0.0259 A-1 and S(1/d)max:  1.2872 A-1
 =>                                    dmax: 38.5691 A   and      dmin:  0.7769 A
 => The number of reflections generated is:     67
 => The max. scatt. variable (gen.ref.) is:       170.2966
 => Scattering coefficients from internal table

 => Scattering lengths:

 Al     0.3449

     --------------------------------------------------------------
      SYMBOLIC NAMES AND INITIAL VALUES OF PARAMETERS TO BE VARIED:
     --------------------------------------------------------------

      ->  Parameter number    1   -> Symbolic Name:                                     Scale_ph2_pat1    0.18876760    
  
 
 => Optimizations for routine tasks applied:
 => Calculation mode for patter#:   1  CM_GENERAL     
 


   Standard deviations have to be multiplied by: 2.8574
   (correlated residuals) See references:
  -J.F.Berar & P.Lelann, J. Appl. Cryst. 24, 1-5 (1991) 
  -J.F.Berar, Acc. in Pow. Diff. II,NIST Sp.Pub. 846, 63(1992) 

 ++++++++++++++++++++++++++++++++++++++++++++++++++++++++++++++++++++++++++++++++++++++++++++++++++++++++++++++++++++++++++++++++++++

 => CYCLE No.:    1
 =>  Convergence reached at this CYCLE !!!!
 =>  Parameter shifts set to zero
 ------------------------------------------------------------------------------------------------------------------------------------
 => Phase  1 Name: YAlO3
 ------------------------------------------------------------------------------------------------------------------------------------
 => New parameters, shifts, and standard deviations

 Atom        x       dx      sx       y       dy      sy       z       dz      sz       B       dB      sB      occ.    docc.   socc.

 Y        0.01241 0.00000 0.00000  0.55406 0.00000 0.00000  0.25000 0.00000 0.00000  0.11810 0.00000 0.00000  0.50000 0.00000 0.00000
 Al       0.00000 0.00000 0.00000  0.00000 0.00000 0.00000  0.00000 0.00000 0.00000  0.12582 0.00000 0.00000  0.50000 0.00000 0.00000
 O1      -0.08385 0.00000 0.00000 -0.02195 0.00000 0.00000  0.25000 0.00000 0.00000  0.05559 0.00000 0.00000  0.50000 0.00000 0.00000
 O2       0.20470 0.00000 0.00000  0.29483 0.00000 0.00000  0.04427 0.00000 0.00000  0.13975 0.00000 0.00000  1.00000 0.00000 0.00000

 ==> PROFILE PARAMETERS FOR PATTERN#  1

 => Overall scale factor:     27.896169662     0.000000000     0.000000000
 => Eta(p-Voigt) or m(Pearson VII):   0.125220  0.000000  0.000000
 => Overall tem. factor:     0.000000    0.000000    0.000000
 => Halfwidth parameters: 
         0.038892    0.000000    0.000000
        -0.046200    0.000000    0.000000
         0.105860    0.000000    0.000000
 => Cell parameters: 
        5.172420    0.000000    0.000000
        5.326590    0.000000    0.000000
        7.360847    0.000000    0.000000
       90.000000    0.000000    0.000000
       90.000000    0.000000    0.000000
       90.000000    0.000000    0.000000
 => Preferred orientation: 
         0.000000    0.000000    0.000000
         0.000000    0.000000    0.000000
 => Asymmetry parameters: 
         0.215420    0.000000    0.000000
         0.003050    0.000000    0.000000
        -0.278110    0.000000    0.000000
         0.055630    0.000000    0.000000
 => X and Y parameters: 
         0.000000    0.000000    0.000000
         0.000000    0.000000    0.000000
 => Strain parameters: 
         0.000000    0.000000    0.000000
         0.000000    0.000000    0.000000
         0.000000    0.000000    0.000000
 => Size   parameters (G,L): 
         0.000000    0.000000    0.000000
         0.000000    0.000000    0.000000
 ------------------------------------------------------------------------------------------------------------------------------------
 => Phase  2 Name: Al2O3
 ------------------------------------------------------------------------------------------------------------------------------------
 => New parameters, shifts, and standard deviations

 Atom        x       dx      sx       y       dy      sy       z       dz      sz       B       dB      sB      occ.    docc.   socc.

 Al1      0.00000 0.00000 0.00000  0.00000 0.00000 0.00000  0.33349 0.00000 0.00000 -0.13591 0.00000 0.00000  0.33333 0.00000 0.00000
 O1       0.34993 0.00000 0.00000  0.00000 0.00000 0.00000  0.25000 0.00000 0.00000  1.24078 0.00000 0.00000  0.50000 0.00000 0.00000

 ==> PROFILE PARAMETERS FOR PATTERN#  1

 => Overall scale factor:      0.189141259     0.000000000     0.006330260
 => Eta(p-Voigt) or m(Pearson VII):   0.125220  0.000000  0.000000
 => Overall tem. factor:     0.000000    0.000000    0.000000
 => Halfwidth parameters: 
         0.038892    0.000000    0.000000
        -0.046200    0.000000    0.000000
         0.105860    0.000000    0.000000
 => Cell parameters: 
        4.756614    0.000000    0.000000
        4.756614    0.000000    0.000000
       12.973036    0.000000    0.000000
       90.000000    0.000000    0.000000
       90.000000    0.000000    0.000000
      120.000000    0.000000    0.000000
 => Preferred orientation: 
         0.000000    0.000000    0.000000
         0.000000    0.000000    0.000000
 => Asymmetry parameters: 
         0.215420    0.000000    0.000000
         0.003050    0.000000    0.000000
        -0.278110    0.000000    0.000000
         0.055630    0.000000    0.000000
 => X and Y parameters: 
         0.000000    0.000000    0.000000
         0.000000    0.000000    0.000000
 => Strain parameters: 
         0.000000    0.000000    0.000000
         0.000000    0.000000    0.000000
         0.000000    0.000000    0.000000
 => Size   parameters (G,L): 
         0.000000    0.000000    0.000000
         0.000000    0.000000    0.000000

 ==> GLOBAL PARAMETERS FOR PATTERN#  1


 => Zero-point:     0.0015    0.0000    0.0000

 => Cos(2theta)-shift parameter :   0.0000  0.0000  0.0000
 => Sin(2theta)-shift parameter :   0.0000  0.0000  0.0000

 ==> RELIABILITY FACTORS WITH ALL NON-EXCLUDED POINTS FOR PATTERN:  1

 => R-Factors:   3.21      4.08     Chi2:  9.70     DW-Stat.:  0.3117   Patt#:  1
 => Expected :            1.31                                1.8864
 => Deviance : 0.284E+05     Dev*:   9.615    
 => GoF-index:  3.1         Sqrt(Residual/N)
 => N-P+C:  2958

 =>    SumYdif       SumYobs      SumYcal      SumwYobsSQ     Residual    Condition
     0.5458E+06    0.1700E+08    0.1697E+08    0.1720E+08    0.2868E+05     1.000    


 => Conventional Rietveld Rp,Rwp,Re and Chi2:   5.16      5.83      1.87      9.696    
 => (Values obtained using Ynet, but true sigma(y))
 =>  SumYnet, Sum(w Ynet**2):     0.1058E+08    0.8446E+07

 => N-sigma of the GoF:      334.438

 ==> RELIABILITY FACTORS FOR POINTS WITH BRAGG CONTRIBUTIONS FOR PATTERN:  1

 => R-Factors:   3.25      4.12     Chi2:  10.4     DW-Stat.:  0.3148   Patt#:
 => Expected :            1.28                                1.8821
 => Deviance : 0.282E+05     Dev*:   10.27    
 => GoF-index:  3.2         Sqrt(Residual/N)
 => N-P+C:  2743

 =>    SumYdif       SumYobs      SumYcal      SumwYobsSQ     Residual    Condition
     0.5368E+06    0.1654E+08    0.1651E+08    0.1673E+08    0.2840E+05     1.000    


 => Conventional Rietveld Rp,Rwp,Re and Chi2:   5.07      5.80      1.80      10.35    
 => (Values obtained using Ynet, but true sigma(y))
 =>  SumYnet, Sum(w Ynet**2):     0.1058E+08    0.8446E+07

 => N-sigma of the GoF:      346.383

 => Global user-weigthed Chi2 (Bragg contrib.):   10.5    

 --------------------------------------------------------------------------------------------------------------------------------------------------------
 Pattern#  1 Phase No.:   1 Phase name: YAlO3
 --------------------------------------------------------------------------------------------------------------------------------------------------------

   No.  Code     H   K   L  Mult      Hw      ETA/M    2theta/TOF     Icalc       Iobs      Sigma     StrFactor^2    d-hkl       CORR

      1   1      1   0   1     4  0.314024  0.125220      21.078      142.7      136.3     21.409          0.0876  4.232049      1.000000
      2   1      1   1   0     4  0.312690  0.125220      24.081       10.8       23.3      5.935          0.0086  3.710760      1.000000
      3   1      0   0   2     2  0.312603  0.125220      24.283        6.6        4.1      4.327          0.0107  3.680423      1.000000
      4   1      1   1   1     8  0.311456  0.125220      27.020     1861.2     1829.0     22.528          0.9210  3.313524      1.000000
      5   1      0   2   0     2  0.308893  0.125220      33.793     1460.8     1316.1     12.682          4.4041  2.663295      1.000000
      6   1      1   1   2     8  0.308662  0.125220      34.463     5042.5     5147.2     20.081          3.9410  2.613112      1.000000
      7   1      2   0   0     2  0.308536  0.125220      34.832      882.3      894.2      8.107          2.8131  2.586210      1.000000
      8   1      0   2   1     4  0.308144  0.125220      36.008      234.8      199.0      7.909          0.3979  2.504405      1.000000
      9   1      1   2   0     4  0.307461  0.125220      38.163     1909.7     2025.0     13.206          3.5972  2.367841      1.000000
     10   1      2   1   0     4  0.307247  0.125220      38.868     3223.8     3720.7     15.899          6.2767  2.326487      1.000000
     11   1      1   2   1     8  0.306866  0.125220      40.170     3721.3     3691.7     15.237          3.8434  2.254086      1.000000
     12   1      2   1   1     8  0.306675  0.125220      40.846     6519.4     6667.0     12.648          6.9370  2.218323      1.000000
     13   1      1   0   3     4  0.306667  0.125220      40.875     8285.8     8431.9     16.012         17.6547  2.216841      1.000000
     14   1      0   2   2     4  0.306347  0.125220      42.049    19213.7    18214.2     31.027         43.0498  2.157627      1.000000
     15   1      2   0   2     4  0.306120  0.125220      42.916    16078.7    16361.0     29.422         37.3459  2.116024      1.000000
     16   1      1   1   3     8  0.305739  0.125220      44.446     3982.5     4162.7     16.510          4.9174  2.046665      1.000000
     17   1      1   2   2     8  0.305436  0.125220      45.751     4700.4     4622.3     17.030          6.1020  1.991320      1.000000
     18   1      2   1   2     8  0.305300  0.125220      46.361     2734.4     2846.7     13.846          3.6315  1.966534      1.000000
     19   1      2   2   0     4  0.304708  0.125220      49.317    22249.4    21321.4     33.248         65.6353  1.855380      1.000000
     20   1      0   0   4     2  0.304631  0.125220      49.751    12887.1    12983.8     25.041         77.1572  1.840212      1.000000
     21   1      0   2   3     4  0.304452  0.125220      50.803     3136.2     3040.3     11.152          9.7213  1.804549      1.000000
     22   1      2   2   1     8  0.304426  0.125220      50.968     3001.5     2980.0     11.360          4.6768  1.799107      1.000000
     23   1      1   2   3     8  0.303997  0.125220      54.042     1945.1     2016.4     12.551          3.3347  1.703833      1.000000
     24   1      2   1   3     8  0.303935  0.125220      54.583     2136.2     2164.3     10.439          3.7212  1.688229      1.000000
     25   1      1   3   0     4  0.303901  0.125220      54.896     1852.6     1894.1      7.333          6.5138  1.679343      1.000000
     26   1      3   0   1     4  0.303899  0.125220      54.918     1672.6     1711.8      6.991          5.8847  1.678704      1.000000
     27   1      2   2   2     8  0.303820  0.125220      55.709      257.2      288.9      5.978          0.4628  1.656762      1.000000
     28   1      1   1   4     8  0.303793  0.125220      56.008       49.7       50.1      1.229          0.0901  1.648622      1.000000
     29   1      3   1   0     4  0.303766  0.125220      56.315       71.2       67.7      0.306          0.2608  1.640348      1.000000
     30   1      1   3   1     8  0.303756  0.125220      56.431     7215.0     6884.7     20.914         13.2501  1.637273      1.000000
     31   1      3   1   1     8  0.303656  0.125220      57.825     1893.6     1862.7     11.846          3.6126  1.601074      1.000000
     32   1      1   3   2     8  0.303548  0.125220      60.883     1843.6     1841.1     12.121          3.8040  1.527812      1.000000
     33   1      0   2   4     4  0.303545  0.125220      61.500     4315.3     4307.0     15.914         18.0782  1.513967      1.000000
     34   1      2   0   4     4  0.303550  0.125220      62.164     3429.1     3518.4      7.000         14.5956  1.499381      1.000000
     35   1      3   1   2     8  0.303551  0.125220      62.215    11742.8    12070.1     23.404         25.0211  1.498273      1.000000
     36   1      2   2   3     8  0.303570  0.125220      63.076        1.9        1.8      0.190          0.0042  1.479901      1.000000
     37   1      2   3   0     4  0.303600  0.125220      63.852      343.2      333.6      7.436          1.5188  1.463768      1.000000
     38   1      1   2   4     8  0.303626  0.125220      64.382      145.0      146.5      3.362          0.3246  1.453004      1.000000
     39   1      3   2   0     4  0.303643  0.125220      64.665     1587.9     1649.5      9.608          7.1562  1.447330      1.000000
     40   1      2   1   4     8  0.303656  0.125220      64.868      597.4      664.8      4.745          1.3523  1.443290      1.000000
     41   1      2   3   1     8  0.303682  0.125220      65.256     1091.6     1209.6      9.850          2.4918  1.435657      1.000000
     42   1      3   2   1     8  0.303747  0.125220      66.059      406.1      442.2      4.701          0.9431  1.420138      1.000000
     43   1      1   0   5     4  0.303768  0.125220      66.281     2458.1     2641.5     12.723         11.4703  1.415935      1.000000
     44   1      3   0   3     4  0.303795  0.125220      66.559       82.9       91.4      2.262          0.3892  1.410683      1.000000
     45   1      1   3   3     8  0.303949  0.125220      67.914     3164.4     3056.7     15.343          7.6347  1.385828      1.000000
     46   1      1   1   5     8  0.304087  0.125220      68.899        2.5        2.9      0.068          0.0061  1.368412      1.000000
     47   1      3   1   3     8  0.304129  0.125220      69.172      860.3      896.2      6.990          2.1277  1.363670      1.000000
     48   1      2   3   2     8  0.304162  0.125220      69.377     1284.1     1306.2      9.312          3.1883  1.360143      1.000000
     49   1      3   2   2     8  0.304296  0.125220      70.158       32.3       39.3      3.298          0.0815  1.346924      1.000000
     50   1      0   4   0     2  0.304473  0.125220      71.083     3411.6     3276.8     15.641         34.9789  1.331648      1.000000
     51   1      0   4   1     4  0.304766  0.125220      72.418     1602.0     1602.6      6.726          8.4100  1.310377      1.000000
     52   1      2   2   4     8  0.304825  0.125220      72.663    14694.6    14809.5     27.570         38.7372  1.306556      1.000000
     53   1      4   0   0     2  0.305048  0.125220      73.542     2317.5     2280.7      9.707         24.8063  1.293105      1.000000
     54   1      1   4   0     4  0.305111  0.125220      73.776     4249.4     3999.0     13.879         22.8321  1.289595      1.000000
     55   1      0   2   5     4  0.305132  0.125220      73.853      225.7      207.4      1.014          1.2141  1.288432      1.000000
     56   1      1   4   1     8  0.305493  0.125220      75.091       64.6       50.0      3.435          0.1774  1.270248      1.000000
     57   1      2   3   3     8  0.305791  0.125220      76.018     4237.6     4193.7     11.935         11.8026  1.257066      1.000000
     58   1      4   1   0     4  0.305802  0.125220      76.050     2870.6     2851.9      7.810         15.9987  1.256606      1.000000
     59   1      0   4   2     4  0.305910  0.125220      76.366       29.8       30.8      0.091          0.1671  1.252203      1.000000
     60   1      1   2   5     8  0.305959  0.125220      76.508     7386.9     7797.1     17.771         20.7299  1.250228      1.000000

   No.  Code     H   K   L  Mult      Hw      ETA/M    2theta/TOF     Icalc       Iobs      Sigma     StrFactor^2    d-hkl       CORR

     61   1      3   2   3     8  0.306052  0.125220      76.771     4431.0     4585.8     10.695         12.4844  1.246608      1.000000
     62   1      2   1   5     8  0.306120  0.125220      76.960     3390.4     3475.6      9.586          9.5797  1.244024      1.000000
     63   1      1   3   4     8  0.306217  0.125220      77.222     1416.6     1445.6      4.763          4.0183  1.240456      1.000000
     64   1      4   1   1     8  0.306265  0.125220      77.353     2240.7     2289.6      7.638          6.3684  1.238686      1.000000
     65   1      3   3   0     4  0.306315  0.125220      77.484     1355.2     1383.7      6.151          7.7181  1.236920      1.000000
     66   1      0   0   6     2  0.306612  0.125220      78.244     1706.3     1767.6     10.215         19.6517  1.226808      1.000000
     67   1      3   1   4     8  0.306684  0.125220      78.420      373.8      388.7      2.736          1.0789  1.224489      1.000000
     68   1      4   0   2     4  0.306827  0.125220      78.765      268.1      273.8      1.465          1.5554  1.219995      1.000000
     69   1      3   3   1     8  0.306833  0.125220      78.779     1225.5     1250.0      6.491          3.5554  1.219817      1.000000
     70   1      1   4   2     8  0.306924  0.125220      78.993     2147.2     2125.4     11.323          6.2484  1.217046      1.000000
     71   1      4   1   2     8  0.307961  0.125220      81.223     3667.1     3825.1     16.854         10.9953  1.189201      1.000000
     72   1      2   4   0     4  0.308186  0.125220      81.662      284.3      241.6      5.909          1.7142  1.183920      1.000000
     73   1      3   3   2     8  0.308707  0.125220      82.632      183.8      187.3      4.422          0.5609  1.172475      1.000000
     74   1      0   4   3     4  0.308808  0.125220      82.812      262.1      261.1      2.834          1.6034  1.170386      1.000000
     75   1      2   4   1     8  0.308880  0.125220      82.940      630.1      639.4      5.598          1.9302  1.168898      1.000000
     76   1      1   1   6     8  0.309085  0.125220      83.297     1670.2     1791.7     10.721          5.1380  1.164801      1.000000
     77   1      4   2   0     4  0.309165  0.125220      83.434      120.4      127.5      1.346          0.7417  1.163243      1.000000
     78   1      2   2   5     8  0.309702  0.125220      84.323     4102.4     4304.8     15.980         12.7712  1.153241      1.000000
     79   1      4   2   1     8  0.309944  0.125220      84.708     1100.3     1109.7      7.806          3.4401  1.148985      1.000000
     80   1      2   3   4     8  0.310145  0.125220      85.021       31.3       32.1      0.530          0.0983  1.145558      1.000000
     81   1      1   4   3     8  0.310389  0.125220      85.392     1700.6     1745.4     10.719          5.3574  1.141528      1.000000
     82   1      3   2   4     8  0.310634  0.125220      85.755      988.3      955.1      8.847          3.1257  1.137627      1.000000
     83   1      2   4   2     8  0.311338  0.125220      86.758      840.2      859.1      9.415          2.6854  1.127043      1.000000
     84   1      3   0   5     4  0.311875  0.125220      87.483     3162.2     3262.0     10.011         20.3600  1.119570      1.000000
     85   1      4   1   3     8  0.311958  0.125220      87.593     4189.4     4334.7     12.052         13.5018  1.118457      1.000000
     86   1      0   2   6     4  0.312277  0.125220      88.006     1250.4     1304.6      8.599          8.0922  1.114274      1.000000
     87   1      4   2   2     8  0.312682  0.125220      88.517      388.9      413.6      2.174          1.2647  1.109162      1.000000
     88   1      2   0   6     4  0.312743  0.125220      88.592      890.4      931.7      3.438          5.7943  1.108420      1.000000
     89   1      1   3   5     8  0.312857  0.125220      88.733     5399.0     5545.9     13.789         17.5908  1.107023      1.000000
     90   1      3   3   3     8  0.313067  0.125220      88.988     5324.7     5407.9     15.332         17.3894  1.104508      1.000000
     91   1      3   1   5     8  0.313846  0.125220      89.904     5331.0     5374.6     18.612         17.5539  1.095630      1.000000
     92   1      1   2   6     8  0.314441  0.125220      90.573       16.8        6.9      1.363          0.0556  1.089285      1.000000
     93   1      2   1   6     8  0.314845  0.125220      91.012       36.1       21.3      2.649          0.1199  1.085174      1.000000
     94   1      0   4   4     4  0.315499  0.125220      91.702     3430.2     3319.0     15.356         22.9310  1.078813      1.000000
     95   1      2   4   3     8  0.316903  0.125220      93.098     6991.3     6835.9     20.879         23.6194  1.066281      1.000000
     96   1      4   0   4     4  0.317922  0.125220      94.047     2209.5     2316.6     10.775         15.0300  1.058012      1.000000
     97   1      1   4   4     8  0.318171  0.125220      94.272     1922.0     1958.5      9.157          6.5470  1.056087      1.000000
     98   1      3   4   0     4  0.318458  0.125220      94.528       90.0       92.1      0.850          0.6143  1.053903      1.000000
     99   1      4   2   3     8  0.318836  0.125220      94.859     2407.8     2497.9     12.957          8.2343  1.051100      1.000000
    100   1      4   3   0     4  0.319654  0.125220      95.557     1071.5     1089.1      7.459          7.3613  1.045273      1.000000
    101   1      1   5   0     4  0.319925  0.125220      95.782      584.6      577.7      2.910          4.0219  1.043417      1.000000
    102   1      3   4   1     8  0.319947  0.125220      95.801     1347.4     1325.7      6.889          4.6352  1.043264      1.000000
    103   1      2   3   5     8  0.320742  0.125220      96.446       23.8       25.1      0.214          0.0822  1.037998      1.000000
    104   1      4   1   4     8  0.320782  0.125220      96.478      908.5      961.2      7.442          3.1380  1.037739      1.000000
    105   1      4   3   1     8  0.321230  0.125220      96.832     2823.7     2753.3      9.519          9.7731  1.034891      1.000000
    106   1      1   5   1     8  0.321520  0.125220      97.057     5056.0     4887.2     13.102         17.5211  1.033089      1.000000
    107   1      3   2   5     8  0.321683  0.125220      97.183      182.1      178.9      0.517          0.6317  1.032087      1.000000
    108   1      1   0   7     4  0.321951  0.125220      97.387     3495.9     3603.8     12.934         24.2737  1.030470      1.000000
    109   1      3   3   4     8  0.322613  0.125220      97.884      514.8      513.1      5.853          1.7918  1.026569      1.000000
    110   1      5   0   1     4  0.322990  0.125220      98.161        6.6        6.6      0.054          0.0458  1.024417      1.000000
    111   1      2   2   6     8  0.323183  0.125220      98.301     1624.4     1644.2     11.201          5.6663  1.023333      1.000000
    112   1      5   1   0     4  0.324638  0.125220      99.327     2895.6     3024.0     12.305         20.3002  1.015510      1.000000
    113   1      3   4   2     8  0.325094  0.125220      99.638     4891.1     4796.3     13.657         17.1687  1.013181      1.000000
    114   1      1   1   7     8  0.325388  0.125220      99.835     1636.9     1628.3      7.496          5.7507  1.011712      1.000000
    115   1      5   1   1     8  0.326576  0.125220     100.614       75.9       75.6      0.621          0.2676  1.005981      1.000000
    116   1      4   3   2     8  0.326678  0.125220     100.679     1488.6     1458.9      9.411          5.2481  1.005507      1.000000
    117   1      1   5   2     8  0.327035  0.125220     100.907      749.8      673.3      6.742          2.6458  1.003854      1.000000
    118   1      2   4   4     8  0.328905  0.125220     102.056     1376.8     1357.5     11.429          4.8782  0.995660      1.000000
    119   1      1   3   6     8  0.330138  0.125220     102.779      284.2      335.8      5.384          1.0094  0.990627      1.000000
    120   1      0   4   5     4  0.330921  0.125220     103.224     4600.7     4546.5     16.268         32.7187  0.987569      1.000000

   No.  Code     H   K   L  Mult      Hw      ETA/M    2theta/TOF     Icalc       Iobs      Sigma     StrFactor^2    d-hkl       CORR

    121   1      2   5   0     4  0.331594  0.125220     103.599      199.8      217.8      1.665          1.4221  0.985021      1.000000
    122   1      4   2   4     8  0.332068  0.125220     103.859      845.0      909.2      3.435          3.0097  0.983267      1.000000
    123   1      3   1   6     8  0.332295  0.125220     103.983     4542.8     4878.2     14.760         16.1855  0.982438      1.000000
    124   1      5   1   2     8  0.333282  0.125220     104.510     6708.7     6788.7     16.848         23.9322  0.978929      1.000000
    125   1      0   2   7     4  0.333528  0.125220     104.639     1705.1     1716.3      4.786         12.1690  0.978073      1.000000
    126   1      2   5   1     8  0.334042  0.125220     104.906     1268.8     1210.4      7.838          4.5302  0.976319      1.000000
    127   1      1   4   5     8  0.335963  0.125220     105.876      218.8      216.4      5.365          0.7825  0.970047      1.000000
    128   1      3   4   3     8  0.336506  0.125220     106.142      209.4      165.7      5.248          0.7492  0.968353      1.000000
    129   1      5   2   0     4  0.337853  0.125220     106.785       62.4       61.9      3.082          0.4468  0.964296      1.000000
    130   1      4   3   3     8  0.338768  0.125220     107.211        0.3        0.3      0.002          0.0011  0.961646      1.000000
    131   1      1   2   7     8  0.338980  0.125220     107.309     1674.0     1658.3      6.420          5.9985  0.961042      1.000000
    132   1      1   5   3     8  0.339279  0.125220     107.446     5344.9     5181.1     14.899         19.1553  0.960200      1.000000
    133   1      2   1   7     8  0.339997  0.125220     107.770      889.2      881.4      5.575          3.1877  0.958216      1.000000
    134   1      5   2   1     8  0.340771  0.125220     108.114       31.1       31.5      0.286          0.1115  0.956126      1.000000
    135   1      4   1   5     8  0.340905  0.125220     108.173      810.8      825.7      8.206          2.9073  0.955770      1.000000
    136   1      5   0   3     4  0.341879  0.125220     108.596       29.1       32.0      1.668          0.2090  0.953225      1.000000
    137   1      2   5   2     8  0.342545  0.125220     108.880       61.9       52.5      4.462          0.2221  0.951532      1.000000
    138   1      3   3   5     8  0.344388  0.125220     109.648       21.5       17.0      3.662          0.0773  0.947021      1.000000
    139   1      2   3   6     8  0.347366  0.125220     110.828       16.8       24.3      0.736          0.0603  0.940245      1.000000
    140   1      5   1   3     8  0.348262  0.125220     111.170     4007.8     4002.2     16.866         14.3668  0.938318      1.000000
    141   1      3   2   6     8  0.349446  0.125220     111.613      410.0      391.8      5.220          1.4691  0.935844      1.000000
    142   1      5   2   2     8  0.350953  0.125220     112.164      483.2      460.1      8.162          1.7302  0.932809      1.000000
    143   1      4   4   0     4  0.353640  0.125220     113.110      422.5      427.6      8.850          3.0216  0.927690      1.000000
    144   1      2   4   5     8  0.356512  0.125220     114.075      299.7      327.3      5.489          1.0697  0.922593      1.000000
    145   1      4   4   1     8  0.357808  0.125220     114.495     4178.3     4045.9     14.214         14.9000  0.920409      1.000000
    146   1      0   0   8     2  0.357991  0.125220     114.554     1063.6     1029.5      3.900         15.1689  0.920106      1.000000
    147   1      2   2   7     8  0.361305  0.125220     115.589       27.5       25.8      0.888          0.0978  0.914836      1.000000
    148   1      3   4   4     8  0.361499  0.125220     115.648      140.2      132.1      3.927          0.4985  0.914540      1.000000
    149   1      2   5   3     8  0.361782  0.125220     115.733       22.5       21.4      0.544          0.0800  0.914109      1.000000
    150   1      4   2   5     8  0.362719  0.125220     116.014      357.7      360.6      7.051          1.2703  0.912707      1.000000
    151   1      4   3   4     8  0.365373  0.125220     116.790      401.9      439.5      4.780          1.4239  0.908884      1.000000
    152   1      1   5   4     8  0.366254  0.125220     117.041     2035.3     1987.6      8.792          7.2035  0.907663      1.000000
    153   1      3   5   0     4  0.367276  0.125220     117.328     3521.8     3340.1     13.436         24.9041  0.906274      1.000000
    154   1      0   4   6     4  0.370346  0.125220     118.168      291.2      368.1      6.010          2.0527  0.902274      1.000000
    155   1      4   4   2     8  0.372549  0.125220     118.749     1640.0     1593.0      6.258          5.7652  0.899554      1.000000
    156   1      3   5   1     8  0.372608  0.125220     118.764     2592.2     2504.1      9.816          9.1118  0.899483      1.000000
    157   1      3   0   7     4  0.374061  0.125220     119.139      181.3      192.8      3.245          1.2721  0.897752      1.000000
    158   1      5   2   3     8  0.374300  0.125220     119.199       14.7       16.4      0.358          0.0514  0.897473      1.000000
    159   1      5   3   0     4  0.377506  0.125220     119.999      256.9      263.1      5.281          1.7954  0.893837      1.000000
    160   1      1   1   8     8  0.378215  0.125220     120.171      133.3      138.1      2.116          0.4656  0.893062      1.000000
    161   1      1   3   7     8  0.379914  0.125220     120.578     1878.8     1931.7     10.586          6.5460  0.891244      1.000000
    162   1      4   0   6     4  0.381109  0.125220     120.860       40.8       40.9      0.183          0.2841  0.889999      1.000000
    163   1      5   1   4     8  0.381975  0.125220     121.062     4140.9     3979.4     13.320         14.3891  0.889113      1.000000
    164   1      1   4   6     8  0.382232  0.125220     121.121      418.4      398.2      1.343          1.4535  0.888852      1.000000
    165   1      0   6   0     2  0.383318  0.125220     121.370      303.6      286.7      1.287          4.2125  0.887765      1.000000
    166   1      5   3   1     8  0.383768  0.125220     121.473     1594.4     1525.7      7.934          5.5276  0.887319      1.000000
    167   1      3   1   7     8  0.385891  0.125220     121.949     1187.0     1125.9      9.659          4.1033  0.885267      1.000000
    168   1      0   6   1     4  0.390131  0.125220     122.867        7.3        9.5      0.200          0.0502  0.881378      1.000000
    169   1      3   5   2     8  0.391721  0.125220     123.200     4157.5     3910.1     16.317         14.2581  0.879988      1.000000
    170   1      4   1   6     8  0.394270  0.125220     123.723       50.4       46.6      1.671          0.1721  0.877830      1.000000
    171   1      1   6   0     4  0.397811  0.125220     124.427     1482.8     1361.6     11.201         10.0829  0.874971      1.000000
    172   1      3   3   6     8  0.403010  0.125220     125.418     2865.1     3188.6     11.257          9.6678  0.871037      1.000000
    173   1      0   2   8     4  0.404914  0.125220     125.768     9790.2     9748.7     16.746         65.8862  0.869669      1.000000
    174   1      1   6   1     8  0.406073  0.125220     125.978      163.5      159.0      0.227          0.5491  0.868854      1.000000
    175   1      5   3   2     8  0.406455  0.125220     126.047    16210.4    15732.4     22.691         54.4223  0.868589      1.000000
    176   1      2   5   4     8  0.406677  0.125220     126.087      281.4      273.1      0.403          0.9446  0.868435      1.000000
    177   1      4   4   3     8  0.407691  0.125220     126.268     1368.7     1339.4      2.306          4.5867  0.867738      1.000000
    178   1      2   0   8     4  0.408965  0.125220     126.493     8785.4     8860.4     19.514         58.7693  0.866877      1.000000
    179   1      0   6   2     4  0.414968  0.125220     127.520      372.0      313.7      5.121          2.4659  0.863013      1.000000
    180   1      6   0   0     2  0.416509  0.125220     127.775      402.9      318.7      5.940          5.3294  0.862070      1.000000

   No.  Code     H   K   L  Mult      Hw      ETA/M    2theta/TOF     Icalc       Iobs      Sigma     StrFactor^2    d-hkl       CORR

    181   1      1   2   8     8  0.424194  0.125220     128.998     1034.7     1054.8      6.234          3.3815  0.857631      1.000000
    182   1      3   4   5     8  0.425445  0.125220     129.190     2803.2     2899.7     11.626          9.1437  0.856947      1.000000
    183   1      2   1   8     8  0.427930  0.125220     129.566      501.8      541.8      3.447          1.6305  0.855621      1.000000
    184   1      5   2   4     8  0.430808  0.125220     129.992      227.8      244.7      0.786          0.7370  0.854132      1.000000
    185   1      2   3   7     8  0.431024  0.125220     130.023     4266.0     4589.0     14.168         13.7958  0.854022      1.000000
    186   1      4   3   5     8  0.434510  0.125220     130.526     8495.1     8743.6     16.413         27.3242  0.852289      1.000000
    187   1      2   4   6     8  0.435277  0.125220     130.634        3.1        3.1      0.005          0.0100  0.851917      1.000000
    188   1      1   5   5     8  0.436601  0.125220     130.821     4985.0     4942.5      7.299         15.9819  0.851282      1.000000
    189   1      1   6   2     8  0.436677  0.125220     130.831     6687.1     6628.8      9.804         21.4367  0.851246      1.000000
    190   1      6   1   0     4  0.437202  0.125220     130.905     2202.6     2184.6      3.369         14.1102  0.850997      1.000000
    191   1      3   2   7     8  0.437788  0.125220     130.986     4850.1     4830.9      8.348         15.5210  0.850721      1.000000
    192   1      3   5   3     8  0.439041  0.125220     131.159     1891.2     1926.1      5.220          6.0404  0.850136      1.000000
    193   1      5   0   5     4  0.447465  0.125220     132.282       70.0       74.0      1.839          0.4415  0.846410      1.000000
    194   1      6   1   1     8  0.449967  0.125220     132.603      770.2      759.9      9.291          2.4184  0.845366      1.000000
    195   1      4   2   6     8  0.453055  0.125220     132.992       48.9       30.0      1.987          0.1528  0.844115      1.000000
    196   1      5   3   3     8  0.464380  0.125220     134.350      120.0       82.9      2.948          0.3685  0.839845      1.000000
    197   1      2   6   0     4  0.464868  0.125220     134.406       16.2       11.6      0.333          0.0994  0.839672      1.000000
    198   1      6   0   2     4  0.465773  0.125220     134.510      344.9      265.2      6.686          2.1134  0.839352      1.000000
    199   1      5   1   5     8  0.476004  0.125220     135.645     4028.2     4159.3     15.101         12.1495  0.835922      1.000000
    200   1      0   6   3     4  0.479566  0.125220     136.024     2976.9     2995.1      8.999         17.8594  0.834802      1.000000
    201   1      2   6   1     8  0.481326  0.125220     136.208     2632.6     2640.9     10.514          7.8756  0.834261      1.000000
    202   1      6   1   2     8  0.499562  0.125220     138.011     5548.0     5604.0     18.301         16.1437  0.829121      1.000000
    203   1      4   4   4     8  0.502434  0.125220     138.279      560.0      588.6      3.704          1.6224  0.828381      1.000000
    204   1      0   4   7     4  0.515293  0.125220     139.428      699.4      715.3      6.770          3.9754  0.825268      1.000000
    205   1      2   2   8     8  0.519520  0.125220     139.790     2713.8     2760.6     13.061          7.6649  0.824311      1.000000
    206   1      1   6   3     8  0.520303  0.125220     139.856      554.8      565.3      3.018          1.5651  0.824137      1.000000
    207   1      4   5   0     4  0.529235  0.125220     140.592       16.9       10.4      1.154          0.0943  0.822224      1.000000
    208   1      6   2   0     4  0.539499  0.125220     141.400       84.4       91.4      2.928          0.4631  0.820174      1.000000
    209   1      2   5   5     8  0.547544  0.125220     142.006     5247.0     4972.1     17.115         14.2294  0.818669      1.000000
    210   1      2   6   2     8  0.547719  0.125220     142.019      830.5      786.8      2.691          2.2518  0.818637      1.000000
    211   1      4   5   1     8  0.556185  0.125220     142.633       35.3       36.1      0.265          0.0947  0.817142      1.000000
    212   1      5   4   0     4  0.557358  0.125220     142.716      960.0     1006.1      7.840          5.1355  0.816941      1.000000
    213   1      6   2   1     8  0.568390  0.125220     143.478     1827.0     1889.6      7.306          4.8119  0.815130      1.000000
    214   1      1   4   7     8  0.569464  0.125220     143.551     2598.0     2708.5     10.210          6.8325  0.814960      1.000000
    215   1      3   5   4     8  0.582266  0.125220     144.388     3752.8     3827.7     16.357          9.6979  0.813026      1.000000
    216   1      5   4   1     8  0.589815  0.125220     144.861      153.6      149.8      2.597          0.3930  0.811956      1.000000
    217   1      1   0   9     4  0.622511  0.125220     146.757      525.1      594.0      7.519          2.5737  0.807835      1.000000
    218   1      1   3   8     8  0.630614  0.125220     147.192      414.0      414.8      1.781          1.0041  0.806927      1.000000
    219   1      5   2   5     8  0.633129  0.125220     147.324      217.2      218.5      0.732          0.5252  0.806653      1.000000
    220   1      4   1   7     8  0.635119  0.125220     147.428     6063.6     6149.5     20.248         14.6239  0.806439      1.000000
    221   1      6   1   3     8  0.659307  0.125220     148.634       43.2       34.4      1.238          0.1012  0.804011      1.000000
    222   1      5   3   4     8  0.659312  0.125220     148.635      107.1       85.4      3.067          0.2508  0.804011      1.000000
    223   1      3   1   8     8  0.676230  0.125220     149.421     1715.8     1711.3      9.906          3.9395  0.802483      1.000000
    224   1      4   5   2     8  0.676691  0.125220     149.442      344.5      344.4      1.918          0.7906  0.802443      1.000000
    225   1      3   3   7     8  0.692066  0.125220     150.119     8929.1     9004.4     21.914         20.1552  0.801163      1.000000
    226   1      6   2   2     8  0.700024  0.125220     150.457      457.2      483.7      1.728          1.0241  0.800537      1.000000
    227   1      0   6   4     4  0.712758  0.125220     150.981      688.6      730.9      3.998          3.0571  0.799582      1.000000
    228   1      3   4   6     8  0.714940  0.125220     151.068     1161.4     1215.5      7.351          2.5777  0.799424      1.000000
    229   1      1   1   9     8  0.725197  0.125220     151.473      131.3      125.6      1.675          0.2990  0.798702      1.000000

 --------------------------------------------------------------------------------------------------------------------------------------------------------
 Pattern#  1 Phase No.:   2 Phase name: Al2O3
 --------------------------------------------------------------------------------------------------------------------------------------------------------

   No.  Code     H   K   L  Mult      Hw      ETA/M    2theta/TOF     Icalc       Iobs      Sigma     StrFactor^2    d-hkl       CORR

      1   1      0   1   2     6  0.311991  0.125220      25.724       24.5       28.9      6.679          2.1748  3.477383      1.000000
      2   1      1   0   4     6  0.308356  0.125220      35.368       44.4       19.9      3.791          7.1547  2.548241      1.000000
      3   1      1   1   0     6  0.307515  0.125220      37.989        2.9        3.5      0.063          0.5328  2.378307      1.000000
      4   1      0   0   6     2  0.306371  0.125220      41.956       47.7       45.4      0.100         31.4266  2.162173      1.000000
      5   1      1   1   3    12  0.305944  0.125220      43.610      590.7      589.6      7.133         69.3757  2.083927      1.000000
      6   1      2   0   2     6  0.305282  0.125220      46.447       41.6       44.0      0.305         10.9051  1.963085      1.000000
      7   1      0   2   4     6  0.304144  0.125220      52.873        2.6       10.2      0.672          0.8318  1.738691      1.000000
      8   1      1   1   6    12  0.303653  0.125220      57.874      409.8      401.2      2.810         76.9732  1.599853      1.000000
      9   1      2   1   1    12  0.303561  0.125220      60.098        9.5       12.8      1.697          1.8875  1.545874      1.000000
     10   1      1   2   2    12  0.303545  0.125220      61.500       24.8       24.7      0.091          5.0980  1.513965      1.000000
     11   1      0   1   8     6  0.303546  0.125220      61.728       16.4       16.2      0.117          6.7759  1.508921      1.000000
     12   1      2   1   4    12  0.303834  0.125220      66.939       16.5       28.6      1.984          3.8360  1.403608      1.000000
     13   1      3   0   0     6  0.304047  0.125220      68.630      339.8      382.2      7.033        163.5365  1.373116      1.000000
     14   1      1   2   5    12  0.304431  0.125220      70.875        6.9        6.8      0.132          1.7277  1.335043      1.000000
     15   1      2   0   8     6  0.305411  0.125220      74.824        1.8        0.9      0.172          0.9810  1.274121      1.000000
     16   1      1   0  10     6  0.306302  0.125220      77.449        4.9        5.0      0.020          2.7378  1.237392      1.000000
     17   1      1   1   9    12  0.306436  0.125220      77.798      189.1      202.5      2.980         53.2038  1.232712      1.000000
     18   1      2   1   7    12  0.307841  0.125220      80.983        5.4        5.8      0.145          1.5814  1.192113      1.000000
     19   1      2   2   0     6  0.307963  0.125220      81.227        0.1        0.1      0.000          0.0613  1.189154      1.000000
     20   1      0   3   6     6  0.309380  0.125220      83.797       23.5       28.1      1.087         14.2808  1.159128      1.000000
     21   1      3   0   6     6  0.309380  0.125220      83.797       23.5       28.1      1.087         14.2808  1.159128      1.000000
     22   1      2   2   3    12  0.310084  0.125220      84.926      152.2      154.1      2.095         46.9175  1.146591      1.000000
     23   1      1   3   1    12  0.310604  0.125220      85.711        6.7        6.5      0.054          2.0921  1.138097      1.000000
     24   1      3   1   2    12  0.311469  0.125220      86.938        2.6        2.7      0.049          0.8255  1.125182      1.000000
     25   1      1   2   8    12  0.311617  0.125220      87.139       12.0       12.5      0.271          3.7997  1.123106      1.000000
     26   1      0   2  10     6  0.313658  0.125220      89.688       15.7       16.3      0.175         10.1655  1.097708      1.000000
     27   1      0   0  12     2  0.315261  0.125220      91.454       76.5       73.6      1.477        150.5787  1.081086      1.000000
     28   1      1   3   4    12  0.315629  0.125220      91.835       33.7       31.9      0.283         11.0804  1.077595      1.000000
     29   1      3   1   5    12  0.319604  0.125220      95.515        5.7        5.8      0.047          1.9150  1.045619      1.000000
     30   1      2   2   6    12  0.320140  0.125220      95.959      189.3      177.4      1.729         64.0928  1.041964      1.000000
     31   1      0   4   2     6  0.324333  0.125220      99.117        0.4        0.5      0.007          0.2939  1.017098      1.000000
     32   1      2   1  10    12  0.328666  0.125220     101.913       15.4       14.4      0.275          5.3631  0.996670      1.000000
     33   1      1   1  12    12  0.331820  0.125220     103.724        0.8        0.9      0.005          0.2845  0.984179      1.000000
     34   1      4   0   4     6  0.332543  0.125220     104.116       19.7       21.2      0.076         13.7830  0.981543      1.000000
     35   1      1   3   7    12  0.335180  0.125220     105.486        5.0        5.9      0.387          1.7528  0.972549      1.000000
     36   1      3   2   1    12  0.346325  0.125220     110.423        2.2        3.7      0.437          0.7684  0.942546      1.000000
     37   1      1   2  11    12  0.347428  0.125220     110.852        3.4        4.8      0.127          1.2127  0.940109      1.000000
     38   1      2   3   2    12  0.349775  0.125220     111.735       39.0       36.9      0.668         13.7309  0.935170      1.000000
     39   1      3   1   8    12  0.350365  0.125220     111.951       29.2       27.6      0.585         10.2742  0.933978      1.000000
     40   1      2   2   9    12  0.359727  0.125220     115.103      102.8      116.6      3.895         35.9806  0.917294      1.000000
     41   1      3   2   4    12  0.366511  0.125220     117.114        1.2        1.1      0.005          0.4146  0.907310      1.000000
     42   1      0   1  14     6  0.368956  0.125220     117.792        4.1        5.0      0.137          2.8526  0.904054      1.000000
     43   1      4   1   0    12  0.373080  0.125220     118.887        2.9        2.8      0.015          1.0032  0.898916      1.000000
     44   1      2   3   5    12  0.383106  0.125220     121.322        2.1        1.9      0.008          0.7034  0.887975      1.000000
     45   1      1   4   3    12  0.391589  0.125220     123.173       92.8       88.1      0.376         31.3067  0.880102      1.000000
     46   1      4   1   3    12  0.391589  0.125220     123.173       92.8       88.1      0.376         31.3067  0.880102      1.000000
     47   1      0   4   8     6  0.405372  0.125220     125.851       19.1       18.8      0.029         12.6567  0.869346      1.000000
     48   1      1   3  10    12  0.424606  0.125220     129.062        4.4        4.5      0.021          1.4172  0.857405      1.000000
     49   1      0   3  12     6  0.440616  0.125220     131.374      190.1      207.6      1.275        119.1035  0.849414      1.000000
     50   1      3   0  12     6  0.440616  0.125220     131.374      190.1      207.6      1.275        119.1035  0.849414      1.000000
     51   1      2   0  14     6  0.450713  0.125220     132.698       14.4       13.5      0.203          8.8553  0.845060      1.000000
     52   1      3   2   7    12  0.458762  0.125220     133.689        2.1        0.7      0.302          0.6438  0.841903      1.000000
     53   1      2   1  13    12  0.463486  0.125220     134.246        3.4        2.2      0.131          1.0161  0.840165      1.000000
     54   1      1   4   6    12  0.496092  0.125220     137.682      193.0      197.0      1.968         55.5026  0.830039      1.000000
     55   1      4   1   6    12  0.496092  0.125220     137.682      193.0      197.0      1.968         55.5026  0.830039      1.000000
     56   1      3   1  11    12  0.537333  0.125220     141.232        5.0        3.9      0.267          1.3442  0.820594      1.000000
     57   1      5   0   2     6  0.555244  0.125220     142.566       35.8       35.9      0.253         18.9114  0.817304      1.000000
     58   1      2   3   8    12  0.559928  0.125220     142.897        2.1        2.3      0.021          0.5622  0.816507      1.000000
     59   1      1   1  15    12  0.583866  0.125220     144.490      123.4      123.3      0.621         31.2904  0.812795      1.000000
     60   1      4   0  10     6  0.633715  0.125220     147.355        1.7        1.7      0.005          0.7851  0.806590      1.000000

   No.  Code     H   K   L  Mult      Hw      ETA/M    2theta/TOF     Icalc       Iobs      Sigma     StrFactor^2    d-hkl       CORR

     61   1      2   2  12    12  0.708082  0.125220     150.791        7.8        8.4      0.041          1.6975  0.799927      1.000000
     62   1      0   5   4     6  0.728018  0.125220     151.582        0.0        0.0      0.000          0.0044  0.798509      1.000000

     -----------------------------------------------------
     BRAGG R-Factors and weight fractions for Pattern #  1
     -----------------------------------------------------

 => Phase:  1     YAlO3
 => Bragg R-factor:   3.03       Vol:  202.801( 0.000)  Fract(%):   99.21( 0.03)
 => Rf-factor=  1.88             ATZ:         655.543   Brindley:  1.0000

 => Phase:  2     Al2O3
 => Bragg R-factor:   6.22       Vol:  254.196( 0.000)  Fract(%):    0.79( 0.03)
 => Rf-factor=  4.67             ATZ:         611.758   Brindley:  1.0000

     -----------------------------------------------------------------
      SYMBOLIC NAMES AND FINAL VALUES AND SIGMA OF REFINED PARAMETERS:
     -----------------------------------------------------------------

      ->  Parameter number    1 :                                     Scale_ph2_pat1    0.18914126    ( +/-    0.63302601E-02 )

 ------------------------------------------------------------------
 => Number of bytes for floating point variables: 4
 => Dimensions of dynamic allocated arrays in this run of FullProf:
 ------------------------------------------------------------------

 => Total approximate array memory (dynamic + static): 132451053 bytes

    MaxPOINT=    80000 Max.num. of points(+int. Inten.)/diffraction pattern       
    MaxREFLT=    25000 Max.num. of reflections/diffraction pattern               
    MaxPARAM=      500 Max.num. of refinable parameters                          
    MaxOVERL=     9000 Max.num. of overlapping reflections                       

 ----------------------------------------------------------
 => Number of bytes for floating point arrays: 4
 => Dimensions of fixed arrays in this release of FullProf:
 ----------------------------------------------------------

    NPATT   =       80 Max.num. of powder diffraction patterns                    
    NATS    =      830 Max.num. of atoms (all kind) in asymmetric unit            
    MPAR    =     1800 Max.num. of non atomic parameters/phase                    
    IEXCL   =       30 Max.num. of excluded regions                               
    IBACP   =      377 Max.num. of background points for interpolation            
    NPHT    =       16 Max.num. of phases                                         
    NMAGM   =        8 Max.num. of rotation-matrices sets for magnetic structure  
    NBASIS  =       12 Max.num. of basis functions associated to a single atom    
    NIREPS  =        9 Max.num. of irreducible representations to be combined     
    N_EQ    =      384 Max.num. of user-supplied symmetry operators/propagation vectors
    NGL     =      400 Max.num. of global parameters/diffraction pattern          
    N_LINC  =       50 Max.num. of global linear restraints                        
    NAT_P   =       80 Max.num. of atomic parameters per atom                     
    NCONST  =     3500 Max.num. of slack constraints per phase                    
    N_SPE   =       30 Max.num. of different chemical species                     
    N_FORM  =       60 Max.num. of scattering factor values in a table            
    NPR     =      150 Max.num. of points defining a numerical profile            
    INPR    =       25 Max.num. of different numerical peak shapes                
    NPRC    =      150 Max.num. of terms in the table for correcting intensities  
    NSOL    =       10 Max.num. of solutions to be stored in Montecarlo searchs   

 
              CPU Time:     0.156 seconds
                            0.003 minutes

 => Run finished at:     Date: 25/09/2026  Time: 13:22:24.790                              
