

        **********************************************************
        ** PROGRAM FullProf.2k (Version 8.40 - Feb2026-ILL JRC) **
        **********************************************************
                       M U L T I -- P A T T E R N                 
            Rietveld, Profile Matching & Integrated Intensity     
                 Refinement of X-ray and/or Neutron Data


    Date: 05/10/2026  Time: 23:09:08.586                              

 => PCR file code: yap_3k
 => DAT file code: yap_3k               -> Relative contribution: 1.0000                                                            

 ==> CONDITIONS OF THIS RUN FOR PATTERN No.:  1

 => Global Refinement of neutron powder data                                                                                        
 => Title: YAlO3

 => Number of phases:    2
 => Number of excluded regions:    2
 => Number of scattering factors supplied:    0
 => Conventional weights: w=1.0/Variance(yobs)
 => Asymmetry correction as in J.Appl.Cryst. 26,128(1993)
 => Background linearly interpolated between the   25 points given
 => The    5th default profile function was selected
 => Pseudo-Voigt function (ETA variable)
                 X-parameter correspond to: ETA=ETA0+X*2theta
                       pV(x)= ETA*L(x)+(1-ETA)*G(x)

 ==> INPUT/OUTPUT OPTIONS:

 => Generate file *.PRF for plot
 => Output Integrated Intensities
 => Output Correlation Matrix
 => Generate new input file *.PCR

 => X-Y type of data: 2theta/TOF/E(Kev) Intens sigma for pattern:  1
 => Plot pattern at each cycle
 => Wavelengths:  1.54816 1.54816
 => Alpha2/Alpha1 ratio:   1.0000
 => Cos(Monochromator angle)=   0.0000
 => Asymmetry correction for angles lower than  160.000 degrees
 => Absorption correction (AC), muR-eff =   0.0221  0.0000
 => AC : Cylinder Debye-Scherrer (Hewat formula)
 => Base of peaks: 2.0*HW*   20.00

 => Number of cycles:  150
 => Relaxation factors ==>    for coordinates:  1.00
 => for anisotropic temperature factors:  1.00
 => for halfwidth/strain/size/further parameters:  1.00
 => for lattice constants and propagation vectors:  1.00
 => EPS-value for convergence:    0.1
 => Background ==> 
    Position   Intensity
        4.05     1320.73      471.00
        4.78     1824.86      481.00
        6.79     2430.77      491.00
       13.26     2109.54      501.00
       18.17     2027.15      511.00
       23.75     2073.30      521.00
       32.01     2105.30      401.00
       36.47     2159.14      391.00
       47.19     1992.46      371.00
       52.10     2014.77      361.00
       59.02     2054.03      351.00
       69.96     1987.90      341.00
       80.00     2154.50      331.00
       90.49     2163.29      321.00
      101.21     2156.47      311.00
      106.34     2072.22      301.00
      108.79     1958.45      291.00
      112.59     1996.44      281.00
      119.29     1983.78      271.00
      128.21     2479.00      261.00

      133.12     2323.03      251.00
      140.94     2669.74      241.00
      145.62     2584.43      231.00
      148.08     2788.79      221.00
      151.90     2793.56      211.00

 

 => Excluded regions for Pattern#  1
    From     to
      0.0000      4.0000
    153.9500    180.0000

 => Number of Least-Squares parameters varied:    52

 =>--------------------------->
 =>------->  PATTERN number:  1
 =>--------------------------->
 => Global parameters and codes ==>
 => Zero-point:     0.0015   21.0000
 => Perpendicular Displacement parameter and code:     0.00    0.00
 => Parallel      Displacement parameter and code:     0.00    0.00

 => Reading Intensity data  =>>

 -> No recognizable heading in input data file X,Y,sigma
    First 6 lines are considered as COMMENTS (except for TSAMP keyword)
 -> COMMENT:                  2                 0                 0                                                                              
 -> COMMENT:               2.05                 0                 0                                                                              
 -> COMMENT:                2.1                 0                 0                                                                              
 -> COMMENT:               2.15                 0                 0                                                                              
 -> COMMENT:                2.2                 0                 0                                                                              
 -> COMMENT:               2.25                 0                 0                                                                              
 ==> Angular range, step and number of points:
     2Thmin:       2.300000  2Thmax:     151.949997  Step:       0.050019  No. of points:   2994
 --------------------------------------------------------------------------------
 => Phase  No. 1
      YAlO3                                                                 
 --------------------------------------------------------------------------------
 =>-------> Pattern#  1
 => Crystal Structure Refinement
 => Preferred orientation vector:   0.0000  0.0000  1.0000

 =>-------> Data for PHASE: 1
 => Number of atoms:    4
 => Number of distance  constraints:    0
 => Number of angle     constraints:    0

 => Symmetry information on space group: P b n m             
 -> The multiplicity of the general position is:   8
 -> The space group is Centric (-1 at origin)   
 -> Lattice type  P: { 000 }                                       
 -> Reduced set of symmetry operators:

  No.  IT   Symmetry symbol    Rotation part     Associated Translation
   1: ( 1)   1            -->     ( x, y, z) + {  0.0000  0.0000  0.0000}
   2: ( 4)   2 ( x, 0, 0) -->     ( x,-y,-z) + {  0.5000  0.5000  0.0000}
   3: ( 3)   2 ( 0, y, 0) -->     (-x, y,-z) + {  0.5000  0.5000  0.5000}
   4: ( 2)   2 ( 0, 0, z) -->     (-x,-y, z) + {  0.0000  0.0000  0.5000}


        Information on Space Group: 
        --------------------------- 

 =>   Number of Space group:  62
 =>  Hermann-Mauguin Symbol: P b n m
 =>             Hall Symbol: -P 2c 2ab
 =>    Table Setting Choice: cab
 =>            Setting Type: IT (Generated from Hermann-Mauguin symbol)
 =>          Crystal System: Orthorhombic
 =>              Laue Class: mmm
 =>             Point Group: mmm
 =>         Bravais Lattice: P
 =>          Lattice Symbol: oP
 =>  Reduced Number of S.O.:   4
 =>    General multiplicity:   8
 =>          Centrosymmetry: Centric (-1 at origin)
 =>  Generators (exc. -1&L):   2
 =>         Asymmetric unit:  0.000 <= x <=  1.000
                              0.000 <= y <=  0.500
                              0.000 <= z <=  0.250
 => Centring vectors:  0
                                                                                                    

 => List of all Symmetry Operators and Symmetry Symbols

 => SYMM(  1): x,y,z                             Symbol: 1
 => SYMM(  2): x+1/2,-y+1/2,-z                   Symbol: 2 (1/2,0,0) x,1/4,0
 => SYMM(  3): -x+1/2,y+1/2,-z+1/2               Symbol: 2 (0,1/2,0) 1/4,y,1/4
 => SYMM(  4): -x,-y,z+1/2                       Symbol: 2 (0,0,1/2) 0,0,z
 => SYMM(  5): -x,-y,-z                          Symbol: -1 0,0,0
 => SYMM(  6): -x+1/2,y+1/2,z                    Symbol: b 1/4,y,z
 => SYMM(  7): x+1/2,-y+1/2,z+1/2                Symbol: n (1/2,0,1/2) x,1/4,z
 => SYMM(  8): x,y,-z+1/2                        Symbol: m x,y,1/4

 => Initial parameters ==>
 Atom    Ntyp                  X         Y         Z         B         occ.         in  fin  Spc  Mult
                             B11       B22       B33       B12       B13       B23
 Y      Y                  0.01241   0.55406   0.25000   0.11810   0.50000           0    0    0    4
                 Codes:   61.00000  71.00000   0.00000 161.00000   0.00000
 Al     AL                 0.00000   0.00000   0.00000   0.12582   0.50000           0    0    0    4
                 Codes:    0.00000   0.00000   0.00000 171.00000   0.00000
 O1     O                 -0.08385  -0.02195   0.25000   0.05559   0.50000           0    0    0    4
                 Codes:   81.00000  91.00000   0.00000 181.00000   0.00000
 O2     O                  0.20470   0.29483   0.04427   0.13975   1.00000           0    0    0    8
                 Codes:  101.00000 111.00000 121.00000 191.00000   0.00000

 => It is assumed that THE FIRST GIVEN SITE plus all the other atoms 
    occupying THE SAME POSITION have a total full occupation (no vacancies!)
  (if this is not the case, change the order of atoms to obtain correct values for the content of the unit cell)
    The given occupation factors have been obtained mutiplying m/M by   0.5000
      -> Atom: Y   ,  Chemical element: Y   Atomic Mass:    88.9059
      -> Atom: AL  ,  Chemical element: AL  Atomic Mass:    26.9815
      -> Atom: O   ,  Chemical element: O   Atomic Mass:    15.9994
      -> Atom: O   ,  Chemical element: O   Atomic Mass:    15.9994
 => The given value of ATZ is        655.54 the program has calculated:         655.54
    The value of ATZ given in the input PCR file will be used for quantitative analysis
 => The chemical content of the unit cell is: 
       4.0000 Y    +   4.0000 AL   +   4.0000 O    +   8.0000 O      
 => The normalized site occupation numbers in % are: 
     100.0000 Y      :      100.0000 Al     :      100.0000 O1     :      100.0000 O2       
 => The density (volumic mass) of the compound is:    5.368 g/cm3

 =>-------> PROFILE PARAMETERS FOR PATTERN:  1

 => Overall scale factor:    27.8965    
 => ETA (p-Voigt) OR M (Pearson VII):   0.1252
 => Overall temperature factor:      0.00000
 => Halfwidth U,V,W:      0.03889    -0.04620     0.10586
 => X and Y parameters:       0.0000      0.0000
 => Direct cell parameters:    5.1724   5.3266   7.3608  90.0000  90.0000  90.0000
 => Preferred orientation parameters:   0.0000  0.0000
 => Asymmetry parameters     :      0.00000     0.00000     0.00000     0.00000
 => Strain parameters        :      0.00000     0.00000     0.00000
 => Size   parameters        :      0.00000     0.00000

 ==> CODEWORDS FOR PROFILE PARAMETERS of PATTERN#  1

 => Overall scale factor:   11.000
 => ETA (p-Voigt) OR M (Pearson VII):  381.000
 => Overall temperature factor:    0.000
 => Halfwidth U,V,W:  131.000 141.000 151.000
 => X and Y parameters:    0.000   0.000
 => Direct cell parameters:   31.000  41.000  51.000   0.000   0.000   0.000
 => Preferred orientation parameters:    0.000   0.000
 => Asymmetry parameters     :    0.000   0.000   0.000   0.000
 => Strain parameters        :    0.000   0.000   0.000
 => Size   parameters        :    0.000   0.000

 => Cell constraints according to Laue symmetry: mmm  

        Metric information:
        -------------------

 => Direct cell parameters:

         a =       5.1724      b =       5.3266      c =       7.3608
     alpha =       90.000   beta =       90.000  gamma =       90.000
                        Direct Cell Volume =     202.8013

 => Reciprocal cell parameters:

         a*=     0.193333      b*=     0.187737      c*=     0.135854
     alpha*=       90.000   beta*=       90.000  gamma*=       90.000
                    Reciprocal Cell Volume =   0.00493094

 => Direct and Reciprocal Metric Tensors:

                   GD                                       GR
     26.7539      0.0000      0.0000          0.037378    0.000000    0.000000
      0.0000     28.3726      0.0000          0.000000    0.035245    0.000000
      0.0000      0.0000     54.1821          0.000000    0.000000    0.018456

 =>  Cartesian frame: x // a; z is along c*; y is within the ab-plane   

     Crystal_to_Orthonormal_Matrix              Orthonormal_to_Crystal Matrix
              Cr_Orth_cel                               Orth_Cr_cel  
      5.1724      0.0000      0.0000          0.193333   -0.000000   -0.000000
      0.0000      5.3266      0.0000          0.000000    0.187737   -0.000000
      0.0000      0.0000      7.3608          0.000000    0.000000    0.135854

     Busing-Levy B-matrix: Hc=B.H            Inverse of the Busing-Levy B-matrix
                BL_M                                      BL_Minv  
    0.193333    0.000000    0.000000            5.1724     -0.0000     -0.0000
    0.000000    0.187737   -0.000000            0.0000      5.3266      0.0000
    0.000000    0.000000    0.135854            0.0000      0.0000      7.3608

 => Laue symmetry mmm   will be used to generate HKL for pattern#   1
 => Reflections generated between S(1/d)min:  0.0259 A-1 and S(1/d)max:  1.2872 A-1
 =>                                    dmax: 38.5691 A   and      dmin:  0.7769 A
 => The number of reflections generated is:    245
 => The max. scatt. variable (gen.ref.) is:       170.2966
 => Scattering coefficients from internal table

 => Scattering lengths:

 Y      0.7750
 AL     0.3449
 O      0.5803
 --------------------------------------------------------------------------------
 => Phase  No. 2
      Al2O3                                                                 
 --------------------------------------------------------------------------------
 =>-------> Pattern#  1
 => Crystal Structure Refinement
 => Preferred orientation vector:   0.0000  0.0000  1.0000

 =>-------> Data for PHASE: 2
 => Number of atoms:    2
 => Number of distance  constraints:    0
 => Number of angle     constraints:    0

 => Symmetry information on space group: R -3 c              
 -> The multiplicity of the general position is:  36
 -> The space group is Centric (-1 at origin)   
 -> Lattice type  R: { 000; 2/3 1/3 1/3; 1/3 2/3 2/3   }+          
 -> Reduced set of symmetry operators:

  No.  IT   Symmetry symbol    Rotation part     Associated Translation
   1: ( 1)   1            --> ( x  ,   y, z) + {  0.0000  0.0000  0.0000}
   2: ( 2)  3+ ( 0, 0, z) --> (  -y, x-y, z) + {  0.0000  0.0000  0.0000}
   3: ( 3)  3- ( 0, 0, z) --> (-x+y,-x  , z) + {  0.0000  0.0000  0.0000}
   4: ( 7)   2 ( x, x, 0) --> (   y, x  ,-z) + {  0.0000  0.0000  0.5000}
   5: ( 8)   2 ( x, 0, 0) --> ( x-y,  -y,-z) + {  0.0000  0.0000  0.5000}
   6: ( 9)   2 ( 0, y, 0) --> (-x  ,-x+y,-z) + {  0.0000  0.0000  0.5000}


        Information on Space Group: 
        --------------------------- 

 =>   Number of Space group: 167
 =>  Hermann-Mauguin Symbol: R -3 c
 =>             Hall Symbol: -R 3 2"c
 =>            Setting Type: IT (Generated from Hermann-Mauguin symbol)
 =>          Crystal System: Trigonal
 =>              Laue Class: -3m1
 =>             Point Group: -3m
 =>         Bravais Lattice: R
 =>          Lattice Symbol: hR
 =>  Reduced Number of S.O.:   6
 =>    General multiplicity:  36
 =>          Centrosymmetry: Centric (-1 at origin)
 =>  Generators (exc. -1&L):   2
 =>         Asymmetric unit:  0.000 <= x <=  0.667
                              0.000 <= y <=  0.667
                              0.000 <= z <=  0.083
 => Centring vectors:  2
 => Latt( 1): (2/3,1/3,1/3)                        => Latt( 2): (1/3,2/3,2/3)                       
                                                                                                    

 => List of all Symmetry Operators and Symmetry Symbols

 => SYMM(  1): x,y,z                             Symbol: 1
 => SYMM(  2): -y,x-y,z                          Symbol: 3+ 0,0,z
 => SYMM(  3): -x+y,-x,z                         Symbol: 3- 0,0,z
 => SYMM(  4): -y,-x,z+1/2                       Symbol: c x,-x,z
 => SYMM(  5): -x+y,y,z+1/2                      Symbol: c x,2x,z
 => SYMM(  6): x,x-y,z+1/2                       Symbol: c 2x,x,2z
 => SYMM(  7): -x,-y,-z                          Symbol: -1 0,0,0
 => SYMM(  8): y,-x+y,-z                         Symbol: -3+ 0,0,z; 0,0,0
 => SYMM(  9): x-y,x,-z                          Symbol: -3- 0,0,z; 0,0,0
 => SYMM( 10): y,x,-z+1/2                        Symbol: 2 x,x,1/4
 => SYMM( 11): x-y,-y,-z+1/2                     Symbol: 2 x,0,1/4
 => SYMM( 12): -x,-x+y,-z+1/2                    Symbol: 2 0,y,1/4
 => SYMM( 13): x+2/3,y+1/3,z+1/3                 Symbol: t (2/3,1/3,1/3)
 => SYMM( 14): -y+2/3,x-y+1/3,z+1/3              Symbol: 3+ (0,0,1/3) 1/3,1/3,z
 => SYMM( 15): -x+y+2/3,-x+1/3,z+1/3             Symbol: 3- (0,0,1/3) 1/3,0,z
 => SYMM( 16): -y+2/3,-x+1/3,z+5/6               Symbol: g (1/6,-1/6,5/6) x,-x+1/2,z
 => SYMM( 17): -x+y+2/3,y+1/3,z+5/6              Symbol: g (1/6,1/3,5/6) x,2x-1/2,z
 => SYMM( 18): x+2/3,x-y+1/3,z+5/6               Symbol: g (2/3,1/3,5/6) 2x,x,2z
 => SYMM( 19): -x+2/3,-y+1/3,-z+1/3              Symbol: -1 1/3,1/6,1/6
 => SYMM( 20): y+2/3,-x+y+1/3,-z+1/3             Symbol: -3+ 1/3,-1/3,z; 1/3,-1/3,1/6
 => SYMM( 21): x-y+2/3,x+1/3,-z+1/3              Symbol: -3- 1/3,2/3,z; 1/3,2/3,1/6
 => SYMM( 22): y+2/3,x+1/3,-z+5/6                Symbol: 2 (1/2,1/2,0) x,x-1/6,5/12
 => SYMM( 23): x-y+2/3,-y+1/3,-z+5/6             Symbol: 2 (1/2,0,0) x,1/6,5/12
 => SYMM( 24): -x+2/3,-x+y+1/3,-z+5/6            Symbol: 2 1/3,y,5/12
 => SYMM( 25): x+1/3,y+2/3,z+2/3                 Symbol: t (1/3,2/3,2/3)
 => SYMM( 26): -y+1/3,x-y+2/3,z+2/3              Symbol: 3+ (0,0,2/3) 0,1/3,z
 => SYMM( 27): -x+y+1/3,-x+2/3,z+2/3             Symbol: 3- (0,0,2/3) 1/3,1/3,z
 => SYMM( 28): -y+1/3,-x+2/3,z+1/6               Symbol: g (-1/6,1/6,1/6) x,-x+1/2,z
 => SYMM( 29): -x+y+1/3,y+2/3,z+1/6              Symbol: g (1/3,2/3,1/6) x,2x,z
 => SYMM( 30): x+1/3,x-y+2/3,z+1/6               Symbol: g (1/3,1/6,1/6) 2x,x+1/4,2z
 => SYMM( 31): -x+1/3,-y+2/3,-z+2/3              Symbol: -1 1/6,1/3,1/3
 => SYMM( 32): y+1/3,-x+y+2/3,-z+2/3             Symbol: -3+ 2/3,1/3,z; 2/3,1/3,1/3
 => SYMM( 33): x-y+1/3,x+2/3,-z+2/3              Symbol: -3- -1/3,1/3,z; -1/3,1/3,1/3
 => SYMM( 34): y+1/3,x+2/3,-z+1/6                Symbol: 2 (1/2,1/2,0) x,x+1/6,1/12
 => SYMM( 35): x-y+1/3,-y+2/3,-z+1/6             Symbol: 2 x,1/3,1/12
 => SYMM( 36): -x+1/3,-x+y+2/3,-z+1/6            Symbol: 2 (0,1/2,0) 1/6,y,1/12

 => Special Wyckoff Positions for R -3 c
 
    Multp     Site        Representative Coordinates (centring translations excluded)
     18       e              x,0,1/4             0,x,1/4             -x,-x,1/4                               
                             0,-x,3/4            -x,0,3/4            x,x,3/4                                 
 
     18       d              1/2,0,0             0,1/2,0             1/2,1/2,0                               
                             0,1/2,1/2           1/2,0,1/2           1/2,1/2,1/2                             
 
     12       c              0,0,z               0,0,z+1/2           0,0,-z                                  
                             0,0,-z+1/2                                                                      
 
      6       b              0,0,0               0,0,1/2                                                     
 
      6       a              0,0,1/4             0,0,3/4                                                     
 

 => Initial parameters ==>
 Atom    Ntyp                  X         Y         Z         B         occ.         in  fin  Spc  Mult
                             B11       B22       B33       B12       B13       B23
 Al1    Al                 0.00000   0.00000   0.33349  -0.13591   0.33333           0    0    0   12
                 Codes:    0.00000   0.00000 201.00000 451.00000   0.00000
 O1     O                  0.34993   0.00000   0.25000   1.24078   0.50000           0    0    0   18
                 Codes:  441.00000   0.00000   0.00000 461.00000   0.00000

 => It is assumed that THE FIRST GIVEN SITE plus all the other atoms 
    occupying THE SAME POSITION have a total full occupation (no vacancies!)
  (if this is not the case, change the order of atoms to obtain correct values for the content of the unit cell)
    The given occupation factors have been obtained mutiplying m/M by   0.3333
      -> Atom: Al  ,  Chemical element: AL  Atomic Mass:    26.9815
      -> Atom: O   ,  Chemical element: O   Atomic Mass:    15.9994
 => The given value of ATZ is        611.76 the program has calculated:         611.76
    The value of ATZ given in the input PCR file will be used for quantitative analysis
 => The chemical content of the unit cell is: 
      12.0000 Al   +  18.0002 O      
 => The normalized site occupation numbers in % are: 
     100.0000 Al1    :      100.0010 O1       
 => The density (volumic mass) of the compound is:    3.997 g/cm3

 =>-------> PROFILE PARAMETERS FOR PATTERN:  1

 => Overall scale factor:   0.188768    
 => ETA (p-Voigt) OR M (Pearson VII):   0.1252
 => Overall temperature factor:      0.00000
 => Halfwidth U,V,W:      0.03889    -0.04620     0.10586
 => X and Y parameters:       0.0000      0.0000
 => Direct cell parameters:    4.7566   4.7566  12.9730  90.0000  90.0000 120.0000
 => Preferred orientation parameters:   0.0000  0.0000
 => Asymmetry parameters     :      0.00000     0.00000     0.00000     0.00000
 => Strain parameters        :      0.00000     0.00000     0.00000
 => Size   parameters        :      0.00000     0.00000

 ==> CODEWORDS FOR PROFILE PARAMETERS of PATTERN#  1

 => Overall scale factor:  411.000
 => ETA (p-Voigt) OR M (Pearson VII):  381.000
 => Overall temperature factor:    0.000
 => Halfwidth U,V,W:  131.000 141.000 151.000
 => X and Y parameters:    0.000   0.000
 => Direct cell parameters:  421.000 421.000 431.000   0.000   0.000 421.000
 => Preferred orientation parameters:    0.000   0.000
 => Asymmetry parameters     :    0.000   0.000   0.000   0.000
 => Strain parameters        :    0.000   0.000   0.000
 => Size   parameters        :    0.000   0.000

 => Cell constraints according to Laue symmetry: -3m1 

        Metric information:
        -------------------

 => Direct cell parameters:

         a =       4.7566      b =       4.7566      c =      12.9730
     alpha =       90.000   beta =       90.000  gamma =      120.000
                        Direct Cell Volume =     254.1957

 => Reciprocal cell parameters:

         a*=     0.242757      b*=     0.242757      c*=     0.077083
     alpha*=       90.000   beta*=       90.000  gamma*=       60.000
                    Reciprocal Cell Volume =   0.00393398

 => Direct and Reciprocal Metric Tensors:

                   GD                                       GR
     22.6254    -11.3127      0.0000          0.058931    0.029465    0.000000
    -11.3127     22.6254      0.0000          0.029465    0.058931    0.000000
      0.0000      0.0000    168.2997          0.000000    0.000000    0.005942

 =>  Cartesian frame: x // a; z is along c*; y is within the ab-plane   

     Crystal_to_Orthonormal_Matrix              Orthonormal_to_Crystal Matrix
              Cr_Orth_cel                               Orth_Cr_cel  
      4.7566     -2.3783      0.0000          0.210234    0.121378   -0.000000
      0.0000      4.1193      0.0000          0.000000    0.242757   -0.000000
      0.0000      0.0000     12.9730          0.000000    0.000000    0.077083

     Busing-Levy B-matrix: Hc=B.H            Inverse of the Busing-Levy B-matrix
                BL_M                                      BL_Minv  
    0.242757    0.121378    0.000000            4.1193     -2.3783     -0.0000
    0.000000    0.210234   -0.000000            0.0000      4.7566      0.0000
    0.000000    0.000000    0.077083            0.0000      0.0000     12.9730

 => Laue symmetry -3m1  will be used to generate HKL for pattern#   1
 => Reflections generated between S(1/d)min:  0.0259 A-1 and S(1/d)max:  1.2872 A-1
 =>                                    dmax: 38.5691 A   and      dmin:  0.7769 A
 => The number of reflections generated is:     67
 => The max. scatt. variable (gen.ref.) is:       170.2966
 => Scattering coefficients from internal table

 => Scattering lengths:

 Al     0.3449

     --------------------------------------------------------------
      SYMBOLIC NAMES AND INITIAL VALUES OF PARAMETERS TO BE VARIED:
     --------------------------------------------------------------

      ->  Parameter number    1   -> Symbolic Name:                                     Scale_ph1_pat1     27.896481    
      ->  Parameter number    2   -> Symbolic Name:                                          Zero_pat1    0.14600001E-02
      ->  Parameter number    3   -> Symbolic Name:                                    Cell_A_ph1_pat1     5.1724181    
      ->  Parameter number    4   -> Symbolic Name:                                    Cell_B_ph1_pat1     5.3265901    
      ->  Parameter number    5   -> Symbolic Name:                                    Cell_C_ph1_pat1     7.3608470    
      ->  Parameter number    6   -> Symbolic Name:                                            X_Y_ph1    0.12410000E-01
      ->  Parameter number    7   -> Symbolic Name:                                            Y_Y_ph1    0.55405998    
      ->  Parameter number    8   -> Symbolic Name:                                           X_O1_ph1   -0.83849996E-01
      ->  Parameter number    9   -> Symbolic Name:                                           Y_O1_ph1   -0.21950001E-01
      ->  Parameter number   10   -> Symbolic Name:                                           X_O2_ph1    0.20469999    
      ->  Parameter number   11   -> Symbolic Name:                                           Y_O2_ph1    0.29482999    
      ->  Parameter number   12   -> Symbolic Name:                                           Z_O2_ph1    0.44270001E-01
      ->  Parameter number   13   -> Symbolic Name:                                    U-Cagl_ph1_pat1    0.38892001E-01
      ->  Parameter number   14   -> Symbolic Name:                                    V-Cagl_ph1_pat1   -0.46200000E-01
      ->  Parameter number   15   -> Symbolic Name:                                    W-Cagl_ph1_pat1    0.10586000    
      ->  Parameter number   16   -> Symbolic Name:                                         Biso_Y_ph1    0.11810000    
      ->  Parameter number   17   -> Symbolic Name:                                        Biso_Al_ph1    0.12582000    
      ->  Parameter number   18   -> Symbolic Name:                                        Biso_O1_ph1    0.55590000E-01
      ->  Parameter number   19   -> Symbolic Name:                                        Biso_O2_ph1    0.13975000    
      ->  Parameter number   20   -> Symbolic Name:                                          Z_Al1_ph2    0.33349001    
      ->  Parameter number   21   -> Symbolic Name:                                        Bck_24_pat1     2793.5588    
      ->  Parameter number   22   -> Symbolic Name:                                        Bck_23_pat1     2788.7900    
      ->  Parameter number   23   -> Symbolic Name:                                        Bck_22_pat1     2584.4277    
      ->  Parameter number   24   -> Symbolic Name:                                        Bck_21_pat1     2669.7397    
      ->  Parameter number   25   -> Symbolic Name:                                        Bck_20_pat1     2323.0271    
      ->  Parameter number   26   -> Symbolic Name:                                        Bck_19_pat1     2478.9954    
      ->  Parameter number   27   -> Symbolic Name:                                        Bck_18_pat1     1983.7804    
      ->  Parameter number   28   -> Symbolic Name:                                        Bck_17_pat1     1996.4417    
      ->  Parameter number   29   -> Symbolic Name:                                        Bck_16_pat1     1958.4514    
      ->  Parameter number   30   -> Symbolic Name:                                        Bck_15_pat1     2072.2153    
      ->  Parameter number   31   -> Symbolic Name:                                        Bck_14_pat1     2156.4685    
      ->  Parameter number   32   -> Symbolic Name:                                        Bck_13_pat1     2163.2856    
      ->  Parameter number   33   -> Symbolic Name:                                        Bck_12_pat1     2154.4976    
      ->  Parameter number   34   -> Symbolic Name:                                        Bck_11_pat1     1987.9011    
      ->  Parameter number   35   -> Symbolic Name:                                        Bck_10_pat1     2054.0281    
      ->  Parameter number   36   -> Symbolic Name:                                         Bck_9_pat1     2014.7715    
      ->  Parameter number   37   -> Symbolic Name:                                         Bck_8_pat1     1992.4575    
      ->  Parameter number   38   -> Symbolic Name:                                     EtaPV_ph1_pat1    0.12522000    
      ->  Parameter number   39   -> Symbolic Name:                                         Bck_7_pat1     2159.1431    
      ->  Parameter number   40   -> Symbolic Name:                                         Bck_6_pat1     2105.2959    
      ->  Parameter number   41   -> Symbolic Name:                                     Scale_ph2_pat1    0.18876760    
      ->  Parameter number   42   -> Symbolic Name:                                    Cell_A_ph2_pat1     4.7566142    
      ->  Parameter number   43   -> Symbolic Name:                                    Cell_C_ph2_pat1     12.973036    
      ->  Parameter number   44   -> Symbolic Name:                                           X_O1_ph2    0.34992999    
      ->  Parameter number   45   -> Symbolic Name:                                       Biso_Al1_ph2   -0.13591000    
      ->  Parameter number   46   -> Symbolic Name:                                        Biso_O1_ph2     1.2407800    
      ->  Parameter number   47   -> Symbolic Name:                                         Bck_0_pat1     1320.7260    
      ->  Parameter number   48   -> Symbolic Name:                                         Bck_1_pat1     1824.8624    
      ->  Parameter number   49   -> Symbolic Name:                                         Bck_2_pat1     2430.7664    
      ->  Parameter number   50   -> Symbolic Name:                                         Bck_3_pat1     2109.5396    
      ->  Parameter number   51   -> Symbolic Name:                                         Bck_4_pat1     2027.1514    
      ->  Parameter number   52   -> Symbolic Name:                                         Bck_5_pat1     2073.3027    
  
 
 => Optimizations for routine tasks applied:
 => Calculation mode for patter#:   1  CM_GENERAL     
 


   Standard deviations have to be multiplied by: 2.7531
   (correlated residuals) See references:
  -J.F.Berar & P.Lelann, J. Appl. Cryst. 24, 1-5 (1991) 
  -J.F.Berar, Acc. in Pow. Diff. II,NIST Sp.Pub. 846, 63(1992) 

 ++++++++++++++++++++++++++++++++++++++++++++++++++++++++++++++++++++++++++++++++++++++++++++++++++++++++++++++++++++++++++++++++++++

 => CYCLE No.:   10
 =>  Convergence reached at this CYCLE !!!!
 =>  Parameter shifts set to zero
 ------------------------------------------------------------------------------------------------------------------------------------
 => Phase  1 Name: YAlO3
 ------------------------------------------------------------------------------------------------------------------------------------
 => New parameters, shifts, and standard deviations

 Atom        x       dx      sx       y       dy      sy       z       dz      sz       B       dB      sB      occ.    docc.   socc.

 Y        0.01228 0.00000 0.00014  0.55407 0.00000 0.00010  0.25000 0.00000 0.00000  0.12749 0.00000 0.01050  0.50000 0.00000 0.00000
 Al       0.00000 0.00000 0.00000  0.00000 0.00000 0.00000  0.00000 0.00000 0.00000  0.18214 0.00000 0.01848  0.50000 0.00000 0.00000
 O1      -0.08375 0.00000 0.00017 -0.02193 0.00000 0.00015  0.25000 0.00000 0.00000  0.07978 0.00000 0.01178  0.50000 0.00000 0.00000
 O2       0.20462 0.00000 0.00012  0.29492 0.00000 0.00010  0.04431 0.00000 0.00008  0.17467 0.00000 0.00923  1.00000 0.00000 0.00000

 ==> PROFILE PARAMETERS FOR PATTERN#  1

 => Overall scale factor:     28.139158249     0.000000000     0.091222532
 => Eta(p-Voigt) or m(Pearson VII):   0.139193  0.000000  0.005849
 => Overall tem. factor:     0.000000    0.000000    0.000000
 => Halfwidth parameters: 
         0.027351    0.000000    0.000789
        -0.031285    0.000000    0.002107
         0.100472    0.000000    0.001087
 => Cell parameters: 
        5.173493    0.000000    0.000032
        5.327779    0.000000    0.000032
        7.362489    0.000000    0.000044
       90.000000    0.000000    0.000000
       90.000000    0.000000    0.000000
       90.000000    0.000000    0.000000
 => Preferred orientation: 
         0.000000    0.000000    0.000000
         0.000000    0.000000    0.000000
 => Asymmetry parameters: 
         0.000000    0.000000    0.000000
         0.000000    0.000000    0.000000
         0.000000    0.000000    0.000000
         0.000000    0.000000    0.000000
 => X and Y parameters: 
         0.000000    0.000000    0.000000
         0.000000    0.000000    0.000000
 => Strain parameters: 
         0.000000    0.000000    0.000000
         0.000000    0.000000    0.000000
         0.000000    0.000000    0.000000
 => Size   parameters (G,L): 
         0.000000    0.000000    0.000000
         0.000000    0.000000    0.000000
 ------------------------------------------------------------------------------------------------------------------------------------
 => Phase  2 Name: Al2O3
 ------------------------------------------------------------------------------------------------------------------------------------
 => New parameters, shifts, and standard deviations

 Atom        x       dx      sx       y       dy      sy       z       dz      sz       B       dB      sB      occ.    docc.   socc.

 Al1      0.00000 0.00000 0.00000  0.00000 0.00000 0.00000  0.33471 0.00000 0.00340 -0.72663 0.00000 0.27920  0.33333 0.00000 0.00000
 O1       0.36099 0.00000 0.00358  0.00000 0.00000 0.00000  0.25000 0.00000 0.00000  0.14287 0.00000 0.25603  0.50000 0.00000 0.00000

 ==> PROFILE PARAMETERS FOR PATTERN#  1

 => Overall scale factor:      0.163509369     0.000000000     0.011608248
 => Eta(p-Voigt) or m(Pearson VII):   0.139193  0.000000  0.005849
 => Overall tem. factor:     0.000000    0.000000    0.000000
 => Halfwidth parameters: 
         0.027351    0.000000    0.000789
        -0.031285    0.000000    0.002107
         0.100472    0.000000    0.001087
 => Cell parameters: 
        4.756113    0.000000    0.000424
        4.756113    0.000000    0.000424
       12.982110    0.000000    0.001862
       90.000000    0.000000    0.000000
       90.000000    0.000000    0.000000
      120.000000    0.000000    0.000000
 => Preferred orientation: 
         0.000000    0.000000    0.000000
         0.000000    0.000000    0.000000
 => Asymmetry parameters: 
         0.000000    0.000000    0.000000
         0.000000    0.000000    0.000000
         0.000000    0.000000    0.000000
         0.000000    0.000000    0.000000
 => X and Y parameters: 
         0.000000    0.000000    0.000000
         0.000000    0.000000    0.000000
 => Strain parameters: 
         0.000000    0.000000    0.000000
         0.000000    0.000000    0.000000
         0.000000    0.000000    0.000000
 => Size   parameters (G,L): 
         0.000000    0.000000    0.000000
         0.000000    0.000000    0.000000

 ==> GLOBAL PARAMETERS FOR PATTERN#  1


 => Zero-point:     0.0040    0.0000    0.0004
 => Background Parameters (linear interpolation)  ==>
         1320.72        0.00000        55.3051    
         1824.88        0.00000        39.1469    
         2430.72        0.00000        25.7694    
         2109.63        0.00000        21.4032    
         2026.74        0.00000        21.1568    
         2074.87        0.00000        19.3224    
         2104.67        0.00000        20.3101    
         2140.32        0.00000        22.9182    
         1957.15        0.00000        26.6469    
         2000.55        0.00000        24.5380    
         2039.95        0.00000        20.1684    
         1970.87        0.00000        20.4311    
         2138.69        0.00000        21.1790    
         2138.18        0.00000        23.6637    
         2159.70        0.00000        26.5478    
         2068.28        0.00000        32.4626    
         1963.56        0.00000        29.9399    
         1974.85        0.00000        26.7709    
         2006.01        0.00000        25.4699    
         2520.23        0.00000        32.9155    
         2353.28        0.00000        26.9807    
         2697.44        0.00000        30.8550    
         2598.57        0.00000        35.9395    
         2840.20        0.00000        44.5357    
         2789.23        0.00000        56.2873    

 => Cos(2theta)-shift parameter :   0.0000  0.0000  0.0000
 => Sin(2theta)-shift parameter :   0.0000  0.0000  0.0000

 ==> RELIABILITY FACTORS WITH ALL NON-EXCLUDED POINTS FOR PATTERN:  1

 => R-Factors:   3.62      4.67     Chi2:  12.9     DW-Stat.:  0.2778   Patt#:  1
 => Expected :            1.30                                1.9215
 => Deviance : 0.375E+05     Dev*:   12.89    
 => GoF-index:  3.6         Sqrt(Residual/N)
 => N-P+C:  2907

 =>    SumYdif       SumYobs      SumYcal      SumwYobsSQ     Residual    Condition
     0.6153E+06    0.1700E+08    0.1696E+08    0.1720E+08    0.3749E+05    0.2052E+18


 => Conventional Rietveld Rp,Rwp,Re and Chi2:   5.81      6.66      1.85      12.90    
 => (Values obtained using Ynet, but true sigma(y))
 =>  SumYnet, Sum(w Ynet**2):     0.1059E+08    0.8450E+07

 => N-sigma of the GoF:      453.564

 ==> RELIABILITY FACTORS FOR POINTS WITH BRAGG CONTRIBUTIONS FOR PATTERN:  1

 => R-Factors:   3.67      4.72     Chi2:  13.8     DW-Stat.:  0.2799   Patt#:
 => Expected :            1.27                                1.9199
 => Deviance : 0.372E+05     Dev*:   13.81    
 => GoF-index:  3.7         Sqrt(Residual/N)
 => N-P+C:  2692

 =>    SumYdif       SumYobs      SumYcal      SumwYobsSQ     Residual    Condition
     0.6063E+06    0.1654E+08    0.1650E+08    0.1673E+08    0.3721E+05    0.2052E+18


 => Conventional Rietveld Rp,Rwp,Re and Chi2:   5.73      6.64      1.78      13.82    
 => (Values obtained using Ynet, but true sigma(y))
 =>  SumYnet, Sum(w Ynet**2):     0.1059E+08    0.8450E+07

 => N-sigma of the GoF:      470.403

 => Global user-weigthed Chi2 (Bragg contrib.):   13.9    


 => Parameters with Correlation greater that 50% ==>
 -> Correlation of parameter:                                     Scale_ph1_pat1      with:                                         Biso_Y_ph1  ->   52%
 -> Correlation of parameter:                                     Scale_ph1_pat1      with:                                        Biso_O2_ph1  ->   52%
 -> Correlation of parameter:                                    U-Cagl_ph1_pat1      with:                                    W-Cagl_ph1_pat1  ->   78%
 -> Correlation of parameter:                                     Scale_ph2_pat1      with:                                        Biso_O1_ph2  ->   68%

 --------------------------------------------------------------------------------------------------------------------------------------------------------
 Pattern#  1 Phase No.:   1 Phase name: YAlO3
 --------------------------------------------------------------------------------------------------------------------------------------------------------

   No.  Code     H   K   L  Mult      Hw      ETA/M    2theta/TOF     Icalc       Iobs      Sigma     StrFactor^2    d-hkl       CORR

      1   1      1   0   1     4  0.309222  0.139193      21.074      143.4      122.9     21.844          0.0872  4.232947      1.000000
      2   1      1   1   0     4  0.308320  0.139193      24.076       10.4       22.3      5.698          0.0082  3.711557      1.000000
      3   1      0   0   2     2  0.308262  0.139193      24.277        7.2        2.9      4.400          0.0114  3.681242      1.000000
      4   1      1   1   1     8  0.307490  0.139193      27.014     1873.7     1828.8     22.985          0.9194  3.314241      1.000000
      5   1      0   2   0     2  0.305784  0.139193      33.786     1476.2     1340.2     12.658          4.4132  2.663888      1.000000
      6   1      1   1   2     8  0.305632  0.139193      34.455     5068.2     5191.7     20.090          3.9277  2.613683      1.000000
      7   1      2   0   0     2  0.305549  0.139193      34.825      896.1      857.7      7.888          2.8331  2.586746      1.000000
      8   1      0   2   1     4  0.305292  0.139193      36.000      236.8      208.5      7.820          0.3979  2.504963      1.000000
      9   1      1   2   0     4  0.304846  0.139193      38.154     1931.7     2056.7     13.166          3.6081  2.368360      1.000000
     10   1      2   1   0     4  0.304708  0.139193      38.860     3252.0     3733.7     15.849          6.2782  2.326976      1.000000
     11   1      1   2   1     8  0.304462  0.139193      40.161     3744.1     3729.0     15.176          3.8344  2.254582      1.000000
     12   1      2   1   1     8  0.304339  0.139193      40.837     6533.3     6687.2     12.639          6.8932  2.218792      1.000000
     13   1      1   0   3     4  0.304333  0.139193      40.865     8338.6     8435.2     15.969         17.6178  2.217328      1.000000
     14   1      0   2   2     4  0.304129  0.139193      42.039    19321.0    18281.4     30.994         42.9260  2.158107      1.000000
     15   1      2   0   2     4  0.303984  0.139193      42.906    16189.9    16398.7     29.384         37.2878  2.116474      1.000000
     16   1      1   1   3     8  0.303744  0.139193      44.436     4013.1     4191.4     16.469          4.9135  2.047116      1.000000
     17   1      1   2   2     8  0.303554  0.139193      45.740     4723.2     4669.0     16.998          6.0800  1.991759      1.000000
     18   1      2   1   2     8  0.303470  0.139193      46.350     2748.5     2843.3     13.679          3.6195  1.966954      1.000000
     19   1      2   2   0     4  0.303110  0.139193      49.306    22335.0    21516.3     33.303         65.3334  1.855778      1.000000
     20   1      0   0   4     2  0.303064  0.139193      49.739    12935.1    12900.8     24.877         76.7926  1.840621      1.000000
     21   1      0   2   3     4  0.302959  0.139193      50.791     3163.3     3071.9     11.152          9.7227  1.804951      1.000000
     22   1      2   2   1     8  0.302943  0.139193      50.956     3024.6     2973.6     11.296          4.6731  1.799494      1.000000
     23   1      1   2   3     8  0.302704  0.139193      54.029     1945.5     2034.6     12.512          3.3074  1.704210      1.000000
     24   1      2   1   3     8  0.302671  0.139193      54.570     2129.3     2178.3     10.409          3.6781  1.688594      1.000000
     25   1      1   3   0     4  0.302654  0.139193      54.883     1856.8     1894.9      7.303          6.4736  1.679714      1.000000
     26   1      3   0   1     4  0.302653  0.139193      54.906     1686.3     1720.3      6.999          5.8831  1.679053      1.000000
     27   1      2   2   2     8  0.302614  0.139193      55.695      245.2      284.3      5.750          0.4376  1.657120      1.000000
     28   1      1   1   4     8  0.302601  0.139193      55.994       47.4       48.7      1.165          0.0854  1.648986      1.000000
     29   1      3   1   0     4  0.302589  0.139193      56.303       72.3       69.0      0.307          0.2626  1.640691      1.000000
     30   1      1   3   1     8  0.302585  0.139193      56.417     7257.4     6917.9     20.922         13.2158  1.637635      1.000000
     31   1      3   1   1     8  0.302544  0.139193      57.812     1908.0     1878.4     11.837          3.6093  1.601410      1.000000
     32   1      1   3   2     8  0.302535  0.139193      60.868     1845.7     1845.6     11.983          3.7765  1.528150      1.000000
     33   1      0   2   4     4  0.302547  0.139193      61.485     4340.2     4315.3     15.842         18.0293  1.514304      1.000000
     34   1      2   0   4     4  0.302566  0.139193      62.149     3457.4     3543.9      7.019         14.5921  1.499707      1.000000
     35   1      3   1   2     8  0.302567  0.139193      62.201    11770.9    12089.8     23.348         24.8700  1.498589      1.000000
     36   1      2   2   3     8  0.302601  0.139193      63.060        2.1        2.0      0.189          0.0046  1.480223      1.000000
     37   1      2   3   0     4  0.302639  0.139193      63.837      341.5      338.6      7.328          1.4987  1.464087      1.000000
     38   1      1   2   4     8  0.302670  0.139193      64.366      145.6      147.9      3.290          0.3233  1.453326      1.000000
     39   1      3   2   0     4  0.302689  0.139193      64.650     1584.8     1658.0      9.585          7.0822  1.447637      1.000000
     40   1      2   1   4     8  0.302702  0.139193      64.852      598.0      669.0      4.717          1.3422  1.443605      1.000000
     41   1      2   3   1     8  0.302730  0.139193      65.240     1088.2     1218.2      9.790          2.4632  1.435970      1.000000
     42   1      3   2   1     8  0.302795  0.139193      66.044      412.9      445.9      4.633          0.9509  1.420439      1.000000
     43   1      1   0   5     4  0.302815  0.139193      66.264     2455.2     2658.8     12.722         11.3601  1.416248      1.000000
     44   1      3   0   3     4  0.302841  0.139193      66.543       80.1       90.3      2.139          0.3729  1.410982      1.000000
     45   1      1   3   3     8  0.302982  0.139193      67.897     3184.2     3082.5     15.364          7.6178  1.386135      1.000000
     46   1      1   1   5     8  0.303104  0.139193      68.881        2.6        2.8      0.061          0.0063  1.368716      1.000000
     47   1      3   1   3     8  0.303140  0.139193      69.155      858.9      891.4      6.850          2.1063  1.363960      1.000000
     48   1      2   3   2     8  0.303168  0.139193      69.360     1285.1     1322.6      9.283          3.1640  1.360440      1.000000
     49   1      3   2   2     8  0.303282  0.139193      70.140       32.8       41.2      3.133          0.0821  1.347211      1.000000
     50   1      0   4   0     2  0.303430  0.139193      71.065     3397.6     3282.3     15.516         34.5429  1.331944      1.000000
     51   1      0   4   1     4  0.303671  0.139193      72.399     1613.2     1572.0      6.559          8.3979  1.310669      1.000000
     52   1      2   2   4     8  0.303719  0.139193      72.645    14691.5    14878.2     27.603         38.4032  1.306842      1.000000
     53   1      4   0   0     2  0.303900  0.139193      73.525     2317.8     2262.3      9.568         24.6005  1.293373      1.000000
     54   1      1   4   0     4  0.303950  0.139193      73.757     4244.2     4036.5     13.874         22.6123  1.289881      1.000000
     55   1      0   2   5     4  0.303967  0.139193      73.834      224.2      209.9      1.005          1.1960  1.288719      1.000000
     56   1      1   4   1     8  0.304254  0.139193      75.072       65.5       51.6      3.281          0.1783  1.270530      1.000000
     57   1      2   3   3     8  0.304489  0.139193      75.998     4240.0     4177.8     11.884         11.7099  1.257341      1.000000
     58   1      4   1   0     4  0.304498  0.139193      76.032     2864.0     2839.7      7.765         15.8271  1.256868      1.000000
     59   1      0   4   2     4  0.304582  0.139193      76.346       27.1       27.8      0.081          0.1503  1.252482      1.000000
     60   1      1   2   5     8  0.304621  0.139193      76.488     7365.7     7780.4     17.686         20.4964  1.250505      1.000000

   No.  Code     H   K   L  Mult      Hw      ETA/M    2theta/TOF     Icalc       Iobs      Sigma     StrFactor^2    d-hkl       CORR

     61   1      3   2   3     8  0.304694  0.139193      76.751     4429.2     4619.9     10.703         12.3743  1.246876      1.000000
     62   1      2   1   5     8  0.304747  0.139193      76.940     3384.6     3499.0      9.565          9.4827  1.244297      1.000000
     63   1      1   3   4     8  0.304822  0.139193      77.202     1403.8     1444.3      4.726          3.9487  1.240731      1.000000
     64   1      4   1   1     8  0.304861  0.139193      77.334     2234.5     2298.0      7.608          6.2972  1.238944      1.000000
     65   1      3   3   0     4  0.304899  0.139193      77.464     1365.5     1392.8      6.056          7.7115  1.237186      1.000000
     66   1      0   0   6     2  0.305130  0.139193      78.223     1722.5     1767.0     10.167         19.6713  1.227081      1.000000
     67   1      3   1   4     8  0.305186  0.139193      78.400      382.1      395.8      2.751          1.0937  1.224752      1.000000
     68   1      4   0   2     4  0.305297  0.139193      78.745      254.2      258.5      1.372          1.4625  1.220250      1.000000
     69   1      3   3   1     8  0.305301  0.139193      78.758     1240.1     1260.5      6.499          3.5676  1.220080      1.000000
     70   1      1   4   2     8  0.305371  0.139193      78.972     2146.6     2159.9     11.303          6.1941  1.217316      1.000000
     71   1      4   1   2     8  0.306168  0.139193      81.202     3661.5     3831.9     16.743         10.8863  1.189451      1.000000
     72   1      2   4   0     4  0.306339  0.139193      81.640      287.7      253.3      5.839          1.7204  1.184180      1.000000
     73   1      3   3   2     8  0.306737  0.139193      82.610      179.6      183.7      4.257          0.5434  1.172728      1.000000
     74   1      0   4   3     4  0.306813  0.139193      82.789      257.9      256.8      2.778          1.5640  1.170647      1.000000
     75   1      2   4   1     8  0.306869  0.139193      82.918      637.9      643.9      5.594          1.9374  1.169154      1.000000
     76   1      1   1   6     8  0.307024  0.139193      83.275     1669.2     1805.1     10.661          5.0916  1.165059      1.000000
     77   1      4   2   0     4  0.307085  0.139193      83.412      124.9      135.2      1.392          0.7634  1.163488      1.000000
     78   1      2   2   5     8  0.307491  0.139193      84.300     4109.9     4298.1     15.901         12.6868  1.153494      1.000000
     79   1      4   2   1     8  0.307675  0.139193      84.686     1107.3     1135.5      7.853          3.4328  1.149226      1.000000
     80   1      2   3   4     8  0.307827  0.139193      84.998       30.4       29.6      0.462          0.0946  1.145809      1.000000
     81   1      1   4   3     8  0.308011  0.139193      85.369     1685.9     1733.1     10.587          5.2665  1.141781      1.000000
     82   1      3   2   4     8  0.308196  0.139193      85.732      980.3      965.9      8.662          3.0741  1.137872      1.000000
     83   1      2   4   2     8  0.308726  0.139193      86.735      841.0      863.8      9.327          2.6653  1.127291      1.000000
     84   1      3   0   5     4  0.309130  0.139193      87.460     3151.0     3229.5      9.910         20.1174  1.119812      1.000000
     85   1      4   1   3     8  0.309192  0.139193      87.569     4179.9     4365.5     12.082         13.3574  1.118693      1.000000
     86   1      0   2   6     4  0.309431  0.139193      87.981     1259.1     1327.0      8.565          8.0795  1.114522      1.000000
     87   1      4   2   2     8  0.309736  0.139193      88.493      397.2      405.1      2.104          1.2805  1.109396      1.000000
     88   1      2   0   6     4  0.309780  0.139193      88.567      901.9      915.3      3.368          5.8197  1.108664      1.000000
     89   1      1   3   5     8  0.309866  0.139193      88.708     5406.8     5501.5     13.676         17.4678  1.107269      1.000000
     90   1      3   3   3     8  0.310024  0.139193      88.964     5336.2     5523.7     15.423         17.2805  1.104747      1.000000
     91   1      3   1   5     8  0.310607  0.139193      89.880     5326.3     5397.1     18.533         17.3909  1.095867      1.000000
     92   1      1   2   6     8  0.311051  0.139193      90.547       16.1        8.5      1.237          0.0528  1.089527      1.000000
     93   1      2   1   6     8  0.311353  0.139193      90.986       36.8       22.3      2.437          0.1212  1.085413      1.000000
     94   1      0   4   4     4  0.311841  0.139193      91.675     3402.6     3308.2     15.065         22.5554  1.079054      1.000000
     95   1      2   4   3     8  0.312889  0.139193      93.071     6994.6     6857.8     20.850         23.4317  1.066515      1.000000
     96   1      4   0   4     4  0.313648  0.139193      94.021     2205.8     2289.1     10.664         14.8785  1.058237      1.000000
     97   1      1   4   4     8  0.313832  0.139193      94.244     1904.7     1981.8      9.165          6.4335  1.056322      1.000000
     98   1      3   4   0     4  0.314047  0.139193      94.501       89.3       92.8      0.848          0.6042  1.054131      1.000000
     99   1      4   2   3     8  0.314328  0.139193      94.833     2407.5     2518.3     12.926          8.1638  1.051324      1.000000
    100   1      4   3   0     4  0.314937  0.139193      95.530     1065.8     1057.3      7.250          7.2607  1.045496      1.000000
    101   1      1   5   0     4  0.315137  0.139193      95.754      579.7      575.7      2.864          3.9548  1.043649      1.000000
    102   1      3   4   1     8  0.315154  0.139193      95.773     1342.6     1329.5      6.807          4.5801  1.043490      1.000000
    103   1      2   3   5     8  0.315745  0.139193      96.418       23.0       23.7      0.205          0.0789  1.038226      1.000000
    104   1      4   1   4     8  0.315775  0.139193      96.451      897.5      927.7      7.245          3.0740  1.037960      1.000000
    105   1      4   3   1     8  0.316108  0.139193      96.804     2816.5     2700.4      9.355          9.6662  1.035111      1.000000
    106   1      1   5   1     8  0.316323  0.139193      97.028     5067.8     4900.7     13.108         17.4142  1.033319      1.000000
    107   1      3   2   5     8  0.316445  0.139193      97.155      174.6      173.4      0.499          0.6005  1.032311      1.000000
    108   1      1   0   7     4  0.316643  0.139193      97.358     3467.7     3683.0     13.040         23.8750  1.030699      1.000000
    109   1      3   3   4     8  0.317135  0.139193      97.856      521.0      517.7      5.851          1.7982  1.026792      1.000000
    110   1      5   0   1     4  0.317416  0.139193      98.133        5.5        5.4      0.044          0.0383  1.024629      1.000000
    111   1      2   2   6     8  0.317558  0.139193      98.272     1653.0     1660.2     11.158          5.7174  1.023558      1.000000
    112   1      5   1   0     4  0.318641  0.139193      99.299     2912.2     2959.0     12.152         20.2446  1.015721      1.000000
    113   1      3   4   2     8  0.318978  0.139193      99.608     4843.4     4797.4     13.619         16.8580  1.013402      1.000000
    114   1      1   1   7     8  0.319195  0.139193      99.805     1633.8     1696.2      7.647          5.6917  1.011937      1.000000
    115   1      5   1   1     8  0.320079  0.139193     100.585       73.4       72.2      0.595          0.2565  1.006191      1.000000
    116   1      4   3   2     8  0.320154  0.139193     100.650     1464.8     1434.3      9.322          5.1206  1.005722      1.000000
    117   1      1   5   2     8  0.320418  0.139193     100.876      759.6      703.1      6.797          2.6579  1.004077      1.000000
    118   1      2   4   4     8  0.321806  0.139193     102.025     1372.7     1342.9     11.275          4.8226  0.995880      1.000000
    119   1      1   3   6     8  0.322721  0.139193     102.747      278.9      313.0      5.171          0.9821  0.990847      1.000000
    120   1      0   4   5     4  0.323302  0.139193     103.192     4593.6     4526.4     16.221         32.3931  0.987789      1.000000

   No.  Code     H   K   L  Mult      Hw      ETA/M    2theta/TOF     Icalc       Iobs      Sigma     StrFactor^2    d-hkl       CORR

    121   1      2   5   0     4  0.323802  0.139193     103.567      196.9      216.9      1.680          1.3898  0.985239      1.000000
    122   1      4   2   4     8  0.324156  0.139193     103.828      852.6      901.0      3.407          3.0113  0.983477      1.000000
    123   1      3   1   6     8  0.324324  0.139193     103.951     4514.0     4826.4     14.642         15.9478  0.982652      1.000000
    124   1      5   1   2     8  0.325059  0.139193     104.479     6682.6     6780.2     16.799         23.6385  0.979133      1.000000
    125   1      0   2   7     4  0.325239  0.139193     104.606     1702.6     1744.1      4.826         12.0487  0.978291      1.000000
    126   1      2   5   1     8  0.325620  0.139193     104.874     1263.5     1274.3      7.941          4.4732  0.976534      1.000000
    127   1      1   4   5     8  0.327047  0.139193     105.842      211.4      205.9      5.104          0.7496  0.970262      1.000000
    128   1      3   4   3     8  0.327452  0.139193     106.108      213.2      171.0      5.232          0.7566  0.968564      1.000000
    129   1      5   2   0     4  0.328455  0.139193     106.753       62.7       56.9      2.904          0.4456  0.964497      1.000000
    130   1      4   3   3     8  0.329134  0.139193     107.178        0.3        0.3      0.002          0.0010  0.961852      1.000000
    131   1      1   2   7     8  0.329291  0.139193     107.275     1646.4     1583.3      6.197          5.8498  0.961256      1.000000
    132   1      1   5   3     8  0.329513  0.139193     107.411     5341.6     5198.9     14.987         18.9823  0.960413      1.000000
    133   1      2   1   7     8  0.330047  0.139193     107.735      880.9      924.4      5.825          3.1313  0.958427      1.000000
    134   1      5   2   1     8  0.330626  0.139193     108.081       32.6       33.9      0.304          0.1159  0.956326      1.000000
    135   1      4   1   5     8  0.330724  0.139193     108.139      804.7      839.8      8.197          2.8613  0.955974      1.000000
    136   1      5   0   3     4  0.331451  0.139193     108.563       29.5       33.7      1.751          0.2100  0.953424      1.000000
    137   1      2   5   2     8  0.331943  0.139193     108.845       63.5       52.6      4.421          0.2258  0.951742      1.000000
    138   1      3   3   5     8  0.333316  0.139193     109.612       24.9       17.9      3.793          0.0884  0.947228      1.000000
    139   1      2   3   6     8  0.335535  0.139193     110.791       16.6       20.6      0.599          0.0592  0.940452      1.000000
    140   1      5   1   3     8  0.336206  0.139193     111.135     3985.7     3969.0     16.666         14.1673  0.938515      1.000000
    141   1      3   2   6     8  0.337086  0.139193     111.577      406.8      397.0      5.033          1.4453  0.936048      1.000000
    142   1      5   2   2     8  0.338214  0.139193     112.128      474.9      454.0      7.773          1.6863  0.933005      1.000000
    143   1      4   4   0     4  0.340219  0.139193     113.073      412.8      436.9      8.709          2.9275  0.927889      1.000000
    144   1      2   4   5     8  0.342365  0.139193     114.036      286.0      302.8      5.227          1.0123  0.922796      1.000000
    145   1      4   4   1     8  0.343336  0.139193     114.457     4174.6     4045.4     14.163         14.7616  0.920607      1.000000
    146   1      0   0   8     2  0.343470  0.139193     114.514     1059.0     1041.1      3.903         14.9762  0.920311      1.000000
    147   1      2   2   7     8  0.345953  0.139193     115.549       25.0       22.9      0.800          0.0882  0.915038      1.000000
    148   1      3   4   4     8  0.346099  0.139193     115.608      140.0      128.9      3.904          0.4935  0.914739      1.000000
    149   1      2   5   3     8  0.346310  0.139193     115.693       22.2       20.6      0.532          0.0783  0.914311      1.000000
    150   1      4   2   5     8  0.347015  0.139193     115.975      364.3      359.3      6.988          1.2827  0.912903      1.000000
    151   1      4   3   4     8  0.349006  0.139193     116.750      397.9      416.5      4.627          1.3976  0.909079      1.000000
    152   1      1   5   4     8  0.349664  0.139193     117.000     2011.9     1939.5      8.716          7.0610  0.907864      1.000000
    153   1      3   5   0     4  0.350433  0.139193     117.287     3483.7     3393.3     13.513         24.4267  0.906472      1.000000
    154   1      0   4   6     4  0.352738  0.139193     118.125      296.3      356.8      6.023          2.0706  0.902475      1.000000
    155   1      4   4   2     8  0.354399  0.139193     118.707     1591.2     1548.2      6.102          5.5463  0.899747      1.000000
    156   1      3   5   1     8  0.354442  0.139193     118.722     2601.2     2525.5      9.921          9.0666  0.899679      1.000000
    157   1      3   0   7     4  0.355536  0.139193     119.096      174.0      208.8      3.486          1.2110  0.897948      1.000000
    158   1      5   2   3     8  0.355720  0.139193     119.158       12.2       15.3      0.331          0.0424  0.897662      1.000000
    159   1      5   3   0     4  0.358136  0.139193     119.957      246.2      243.9      5.182          1.7063  0.894026      1.000000
    160   1      1   1   8     8  0.358664  0.139193     120.127      122.9      122.5      1.958          0.4254  0.893260      1.000000
    161   1      1   3   7     8  0.359946  0.139193     120.534     1888.3     1876.7     10.548          6.5237  0.891442      1.000000
    162   1      4   0   6     4  0.360852  0.139193     120.817       46.2       45.3      0.204          0.3189  0.890191      1.000000
    163   1      5   1   4     8  0.361509  0.139193     121.019     4166.7     3952.0     13.372         14.3569  0.889300      1.000000
    164   1      1   4   6     8  0.361696  0.139193     121.076      416.8      392.2      1.331          1.4356  0.889050      1.000000
    165   1      0   6   0     2  0.362515  0.139193     121.325      299.7      287.0      1.307          4.1240  0.887963      1.000000
    166   1      5   3   1     8  0.362864  0.139193     121.430     1602.8     1559.6      8.191          5.5099  0.887507      1.000000
    167   1      3   1   7     8  0.364464  0.139193     121.904     1161.8     1130.0      9.640          3.9824  0.885460      1.000000
    168   1      0   6   1     4  0.367670  0.139193     122.820        6.2        7.3      0.162          0.0421  0.881574      1.000000
    169   1      3   5   2     8  0.368878  0.139193     123.154     4072.5     3820.0     16.055         13.8492  0.880180      1.000000
    170   1      4   1   6     8  0.370814  0.139193     123.677       50.6       50.9      1.865          0.1714  0.878019      1.000000
    171   1      1   6   0     4  0.373496  0.139193     124.379     1458.9     1310.0     11.029          9.8369  0.875165      1.000000
    172   1      3   3   6     8  0.377453  0.139193     125.369     2831.2     3039.9     10.992          9.4733  0.871228      1.000000
    173   1      0   2   8     4  0.378899  0.139193     125.718     9700.8     9572.2     16.693         64.7353  0.869863      1.000000
    174   1      1   6   1     8  0.379782  0.139193     125.928      160.4      156.4      0.226          0.5343  0.869047      1.000000
    175   1      5   3   2     8  0.380083  0.139193     125.999    16031.1    15629.1     22.803         53.3674  0.868773      1.000000
    176   1      2   5   4     8  0.380243  0.139193     126.037      277.5      270.9      0.403          0.9236  0.868627      1.000000
    177   1      4   4   3     8  0.381021  0.139193     126.219     1385.2     1381.6      2.407          4.6029  0.867925      1.000000
    178   1      2   0   8     4  0.381987  0.139193     126.443     8718.6     9152.3     19.963         57.8319  0.867069      1.000000
    179   1      0   6   2     4  0.386568  0.139193     127.468      370.5      301.5      5.164          2.4355  0.863205      1.000000
    180   1      6   0   0     2  0.387763  0.139193     127.727      405.4      307.1      5.963          5.3177  0.862249      1.000000

   No.  Code     H   K   L  Mult      Hw      ETA/M    2theta/TOF     Icalc       Iobs      Sigma     StrFactor^2    d-hkl       CORR

    181   1      1   2   8     8  0.393629  0.139193     128.945     1025.5     1014.6      6.183          3.3232  0.857822      1.000000
    182   1      3   4   5     8  0.394592  0.139193     129.138     2761.7     2829.8     11.581          8.9326  0.857135      1.000000
    183   1      2   1   8     8  0.396495  0.139193     129.512      497.6      547.0      3.643          1.6033  0.855810      1.000000
    184   1      5   2   4     8  0.398716  0.139193     129.940      226.6      240.2      0.787          0.7270  0.854313      1.000000
    185   1      2   3   7     8  0.398871  0.139193     129.969     4221.6     4474.9     14.117         13.5371  0.854211      1.000000
    186   1      4   3   5     8  0.401556  0.139193     130.472     8418.1     8633.8     16.472         26.8486  0.852473      1.000000
    187   1      2   4   6     8  0.402140  0.139193     130.579        4.4        4.4      0.007          0.0139  0.852105      1.000000
    188   1      1   5   5     8  0.403156  0.139193     130.765     4989.8     4950.5      7.375         15.8631  0.851471      1.000000
    189   1      1   6   2     8  0.403214  0.139193     130.776     6578.6     6527.4      9.736         20.9113  0.851435      1.000000
    190   1      6   1   0     4  0.403639  0.139193     130.853     2167.6     2157.9      3.352         13.7693  0.851173      1.000000
    191   1      3   2   7     8  0.404074  0.139193     130.931     4780.5     4799.6      8.294         15.1696  0.850907      1.000000
    192   1      3   5   3     8  0.405039  0.139193     131.104     1917.0     2016.5      5.493          6.0712  0.850322      1.000000
    193   1      5   0   5     4  0.411542  0.139193     132.227       64.4       66.0      1.737          0.4025  0.846589      1.000000
    194   1      6   1   1     8  0.413481  0.139193     132.549      766.4      736.1      9.196          2.3865  0.845542      1.000000
    195   1      4   2   6     8  0.415855  0.139193     132.935       40.7       23.8      1.998          0.1263  0.844297      1.000000
    196   1      5   3   3     8  0.424629  0.139193     134.292      107.9       69.2      2.640          0.3286  0.840023      1.000000
    197   1      2   6   0     4  0.424991  0.139193     134.346       13.0        8.8      0.274          0.0794  0.839857      1.000000
    198   1      6   0   2     4  0.425717  0.139193     134.453      329.5      239.9      6.553          2.0022  0.839527      1.000000
    199   1      5   1   5     8  0.433655  0.139193     135.585     3944.0     4066.5     15.120         11.7954  0.836100      1.000000
    200   1      0   6   3     4  0.436404  0.139193     135.961     2955.4     2983.8      9.041         17.5811  0.834988      1.000000
    201   1      2   6   1     8  0.437778  0.139193     136.145     2625.9     2671.4     10.643          7.7895  0.834446      1.000000
    202   1      6   1   2     8  0.452034  0.139193     137.949     5443.4     5404.7     17.737         15.7062  0.829294      1.000000
    203   1      4   4   4     8  0.454260  0.139193     138.214      543.6      599.6      4.178          1.5616  0.828560      1.000000
    204   1      0   4   7     4  0.464312  0.139193     139.359      672.2      696.7      6.766          3.7891  0.825452      1.000000
    205   1      2   2   8     8  0.467633  0.139193     139.720     2699.7     2739.9     12.891          7.5609  0.824493      1.000000
    206   1      1   6   3     8  0.468243  0.139193     139.786      557.2      566.4      3.058          1.5589  0.824320      1.000000
    207   1      4   5   0     4  0.475277  0.139193     140.523       14.9       10.1      1.232          0.0820  0.822402      1.000000
    208   1      6   2   0     4  0.483379  0.139193     141.331       81.7       80.1      2.462          0.4444  0.820345      1.000000
    209   1      2   5   5     8  0.489677  0.139193     141.932     5186.1     4883.3     17.085         13.9445  0.818850      1.000000
    210   1      2   6   2     8  0.489815  0.139193     141.945      802.8      754.4      2.625          2.1581  0.818818      1.000000
    211   1      4   5   1     8  0.496512  0.139193     142.560       36.3       38.1      0.294          0.0963  0.817319      1.000000
    212   1      5   4   0     4  0.497452  0.139193     142.644      940.0      993.9      7.937          4.9853  0.817115      1.000000
    213   1      6   2   1     8  0.506190  0.139193     143.406     1828.3     1895.9      7.425          4.7743  0.815300      1.000000
    214   1      1   4   7     8  0.506985  0.139193     143.474     2540.8     2620.5     10.052          6.6249  0.815141      1.000000
    215   1      3   5   4     8  0.517135  0.139193     144.310     3680.5     3730.5     15.898          9.4297  0.813204      1.000000
    216   1      5   4   1     8  0.523149  0.139193     144.784      156.6      172.1      3.504          0.3971  0.812129      1.000000
    217   1      1   0   9     4  0.549094  0.139193     146.672      508.9      593.1      7.403          2.4725  0.808015      1.000000
    218   1      1   3   8     8  0.555548  0.139193     147.105      390.2      408.6      1.725          0.9383  0.807106      1.000000
    219   1      5   2   5     8  0.557606  0.139193     147.241      214.4      219.9      0.737          0.5140  0.806825      1.000000
    220   1      4   1   7     8  0.559173  0.139193     147.343     5995.7     6043.3     20.028         14.3353  0.806614      1.000000
    221   1      6   1   3     8  0.578533  0.139193     148.549       44.3       33.6      1.290          0.1029  0.804179      1.000000
    222   1      5   3   4     8  0.578509  0.139193     148.548      118.8       90.1      3.463          0.2758  0.804182      1.000000
    223   1      3   1   8     8  0.591998  0.139193     149.330     1750.4     1777.6     10.078          3.9835  0.802659      1.000000
    224   1      4   5   2     8  0.592386  0.139193     149.351      336.1      341.6      1.861          0.7645  0.802617      1.000000
    225   1      3   3   7     8  0.604678  0.139193     150.025     8869.7     8916.6     22.003         19.8394  0.801339      1.000000
    226   1      6   2   2     8  0.611138  0.139193     150.366      418.0      427.5      1.621          0.9277  0.800705      1.000000
    227   1      0   6   4     4  0.621237  0.139193     150.882      668.9      743.0      4.246          2.9371  0.799761      1.000000
    228   1      3   4   6     8  0.623018  0.139193     150.971     1144.6     1230.2      7.722          2.5096  0.799600      1.000000
    229   1      1   1   9     8  0.631223  0.139193     151.373      136.5      124.7      1.782          0.3038  0.798880      1.000000

 --------------------------------------------------------------------------------------------------------------------------------------------------------
 Pattern#  1 Phase No.:   2 Phase name: Al2O3
 --------------------------------------------------------------------------------------------------------------------------------------------------------

   No.  Code     H   K   L  Mult      Hw      ETA/M    2theta/TOF     Icalc       Iobs      Sigma     StrFactor^2    d-hkl       CORR

      1   1      0   1   2     6  0.307849  0.139193      25.721       10.7       25.6      5.205          1.0917  3.477806      1.000000
      2   1      1   0   4     6  0.305432  0.139193      35.354       56.8       25.5      3.969         10.5864  2.549224      1.000000
      3   1      1   1   0     6  0.304879  0.139193      37.993        2.8        3.5      0.054          0.5888  2.378050      1.000000
      4   1      0   0   6     2  0.304148  0.139193      41.926       48.1       47.0      0.115         36.6401  2.163670      1.000000
      5   1      1   1   3    12  0.303872  0.139193      43.607      554.8      569.2      6.791         75.3891  2.084089      1.000000
      6   1      2   0   2     6  0.303457  0.139193      46.449       62.0       64.3      0.467         18.7850  1.963017      1.000000
      7   1      0   2   4     6  0.302783  0.139193      52.866        0.0        0.2      0.010          0.0140  1.738903      1.000000
      8   1      1   1   6    12  0.302543  0.139193      57.853      410.4      402.7      2.720         89.1892  1.600381      1.000000
      9   1      2   1   1    12  0.302527  0.139193      60.104       26.0       26.2      2.951          5.9914  1.545725      1.000000
     10   1      1   2   2    12  0.302548  0.139193      61.504       23.0       22.9      0.085          5.4741  1.513867      1.000000
     11   1      0   1   8     6  0.302552  0.139193      61.688       17.7       17.4      0.115          8.4665  1.509803      1.000000
     12   1      2   1   4    12  0.302879  0.139193      66.936       18.9       31.7      2.055          5.0875  1.403666      1.000000
     13   1      3   0   0     6  0.303072  0.139193      68.638      346.2      387.8      6.889        192.7441  1.372968      1.000000
     14   1      1   2   5    12  0.303397  0.139193      70.867       20.4       19.3      0.325          5.9207  1.335181      1.000000
     15   1      2   0   8     6  0.304186  0.139193      74.790        0.1        0.0      0.006          0.0396  1.274612      1.000000
     16   1      1   0  10     6  0.304878  0.139193      77.392        4.8        4.9      0.017          3.0777  1.238159      1.000000
     17   1      1   1   9    12  0.304986  0.139193      77.754      223.5      228.1      3.082         72.7518  1.233300      1.000000
     18   1      2   1   7    12  0.306076  0.139193      80.961       17.2       17.3      0.407          5.8508  1.192379      1.000000
     19   1      2   2   0     6  0.306182  0.139193      81.237        0.2        0.2      0.001          0.1320  1.189025      1.000000
     20   1      0   3   6     6  0.307253  0.139193      83.784       28.6       31.9      1.160         20.1120  1.159269      1.000000
     21   1      3   0   6     6  0.307253  0.139193      83.784       28.6       31.9      1.160         20.1120  1.159269      1.000000
     22   1      2   2   3    12  0.307794  0.139193      84.931      170.9      168.0      2.339         60.9524  1.146532      1.000000
     23   1      1   3   1    12  0.308190  0.139193      85.722       26.7       26.3      0.228          9.5928  1.137981      1.000000
     24   1      3   1   2    12  0.308842  0.139193      86.947        0.0        0.0      0.000          0.0072  1.125087      1.000000
     25   1      1   2   8    12  0.308932  0.139193      87.109        9.9       10.0      0.215          3.6197  1.123416      1.000000
     26   1      0   2  10     6  0.310448  0.139193      89.635       33.3       32.2      0.394         24.9111  1.098218      1.000000
     27   1      0   0  12     2  0.311624  0.139193      91.373       97.5       81.5      2.108        222.0413  1.081835      1.000000
     28   1      1   3   4    12  0.311959  0.139193      91.838       65.3       63.8      0.673         24.8602  1.077574      1.000000
     29   1      3   1   5    12  0.314921  0.139193      95.513       24.3       24.0      0.177          9.4796  1.045642      1.000000
     30   1      2   2   6    12  0.315313  0.139193      95.949      217.3      203.1      2.076         85.1269  1.042045      1.000000
     31   1      0   4   2     6  0.318457  0.139193      99.129        0.4        0.4      0.004          0.2889  1.017008      1.000000
     32   1      2   1  10    12  0.321604  0.139193     101.861       23.4       20.0      0.446          9.4178  0.997032      1.000000
     33   1      1   1  12    12  0.323905  0.139193     103.643        0.0        0.0      0.000          0.0131  0.984725      1.000000
     34   1      4   0   4     6  0.324560  0.139193     104.122       38.7       41.4      0.156         31.3751  0.981508      1.000000
     35   1      1   3   7    12  0.326490  0.139193     105.469       23.0       23.2      1.399          9.3677  0.972658      1.000000
     36   1      3   2   1    12  0.334861  0.139193     110.440        5.6        8.3      0.821          2.2786  0.942448      1.000000
     37   1      1   2  11    12  0.335523  0.139193     110.786       13.8       17.2      0.517          5.6462  0.940485      1.000000
     38   1      2   3   2    12  0.337438  0.139193     111.750       85.2       74.5      1.378         34.7250  0.935085      1.000000
     39   1      3   1   8    12  0.337794  0.139193     111.924       51.4       44.6      0.872         20.9629  0.934125      1.000000
     40   1      2   2   9    12  0.344773  0.139193     115.064      145.2      152.4      4.590         58.8201  0.917492      1.000000
     41   1      3   2   4    12  0.349991  0.139193     117.123        1.0        1.0      0.004          0.4097  0.907269      1.000000
     42   1      0   1  14     6  0.351468  0.139193     117.668        1.3        1.8      0.043          1.0554  0.904645      1.000000
     43   1      4   1   0    12  0.354982  0.139193     118.908        3.0        3.1      0.022          1.2180  0.898818      1.000000
     44   1      2   3   5    12  0.362516  0.139193     121.325        5.7        5.5      0.025          2.2517  0.887962      1.000000
     45   1      1   4   3    12  0.369005  0.139193     123.188      117.6      109.9      0.474         45.9048  0.880036      1.000000
     46   1      4   1   3    12  0.369005  0.139193     123.188      117.6      109.9      0.474         45.9048  0.880036      1.000000
     47   1      0   4   8     6  0.379342  0.139193     125.824       35.0       34.2      0.052         26.7799  0.869452      1.000000
     48   1      1   3  10    12  0.393922  0.139193     129.004        1.5        1.5      0.007          0.5691  0.857612      1.000000
     49   1      0   3  12     6  0.406012  0.139193     131.277      282.5      327.6      1.742        204.7947  0.849741      1.000000
     50   1      3   0  12     6  0.406012  0.139193     131.277      282.5      327.6      1.742        204.7947  0.849741      1.000000
     51   1      2   0  14     6  0.413502  0.139193     132.552       24.3       23.3      0.292         17.3483  0.845531      1.000000
     52   1      3   2   7    12  0.420546  0.139193     133.674        6.3        0.4      0.846          2.2251  0.841951      1.000000
     53   1      2   1  13    12  0.423491  0.139193     134.122       15.8        7.8      0.770          5.5137  0.840551      1.000000
     54   1      1   4   6    12  0.449803  0.139193     137.679      270.6      265.1      2.017         90.0535  0.830047      1.000000
     55   1      4   1   6    12  0.449803  0.139193     137.679      270.6      265.1      2.017         90.0535  0.830047      1.000000
     56   1      3   1  11    12  0.481441  0.139193     141.142       28.9       17.9      1.393          9.0399  0.820823      1.000000
     57   1      5   0   2     6  0.496941  0.139193     142.598      108.1      114.1      0.892         65.9927  0.817226      1.000000
     58   1      2   3   8    12  0.499940  0.139193     142.865        3.3        3.5      0.031          1.0098  0.816585      1.000000
     59   1      1   1  15    12  0.516714  0.139193     144.276      231.0      237.0      0.996         67.7509  0.813282      1.000000
     60   1      4   0  10     6  0.558146  0.139193     147.276        0.2        0.2      0.001          0.1161  0.806752      1.000000

   No.  Code     H   K   L  Mult      Hw      ETA/M    2theta/TOF     Icalc       Iobs      Sigma     StrFactor^2    d-hkl       CORR

     61   1      2   2  12    12  0.616566  0.139193     150.646        6.6        7.4      0.038          1.6753  0.800190      1.000000
     62   1      0   5   4     6  0.636166  0.139193     151.609       11.0       10.0      0.176          6.2864  0.798461      1.000000

     -----------------------------------------------------
     BRAGG R-Factors and weight fractions for Pattern #  1
     -----------------------------------------------------

 => Phase:  1     YAlO3
 => Bragg R-factor:   3.10       Vol:  202.934( 0.002)  Fract(%):   99.33( 0.46)
 => Rf-factor=  1.96             ATZ:         655.543   Brindley:  1.0000

 => Phase:  2     Al2O3
 => Bragg R-factor:   7.71       Vol:  254.320( 0.049)  Fract(%):    0.67( 0.05)
 => Rf-factor=  5.38             ATZ:         611.758   Brindley:  1.0000

     -----------------------------------------------------------------
      SYMBOLIC NAMES AND FINAL VALUES AND SIGMA OF REFINED PARAMETERS:
     -----------------------------------------------------------------

      ->  Parameter number    1 :                                     Scale_ph1_pat1     28.139158    ( +/-    0.91222532E-01 )
      ->  Parameter number    2 :                                          Zero_pat1    0.40351441E-02( +/-    0.44764043E-03 )
      ->  Parameter number    3 :                                    Cell_A_ph1_pat1     5.1734934    ( +/-    0.31539588E-04 )
      ->  Parameter number    4 :                                    Cell_B_ph1_pat1     5.3277788    ( +/-    0.32182012E-04 )
      ->  Parameter number    5 :                                    Cell_C_ph1_pat1     7.3624892    ( +/-    0.43658565E-04 )
      ->  Parameter number    6 :                                            X_Y_ph1    0.12279548E-01( +/-    0.13979201E-03 )
      ->  Parameter number    7 :                                            Y_Y_ph1    0.55406857    ( +/-    0.97896351E-04 )
      ->  Parameter number    8 :                                           X_O1_ph1   -0.83745450E-01( +/-    0.17476018E-03 )
      ->  Parameter number    9 :                                           Y_O1_ph1   -0.21926487E-01( +/-    0.14816169E-03 )
      ->  Parameter number   10 :                                           X_O2_ph1    0.20462309    ( +/-    0.11885199E-03 )
      ->  Parameter number   11 :                                           Y_O2_ph1    0.29492012    ( +/-    0.10481938E-03 )
      ->  Parameter number   12 :                                           Z_O2_ph1    0.44306066E-01( +/-    0.76247758E-04 )
      ->  Parameter number   13 :                                    U-Cagl_ph1_pat1    0.27350627E-01( +/-    0.78916422E-03 )
      ->  Parameter number   14 :                                    V-Cagl_ph1_pat1   -0.31284660E-01( +/-    0.21074000E-02 )
      ->  Parameter number   15 :                                    W-Cagl_ph1_pat1    0.10047245    ( +/-    0.10874966E-02 )
      ->  Parameter number   16 :                                         Biso_Y_ph1    0.12749121    ( +/-    0.10495942E-01 )
      ->  Parameter number   17 :                                        Biso_Al_ph1    0.18214114    ( +/-    0.18475758E-01 )
      ->  Parameter number   18 :                                        Biso_O1_ph1    0.79778388E-01( +/-    0.11784934E-01 )
      ->  Parameter number   19 :                                        Biso_O2_ph1    0.17466851    ( +/-    0.92334347E-02 )
      ->  Parameter number   20 :                                          Z_Al1_ph2    0.33470944    ( +/-    0.33971253E-02 )
      ->  Parameter number   21 :                                        Bck_24_pat1     2789.2332    ( +/-     56.287289     )
      ->  Parameter number   22 :                                        Bck_23_pat1     2840.2004    ( +/-     44.535652     )
      ->  Parameter number   23 :                                        Bck_22_pat1     2598.5737    ( +/-     35.939499     )
      ->  Parameter number   24 :                                        Bck_21_pat1     2697.4390    ( +/-     30.855003     )
      ->  Parameter number   25 :                                        Bck_20_pat1     2353.2803    ( +/-     26.980703     )
      ->  Parameter number   26 :                                        Bck_19_pat1     2520.2327    ( +/-     32.915520     )
      ->  Parameter number   27 :                                        Bck_18_pat1     2006.0099    ( +/-     25.469904     )
      ->  Parameter number   28 :                                        Bck_17_pat1     1974.8478    ( +/-     26.770931     )
      ->  Parameter number   29 :                                        Bck_16_pat1     1963.5573    ( +/-     29.939859     )
      ->  Parameter number   30 :                                        Bck_15_pat1     2068.2778    ( +/-     32.462616     )
      ->  Parameter number   31 :                                        Bck_14_pat1     2159.7043    ( +/-     26.547787     )
      ->  Parameter number   32 :                                        Bck_13_pat1     2138.1772    ( +/-     23.663677     )
      ->  Parameter number   33 :                                        Bck_12_pat1     2138.6904    ( +/-     21.178978     )
      ->  Parameter number   34 :                                        Bck_11_pat1     1970.8727    ( +/-     20.431120     )
      ->  Parameter number   35 :                                        Bck_10_pat1     2039.9481    ( +/-     20.168413     )
      ->  Parameter number   36 :                                         Bck_9_pat1     2000.5513    ( +/-     24.537973     )
      ->  Parameter number   37 :                                         Bck_8_pat1     1957.1459    ( +/-     26.646935     )
      ->  Parameter number   38 :                                     EtaPV_ph1_pat1    0.13919288    ( +/-    0.58485381E-02 )
      ->  Parameter number   39 :                                         Bck_7_pat1     2140.3245    ( +/-     22.918207     )
      ->  Parameter number   40 :                                         Bck_6_pat1     2104.6689    ( +/-     20.310101     )
      ->  Parameter number   41 :                                     Scale_ph2_pat1    0.16350937    ( +/-    0.11608248E-01 )
      ->  Parameter number   42 :                                    Cell_A_ph2_pat1     4.7561126    ( +/-    0.42397616E-03 )
      ->  Parameter number   43 :                                    Cell_C_ph2_pat1     12.982110    ( +/-    0.18617613E-02 )
      ->  Parameter number   44 :                                           X_O1_ph2    0.36098596    ( +/-    0.35810343E-02 )
      ->  Parameter number   45 :                                       Biso_Al1_ph2   -0.72662872    ( +/-    0.27920443     )
      ->  Parameter number   46 :                                        Biso_O1_ph2    0.14286941    ( +/-    0.25602654     )
      ->  Parameter number   47 :                                         Bck_0_pat1     1320.7214    ( +/-     55.305092     )
      ->  Parameter number   48 :                                         Bck_1_pat1     1824.8759    ( +/-     39.146877     )
      ->  Parameter number   49 :                                         Bck_2_pat1     2430.7239    ( +/-     25.769360     )
      ->  Parameter number   50 :                                         Bck_3_pat1     2109.6345    ( +/-     21.403172     )
      ->  Parameter number   51 :                                         Bck_4_pat1     2026.7393    ( +/-     21.156834     )
      ->  Parameter number   52 :                                         Bck_5_pat1     2074.8704    ( +/-     19.322439     )

 ------------------------------------------------------------------
 => Number of bytes for floating point variables: 4
 => Dimensions of dynamic allocated arrays in this run of FullProf:
 ------------------------------------------------------------------

 => Total approximate array memory (dynamic + static): 132451053 bytes

    MaxPOINT=    80000 Max.num. of points(+int. Inten.)/diffraction pattern       
    MaxREFLT=    25000 Max.num. of reflections/diffraction pattern               
    MaxPARAM=      500 Max.num. of refinable parameters                          
    MaxOVERL=     9000 Max.num. of overlapping reflections                       

 ----------------------------------------------------------
 => Number of bytes for floating point arrays: 4
 => Dimensions of fixed arrays in this release of FullProf:
 ----------------------------------------------------------

    NPATT   =       80 Max.num. of powder diffraction patterns                    
    NATS    =      830 Max.num. of atoms (all kind) in asymmetric unit            
    MPAR    =     1800 Max.num. of non atomic parameters/phase                    
    IEXCL   =       30 Max.num. of excluded regions                               
    IBACP   =      377 Max.num. of background points for interpolation            
    NPHT    =       16 Max.num. of phases                                         
    NMAGM   =        8 Max.num. of rotation-matrices sets for magnetic structure  
    NBASIS  =       12 Max.num. of basis functions associated to a single atom    
    NIREPS  =        9 Max.num. of irreducible representations to be combined     
    N_EQ    =      384 Max.num. of user-supplied symmetry operators/propagation vectors
    NGL     =      400 Max.num. of global parameters/diffraction pattern          
    N_LINC  =       50 Max.num. of global linear restraints                        
    NAT_P   =       80 Max.num. of atomic parameters per atom                     
    NCONST  =     3500 Max.num. of slack constraints per phase                    
    N_SPE   =       30 Max.num. of different chemical species                     
    N_FORM  =       60 Max.num. of scattering factor values in a table            
    NPR     =      150 Max.num. of points defining a numerical profile            
    INPR    =       25 Max.num. of different numerical peak shapes                
    NPRC    =      150 Max.num. of terms in the table for correcting intensities  
    NSOL    =       10 Max.num. of solutions to be stored in Montecarlo searchs   

 
              CPU Time:     2.217 seconds
                            0.037 minutes

 => Run finished at:     Date: 05/10/2026  Time: 23:09:10.802                              
