

        **********************************************************
        ** PROGRAM FullProf.2k (Version 8.40 - Feb2026-ILL JRC) **
        **********************************************************
                       M U L T I -- P A T T E R N                 
            Rietveld, Profile Matching & Integrated Intensity     
                 Refinement of X-ray and/or Neutron Data


    Date: 25/09/2026  Time: 13:22:23.723                              

 => PCR file code: full-fit
 => DAT file code: full-fit             -> Relative contribution: 1.0000                                                            

 ==> CONDITIONS OF THIS RUN FOR PATTERN No.:  1

 => Global Refinement of neutron powder data                                                                                        
 => Title: YAlO3

 => Number of phases:    2
 => Number of excluded regions:    2
 => Number of scattering factors supplied:    0
 => Conventional weights: w=1.0/Variance(yobs)
 => Asymmetry correction as in J.Appl.Cryst. 26,128(1993)
 => Background linearly interpolated between the   25 points given
 => The    5th default profile function was selected
 => Pseudo-Voigt function (ETA variable)
                 X-parameter correspond to: ETA=ETA0+X*2theta
                       pV(x)= ETA*L(x)+(1-ETA)*G(x)

 ==> INPUT/OUTPUT OPTIONS:

 => Generate file *.PRF for plot
 => Output Integrated Intensities
 => Output Correlation Matrix
 => Generate new input file *.PCR

 => X-Y type of data: 2theta/TOF/E(Kev) Intens sigma for pattern:  1
 => Plot pattern at each cycle
 => Wavelengths:  1.54816 1.54816
 => Alpha2/Alpha1 ratio:   1.0000
 => Cos(Monochromator angle)=   0.0000
 => Asymmetry correction for angles lower than  160.000 degrees
 => Absorption correction (AC), muR-eff =   0.0221  0.0000
 => AC : Cylinder Debye-Scherrer (Hewat formula)
 => Base of peaks: 2.0*HW*   20.00

 => Number of cycles:  150
 => Relaxation factors ==>    for coordinates:  1.00
 => for anisotropic temperature factors:  1.00
 => for halfwidth/strain/size/further parameters:  1.00
 => for lattice constants and propagation vectors:  1.00
 => EPS-value for convergence:    0.1
 => Background ==> 
    Position   Intensity
        4.05     1320.73      471.00
        4.78     1824.86      481.00
        6.79     2430.76      491.00
       13.26     2109.54      501.00
       18.17     2027.13      511.00
       23.75     2073.39      521.00
       32.01     2105.28      531.00
       36.47     2159.07      541.00
       47.19     1992.41      551.00
       52.10     2014.86      561.00
       59.02     2053.95      351.00
       69.96     1987.96      341.00
       80.00     2154.41      331.00
       90.49     2163.20      321.00
      101.21     2156.52      311.00
      106.34     2072.12      301.00
      108.79     1958.42      291.00
      112.59     1996.13      281.00
      119.29     1983.89      271.00
      128.21     2479.00      261.00

      133.12     2323.18      251.00
      140.94     2670.62      241.00
      145.62     2585.60      231.00
      148.08     2790.44      221.00
      151.90     2796.27      211.00

 

 => Excluded regions for Pattern#  1
    From     to
      0.0000      4.0000
    153.9500    180.0000

 => Number of Least-Squares parameters varied:    56

 =>--------------------------->
 =>------->  PATTERN number:  1
 =>--------------------------->
 => Global parameters and codes ==>
 => Zero-point:     0.0015   21.0000
 => Perpendicular Displacement parameter and code:     0.00    0.00
 => Parallel      Displacement parameter and code:     0.00    0.00

 => Reading Intensity data  =>>

 -> No recognizable heading in input data file X,Y,sigma
    First 6 lines are considered as COMMENTS (except for TSAMP keyword)
 -> COMMENT:                  2                 0                 0                                                                              
 -> COMMENT:               2.05                 0                 0                                                                              
 -> COMMENT:                2.1                 0                 0                                                                              
 -> COMMENT:               2.15                 0                 0                                                                              
 -> COMMENT:                2.2                 0                 0                                                                              
 -> COMMENT:               2.25                 0                 0                                                                              
 ==> Angular range, step and number of points:
     2Thmin:       2.300000  2Thmax:     151.949997  Step:       0.050019  No. of points:   2994
 --------------------------------------------------------------------------------
 => Phase  No. 1
      YAlO3                                                                 
 --------------------------------------------------------------------------------
 =>-------> Pattern#  1
 => Crystal Structure Refinement
 => Preferred orientation vector:   0.0000  0.0000  1.0000

 =>-------> Data for PHASE: 1
 => Number of atoms:    4
 => Number of distance  constraints:    0
 => Number of angle     constraints:    0

 => Symmetry information on space group: P b n m             
 -> The multiplicity of the general position is:   8
 -> The space group is Centric (-1 at origin)   
 -> Lattice type  P: { 000 }                                       
 -> Reduced set of symmetry operators:

  No.  IT   Symmetry symbol    Rotation part     Associated Translation
   1: ( 1)   1            -->     ( x, y, z) + {  0.0000  0.0000  0.0000}
   2: ( 4)   2 ( x, 0, 0) -->     ( x,-y,-z) + {  0.5000  0.5000  0.0000}
   3: ( 3)   2 ( 0, y, 0) -->     (-x, y,-z) + {  0.5000  0.5000  0.5000}
   4: ( 2)   2 ( 0, 0, z) -->     (-x,-y, z) + {  0.0000  0.0000  0.5000}


        Information on Space Group: 
        --------------------------- 

 =>   Number of Space group:  62
 =>  Hermann-Mauguin Symbol: P b n m
 =>             Hall Symbol: -P 2c 2ab
 =>    Table Setting Choice: cab
 =>            Setting Type: IT (Generated from Hermann-Mauguin symbol)
 =>          Crystal System: Orthorhombic
 =>              Laue Class: mmm
 =>             Point Group: mmm
 =>         Bravais Lattice: P
 =>          Lattice Symbol: oP
 =>  Reduced Number of S.O.:   4
 =>    General multiplicity:   8
 =>          Centrosymmetry: Centric (-1 at origin)
 =>  Generators (exc. -1&L):   2
 =>         Asymmetric unit:  0.000 <= x <=  1.000
                              0.000 <= y <=  0.500
                              0.000 <= z <=  0.250
 => Centring vectors:  0
                                                                                                    

 => List of all Symmetry Operators and Symmetry Symbols

 => SYMM(  1): x,y,z                             Symbol: 1
 => SYMM(  2): x+1/2,-y+1/2,-z                   Symbol: 2 (1/2,0,0) x,1/4,0
 => SYMM(  3): -x+1/2,y+1/2,-z+1/2               Symbol: 2 (0,1/2,0) 1/4,y,1/4
 => SYMM(  4): -x,-y,z+1/2                       Symbol: 2 (0,0,1/2) 0,0,z
 => SYMM(  5): -x,-y,-z                          Symbol: -1 0,0,0
 => SYMM(  6): -x+1/2,y+1/2,z                    Symbol: b 1/4,y,z
 => SYMM(  7): x+1/2,-y+1/2,z+1/2                Symbol: n (1/2,0,1/2) x,1/4,z
 => SYMM(  8): x,y,-z+1/2                        Symbol: m x,y,1/4

 => Initial parameters ==>
 Atom    Ntyp                  X         Y         Z         B         occ.         in  fin  Spc  Mult
                             B11       B22       B33       B12       B13       B23
 Y      Y                  0.01241   0.55406   0.25000   0.11812   0.50000           0    0    0    4
                 Codes:   61.00000  71.00000   0.00000 161.00000   0.00000
 Al     AL                 0.00000   0.00000   0.00000   0.12590   0.50000           0    0    0    4
                 Codes:    0.00000   0.00000   0.00000 171.00000   0.00000
 O1     O                 -0.08385  -0.02195   0.25000   0.05560   0.50000           0    0    0    4
                 Codes:   81.00000  91.00000   0.00000 181.00000   0.00000
 O2     O                  0.20470   0.29483   0.04427   0.13977   1.00000           0    0    0    8
                 Codes:  101.00000 111.00000 121.00000 191.00000   0.00000

 => It is assumed that THE FIRST GIVEN SITE plus all the other atoms 
    occupying THE SAME POSITION have a total full occupation (no vacancies!)
  (if this is not the case, change the order of atoms to obtain correct values for the content of the unit cell)
    The given occupation factors have been obtained mutiplying m/M by   0.5000
      -> Atom: Y   ,  Chemical element: Y   Atomic Mass:    88.9059
      -> Atom: AL  ,  Chemical element: AL  Atomic Mass:    26.9815
      -> Atom: O   ,  Chemical element: O   Atomic Mass:    15.9994
      -> Atom: O   ,  Chemical element: O   Atomic Mass:    15.9994
 => The given value of ATZ is       1047.83 the program has calculated:         655.54
    The value of ATZ given in the input PCR file will be used for quantitative analysis
 => The chemical content of the unit cell is: 
       4.0000 Y    +   4.0000 AL   +   4.0000 O    +   8.0000 O      
 => The normalized site occupation numbers in % are: 
     100.0000 Y      :      100.0000 Al     :      100.0000 O1     :      100.0000 O2       
 => The density (volumic mass) of the compound is:    5.368 g/cm3

 =>-------> PROFILE PARAMETERS FOR PATTERN:  1

 => Overall scale factor:    27.8970    
 => ETA (p-Voigt) OR M (Pearson VII):   0.1252
 => Overall temperature factor:      0.00000
 => Halfwidth U,V,W:      0.03890    -0.04620     0.10586
 => X and Y parameters:       0.0000      0.0000
 => Direct cell parameters:    5.1724   5.3266   7.3608  90.0000  90.0000  90.0000
 => Preferred orientation parameters:   0.0000  0.0000
 => Asymmetry parameters     :      0.21545     0.00305    -0.27813     0.05563
 => Strain parameters        :      0.00000     0.00000     0.00000
 => Size   parameters        :      0.00000     0.00000

 ==> CODEWORDS FOR PROFILE PARAMETERS of PATTERN#  1

 => Overall scale factor:   11.000
 => ETA (p-Voigt) OR M (Pearson VII):  381.000
 => Overall temperature factor:    0.000
 => Halfwidth U,V,W:  131.000 141.000 151.000
 => X and Y parameters:    0.000   0.000
 => Direct cell parameters:   31.000  41.000  51.000   0.000   0.000   0.000
 => Preferred orientation parameters:    0.000   0.000
 => Asymmetry parameters     :  361.000 371.000 391.000 401.000
 => Strain parameters        :    0.000   0.000   0.000
 => Size   parameters        :    0.000   0.000

 => Cell constraints according to Laue symmetry: mmm  

        Metric information:
        -------------------

 => Direct cell parameters:

         a =       5.1724      b =       5.3266      c =       7.3608
     alpha =       90.000   beta =       90.000  gamma =       90.000
                        Direct Cell Volume =     202.8013

 => Reciprocal cell parameters:

         a*=     0.193333      b*=     0.187737      c*=     0.135854
     alpha*=       90.000   beta*=       90.000  gamma*=       90.000
                    Reciprocal Cell Volume =   0.00493093

 => Direct and Reciprocal Metric Tensors:

                   GD                                       GR
     26.7539      0.0000      0.0000          0.037378    0.000000    0.000000
      0.0000     28.3726      0.0000          0.000000    0.035245    0.000000
      0.0000      0.0000     54.1821          0.000000    0.000000    0.018456

 =>  Cartesian frame: x // a; z is along c*; y is within the ab-plane   

     Crystal_to_Orthonormal_Matrix              Orthonormal_to_Crystal Matrix
              Cr_Orth_cel                               Orth_Cr_cel  
      5.1724      0.0000      0.0000          0.193333   -0.000000   -0.000000
      0.0000      5.3266      0.0000          0.000000    0.187737   -0.000000
      0.0000      0.0000      7.3608          0.000000    0.000000    0.135854

     Busing-Levy B-matrix: Hc=B.H            Inverse of the Busing-Levy B-matrix
                BL_M                                      BL_Minv  
    0.193333    0.000000    0.000000            5.1724     -0.0000     -0.0000
    0.000000    0.187737   -0.000000            0.0000      5.3266      0.0000
    0.000000    0.000000    0.135854            0.0000      0.0000      7.3608

 => Laue symmetry mmm   will be used to generate HKL for pattern#   1
 => Reflections generated between S(1/d)min:  0.0259 A-1 and S(1/d)max:  1.2872 A-1
 =>                                    dmax: 38.5691 A   and      dmin:  0.7769 A
 => The number of reflections generated is:    245
 => The max. scatt. variable (gen.ref.) is:       170.2970
 => Scattering coefficients from internal table

 => Scattering lengths:

 Y      0.7750
 AL     0.3449
 O      0.5803
 --------------------------------------------------------------------------------
 => Phase  No. 2
      Al2O3                                                                 
 --------------------------------------------------------------------------------
 =>-------> Pattern#  1
 => Crystal Structure Refinement
 => Preferred orientation vector:   0.0000  0.0000  1.0000

 =>-------> Data for PHASE: 2
 => Number of atoms:    2
 => Number of distance  constraints:    0
 => Number of angle     constraints:    0

 => Symmetry information on space group: R -3 c              
 -> The multiplicity of the general position is:  36
 -> The space group is Centric (-1 at origin)   
 -> Lattice type  R: { 000; 2/3 1/3 1/3; 1/3 2/3 2/3   }+          
 -> Reduced set of symmetry operators:

  No.  IT   Symmetry symbol    Rotation part     Associated Translation
   1: ( 1)   1            --> ( x  ,   y, z) + {  0.0000  0.0000  0.0000}
   2: ( 2)  3+ ( 0, 0, z) --> (  -y, x-y, z) + {  0.0000  0.0000  0.0000}
   3: ( 3)  3- ( 0, 0, z) --> (-x+y,-x  , z) + {  0.0000  0.0000  0.0000}
   4: ( 7)   2 ( x, x, 0) --> (   y, x  ,-z) + {  0.0000  0.0000  0.5000}
   5: ( 8)   2 ( x, 0, 0) --> ( x-y,  -y,-z) + {  0.0000  0.0000  0.5000}
   6: ( 9)   2 ( 0, y, 0) --> (-x  ,-x+y,-z) + {  0.0000  0.0000  0.5000}


        Information on Space Group: 
        --------------------------- 

 =>   Number of Space group: 167
 =>  Hermann-Mauguin Symbol: R -3 c
 =>             Hall Symbol: -R 3 2"c
 =>            Setting Type: IT (Generated from Hermann-Mauguin symbol)
 =>          Crystal System: Trigonal
 =>              Laue Class: -3m1
 =>             Point Group: -3m
 =>         Bravais Lattice: R
 =>          Lattice Symbol: hR
 =>  Reduced Number of S.O.:   6
 =>    General multiplicity:  36
 =>          Centrosymmetry: Centric (-1 at origin)
 =>  Generators (exc. -1&L):   2
 =>         Asymmetric unit:  0.000 <= x <=  0.667
                              0.000 <= y <=  0.667
                              0.000 <= z <=  0.083
 => Centring vectors:  2
 => Latt( 1): (2/3,1/3,1/3)                        => Latt( 2): (1/3,2/3,2/3)                       
                                                                                                    

 => List of all Symmetry Operators and Symmetry Symbols

 => SYMM(  1): x,y,z                             Symbol: 1
 => SYMM(  2): -y,x-y,z                          Symbol: 3+ 0,0,z
 => SYMM(  3): -x+y,-x,z                         Symbol: 3- 0,0,z
 => SYMM(  4): -y,-x,z+1/2                       Symbol: c x,-x,z
 => SYMM(  5): -x+y,y,z+1/2                      Symbol: c x,2x,z
 => SYMM(  6): x,x-y,z+1/2                       Symbol: c 2x,x,2z
 => SYMM(  7): -x,-y,-z                          Symbol: -1 0,0,0
 => SYMM(  8): y,-x+y,-z                         Symbol: -3+ 0,0,z; 0,0,0
 => SYMM(  9): x-y,x,-z                          Symbol: -3- 0,0,z; 0,0,0
 => SYMM( 10): y,x,-z+1/2                        Symbol: 2 x,x,1/4
 => SYMM( 11): x-y,-y,-z+1/2                     Symbol: 2 x,0,1/4
 => SYMM( 12): -x,-x+y,-z+1/2                    Symbol: 2 0,y,1/4
 => SYMM( 13): x+2/3,y+1/3,z+1/3                 Symbol: t (2/3,1/3,1/3)
 => SYMM( 14): -y+2/3,x-y+1/3,z+1/3              Symbol: 3+ (0,0,1/3) 1/3,1/3,z
 => SYMM( 15): -x+y+2/3,-x+1/3,z+1/3             Symbol: 3- (0,0,1/3) 1/3,0,z
 => SYMM( 16): -y+2/3,-x+1/3,z+5/6               Symbol: g (1/6,-1/6,5/6) x,-x+1/2,z
 => SYMM( 17): -x+y+2/3,y+1/3,z+5/6              Symbol: g (1/6,1/3,5/6) x,2x-1/2,z
 => SYMM( 18): x+2/3,x-y+1/3,z+5/6               Symbol: g (2/3,1/3,5/6) 2x,x,2z
 => SYMM( 19): -x+2/3,-y+1/3,-z+1/3              Symbol: -1 1/3,1/6,1/6
 => SYMM( 20): y+2/3,-x+y+1/3,-z+1/3             Symbol: -3+ 1/3,-1/3,z; 1/3,-1/3,1/6
 => SYMM( 21): x-y+2/3,x+1/3,-z+1/3              Symbol: -3- 1/3,2/3,z; 1/3,2/3,1/6
 => SYMM( 22): y+2/3,x+1/3,-z+5/6                Symbol: 2 (1/2,1/2,0) x,x-1/6,5/12
 => SYMM( 23): x-y+2/3,-y+1/3,-z+5/6             Symbol: 2 (1/2,0,0) x,1/6,5/12
 => SYMM( 24): -x+2/3,-x+y+1/3,-z+5/6            Symbol: 2 1/3,y,5/12
 => SYMM( 25): x+1/3,y+2/3,z+2/3                 Symbol: t (1/3,2/3,2/3)
 => SYMM( 26): -y+1/3,x-y+2/3,z+2/3              Symbol: 3+ (0,0,2/3) 0,1/3,z
 => SYMM( 27): -x+y+1/3,-x+2/3,z+2/3             Symbol: 3- (0,0,2/3) 1/3,1/3,z
 => SYMM( 28): -y+1/3,-x+2/3,z+1/6               Symbol: g (-1/6,1/6,1/6) x,-x+1/2,z
 => SYMM( 29): -x+y+1/3,y+2/3,z+1/6              Symbol: g (1/3,2/3,1/6) x,2x,z
 => SYMM( 30): x+1/3,x-y+2/3,z+1/6               Symbol: g (1/3,1/6,1/6) 2x,x+1/4,2z
 => SYMM( 31): -x+1/3,-y+2/3,-z+2/3              Symbol: -1 1/6,1/3,1/3
 => SYMM( 32): y+1/3,-x+y+2/3,-z+2/3             Symbol: -3+ 2/3,1/3,z; 2/3,1/3,1/3
 => SYMM( 33): x-y+1/3,x+2/3,-z+2/3              Symbol: -3- -1/3,1/3,z; -1/3,1/3,1/3
 => SYMM( 34): y+1/3,x+2/3,-z+1/6                Symbol: 2 (1/2,1/2,0) x,x+1/6,1/12
 => SYMM( 35): x-y+1/3,-y+2/3,-z+1/6             Symbol: 2 x,1/3,1/12
 => SYMM( 36): -x+1/3,-x+y+2/3,-z+1/6            Symbol: 2 (0,1/2,0) 1/6,y,1/12

 => Special Wyckoff Positions for R -3 c
 
    Multp     Site        Representative Coordinates (centring translations excluded)
     18       e              x,0,1/4             0,x,1/4             -x,-x,1/4                               
                             0,-x,3/4            -x,0,3/4            x,x,3/4                                 
 
     18       d              1/2,0,0             0,1/2,0             1/2,1/2,0                               
                             0,1/2,1/2           1/2,0,1/2           1/2,1/2,1/2                             
 
     12       c              0,0,z               0,0,z+1/2           0,0,-z                                  
                             0,0,-z+1/2                                                                      
 
      6       b              0,0,0               0,0,1/2                                                     
 
      6       a              0,0,1/4             0,0,3/4                                                     
 

 => Initial parameters ==>
 Atom    Ntyp                  X         Y         Z         B         occ.         in  fin  Spc  Mult
                             B11       B22       B33       B12       B13       B23
 Al1    Al                 0.00000   0.00000   0.33351  -0.12809   0.33333           0    0    0   12
                 Codes:    0.00000   0.00000 201.00000 451.00000   0.00000
 O1     O                  0.35030   0.00000   0.25000   1.22884   0.50000           0    0    0   18
                 Codes:  441.00000   0.00000   0.00000 461.00000   0.00000

 => It is assumed that THE FIRST GIVEN SITE plus all the other atoms 
    occupying THE SAME POSITION have a total full occupation (no vacancies!)
  (if this is not the case, change the order of atoms to obtain correct values for the content of the unit cell)
    The given occupation factors have been obtained mutiplying m/M by   0.3333
      -> Atom: Al  ,  Chemical element: AL  Atomic Mass:    26.9815
      -> Atom: O   ,  Chemical element: O   Atomic Mass:    15.9994
 => The given value of ATZ is       3612.97 the program has calculated:         611.76
    The value of ATZ given in the input PCR file will be used for quantitative analysis
 => The chemical content of the unit cell is: 
      12.0000 Al   +  18.0002 O      
 => The normalized site occupation numbers in % are: 
     100.0000 Al1    :      100.0010 O1       
 => The density (volumic mass) of the compound is:    3.997 g/cm3

 =>-------> PROFILE PARAMETERS FOR PATTERN:  1

 => Overall scale factor:   0.188683    
 => ETA (p-Voigt) OR M (Pearson VII):   0.1252
 => Overall temperature factor:      0.00000
 => Halfwidth U,V,W:      0.03890    -0.04620     0.10586
 => X and Y parameters:       0.0000      0.0000
 => Direct cell parameters:    4.7566   4.7566  12.9731  90.0000  90.0000 120.0000
 => Preferred orientation parameters:   0.0000  0.0000
 => Asymmetry parameters     :      0.21545     0.00305    -0.27813     0.05563
 => Strain parameters        :      0.00000     0.00000     0.00000
 => Size   parameters        :      0.00000     0.00000

 ==> CODEWORDS FOR PROFILE PARAMETERS of PATTERN#  1

 => Overall scale factor:  411.000
 => ETA (p-Voigt) OR M (Pearson VII):  381.000
 => Overall temperature factor:    0.000
 => Halfwidth U,V,W:  131.000 141.000 151.000
 => X and Y parameters:    0.000   0.000
 => Direct cell parameters:  421.000 421.000 431.000   0.000   0.000 421.000
 => Preferred orientation parameters:    0.000   0.000
 => Asymmetry parameters     :  361.000 371.000 391.000 401.000
 => Strain parameters        :    0.000   0.000   0.000
 => Size   parameters        :    0.000   0.000

 => Cell constraints according to Laue symmetry: -3m1 

        Metric information:
        -------------------

 => Direct cell parameters:

         a =       4.7566      b =       4.7566      c =      12.9731
     alpha =       90.000   beta =       90.000  gamma =      120.000
                        Direct Cell Volume =     254.1954

 => Reciprocal cell parameters:

         a*=     0.242757      b*=     0.242757      c*=     0.077083
     alpha*=       90.000   beta*=       90.000  gamma*=       60.000
                    Reciprocal Cell Volume =   0.00393398

 => Direct and Reciprocal Metric Tensors:

                   GD                                       GR
     22.6253    -11.3126      0.0000          0.058931    0.029466    0.000000
    -11.3126     22.6253      0.0000          0.029466    0.058931    0.000000
      0.0000      0.0000    168.3006          0.000000    0.000000    0.005942

 =>  Cartesian frame: x // a; z is along c*; y is within the ab-plane   

     Crystal_to_Orthonormal_Matrix              Orthonormal_to_Crystal Matrix
              Cr_Orth_cel                               Orth_Cr_cel  
      4.7566     -2.3783      0.0000          0.210234    0.121379   -0.000000
      0.0000      4.1193      0.0000          0.000000    0.242757   -0.000000
      0.0000      0.0000     12.9731          0.000000    0.000000    0.077083

     Busing-Levy B-matrix: Hc=B.H            Inverse of the Busing-Levy B-matrix
                BL_M                                      BL_Minv  
    0.242757    0.121379    0.000000            4.1193     -2.3783     -0.0000
    0.000000    0.210234   -0.000000            0.0000      4.7566      0.0000
    0.000000    0.000000    0.077083            0.0000      0.0000     12.9731

 => Laue symmetry -3m1  will be used to generate HKL for pattern#   1
 => Reflections generated between S(1/d)min:  0.0259 A-1 and S(1/d)max:  1.2872 A-1
 =>                                    dmax: 38.5691 A   and      dmin:  0.7769 A
 => The number of reflections generated is:     67
 => The max. scatt. variable (gen.ref.) is:       170.2970
 => Scattering coefficients from internal table

 => Scattering lengths:

 Al     0.3449

     --------------------------------------------------------------
      SYMBOLIC NAMES AND INITIAL VALUES OF PARAMETERS TO BE VARIED:
     --------------------------------------------------------------

      ->  Parameter number    1   -> Symbolic Name:                                     Scale_ph1_pat1     27.896999    
      ->  Parameter number    2   -> Symbolic Name:                                          Zero_pat1    0.14700000E-02
      ->  Parameter number    3   -> Symbolic Name:                                    Cell_A_ph1_pat1     5.1724191    
      ->  Parameter number    4   -> Symbolic Name:                                    Cell_B_ph1_pat1     5.3265901    
      ->  Parameter number    5   -> Symbolic Name:                                    Cell_C_ph1_pat1     7.3608470    
      ->  Parameter number    6   -> Symbolic Name:                                            X_Y_ph1    0.12410000E-01
      ->  Parameter number    7   -> Symbolic Name:                                            Y_Y_ph1    0.55405998    
      ->  Parameter number    8   -> Symbolic Name:                                           X_O1_ph1   -0.83849996E-01
      ->  Parameter number    9   -> Symbolic Name:                                           Y_O1_ph1   -0.21950001E-01
      ->  Parameter number   10   -> Symbolic Name:                                           X_O2_ph1    0.20469999    
      ->  Parameter number   11   -> Symbolic Name:                                           Y_O2_ph1    0.29482999    
      ->  Parameter number   12   -> Symbolic Name:                                           Z_O2_ph1    0.44270001E-01
      ->  Parameter number   13   -> Symbolic Name:                                    U-Cagl_ph1_pat1    0.38897999E-01
      ->  Parameter number   14   -> Symbolic Name:                                    V-Cagl_ph1_pat1   -0.46204999E-01
      ->  Parameter number   15   -> Symbolic Name:                                    W-Cagl_ph1_pat1    0.10586400    
      ->  Parameter number   16   -> Symbolic Name:                                         Biso_Y_ph1    0.11812000    
      ->  Parameter number   17   -> Symbolic Name:                                        Biso_Al_ph1    0.12590000    
      ->  Parameter number   18   -> Symbolic Name:                                        Biso_O1_ph1    0.55599999E-01
      ->  Parameter number   19   -> Symbolic Name:                                        Biso_O2_ph1    0.13977000    
      ->  Parameter number   20   -> Symbolic Name:                                          Z_Al1_ph2    0.33351001    
      ->  Parameter number   21   -> Symbolic Name:                                        Bck_24_pat1     2796.2749    
      ->  Parameter number   22   -> Symbolic Name:                                        Bck_23_pat1     2790.4431    
      ->  Parameter number   23   -> Symbolic Name:                                        Bck_22_pat1     2585.6011    
      ->  Parameter number   24   -> Symbolic Name:                                        Bck_21_pat1     2670.6201    
      ->  Parameter number   25   -> Symbolic Name:                                        Bck_20_pat1     2323.1760    
      ->  Parameter number   26   -> Symbolic Name:                                        Bck_19_pat1     2479.0020    
      ->  Parameter number   27   -> Symbolic Name:                                        Bck_18_pat1     1983.8879    
      ->  Parameter number   28   -> Symbolic Name:                                        Bck_17_pat1     1996.1281    
      ->  Parameter number   29   -> Symbolic Name:                                        Bck_16_pat1     1958.4240    
      ->  Parameter number   30   -> Symbolic Name:                                        Bck_15_pat1     2072.1211    
      ->  Parameter number   31   -> Symbolic Name:                                        Bck_14_pat1     2156.5200    
      ->  Parameter number   32   -> Symbolic Name:                                        Bck_13_pat1     2163.1970    
      ->  Parameter number   33   -> Symbolic Name:                                        Bck_12_pat1     2154.4050    
      ->  Parameter number   34   -> Symbolic Name:                                        Bck_11_pat1     1987.9620    
      ->  Parameter number   35   -> Symbolic Name:                                        Bck_10_pat1     2053.9509    
      ->  Parameter number   36   -> Symbolic Name:                                     Asym1_ph1_pat1    0.21545000    
      ->  Parameter number   37   -> Symbolic Name:                                     Asym2_ph1_pat1    0.30499999E-02
      ->  Parameter number   38   -> Symbolic Name:                                     EtaPV_ph1_pat1    0.12522000    
      ->  Parameter number   39   -> Symbolic Name:                                     Asym3_ph1_pat1   -0.27812999    
      ->  Parameter number   40   -> Symbolic Name:                                     Asym4_ph1_pat1    0.55629998E-01
      ->  Parameter number   41   -> Symbolic Name:                                     Scale_ph2_pat1    0.18868279    
      ->  Parameter number   42   -> Symbolic Name:                                    Cell_A_ph2_pat1     4.7566051    
      ->  Parameter number   43   -> Symbolic Name:                                    Cell_C_ph2_pat1     12.973073    
      ->  Parameter number   44   -> Symbolic Name:                                           X_O1_ph2    0.35030001    
      ->  Parameter number   45   -> Symbolic Name:                                       Biso_Al1_ph2   -0.12808999    
      ->  Parameter number   46   -> Symbolic Name:                                        Biso_O1_ph2     1.2288400    
      ->  Parameter number   47   -> Symbolic Name:                                         Bck_0_pat1     1320.7260    
      ->  Parameter number   48   -> Symbolic Name:                                         Bck_1_pat1     1824.8630    
      ->  Parameter number   49   -> Symbolic Name:                                         Bck_2_pat1     2430.7639    
      ->  Parameter number   50   -> Symbolic Name:                                         Bck_3_pat1     2109.5449    
      ->  Parameter number   51   -> Symbolic Name:                                         Bck_4_pat1     2027.1290    
      ->  Parameter number   52   -> Symbolic Name:                                         Bck_5_pat1     2073.3921    
      ->  Parameter number   53   -> Symbolic Name:                                         Bck_6_pat1     2105.2810    
      ->  Parameter number   54   -> Symbolic Name:                                         Bck_7_pat1     2159.0669    
      ->  Parameter number   55   -> Symbolic Name:                                         Bck_8_pat1     1992.4110    
      ->  Parameter number   56   -> Symbolic Name:                                         Bck_9_pat1     2014.8600    
  
 
 => Optimizations for routine tasks applied:
 => Calculation mode for patter#:   1  CM_GENERAL     
 


   Standard deviations have to be multiplied by: 2.8588
   (correlated residuals) See references:
  -J.F.Berar & P.Lelann, J. Appl. Cryst. 24, 1-5 (1991) 
  -J.F.Berar, Acc. in Pow. Diff. II,NIST Sp.Pub. 846, 63(1992) 

 ++++++++++++++++++++++++++++++++++++++++++++++++++++++++++++++++++++++++++++++++++++++++++++++++++++++++++++++++++++++++++++++++++++

 => CYCLE No.:    1
 =>  Convergence reached at this CYCLE !!!!
 =>  Parameter shifts set to zero
 ------------------------------------------------------------------------------------------------------------------------------------
 => Phase  1 Name: YAlO3
 ------------------------------------------------------------------------------------------------------------------------------------
 => New parameters, shifts, and standard deviations

 Atom        x       dx      sx       y       dy      sy       z       dz      sz       B       dB      sB      occ.    docc.   socc.

 Y        0.01241 0.00000 0.00012  0.55406 0.00000 0.00009  0.25000 0.00000 0.00000  0.11810 0.00000 0.01060  0.50000 0.00000 0.00000
 Al       0.00000 0.00000 0.00000  0.00000 0.00000 0.00000  0.00000 0.00000 0.00000  0.12582 0.00000 0.01799  0.50000 0.00000 0.00000
 O1      -0.08385 0.00000 0.00015 -0.02195 0.00000 0.00013  0.25000 0.00000 0.00000  0.05559 0.00000 0.01228  0.50000 0.00000 0.00000
 O2       0.20470 0.00000 0.00010  0.29483 0.00000 0.00009  0.04427 0.00000 0.00007  0.13975 0.00000 0.01059  1.00000 0.00000 0.00000

 ==> PROFILE PARAMETERS FOR PATTERN#  1

 => Overall scale factor:     27.896476746     0.000000000     0.094429627
 => Eta(p-Voigt) or m(Pearson VII):   0.125223  0.000000  0.005164
 => Overall tem. factor:     0.000000    0.000000    0.000000
 => Halfwidth parameters: 
         0.038892    0.000000    0.000846
        -0.046200    0.000000    0.002039
         0.105860    0.000000    0.001029
 => Cell parameters: 
        5.172418    0.000000    0.000090
        5.326590    0.000000    0.000091
        7.360847    0.000000    0.000132
       90.000000    0.000000    0.000000
       90.000000    0.000000    0.000000
       90.000000    0.000000    0.000000
 => Preferred orientation: 
         0.000000    0.000000    0.000000
         0.000000    0.000000    0.000000
 => Asymmetry parameters: 
         0.215420    0.000000    0.012079
         0.003047    0.000000    0.002944
        -0.278113    0.000000    0.028625
         0.055626    0.000000    0.006578
 => X and Y parameters: 
         0.000000    0.000000    0.000000
         0.000000    0.000000    0.000000
 => Strain parameters: 
         0.000000    0.000000    0.000000
         0.000000    0.000000    0.000000
         0.000000    0.000000    0.000000
 => Size   parameters (G,L): 
         0.000000    0.000000    0.000000
         0.000000    0.000000    0.000000
 ------------------------------------------------------------------------------------------------------------------------------------
 => Phase  2 Name: Al2O3
 ------------------------------------------------------------------------------------------------------------------------------------
 => New parameters, shifts, and standard deviations

 Atom        x       dx      sx       y       dy      sy       z       dz      sz       B       dB      sB      occ.    docc.   socc.

 Al1      0.00000 0.00000 0.00000  0.00000 0.00000 0.00000  0.33349 0.00000 0.00362 -0.13591 0.00000 0.30264  0.33333 0.00000 0.00000
 O1       0.34993 0.00000 0.00597  0.00000 0.00000 0.00000  0.25000 0.00000 0.00000  1.24078 0.00000 0.30369  0.50000 0.00000 0.00000

 ==> PROFILE PARAMETERS FOR PATTERN#  1

 => Overall scale factor:      0.188767552     0.000000000     0.012204030
 => Eta(p-Voigt) or m(Pearson VII):   0.125223  0.000000  0.005164
 => Overall tem. factor:     0.000000    0.000000    0.000000
 => Halfwidth parameters: 
         0.038892    0.000000    0.000846
        -0.046200    0.000000    0.002039
         0.105860    0.000000    0.001029
 => Cell parameters: 
        4.756614    0.000000    0.000501
        4.756614    0.000000    0.000501
       12.973036    0.000000    0.002560
       90.000000    0.000000    0.000000
       90.000000    0.000000    0.000000
      120.000000    0.000000    0.000000
 => Preferred orientation: 
         0.000000    0.000000    0.000000
         0.000000    0.000000    0.000000
 => Asymmetry parameters: 
         0.215420    0.000000    0.012079
         0.003047    0.000000    0.002944
        -0.278113    0.000000    0.028625
         0.055626    0.000000    0.006578
 => X and Y parameters: 
         0.000000    0.000000    0.000000
         0.000000    0.000000    0.000000
 => Strain parameters: 
         0.000000    0.000000    0.000000
         0.000000    0.000000    0.000000
         0.000000    0.000000    0.000000
 => Size   parameters (G,L): 
         0.000000    0.000000    0.000000
         0.000000    0.000000    0.000000

 ==> GLOBAL PARAMETERS FOR PATTERN#  1


 => Zero-point:     0.0015    0.0000    0.0019
 => Background Parameters (linear interpolation)  ==>
         1320.73        0.00000        48.3545    
         1824.86        0.00000        34.2270    
         2430.77        0.00000        22.5308    
         2109.54        0.00000        18.7136    
         2027.15        0.00000        18.5025    
         2073.30        0.00000        16.9580    
         2105.30        0.00000        17.7609    
         2159.14        0.00000        20.1358    
         1992.46        0.00000        23.3418    
         2014.77        0.00000        21.5349    
         2054.03        0.00000        17.6665    
         1987.90        0.00000        17.8581    
         2154.50        0.00000        18.5597    
         2163.29        0.00000        20.6443    
         2156.47        0.00000        23.3364    
         2072.22        0.00000        28.3206    
         1958.45        0.00000        26.1994    
         1996.44        0.00000        23.4847    
         1983.78        0.00000        22.4050    
         2479.00        0.00000        29.2221    
         2323.03        0.00000        23.7646    
         2669.74        0.00000        26.5786    
         2584.43        0.00000        31.4057    
         2788.79        0.00000        39.2165    
         2793.56        0.00000        50.4624    

 => Cos(2theta)-shift parameter :   0.0000  0.0000  0.0000
 => Sin(2theta)-shift parameter :   0.0000  0.0000  0.0000

 ==> RELIABILITY FACTORS WITH ALL NON-EXCLUDED POINTS FOR PATTERN:  1

 => R-Factors:   3.21      4.08     Chi2:  9.88     DW-Stat.:  0.3116   Patt#:  1
 => Expected :            1.30                                1.9243
 => Deviance : 0.284E+05     Dev*:   9.797    
 => GoF-index:  3.1         Sqrt(Residual/N)
 => N-P+C:  2903

 =>    SumYdif       SumYobs      SumYcal      SumwYobsSQ     Residual    Condition
     0.5458E+06    0.1700E+08    0.1697E+08    0.1720E+08    0.2868E+05    0.1935E+18


 => Conventional Rietveld Rp,Rwp,Re and Chi2:   5.16      5.83      1.85      9.881    
 => (Values obtained using Ynet, but true sigma(y))
 =>  SumYnet, Sum(w Ynet**2):     0.1058E+08    0.8446E+07

 => N-sigma of the GoF:      338.346

 ==> RELIABILITY FACTORS FOR POINTS WITH BRAGG CONTRIBUTIONS FOR PATTERN:  1

 => R-Factors:   3.25      4.12     Chi2:  10.6     DW-Stat.:  0.3147   Patt#:
 => Expected :            1.27                                1.9230
 => Deviance : 0.282E+05     Dev*:   10.48    
 => GoF-index:  3.2         Sqrt(Residual/N)
 => N-P+C:  2688

 =>    SumYdif       SumYobs      SumYcal      SumwYobsSQ     Residual    Condition
     0.5367E+06    0.1654E+08    0.1651E+08    0.1673E+08    0.2840E+05    0.1935E+18


 => Conventional Rietveld Rp,Rwp,Re and Chi2:   5.07      5.80      1.78      10.57    
 => (Values obtained using Ynet, but true sigma(y))
 =>  SumYnet, Sum(w Ynet**2):     0.1058E+08    0.8446E+07

 => N-sigma of the GoF:      350.692

 => Global user-weigthed Chi2 (Bragg contrib.):   10.7    


 => Parameters with Correlation greater that 50% ==>
 -> Correlation of parameter:                                     Scale_ph1_pat1      with:                                          Zero_pat1  ->   52%
 -> Correlation of parameter:                                     Scale_ph1_pat1      with:                                         Biso_Y_ph1  ->   63%
 -> Correlation of parameter:                                     Scale_ph1_pat1      with:                                        Biso_O1_ph1  ->   58%
 -> Correlation of parameter:                                     Scale_ph1_pat1      with:                                        Biso_O2_ph1  ->   67%
 -> Correlation of parameter:                                          Zero_pat1      with:                                        Biso_O2_ph1  ->   54%
 -> Correlation of parameter:                                          Zero_pat1      with:                                     Asym3_ph1_pat1  ->   64%
 -> Correlation of parameter:                                    Cell_A_ph1_pat1      with:                                    Cell_B_ph1_pat1  ->   90%
 -> Correlation of parameter:                                    Cell_A_ph1_pat1      with:                                    Cell_C_ph1_pat1  ->   91%
 -> Correlation of parameter:                                    Cell_B_ph1_pat1      with:                                    Cell_C_ph1_pat1  ->   91%
 -> Correlation of parameter:                                    U-Cagl_ph1_pat1      with:                                    W-Cagl_ph1_pat1  ->   71%
 -> Correlation of parameter:                                        Biso_O2_ph1      with:                                     Asym3_ph1_pat1  ->   53%
 -> Correlation of parameter:                                     Asym1_ph1_pat1      with:                                     Asym2_ph1_pat1  ->   85%
 -> Correlation of parameter:                                     Asym3_ph1_pat1      with:                                     Asym4_ph1_pat1  ->   86%
 -> Correlation of parameter:                                     Scale_ph2_pat1      with:                                        Biso_O1_ph2  ->   68%

 --------------------------------------------------------------------------------------------------------------------------------------------------------
 Pattern#  1 Phase No.:   1 Phase name: YAlO3
 --------------------------------------------------------------------------------------------------------------------------------------------------------

   No.  Code     H   K   L  Mult      Hw      ETA/M    2theta/TOF     Icalc       Iobs      Sigma     StrFactor^2    d-hkl       CORR

      1   1      1   0   1     4  0.314029  0.125223      21.078      142.7      136.3     21.410          0.0876  4.232049      1.000000
      2   1      1   1   0     4  0.312695  0.125223      24.081       10.8       23.2      5.936          0.0086  3.710760      1.000000
      3   1      0   0   2     2  0.312608  0.125223      24.283        6.6        4.1      4.327          0.0107  3.680423      1.000000
      4   1      1   1   1     8  0.311461  0.125223      27.020     1861.2     1828.7     22.538          0.9210  3.313524      1.000000
      5   1      0   2   0     2  0.308898  0.125223      33.793     1460.8     1316.1     12.682          4.4041  2.663295      1.000000
      6   1      1   1   2     8  0.308667  0.125223      34.463     5042.5     5147.1     20.080          3.9410  2.613112      1.000000
      7   1      2   0   0     2  0.308541  0.125223      34.832      882.3      894.1      8.106          2.8131  2.586210      1.000000
      8   1      0   2   1     4  0.308149  0.125223      36.008      234.8      199.1      7.909          0.3979  2.504405      1.000000
      9   1      1   2   0     4  0.307466  0.125223      38.163     1909.7     2025.0     13.206          3.5972  2.367841      1.000000
     10   1      2   1   0     4  0.307252  0.125223      38.868     3223.9     3720.7     15.899          6.2767  2.326487      1.000000
     11   1      1   2   1     8  0.306871  0.125223      40.170     3721.3     3691.7     15.237          3.8434  2.254086      1.000000
     12   1      2   1   1     8  0.306680  0.125223      40.846     6519.4     6666.9     12.647          6.9369  2.218323      1.000000
     13   1      1   0   3     4  0.306672  0.125223      40.875     8285.8     8431.8     16.012         17.6547  2.216841      1.000000
     14   1      0   2   2     4  0.306352  0.125223      42.049    19213.9    18213.8     31.026         43.0498  2.157627      1.000000
     15   1      2   0   2     4  0.306125  0.125223      42.916    16078.9    16360.8     29.422         37.3459  2.116024      1.000000
     16   1      1   1   3     8  0.305744  0.125223      44.446     3982.5     4162.7     16.509          4.9174  2.046665      1.000000
     17   1      1   2   2     8  0.305440  0.125223      45.751     4700.5     4622.3     17.030          6.1020  1.991320      1.000000
     18   1      2   1   2     8  0.305305  0.125223      46.361     2734.4     2846.1     13.842          3.6315  1.966534      1.000000
     19   1      2   2   0     4  0.304713  0.125223      49.317    22249.6    21321.2     33.248         65.6351  1.855380      1.000000
     20   1      0   0   4     2  0.304636  0.125223      49.751    12887.2    12983.4     25.040         77.1569  1.840212      1.000000
     21   1      0   2   3     4  0.304457  0.125223      50.803     3136.3     3040.3     11.152          9.7213  1.804549      1.000000
     22   1      2   2   1     8  0.304431  0.125223      50.968     3001.5     2979.9     11.360          4.6768  1.799107      1.000000
     23   1      1   2   3     8  0.304002  0.125223      54.042     1945.1     2016.4     12.551          3.3347  1.703833      1.000000
     24   1      2   1   3     8  0.303940  0.125223      54.583     2136.2     2164.3     10.439          3.7212  1.688229      1.000000
     25   1      1   3   0     4  0.303906  0.125223      54.896     1852.6     1894.1      7.333          6.5138  1.679343      1.000000
     26   1      3   0   1     4  0.303904  0.125223      54.918     1672.6     1711.8      6.990          5.8847  1.678704      1.000000
     27   1      2   2   2     8  0.303825  0.125223      55.709      257.2      288.8      5.978          0.4628  1.656762      1.000000
     28   1      1   1   4     8  0.303798  0.125223      56.008       49.7       50.1      1.229          0.0901  1.648622      1.000000
     29   1      3   1   0     4  0.303771  0.125223      56.315       71.3       67.7      0.306          0.2609  1.640348      1.000000
     30   1      1   3   1     8  0.303761  0.125223      56.431     7215.1     6884.7     20.914         13.2501  1.637273      1.000000
     31   1      3   1   1     8  0.303661  0.125223      57.825     1893.7     1862.8     11.847          3.6126  1.601074      1.000000
     32   1      1   3   2     8  0.303553  0.125223      60.883     1843.6     1841.0     12.119          3.8040  1.527812      1.000000
     33   1      0   2   4     4  0.303550  0.125223      61.500     4315.4     4306.9     15.913         18.0781  1.513967      1.000000
     34   1      2   0   4     4  0.303555  0.125223      62.164     3429.1     3518.3      6.999         14.5955  1.499381      1.000000
     35   1      3   1   2     8  0.303556  0.125223      62.215    11742.9    12069.8     23.402         25.0209  1.498273      1.000000
     36   1      2   2   3     8  0.303575  0.125223      63.076        1.9        1.8      0.190          0.0042  1.479901      1.000000
     37   1      2   3   0     4  0.303605  0.125223      63.852      343.2      333.6      7.436          1.5188  1.463768      1.000000
     38   1      1   2   4     8  0.303632  0.125223      64.382      145.0      146.5      3.362          0.3246  1.453004      1.000000
     39   1      3   2   0     4  0.303648  0.125223      64.665     1587.9     1649.5      9.608          7.1562  1.447330      1.000000
     40   1      2   1   4     8  0.303661  0.125223      64.868      597.4      664.7      4.745          1.3523  1.443290      1.000000
     41   1      2   3   1     8  0.303688  0.125223      65.256     1091.7     1209.6      9.849          2.4918  1.435657      1.000000
     42   1      3   2   1     8  0.303753  0.125223      66.059      406.1      442.2      4.701          0.9431  1.420138      1.000000
     43   1      1   0   5     4  0.303773  0.125223      66.281     2458.1     2641.4     12.723         11.4702  1.415935      1.000000
     44   1      3   0   3     4  0.303800  0.125223      66.559       82.9       91.4      2.262          0.3892  1.410683      1.000000
     45   1      1   3   3     8  0.303955  0.125223      67.914     3164.4     3056.6     15.343          7.6347  1.385828      1.000000
     46   1      1   1   5     8  0.304093  0.125223      68.899        2.5        2.9      0.068          0.0061  1.368412      1.000000
     47   1      3   1   3     8  0.304135  0.125223      69.172      860.3      896.2      6.990          2.1277  1.363670      1.000000
     48   1      2   3   2     8  0.304168  0.125223      69.377     1284.1     1306.1      9.312          3.1883  1.360143      1.000000
     49   1      3   2   2     8  0.304301  0.125223      70.158       32.3       39.3      3.298          0.0815  1.346924      1.000000
     50   1      0   4   0     2  0.304479  0.125223      71.083     3411.6     3276.4     15.639         34.9786  1.331648      1.000000
     51   1      0   4   1     4  0.304772  0.125223      72.418     1602.0     1602.7      6.726          8.4100  1.310377      1.000000
     52   1      2   2   4     8  0.304831  0.125223      72.663    14694.7    14809.1     27.569         38.7368  1.306556      1.000000
     53   1      4   0   0     2  0.305054  0.125223      73.542     2317.5     2280.8      9.707         24.8060  1.293105      1.000000
     54   1      1   4   0     4  0.305117  0.125223      73.776     4249.5     3998.8     13.879         22.8319  1.289595      1.000000
     55   1      0   2   5     4  0.305138  0.125223      73.853      225.7      207.4      1.014          1.2141  1.288432      1.000000
     56   1      1   4   1     8  0.305499  0.125223      75.091       64.6       50.1      3.437          0.1774  1.270248      1.000000
     57   1      2   3   3     8  0.305797  0.125223      76.018     4237.6     4193.8     11.935         11.8025  1.257066      1.000000
     58   1      4   1   0     4  0.305808  0.125223      76.050     2870.6     2851.9      7.810         15.9986  1.256606      1.000000
     59   1      0   4   2     4  0.305916  0.125223      76.366       29.8       30.8      0.091          0.1671  1.252203      1.000000
     60   1      1   2   5     8  0.305965  0.125223      76.508     7387.0     7797.1     17.771         20.7298  1.250228      1.000000

   No.  Code     H   K   L  Mult      Hw      ETA/M    2theta/TOF     Icalc       Iobs      Sigma     StrFactor^2    d-hkl       CORR

     61   1      3   2   3     8  0.306058  0.125223      76.771     4431.0     4585.7     10.695         12.4844  1.246608      1.000000
     62   1      2   1   5     8  0.306126  0.125223      76.960     3390.4     3475.5      9.585          9.5797  1.244024      1.000000
     63   1      1   3   4     8  0.306223  0.125223      77.222     1416.6     1445.6      4.762          4.0182  1.240456      1.000000
     64   1      4   1   1     8  0.306272  0.125223      77.353     2240.7     2289.5      7.638          6.3683  1.238686      1.000000
     65   1      3   3   0     4  0.306321  0.125223      77.484     1355.2     1383.4      6.149          7.7181  1.236920      1.000000
     66   1      0   0   6     2  0.306619  0.125223      78.244     1706.3     1767.6     10.214         19.6518  1.226808      1.000000
     67   1      3   1   4     8  0.306690  0.125223      78.420      373.8      388.7      2.736          1.0789  1.224489      1.000000
     68   1      4   0   2     4  0.306833  0.125223      78.765      268.1      273.8      1.465          1.5554  1.219995      1.000000
     69   1      3   3   1     8  0.306839  0.125223      78.779     1225.5     1250.0      6.491          3.5554  1.219817      1.000000
     70   1      1   4   2     8  0.306930  0.125223      78.993     2147.2     2125.4     11.322          6.2484  1.217046      1.000000
     71   1      4   1   2     8  0.307968  0.125223      81.223     3667.1     3824.9     16.852         10.9953  1.189201      1.000000
     72   1      2   4   0     4  0.308192  0.125223      81.662      284.2      241.6      5.908          1.7141  1.183920      1.000000
     73   1      3   3   2     8  0.308714  0.125223      82.632      183.8      187.3      4.421          0.5609  1.172475      1.000000
     74   1      0   4   3     4  0.308815  0.125223      82.812      262.1      261.2      2.834          1.6034  1.170386      1.000000
     75   1      2   4   1     8  0.308887  0.125223      82.940      630.1      639.5      5.598          1.9302  1.168898      1.000000
     76   1      1   1   6     8  0.309092  0.125223      83.297     1670.2     1791.6     10.721          5.1379  1.164801      1.000000
     77   1      4   2   0     4  0.309172  0.125223      83.434      120.4      127.5      1.346          0.7417  1.163243      1.000000
     78   1      2   2   5     8  0.309709  0.125223      84.323     4102.4     4304.7     15.979         12.7711  1.153241      1.000000
     79   1      4   2   1     8  0.309951  0.125223      84.708     1100.3     1109.6      7.806          3.4400  1.148985      1.000000
     80   1      2   3   4     8  0.310152  0.125223      85.021       31.3       32.1      0.530          0.0983  1.145558      1.000000
     81   1      1   4   3     8  0.310397  0.125223      85.392     1700.6     1745.3     10.718          5.3574  1.141528      1.000000
     82   1      3   2   4     8  0.310641  0.125223      85.755      988.3      954.8      8.845          3.1257  1.137627      1.000000
     83   1      2   4   2     8  0.311346  0.125223      86.758      840.3      859.3      9.417          2.6854  1.127043      1.000000
     84   1      3   0   5     4  0.311883  0.125223      87.483     3162.2     3262.1     10.012         20.3599  1.119570      1.000000
     85   1      4   1   3     8  0.311966  0.125223      87.593     4189.5     4334.6     12.052         13.5017  1.118457      1.000000
     86   1      0   2   6     4  0.312285  0.125223      88.006     1250.4     1304.6      8.599          8.0922  1.114274      1.000000
     87   1      4   2   2     8  0.312690  0.125223      88.517      389.0      413.6      2.174          1.2647  1.109162      1.000000
     88   1      2   0   6     4  0.312750  0.125223      88.592      890.4      931.8      3.438          5.7944  1.108420      1.000000
     89   1      1   3   5     8  0.312865  0.125223      88.733     5399.1     5546.0     13.789         17.5906  1.107023      1.000000
     90   1      3   3   3     8  0.313075  0.125223      88.988     5324.7     5407.6     15.331         17.3892  1.104508      1.000000
     91   1      3   1   5     8  0.313854  0.125223      89.904     5331.1     5374.3     18.610         17.5538  1.095630      1.000000
     92   1      1   2   6     8  0.314449  0.125223      90.573       16.8        6.9      1.363          0.0556  1.089285      1.000000
     93   1      2   1   6     8  0.314853  0.125223      91.012       36.1       21.3      2.649          0.1199  1.085174      1.000000
     94   1      0   4   4     4  0.315507  0.125223      91.702     3430.1     3318.5     15.352         22.9307  1.078813      1.000000
     95   1      2   4   3     8  0.316912  0.125223      93.098     6991.3     6835.9     20.878         23.6191  1.066281      1.000000
     96   1      4   0   4     4  0.317931  0.125223      94.047     2209.5     2316.7     10.775         15.0297  1.058012      1.000000
     97   1      1   4   4     8  0.318180  0.125223      94.272     1922.0     1958.4      9.157          6.5470  1.056087      1.000000
     98   1      3   4   0     4  0.318467  0.125223      94.528       90.0       92.0      0.850          0.6143  1.053903      1.000000
     99   1      4   2   3     8  0.318845  0.125223      94.859     2407.8     2497.9     12.956          8.2342  1.051100      1.000000
    100   1      4   3   0     4  0.319663  0.125223      95.557     1071.5     1089.0      7.457          7.3612  1.045273      1.000000
    101   1      1   5   0     4  0.319934  0.125223      95.782      584.6      577.7      2.910          4.0219  1.043417      1.000000
    102   1      3   4   1     8  0.319956  0.125223      95.801     1347.4     1325.8      6.890          4.6351  1.043264      1.000000
    103   1      2   3   5     8  0.320751  0.125223      96.446       23.8       25.1      0.214          0.0822  1.037998      1.000000
    104   1      4   1   4     8  0.320791  0.125223      96.478      908.5      961.2      7.442          3.1380  1.037739      1.000000
    105   1      4   3   1     8  0.321239  0.125223      96.832     2823.7     2753.4      9.519          9.7730  1.034891      1.000000
    106   1      1   5   1     8  0.321529  0.125223      97.057     5056.0     4887.1     13.101         17.5210  1.033089      1.000000
    107   1      3   2   5     8  0.321693  0.125223      97.183      182.1      178.9      0.517          0.6317  1.032087      1.000000
    108   1      1   0   7     4  0.321960  0.125223      97.387     3495.9     3603.6     12.934         24.2734  1.030470      1.000000
    109   1      3   3   4     8  0.322623  0.125223      97.884      514.8      513.1      5.852          1.7918  1.026569      1.000000
    110   1      5   0   1     4  0.322999  0.125223      98.161        6.6        6.6      0.054          0.0458  1.024417      1.000000
    111   1      2   2   6     8  0.323192  0.125223      98.301     1624.4     1644.2     11.201          5.6663  1.023333      1.000000
    112   1      5   1   0     4  0.324648  0.125223      99.327     2895.7     3024.1     12.306         20.3003  1.015510      1.000000
    113   1      3   4   2     8  0.325104  0.125223      99.638     4891.1     4796.2     13.656         17.1685  1.013181      1.000000
    114   1      1   1   7     8  0.325398  0.125223      99.835     1636.9     1628.2      7.495          5.7507  1.011712      1.000000
    115   1      5   1   1     8  0.326586  0.125223     100.614       75.9       75.6      0.621          0.2676  1.005981      1.000000
    116   1      4   3   2     8  0.326688  0.125223     100.679     1488.6     1458.9      9.411          5.2480  1.005507      1.000000
    117   1      1   5   2     8  0.327046  0.125223     100.907      749.8      673.3      6.742          2.6459  1.003854      1.000000
    118   1      2   4   4     8  0.328916  0.125223     102.056     1376.8     1357.5     11.429          4.8781  0.995660      1.000000
    119   1      1   3   6     8  0.330149  0.125223     102.779      284.2      335.7      5.384          1.0093  0.990627      1.000000
    120   1      0   4   5     4  0.330932  0.125223     103.224     4600.7     4546.4     16.268         32.7183  0.987569      1.000000

   No.  Code     H   K   L  Mult      Hw      ETA/M    2theta/TOF     Icalc       Iobs      Sigma     StrFactor^2    d-hkl       CORR

    121   1      2   5   0     4  0.331605  0.125223     103.599      199.8      217.8      1.665          1.4221  0.985021      1.000000
    122   1      4   2   4     8  0.332079  0.125223     103.859      845.0      909.2      3.435          3.0096  0.983267      1.000000
    123   1      3   1   6     8  0.332307  0.125223     103.983     4542.7     4878.0     14.759         16.1852  0.982438      1.000000
    124   1      5   1   2     8  0.333293  0.125223     104.510     6708.7     6788.6     16.848         23.9318  0.978929      1.000000
    125   1      0   2   7     4  0.333540  0.125223     104.639     1705.1     1716.2      4.785         12.1688  0.978073      1.000000
    126   1      2   5   1     8  0.334053  0.125223     104.906     1268.8     1210.3      7.837          4.5301  0.976319      1.000000
    127   1      1   4   5     8  0.335975  0.125223     105.876      218.8      216.3      5.363          0.7825  0.970047      1.000000
    128   1      3   4   3     8  0.336518  0.125223     106.142      209.4      165.7      5.248          0.7492  0.968353      1.000000
    129   1      5   2   0     4  0.337865  0.125223     106.785       62.4       61.9      3.082          0.4468  0.964296      1.000000
    130   1      4   3   3     8  0.338780  0.125223     107.211        0.3        0.3      0.002          0.0011  0.961646      1.000000
    131   1      1   2   7     8  0.338993  0.125223     107.309     1674.0     1658.3      6.421          5.9984  0.961042      1.000000
    132   1      1   5   3     8  0.339292  0.125223     107.446     5344.9     5181.1     14.898         19.1551  0.960200      1.000000
    133   1      2   1   7     8  0.340009  0.125223     107.770      889.2      881.4      5.575          3.1877  0.958216      1.000000
    134   1      5   2   1     8  0.340783  0.125223     108.114       31.1       31.5      0.286          0.1115  0.956126      1.000000
    135   1      4   1   5     8  0.340917  0.125223     108.173      810.8      825.7      8.206          2.9073  0.955770      1.000000
    136   1      5   0   3     4  0.341892  0.125223     108.596       29.1       32.0      1.668          0.2090  0.953225      1.000000
    137   1      2   5   2     8  0.342557  0.125223     108.880       61.9       52.5      4.462          0.2221  0.951532      1.000000
    138   1      3   3   5     8  0.344401  0.125223     109.648       21.5       17.0      3.661          0.0773  0.947021      1.000000
    139   1      2   3   6     8  0.347380  0.125223     110.828       16.8       24.3      0.735          0.0603  0.940245      1.000000
    140   1      5   1   3     8  0.348275  0.125223     111.170     4007.8     4002.0     16.861         14.3667  0.938318      1.000000
    141   1      3   2   6     8  0.349459  0.125223     111.613      410.0      391.4      5.212          1.4691  0.935844      1.000000
    142   1      5   2   2     8  0.350967  0.125223     112.164      483.2      460.0      8.158          1.7302  0.932809      1.000000
    143   1      4   4   0     4  0.353654  0.125223     113.110      422.5      427.8      8.850          3.0215  0.927690      1.000000
    144   1      2   4   5     8  0.356527  0.125223     114.075      299.7      327.4      5.489          1.0697  0.922593      1.000000
    145   1      4   4   1     8  0.357823  0.125223     114.495     4178.3     4046.0     14.213         14.8998  0.920409      1.000000
    146   1      0   0   8     2  0.358006  0.125223     114.554     1063.6     1029.4      3.899         15.1686  0.920106      1.000000
    147   1      2   2   7     8  0.361320  0.125223     115.589       27.5       25.8      0.888          0.0978  0.914836      1.000000
    148   1      3   4   4     8  0.361515  0.125223     115.648      140.2      132.2      3.927          0.4985  0.914540      1.000000
    149   1      2   5   3     8  0.361798  0.125223     115.733       22.5       21.4      0.544          0.0800  0.914109      1.000000
    150   1      4   2   5     8  0.362734  0.125223     116.014      357.7      360.6      7.051          1.2703  0.912707      1.000000
    151   1      4   3   4     8  0.365389  0.125223     116.790      401.9      439.5      4.780          1.4239  0.908884      1.000000
    152   1      1   5   4     8  0.366270  0.125223     117.041     2035.2     1987.7      8.793          7.2033  0.907663      1.000000
    153   1      3   5   0     4  0.367292  0.125223     117.328     3521.8     3340.1     13.437         24.9035  0.906274      1.000000
    154   1      0   4   6     4  0.370363  0.125223     118.168      291.3      368.1      6.011          2.0528  0.902274      1.000000
    155   1      4   4   2     8  0.372566  0.125223     118.749     1640.0     1593.0      6.258          5.7650  0.899554      1.000000
    156   1      3   5   1     8  0.372625  0.125223     118.764     2592.2     2504.1      9.816          9.1117  0.899483      1.000000
    157   1      3   0   7     4  0.374078  0.125223     119.139      181.2      192.7      3.244          1.2720  0.897752      1.000000
    158   1      5   2   3     8  0.374317  0.125223     119.199       14.7       16.4      0.358          0.0514  0.897473      1.000000
    159   1      5   3   0     4  0.377523  0.125223     119.999      256.9      263.1      5.281          1.7953  0.893837      1.000000
    160   1      1   1   8     8  0.378233  0.125223     120.171      133.3      138.1      2.116          0.4655  0.893062      1.000000
    161   1      1   3   7     8  0.379932  0.125223     120.578     1878.8     1931.6     10.586          6.5459  0.891244      1.000000
    162   1      4   0   6     4  0.381127  0.125223     120.860       40.8       40.9      0.183          0.2841  0.889999      1.000000
    163   1      5   1   4     8  0.381993  0.125223     121.062     4141.0     3979.3     13.320         14.3892  0.889113      1.000000
    164   1      1   4   6     8  0.382250  0.125223     121.121      418.4      398.2      1.342          1.4535  0.888852      1.000000
    165   1      0   6   0     2  0.383336  0.125223     121.370      303.6      286.6      1.287          4.2123  0.887765      1.000000
    166   1      5   3   1     8  0.383787  0.125223     121.473     1594.4     1525.6      7.933          5.5275  0.887319      1.000000
    167   1      3   1   7     8  0.385910  0.125223     121.949     1187.0     1125.8      9.659          4.1032  0.885267      1.000000
    168   1      0   6   1     4  0.390151  0.125223     122.867        7.3        9.5      0.200          0.0502  0.881378      1.000000
    169   1      3   5   2     8  0.391740  0.125223     123.200     4157.4     3910.0     16.317         14.2577  0.879988      1.000000
    170   1      4   1   6     8  0.394290  0.125223     123.723       50.4       46.6      1.671          0.1721  0.877830      1.000000
    171   1      1   6   0     4  0.397831  0.125223     124.427     1482.8     1361.6     11.201         10.0828  0.874971      1.000000
    172   1      3   3   6     8  0.403031  0.125223     125.418     2865.0     3188.6     11.257          9.6675  0.871037      1.000000
    173   1      0   2   8     4  0.404935  0.125223     125.768     9790.1     9748.6     16.746         65.8850  0.869669      1.000000
    174   1      1   6   1     8  0.406094  0.125223     125.978      163.5      159.0      0.227          0.5491  0.868854      1.000000
    175   1      5   3   2     8  0.406476  0.125223     126.047    16210.3    15732.1     22.690         54.4212  0.868589      1.000000
    176   1      2   5   4     8  0.406698  0.125223     126.087      281.4      273.1      0.402          0.9446  0.868435      1.000000
    177   1      4   4   3     8  0.407713  0.125223     126.268     1368.7     1339.4      2.306          4.5866  0.867738      1.000000
    178   1      2   0   8     4  0.408986  0.125223     126.493     8785.4     8859.9     19.513         58.7682  0.866877      1.000000
    179   1      0   6   2     4  0.414990  0.125223     127.520      372.0      313.6      5.121          2.4657  0.863013      1.000000
    180   1      6   0   0     2  0.416531  0.125223     127.775      402.9      318.6      5.940          5.3292  0.862070      1.000000

   No.  Code     H   K   L  Mult      Hw      ETA/M    2theta/TOF     Icalc       Iobs      Sigma     StrFactor^2    d-hkl       CORR

    181   1      1   2   8     8  0.424217  0.125223     128.998     1034.7     1054.8      6.234          3.3814  0.857631      1.000000
    182   1      3   4   5     8  0.425469  0.125223     129.190     2803.2     2899.7     11.626          9.1436  0.856947      1.000000
    183   1      2   1   8     8  0.427954  0.125223     129.566      501.8      541.8      3.447          1.6304  0.855621      1.000000
    184   1      5   2   4     8  0.430832  0.125223     129.992      227.8      244.7      0.786          0.7370  0.854132      1.000000
    185   1      2   3   7     8  0.431048  0.125223     130.023     4266.0     4588.8     14.168         13.7957  0.854022      1.000000
    186   1      4   3   5     8  0.434534  0.125223     130.526     8495.1     8743.2     16.412         27.3239  0.852289      1.000000
    187   1      2   4   6     8  0.435302  0.125223     130.634        3.1        3.1      0.005          0.0100  0.851917      1.000000
    188   1      1   5   5     8  0.436626  0.125223     130.821     4984.9     4942.4      7.299         15.9817  0.851282      1.000000
    189   1      1   6   2     8  0.436702  0.125223     130.831     6687.1     6628.7      9.804         21.4364  0.851246      1.000000
    190   1      6   1   0     4  0.437227  0.125223     130.905     2202.6     2184.6      3.369         14.1100  0.850997      1.000000
    191   1      3   2   7     8  0.437813  0.125223     130.986     4850.1     4830.7      8.348         15.5208  0.850721      1.000000
    192   1      3   5   3     8  0.439066  0.125223     131.159     1891.2     1926.0      5.220          6.0403  0.850136      1.000000
    193   1      5   0   5     4  0.447491  0.125223     132.282       70.0       74.0      1.839          0.4415  0.846410      1.000000
    194   1      6   1   1     8  0.449993  0.125223     132.603      770.2      759.7      9.290          2.4183  0.845366      1.000000
    195   1      4   2   6     8  0.453082  0.125223     132.992       48.9       30.0      1.986          0.1528  0.844115      1.000000
    196   1      5   3   3     8  0.464408  0.125223     134.350      120.0       82.8      2.945          0.3685  0.839845      1.000000
    197   1      2   6   0     4  0.464896  0.125223     134.406       16.2       11.6      0.333          0.0994  0.839672      1.000000
    198   1      6   0   2     4  0.465801  0.125223     134.510      344.9      265.0      6.684          2.1133  0.839352      1.000000
    199   1      5   1   5     8  0.476033  0.125223     135.645     4028.2     4158.8     15.101         12.1494  0.835922      1.000000
    200   1      0   6   3     4  0.479595  0.125223     136.024     2976.9     2994.8      8.999         17.8591  0.834802      1.000000
    201   1      2   6   1     8  0.481356  0.125223     136.208     2632.6     2640.6     10.514          7.8754  0.834261      1.000000
    202   1      6   1   2     8  0.499594  0.125223     138.011     5548.0     5603.7     18.303         16.1434  0.829121      1.000000
    203   1      4   4   4     8  0.502466  0.125223     138.279      559.9      588.4      3.703          1.6223  0.828381      1.000000
    204   1      0   4   7     4  0.515326  0.125223     139.428      699.4      715.0      6.769          3.9754  0.825268      1.000000
    205   1      2   2   8     8  0.519554  0.125223     139.790     2713.7     2759.8     13.061          7.6646  0.824311      1.000000
    206   1      1   6   3     8  0.520337  0.125223     139.856      554.8      565.1      3.018          1.5651  0.824137      1.000000
    207   1      4   5   0     4  0.529270  0.125223     140.592       16.9       10.4      1.154          0.0943  0.822224      1.000000
    208   1      6   2   0     4  0.539535  0.125223     141.400       84.4       91.2      2.923          0.4631  0.820174      1.000000
    209   1      2   5   5     8  0.547580  0.125223     142.006     5247.0     4970.6     17.113         14.2292  0.818669      1.000000
    210   1      2   6   2     8  0.547756  0.125223     142.019      830.5      786.5      2.691          2.2516  0.818637      1.000000
    211   1      4   5   1     8  0.556223  0.125223     142.633       35.3       36.1      0.265          0.0947  0.817142      1.000000
    212   1      5   4   0     4  0.557396  0.125223     142.716      960.0     1005.3      7.838          5.1354  0.816941      1.000000
    213   1      6   2   1     8  0.568428  0.125223     143.478     1827.0     1889.1      7.306          4.8118  0.815130      1.000000
    214   1      1   4   7     8  0.569502  0.125223     143.551     2598.0     2707.7     10.210          6.8324  0.814960      1.000000
    215   1      3   5   4     8  0.582306  0.125223     144.388     3752.7     3825.3     16.354          9.6976  0.813026      1.000000
    216   1      5   4   1     8  0.589855  0.125223     144.861      153.6      149.6      2.596          0.3930  0.811956      1.000000
    217   1      1   0   9     4  0.622555  0.125223     146.757      525.1      593.2      7.518          2.5736  0.807835      1.000000
    218   1      1   3   8     8  0.630658  0.125223     147.192      414.0      414.6      1.781          1.0040  0.806927      1.000000
    219   1      5   2   5     8  0.633174  0.125223     147.324      217.2      218.4      0.732          0.5252  0.806653      1.000000
    220   1      4   1   7     8  0.635164  0.125223     147.428     6063.6     6147.1     20.248         14.6237  0.806439      1.000000
    221   1      6   1   3     8  0.659354  0.125223     148.634       43.2       34.3      1.238          0.1012  0.804011      1.000000
    222   1      5   3   4     8  0.659359  0.125223     148.635      107.1       85.0      3.067          0.2508  0.804011      1.000000
    223   1      3   1   8     8  0.676279  0.125223     149.421     1715.8     1709.9      9.905          3.9396  0.802483      1.000000
    224   1      4   5   2     8  0.676740  0.125223     149.442      344.5      344.1      1.918          0.7906  0.802443      1.000000
    225   1      3   3   7     8  0.692116  0.125223     150.119     8929.0     9001.7     21.914         20.1549  0.801163      1.000000
    226   1      6   2   2     8  0.700075  0.125223     150.457      457.2      483.5      1.728          1.0241  0.800537      1.000000
    227   1      0   6   4     4  0.712810  0.125223     150.981      688.6      730.3      3.998          3.0570  0.799582      1.000000
    228   1      3   4   6     8  0.714993  0.125223     151.068     1161.4     1214.3      7.352          2.5777  0.799424      1.000000
    229   1      1   1   9     8  0.725250  0.125223     151.473      131.3      125.3      1.675          0.2990  0.798702      1.000000

 --------------------------------------------------------------------------------------------------------------------------------------------------------
 Pattern#  1 Phase No.:   2 Phase name: Al2O3
 --------------------------------------------------------------------------------------------------------------------------------------------------------

   No.  Code     H   K   L  Mult      Hw      ETA/M    2theta/TOF     Icalc       Iobs      Sigma     StrFactor^2    d-hkl       CORR

      1   1      0   1   2     6  0.311997  0.125223      25.724       24.0       28.8      6.643          2.1333  3.477381      1.000000
      2   1      1   0   4     6  0.308361  0.125223      35.368       44.8       20.0      3.802          7.2295  2.548244      1.000000
      3   1      1   1   0     6  0.307520  0.125223      37.989        2.9        3.5      0.063          0.5354  2.378303      1.000000
      4   1      0   0   6     2  0.306376  0.125223      41.956       47.8       45.5      0.100         31.5165  2.162179      1.000000
      5   1      1   1   3    12  0.305949  0.125223      43.610      589.7      588.7      7.121         69.4005  2.083926      1.000000
      6   1      2   0   2     6  0.305286  0.125223      46.447       42.2       44.7      0.309         11.0870  1.963082      1.000000
      7   1      0   2   4     6  0.304149  0.125223      52.873        2.4        9.6      0.634          0.7806  1.738690      1.000000
      8   1      1   1   6    12  0.303658  0.125223      57.874      409.0      400.4      2.805         76.9744  1.599854      1.000000
      9   1      2   1   1    12  0.303566  0.125223      60.098        9.9       13.2      1.748          1.9724  1.545871      1.000000
     10   1      1   2   2    12  0.303550  0.125223      61.500       24.7       24.6      0.091          5.0920  1.513962      1.000000
     11   1      0   1   8     6  0.303551  0.125223      61.728       16.4       16.2      0.118          6.8107  1.508924      1.000000
     12   1      2   1   4    12  0.303840  0.125223      66.939       16.4       28.5      1.978          3.8296  1.403606      1.000000
     13   1      3   0   0     6  0.304053  0.125223      68.630      339.0      381.5      7.021        163.4438  1.373114      1.000000
     14   1      1   2   5    12  0.304437  0.125223      70.875        7.2        7.1      0.138          1.8070  1.335042      1.000000
     15   1      2   0   8     6  0.305417  0.125223      74.824        1.7        0.9      0.161          0.9153  1.274122      1.000000
     16   1      1   0  10     6  0.306308  0.125223      77.448        4.8        4.9      0.020          2.7053  1.237394      1.000000
     17   1      1   1   9    12  0.306442  0.125223      77.798      189.3      202.5      2.979         53.3590  1.232714      1.000000
     18   1      2   1   7    12  0.307848  0.125223      80.983        5.6        6.0      0.151          1.6554  1.192113      1.000000
     19   1      2   2   0     6  0.307970  0.125223      81.227        0.1        0.1      0.000          0.0590  1.189151      1.000000
     20   1      0   3   6     6  0.309387  0.125223      83.797       23.6       28.2      1.089         14.3717  1.159127      1.000000
     21   1      3   0   6     6  0.309387  0.125223      83.797       23.6       28.2      1.089         14.3717  1.159127      1.000000
     22   1      2   2   3    12  0.310091  0.125223      84.926      152.1      153.9      2.093         46.9540  1.146589      1.000000
     23   1      1   3   1    12  0.310611  0.125223      85.711        7.1        6.9      0.056          2.2049  1.138095      1.000000
     24   1      3   1   2    12  0.311477  0.125223      86.938        2.4        2.5      0.045          0.7667  1.125180      1.000000
     25   1      1   2   8    12  0.311624  0.125223      87.139       11.9       12.4      0.269          3.7673  1.123107      1.000000
     26   1      0   2  10     6  0.313666  0.125223      89.688       16.0       16.5      0.178         10.3416  1.097709      1.000000
     27   1      0   0  12     2  0.315269  0.125223      91.453       76.5       73.6      1.480        150.9052  1.081089      1.000000
     28   1      1   3   4    12  0.315637  0.125223      91.835       34.2       32.4      0.287         11.2586  1.077594      1.000000
     29   1      3   1   5    12  0.319614  0.125223      95.515        6.0        6.1      0.050          2.0200  1.045618      1.000000
     30   1      2   2   6    12  0.320149  0.125223      95.959      188.6      176.8      1.724         63.9911  1.041963      1.000000
     31   1      0   4   2     6  0.324344  0.125223      99.117        0.4        0.4      0.006          0.2544  1.017096      1.000000
     32   1      2   1  10    12  0.328676  0.125223     101.913       15.4       14.4      0.275          5.3711  0.996670      1.000000
     33   1      1   1  12    12  0.331831  0.125223     103.723        0.8        0.8      0.005          0.2649  0.984181      1.000000
     34   1      4   0   4     6  0.332555  0.125223     104.117       19.9       21.4      0.077         14.0057  0.981541      1.000000
     35   1      1   3   7    12  0.335191  0.125223     105.486        5.3        6.2      0.406          1.8505  0.972548      1.000000
     36   1      3   2   1    12  0.346340  0.125223     110.424        2.3        3.8      0.451          0.7961  0.942544      1.000000
     37   1      1   2  11    12  0.347441  0.125223     110.852        3.6        5.0      0.133          1.2727  0.940110      1.000000
     38   1      2   3   2    12  0.349790  0.125223     111.735       39.6       37.5      0.678         13.9812  0.935169      1.000000
     39   1      3   1   8    12  0.350379  0.125223     111.951       29.4       27.9      0.589         10.3928  0.933977      1.000000
     40   1      2   2   9    12  0.359742  0.125223     115.103      102.9      116.7      3.893         36.1008  0.917294      1.000000
     41   1      3   2   4    12  0.366529  0.125223     117.114        1.0        1.0      0.004          0.3622  0.907308      1.000000
     42   1      0   1  14     6  0.368971  0.125223     117.792        4.0        4.9      0.134          2.7783  0.904056      1.000000
     43   1      4   1   0    12  0.373098  0.125223     118.887        2.8        2.7      0.014          0.9784  0.898914      1.000000
     44   1      2   3   5    12  0.383126  0.125223     121.322        2.1        2.0      0.008          0.7293  0.887974      1.000000
     45   1      1   4   3    12  0.391610  0.125223     123.173       92.7       87.9      0.375         31.3138  0.880100      1.000000
     46   1      4   1   3    12  0.391610  0.125223     123.173       92.7       87.9      0.375         31.3138  0.880100      1.000000
     47   1      0   4   8     6  0.405394  0.125223     125.851       19.3       19.0      0.029         12.8107  0.869345      1.000000
     48   1      1   3  10    12  0.424629  0.125223     129.062        4.2        4.3      0.020          1.3535  0.857405      1.000000
     49   1      0   3  12     6  0.440639  0.125223     131.374      189.9      207.4      1.272        119.2253  0.849415      1.000000
     50   1      3   0  12     6  0.440639  0.125223     131.374      189.9      207.4      1.272        119.2253  0.849415      1.000000
     51   1      2   0  14     6  0.450736  0.125223     132.697       14.4       13.6      0.204          8.9221  0.845062      1.000000
     52   1      3   2   7    12  0.458792  0.125223     133.689        2.2        0.7      0.312          0.6681  0.841902      1.000000
     53   1      2   1  13    12  0.463511  0.125223     134.246        3.5        2.3      0.137          1.0682  0.840166      1.000000
     54   1      1   4   6    12  0.496127  0.125223     137.682      192.2      196.3      1.960         55.3766  0.830038      1.000000
     55   1      4   1   6    12  0.496127  0.125223     137.682      192.2      196.3      1.960         55.3766  0.830038      1.000000
     56   1      3   1  11    12  0.537367  0.125223     141.232        5.2        4.1      0.282          1.4228  0.820594      1.000000
     57   1      5   0   2     6  0.555290  0.125223     142.566       36.7       36.7      0.258         19.3802  0.817302      1.000000
     58   1      2   3   8    12  0.559970  0.125223     142.897        1.9        2.0      0.018          0.4941  0.816507      1.000000
     59   1      1   1  15    12  0.583894  0.125223     144.489      124.2      124.0      0.623         31.5426  0.812797      1.000000
     60   1      4   0  10     6  0.633761  0.125223     147.355        1.5        1.5      0.005          0.7299  0.806590      1.000000

   No.  Code     H   K   L  Mult      Hw      ETA/M    2theta/TOF     Icalc       Iobs      Sigma     StrFactor^2    d-hkl       CORR

     61   1      2   2  12    12  0.708127  0.125223     150.790        7.5        8.1      0.040          1.6448  0.799927      1.000000
     62   1      0   5   4     6  0.728091  0.125223     151.583        0.0        0.0      0.000          0.0000  0.798508      1.000000

     -----------------------------------------------------
     BRAGG R-Factors and weight fractions for Pattern #  1
     -----------------------------------------------------

 => Phase:  1     YAlO3
 => Bragg R-factor:   3.03       Vol:  202.801( 0.006)  Fract(%):   99.21( 0.48)
 => Rf-factor=  1.88             ATZ:         655.543   Brindley:  1.0000

 => Phase:  2     Al2O3
 => Bragg R-factor:   6.23       Vol:  254.196( 0.063)  Fract(%):    0.79( 0.05)
 => Rf-factor=  4.68             ATZ:         611.758   Brindley:  1.0000

     -----------------------------------------------------------------
      SYMBOLIC NAMES AND FINAL VALUES AND SIGMA OF REFINED PARAMETERS:
     -----------------------------------------------------------------

      ->  Parameter number    1 :                                     Scale_ph1_pat1     27.896477    ( +/-    0.94429627E-01 )
      ->  Parameter number    2 :                                          Zero_pat1    0.14629093E-02( +/-    0.19164846E-02 )
      ->  Parameter number    3 :                                    Cell_A_ph1_pat1     5.1724181    ( +/-    0.89609639E-04 )
      ->  Parameter number    4 :                                    Cell_B_ph1_pat1     5.3265901    ( +/-    0.90868729E-04 )
      ->  Parameter number    5 :                                    Cell_C_ph1_pat1     7.3608465    ( +/-    0.13179344E-03 )
      ->  Parameter number    6 :                                            X_Y_ph1    0.12410327E-01( +/-    0.12164463E-03 )
      ->  Parameter number    7 :                                            Y_Y_ph1    0.55406445    ( +/-    0.85743952E-04 )
      ->  Parameter number    8 :                                           X_O1_ph1   -0.83851166E-01( +/-    0.15298177E-03 )
      ->  Parameter number    9 :                                           Y_O1_ph1   -0.21951256E-01( +/-    0.12939633E-03 )
      ->  Parameter number   10 :                                           X_O2_ph1    0.20469812    ( +/-    0.10329004E-03 )
      ->  Parameter number   11 :                                           Y_O2_ph1    0.29482767    ( +/-    0.91498485E-04 )
      ->  Parameter number   12 :                                           Z_O2_ph1    0.44271193E-01( +/-    0.66506247E-04 )
      ->  Parameter number   13 :                                    U-Cagl_ph1_pat1    0.38892206E-01( +/-    0.84603357E-03 )
      ->  Parameter number   14 :                                    V-Cagl_ph1_pat1   -0.46199765E-01( +/-    0.20394286E-02 )
      ->  Parameter number   15 :                                    W-Cagl_ph1_pat1    0.10585966    ( +/-    0.10290383E-02 )
      ->  Parameter number   16 :                                         Biso_Y_ph1    0.11809590    ( +/-    0.10600596E-01 )
      ->  Parameter number   17 :                                        Biso_Al_ph1    0.12582380    ( +/-    0.17990641E-01 )
      ->  Parameter number   18 :                                        Biso_O1_ph1    0.55591520E-01( +/-    0.12282856E-01 )
      ->  Parameter number   19 :                                        Biso_O2_ph1    0.13975160    ( +/-    0.10589768E-01 )
      ->  Parameter number   20 :                                          Z_Al1_ph2    0.33349049    ( +/-    0.36245226E-02 )
      ->  Parameter number   21 :                                        Bck_24_pat1     2793.5588    ( +/-     50.462448     )
      ->  Parameter number   22 :                                        Bck_23_pat1     2788.7900    ( +/-     39.216549     )
      ->  Parameter number   23 :                                        Bck_22_pat1     2584.4277    ( +/-     31.405712     )
      ->  Parameter number   24 :                                        Bck_21_pat1     2669.7397    ( +/-     26.578590     )
      ->  Parameter number   25 :                                        Bck_20_pat1     2323.0271    ( +/-     23.764629     )
      ->  Parameter number   26 :                                        Bck_19_pat1     2478.9954    ( +/-     29.222069     )
      ->  Parameter number   27 :                                        Bck_18_pat1     1983.7804    ( +/-     22.404993     )
      ->  Parameter number   28 :                                        Bck_17_pat1     1996.4417    ( +/-     23.484671     )
      ->  Parameter number   29 :                                        Bck_16_pat1     1958.4514    ( +/-     26.199402     )
      ->  Parameter number   30 :                                        Bck_15_pat1     2072.2153    ( +/-     28.320620     )
      ->  Parameter number   31 :                                        Bck_14_pat1     2156.4685    ( +/-     23.336443     )
      ->  Parameter number   32 :                                        Bck_13_pat1     2163.2856    ( +/-     20.644291     )
      ->  Parameter number   33 :                                        Bck_12_pat1     2154.4976    ( +/-     18.559732     )
      ->  Parameter number   34 :                                        Bck_11_pat1     1987.9011    ( +/-     17.858120     )
      ->  Parameter number   35 :                                        Bck_10_pat1     2054.0281    ( +/-     17.666504     )
      ->  Parameter number   36 :                                     Asym1_ph1_pat1    0.21541956    ( +/-    0.12078821E-01 )
      ->  Parameter number   37 :                                     Asym2_ph1_pat1    0.30466388E-02( +/-    0.29441284E-02 )
      ->  Parameter number   38 :                                     EtaPV_ph1_pat1    0.12522294    ( +/-    0.51637120E-02 )
      ->  Parameter number   39 :                                     Asym3_ph1_pat1   -0.27811342    ( +/-    0.28625339E-01 )
      ->  Parameter number   40 :                                     Asym4_ph1_pat1    0.55626322E-01( +/-    0.65779239E-02 )
      ->  Parameter number   41 :                                     Scale_ph2_pat1    0.18876755    ( +/-    0.12204030E-01 )
      ->  Parameter number   42 :                                    Cell_A_ph2_pat1     4.7566142    ( +/-    0.50141296E-03 )
      ->  Parameter number   43 :                                    Cell_C_ph2_pat1     12.973036    ( +/-    0.25603957E-02 )
      ->  Parameter number   44 :                                           X_O1_ph2    0.34993321    ( +/-    0.59663607E-02 )
      ->  Parameter number   45 :                                       Biso_Al1_ph2   -0.13590539    ( +/-    0.30263501     )
      ->  Parameter number   46 :                                        Biso_O1_ph2     1.2407771    ( +/-    0.30368912     )
      ->  Parameter number   47 :                                         Bck_0_pat1     1320.7260    ( +/-     48.354542     )
      ->  Parameter number   48 :                                         Bck_1_pat1     1824.8624    ( +/-     34.227039     )
      ->  Parameter number   49 :                                         Bck_2_pat1     2430.7664    ( +/-     22.530798     )
      ->  Parameter number   50 :                                         Bck_3_pat1     2109.5396    ( +/-     18.713581     )
      ->  Parameter number   51 :                                         Bck_4_pat1     2027.1514    ( +/-     18.502539     )
      ->  Parameter number   52 :                                         Bck_5_pat1     2073.3027    ( +/-     16.958027     )
      ->  Parameter number   53 :                                         Bck_6_pat1     2105.2959    ( +/-     17.760853     )
      ->  Parameter number   54 :                                         Bck_7_pat1     2159.1431    ( +/-     20.135771     )
      ->  Parameter number   55 :                                         Bck_8_pat1     1992.4575    ( +/-     23.341780     )
      ->  Parameter number   56 :                                         Bck_9_pat1     2014.7715    ( +/-     21.534868     )

 ------------------------------------------------------------------
 => Number of bytes for floating point variables: 4
 => Dimensions of dynamic allocated arrays in this run of FullProf:
 ------------------------------------------------------------------

 => Total approximate array memory (dynamic + static): 132451053 bytes

    MaxPOINT=    80000 Max.num. of points(+int. Inten.)/diffraction pattern       
    MaxREFLT=    25000 Max.num. of reflections/diffraction pattern               
    MaxPARAM=      500 Max.num. of refinable parameters                          
    MaxOVERL=     9000 Max.num. of overlapping reflections                       

 ----------------------------------------------------------
 => Number of bytes for floating point arrays: 4
 => Dimensions of fixed arrays in this release of FullProf:
 ----------------------------------------------------------

    NPATT   =       80 Max.num. of powder diffraction patterns                    
    NATS    =      830 Max.num. of atoms (all kind) in asymmetric unit            
    MPAR    =     1800 Max.num. of non atomic parameters/phase                    
    IEXCL   =       30 Max.num. of excluded regions                               
    IBACP   =      377 Max.num. of background points for interpolation            
    NPHT    =       16 Max.num. of phases                                         
    NMAGM   =        8 Max.num. of rotation-matrices sets for magnetic structure  
    NBASIS  =       12 Max.num. of basis functions associated to a single atom    
    NIREPS  =        9 Max.num. of irreducible representations to be combined     
    N_EQ    =      384 Max.num. of user-supplied symmetry operators/propagation vectors
    NGL     =      400 Max.num. of global parameters/diffraction pattern          
    N_LINC  =       50 Max.num. of global linear restraints                        
    NAT_P   =       80 Max.num. of atomic parameters per atom                     
    NCONST  =     3500 Max.num. of slack constraints per phase                    
    N_SPE   =       30 Max.num. of different chemical species                     
    N_FORM  =       60 Max.num. of scattering factor values in a table            
    NPR     =      150 Max.num. of points defining a numerical profile            
    INPR    =       25 Max.num. of different numerical peak shapes                
    NPRC    =      150 Max.num. of terms in the table for correcting intensities  
    NSOL    =       10 Max.num. of solutions to be stored in Montecarlo searchs   

 
              CPU Time:     0.359 seconds
                            0.006 minutes

 => Run finished at:     Date: 25/09/2026  Time: 13:22:24.077                              
