

        **********************************************************
        ** PROGRAM FullProf.2k (Version 8.40 - Feb2026-ILL JRC) **
        **********************************************************
                       M U L T I -- P A T T E R N                 
            Rietveld, Profile Matching & Integrated Intensity     
                 Refinement of X-ray and/or Neutron Data


    Date: 26/09/2026  Time: 12:23:28.206                              

 => PCR file code: ECH0030684_LaB6_1p622A_fcj
 => DAT file code: ECH0030684_LaB6_1p62 -> Relative contribution: 1.0000                                                            

 ==> CONDITIONS OF THIS RUN FOR PATTERN No.:  1

 => Global Refinement of neutron powder data                                                                                        
 => Title: LaB6 Ge(331)

 => Number of phases:    1
 => Number of excluded regions:    2
 => Number of scattering factors supplied:    0
 => Conventional weights: w=1.0/Variance(yobs)
 => Asymmetry correction as in J.Appl.Cryst. 26,128(1993)
 => Background refined by polynomial function
 => The    7th default profile function was selected
 => T-C-H Pseudo-Voigt function 
    This function is convoluted with asymmetry due to axial 
    divergence as formulated by: 
    van Laar and Yelon, J. Appl. Cryst. 17, 47(1984).
    and using the method of:
    Finger, Cox and Jephcoat, J. Appl. Cryst. 27, 892 (1994).
    Fortran 90 module adapted from function PROFVAL (in F77) : 
    L.W. Finger, J. Appl. Cryst. 31, 111 (1998).


 ==> INPUT/OUTPUT OPTIONS:

 => Output Obs and Calc intensities on last cycle
 => Generate bacground file *.bac
 => Generate file *.PRF for plot
 => Output Integrated Intensities
 => Generate new input file *.PCR

 => X-Y type of data: 2theta/TOF/E(Kev) Intens sigma for pattern:  1
 => Plot pattern at each cycle
 => Wavelengths:  1.62390 1.62390
 => Alpha2/Alpha1 ratio:   0.0000
 => Cos(Monochromator angle)=   0.0000
 => Asymmetry correction for angles lower than  180.000 degrees
 => Absorption correction (AC), muR-eff =   0.0000  0.0000
 => Base of peaks: 2.0*HW*   12.00

 => Number of cycles:  100
 => Relaxation factors ==>    for coordinates:  1.00
 => for anisotropic temperature factors:  1.00
 => for halfwidth/strain/size/further parameters:  1.00
 => for lattice constants and propagation vectors:  1.00
 => EPS-value for convergence:    0.1

 => Excluded regions for Pattern#  1
    From     to
      0.0000     10.0000
    164.0000    180.0000

 => Number of Least-Squares parameters varied:     1

 =>--------------------------->
 =>------->  PATTERN number:  1
 =>--------------------------->
 => Global parameters and codes ==>
 => Zero-point:    -0.4578    0.0000
 => Background parameters and codes ==>
 => Origin of polynomial at 2theta/TOF/E(KeV):   80.000  
  777.35      52.434      365.76      14.659     -415.68      0.0000    
        0.00        0.00        0.00        0.00        0.00        0.00
 => Perpendicular Displacement parameter and code:     0.00    0.00
 => Parallel      Displacement parameter and code:     0.00    0.00

 => Reading Intensity data  =>>

 -> No recognizable heading in input data file X,Y,sigma
    First 6 lines are considered as COMMENTS (except for TSAMP keyword)
 -> COMMENT:      3.86396     128.22   14.70975                                                                                                  
 -> COMMENT:      3.91407     120.02   14.22598                                                                                                  
 -> COMMENT:      3.96414     166.98   16.77884                                                                                                  
 -> COMMENT:      4.01424     135.17   15.05058                                                                                                  
 -> COMMENT:      4.06420     182.87   17.58951                                                                                                  
 -> COMMENT:      4.11416     177.19   17.30471                                                                                                  
 ==> Angular range, step and number of points:
     2Thmin:       4.164220  2Thmax:     163.756378  Step:       0.049998  No. of points:   3194
 --------------------------------------------------------------------------------
 => Phase  No. 1
      nuclear                                                               
 --------------------------------------------------------------------------------
 =>-------> Pattern#  1
 => Crystal Structure Refinement
 => Preferred orientation vector:   0.0000  0.0000  1.0000

 =>-------> Data for PHASE: 1
 => Number of atoms:    2
 => Number of distance  constraints:    0
 => Number of angle     constraints:    0

 => Symmetry information on space group: P m -3 m            
 -> The multiplicity of the general position is:  48
 -> The space group is Centric (-1 at origin)   
 -> Lattice type  P: { 000 }                                       
 -> Reduced set of symmetry operators:

  No.  IT   Symmetry symbol    Rotation part     Associated Translation
   1: ( 1)   1            -->     ( x, y, z) + {  0.0000  0.0000  0.0000}
   2: ( 4)   2 ( x, 0, 0) -->     ( x,-y,-z) + {  0.0000  0.0000  0.0000}
   3: ( 3)   2 ( 0, y, 0) -->     (-x, y,-z) + {  0.0000  0.0000  0.0000}
   4: ( 2)   2 ( 0, 0, z) -->     (-x,-y, z) + {  0.0000  0.0000  0.0000}
   5: ( 9)  3- ( x, x, x) -->     ( y, z, x) + {  0.0000  0.0000  0.0000}
   6: (12)  3- (-x, x,-x) -->     (-y,-z, x) + {  0.0000  0.0000  0.0000}
   7: (11)  3- (-x,-x, x) -->     ( y,-z,-x) + {  0.0000  0.0000  0.0000}
   8: (10)  3- ( x,-x,-x) -->     (-y, z,-x) + {  0.0000  0.0000  0.0000}
   9: ( 5)  3+ ( x, x, x) -->     ( z, x, y) + {  0.0000  0.0000  0.0000}
  10: ( 8)  3+ (-x,-x, x) -->     (-z, x,-y) + {  0.0000  0.0000  0.0000}
  11: ( 7)  3+ ( x,-x,-x) -->     (-z,-x, y) + {  0.0000  0.0000  0.0000}
  12: ( 6)  3+ (-x, x,-x) -->     ( z,-x,-y) + {  0.0000  0.0000  0.0000}
  13: (14)   2 ( x,-x, 0) -->     (-y,-x,-z) + {  0.0000  0.0000  0.0000}
  14: (15)  4- ( 0, 0, z) -->     ( y,-x, z) + {  0.0000  0.0000  0.0000}
  15: (16)  4+ ( 0, 0, z) -->     (-y, x, z) + {  0.0000  0.0000  0.0000}
  16: (13)   2 ( x, x, 0) -->     ( y, x,-z) + {  0.0000  0.0000  0.0000}
  17: (24)   2 (-x, 0, x) -->     (-z,-y,-x) + {  0.0000  0.0000  0.0000}
  18: (21)  4+ ( 0, y, 0) -->     ( z, y,-x) + {  0.0000  0.0000  0.0000}
  19: (22)   2 ( x, 0, x) -->     ( z,-y, x) + {  0.0000  0.0000  0.0000}
  20: (23)  4- ( 0, y, 0) -->     (-z, y, x) + {  0.0000  0.0000  0.0000}
  21: (19)   2 ( 0, y,-y) -->     (-x,-z,-y) + {  0.0000  0.0000  0.0000}
  22: (18)   2 ( 0, y, y) -->     (-x, z, y) + {  0.0000  0.0000  0.0000}
  23: (17)  4- ( x, 0, 0) -->     ( x, z,-y) + {  0.0000  0.0000  0.0000}
  24: (20)  4+ ( x, 0, 0) -->     ( x,-z, y) + {  0.0000  0.0000  0.0000}


        Information on Space Group: 
        --------------------------- 

 =>   Number of Space group: 221
 =>  Hermann-Mauguin Symbol: P m -3 m
 =>             Hall Symbol: -P 4 2 3
 =>            Setting Type: IT (Generated from Hermann-Mauguin symbol)
 =>          Crystal System: Cubic
 =>              Laue Class: m-3m
 =>             Point Group: m-3m
 =>         Bravais Lattice: P
 =>          Lattice Symbol: cP
 =>  Reduced Number of S.O.:  24
 =>    General multiplicity:  48
 =>          Centrosymmetry: Centric (-1 at origin)
 =>  Generators (exc. -1&L):   3
 =>         Asymmetric unit:  0.000 <= x <=  0.500
                              0.000 <= y <=  0.500
                              0.000 <= z <=  0.500
 => Centring vectors:  0
                                                                                                    

 => List of all Symmetry Operators and Symmetry Symbols

 => SYMM(  1): x,y,z                             Symbol: 1
 => SYMM(  2): x,-y,-z                           Symbol: 2 x,0,0
 => SYMM(  3): -x,y,-z                           Symbol: 2 0,y,0
 => SYMM(  4): -x,-y,z                           Symbol: 2 0,0,z
 => SYMM(  5): y,z,x                             Symbol: 3- x,x,x
 => SYMM(  6): -y,-z,x                           Symbol: 3+ x,-x,x
 => SYMM(  7): y,-z,-x                           Symbol: 3+ x,x,-x
 => SYMM(  8): -y,z,-x                           Symbol: 3- x,-x,-x
 => SYMM(  9): z,x,y                             Symbol: 3+ x,x,x
 => SYMM( 10): -z,x,-y                           Symbol: 3- x,x,-x
 => SYMM( 11): -z,-x,y                           Symbol: 3+ x,-x,-x
 => SYMM( 12): z,-x,-y                           Symbol: 3- x,-x,x
 => SYMM( 13): y,x,z                             Symbol: m x,x,z
 => SYMM( 14): -y,x,-z                           Symbol: -4- 0,0,z; 0,0,0
 => SYMM( 15): y,-x,-z                           Symbol: -4+ 0,0,z; 0,0,0
 => SYMM( 16): -y,-x,z                           Symbol: m x,-x,z
 => SYMM( 17): z,y,x                             Symbol: m x,y,x
 => SYMM( 18): -z,-y,x                           Symbol: -4+ 0,y,0; 0,0,0
 => SYMM( 19): -z,y,-x                           Symbol: m x,y,-x
 => SYMM( 20): z,-y,-x                           Symbol: -4- 0,y,0; 0,0,0
 => SYMM( 21): x,z,y                             Symbol: m x,y,y
 => SYMM( 22): x,-z,-y                           Symbol: m x,y,-y
 => SYMM( 23): -x,-z,y                           Symbol: -4- x,0,0; 0,0,0
 => SYMM( 24): -x,z,-y                           Symbol: -4+ x,0,0; 0,0,0
 => SYMM( 25): -x,-y,-z                          Symbol: -1 0,0,0
 => SYMM( 26): -x,y,z                            Symbol: m 0,y,z
 => SYMM( 27): x,-y,z                            Symbol: m x,0,z
 => SYMM( 28): x,y,-z                            Symbol: m x,y,0
 => SYMM( 29): -y,-z,-x                          Symbol: -3- x,x,x; 0,0,0
 => SYMM( 30): y,z,-x                            Symbol: -3+ x,-x,x; 0,0,0
 => SYMM( 31): -y,z,x                            Symbol: -3+ x,x,-x; 0,0,0
 => SYMM( 32): y,-z,x                            Symbol: -3- x,-x,-x; 0,0,0
 => SYMM( 33): -z,-x,-y                          Symbol: -3+ x,x,x; 0,0,0
 => SYMM( 34): z,-x,y                            Symbol: -3- x,x,-x; 0,0,0
 => SYMM( 35): z,x,-y                            Symbol: -3+ x,-x,-x; 0,0,0
 => SYMM( 36): -z,x,y                            Symbol: -3- x,-x,x; 0,0,0
 => SYMM( 37): -y,-x,-z                          Symbol: 2 x,-x,0
 => SYMM( 38): y,-x,z                            Symbol: 4- 0,0,z
 => SYMM( 39): -y,x,z                            Symbol: 4+ 0,0,z
 => SYMM( 40): y,x,-z                            Symbol: 2 x,x,0
 => SYMM( 41): -z,-y,-x                          Symbol: 2 x,0,-x
 => SYMM( 42): z,y,-x                            Symbol: 4+ 0,y,0
 => SYMM( 43): z,-y,x                            Symbol: 2 x,0,x
 => SYMM( 44): -z,y,x                            Symbol: 4- 0,y,0
 => SYMM( 45): -x,-z,-y                          Symbol: 2 0,y,-y
 => SYMM( 46): -x,z,y                            Symbol: 2 0,y,y
 => SYMM( 47): x,z,-y                            Symbol: 4- x,0,0
 => SYMM( 48): x,-z,y                            Symbol: 4+ x,0,0

 => Special Wyckoff Positions for P m -3 m
 
    Multp     Site        Representative Coordinates (centring translations excluded)
     24       m              x,x,z               x,-x,-z             -x,x,-z                                 
                             -x,-x,z             x,z,x               -x,-z,x                                 
                             x,-z,-x             -x,z,-x             z,x,x                                   
                             -z,x,-x             -z,-x,x             z,-x,-x                                 
                             -x,-x,-z            -x,x,z              x,-x,z                                  
                             x,x,-z              -x,-z,-x            x,z,-x                                  
                             -x,z,x              x,-z,x              -z,-x,-x                                
                             z,-x,x              z,x,-x              -z,x,x                                  
 
     24       l              1/2,y,z             1/2,-y,-z           1/2,y,-z                                
                             1/2,-y,z            y,z,1/2             -y,-z,1/2                               
                             y,-z,1/2            -y,z,1/2            z,1/2,y                                 
                             -z,1/2,-y           -z,1/2,y            z,1/2,-y                                
                             y,1/2,z             -y,1/2,-z           y,1/2,-z                                
                             -y,1/2,z            z,y,1/2             -z,-y,1/2                               
                             -z,y,1/2            z,-y,1/2            1/2,z,y                                 
                             1/2,-z,-y           1/2,-z,y            1/2,z,-y                                
 
     24       k              0,y,z               0,-y,-z             0,y,-z                                  
                             0,-y,z              y,z,0               -y,-z,0                                 
                             y,-z,0              -y,z,0              z,0,y                                   
                             -z,0,-y             -z,0,y              z,0,-y                                  
                             y,0,z               -y,0,-z             y,0,-z                                  
                             -y,0,z              z,y,0               -z,-y,0                                 
                             -z,y,0              z,-y,0              0,z,y                                   
                             0,-z,-y             0,-z,y              0,z,-y                                  
 
     12       j              1/2,y,y             1/2,-y,-y           1/2,y,-y                                
                             1/2,-y,y            y,y,1/2             -y,-y,1/2                               
                             y,-y,1/2            -y,y,1/2            y,1/2,y                                 
                             -y,1/2,-y           -y,1/2,y            y,1/2,-y                                
 
     12       i              0,y,y               0,-y,-y             0,y,-y                                  
                             0,-y,y              y,y,0               -y,-y,0                                 
                             y,-y,0              -y,y,0              y,0,y                                   
                             -y,0,-y             -y,0,y              y,0,-y                                  
 
     12       h              x,1/2,0             -x,1/2,0            1/2,0,x                                 
                             1/2,0,-x            0,x,1/2             0,-x,1/2                                
                             1/2,x,0             1/2,-x,0            0,1/2,x                                 
                             0,1/2,-x            x,0,1/2             -x,0,1/2                                
 
      8       g              x,x,x               x,-x,-x             -x,x,-x                                 
                             -x,-x,x             -x,-x,-x            -x,x,x                                  
                             x,-x,x              x,x,-x                                                      
 
      6       f              x,1/2,1/2           -x,1/2,1/2          1/2,1/2,x                               
                             1/2,1/2,-x          1/2,x,1/2           1/2,-x,1/2                              
 
      6       e              x,0,0               -x,0,0              0,0,x                                   
                             0,0,-x              0,x,0               0,-x,0                                  
 
      3       d              1/2,0,0             0,0,1/2             0,1/2,0                                 
 
      3       c              0,1/2,1/2           1/2,1/2,0           1/2,0,1/2                               
 
      1       b              1/2,1/2,1/2                                                                     
 
      1       a              0,0,0                                                                           
 

 => Initial parameters ==>
 Atom    Ntyp                  X         Y         Z         B         occ.         in  fin  Spc  Mult
                             B11       B22       B33       B12       B13       B23
 La     La                 0.00000   0.00000   0.00000   0.25812   0.02083           0    0    0    1
                 Codes:    0.00000   0.00000   0.00000   0.00000   0.00000
 B      B                  0.19972   0.50000   0.50000   0.11925   0.12500           0    0    0    6
                 Codes:    0.00000   0.00000   0.00000   0.00000   0.00000

 => It is assumed that THE FIRST GIVEN SITE plus all the other atoms 
    occupying THE SAME POSITION have a total full occupation (no vacancies!)
  (if this is not the case, change the order of atoms to obtain correct values for the content of the unit cell)
    The given occupation factors have been obtained mutiplying m/M by   0.0208
      -> Atom: La  ,  Chemical element: LA  Atomic Mass:   138.9055
      -> Atom: B   ,  Chemical element: B   Atomic Mass:    10.8100
 => The given value of ATZ is        203.71 the program has calculated:         203.71
    The value of ATZ given in the input PCR file will be used for quantitative analysis
 => The chemical content of the unit cell is: 
       1.0000 La   +   6.0010 B      
 => The normalized site occupation numbers in % are: 
     100.0000 La     :      100.0160 B        
 => The density (volumic mass) of the compound is:    4.711 g/cm3

 =>-------> PROFILE PARAMETERS FOR PATTERN:  1

 => Overall scale factor:    42.9837    
 => ETA (p-Voigt) OR M (Pearson VII):   0.0000
 => Overall temperature factor:      0.00000
 => Halfwidth U,V,W:      0.14343    -0.52314     0.59041
 => X and Y parameters:       0.0000      0.0545
 => Direct cell parameters:    4.1569   4.1569   4.1569  90.0000  90.0000  90.0000
 => Preferred orientation parameters:   0.0000  0.0000
 => Asymmetry parameters     :      0.00000     0.00000     0.00000     0.00000
 => Strain parameters        :      0.00000     0.00000     0.00000
 => Size   parameters        :      0.00000     0.00000
 => Further shape parameters (S_L and D_L):   0.08000   0.08000
    S_L is source width/detector distance
    D_L is detector width/detector distance

 ==> CODEWORDS FOR PROFILE PARAMETERS of PATTERN#  1

 => Overall scale factor:   11.000
 => ETA (p-Voigt) OR M (Pearson VII):    0.000
 => Overall temperature factor:    0.000
 => Halfwidth U,V,W:    0.000   0.000   0.000
 => X and Y parameters:    0.000   0.000
 => Direct cell parameters:    0.000   0.000   0.000   0.000   0.000   0.000
 => Preferred orientation parameters:    0.000   0.000
 => Asymmetry parameters     :    0.000   0.000   0.000   0.000
 => Strain parameters        :    0.000   0.000   0.000
 => Size   parameters        :    0.000   0.000

 => Cell constraints according to Laue symmetry: m-3m 

        Metric information:
        -------------------

 => Direct cell parameters:

         a =       4.1569      b =       4.1569      c =       4.1569
     alpha =       90.000   beta =       90.000  gamma =       90.000
                        Direct Cell Volume =      71.8297

 => Reciprocal cell parameters:

         a*=     0.240565      b*=     0.240565      c*=     0.240565
     alpha*=       90.000   beta*=       90.000  gamma*=       90.000
                    Reciprocal Cell Volume =   0.01392182

 => Direct and Reciprocal Metric Tensors:

                   GD                                       GR
     17.2797      0.0000      0.0000          0.057871    0.000000    0.000000
      0.0000     17.2797      0.0000          0.000000    0.057871    0.000000
      0.0000      0.0000     17.2797          0.000000    0.000000    0.057871

 =>  Cartesian frame: x // a; z is along c*; y is within the ab-plane   

     Crystal_to_Orthonormal_Matrix              Orthonormal_to_Crystal Matrix
              Cr_Orth_cel                               Orth_Cr_cel  
      4.1569      0.0000      0.0000          0.240565   -0.000000   -0.000000
      0.0000      4.1569      0.0000          0.000000    0.240565   -0.000000
      0.0000      0.0000      4.1569          0.000000    0.000000    0.240565

     Busing-Levy B-matrix: Hc=B.H            Inverse of the Busing-Levy B-matrix
                BL_M                                      BL_Minv  
    0.240565    0.000000    0.000000            4.1569     -0.0000     -0.0000
    0.000000    0.240565   -0.000000            0.0000      4.1569      0.0000
    0.000000    0.000000    0.240565            0.0000      0.0000      4.1569

 => Laue symmetry m-3m  will be used to generate HKL for pattern#   1
 => Reflections generated between S(1/d)min:  0.0447 A-1 and S(1/d)max:  1.2316 A-1
 =>                                    dmax: 22.3483 A   and      dmin:  0.8120 A
 => The number of reflections generated is:     28
 => The max. scatt. variable (gen.ref.) is:       179.0000
 => Scattering coefficients from internal table

 => Scattering lengths:

 La     0.8240
 B      0.5300

     --------------------------------------------------------------
      SYMBOLIC NAMES AND INITIAL VALUES OF PARAMETERS TO BE VARIED:
     --------------------------------------------------------------

      ->  Parameter number    1   -> Symbolic Name:                                     Scale_ph1_pat1     42.983742    
  
 
 => No optimization for routine tasks
 ++++++++++++++++++++++++++++++++++++++++++++++++++++++++++++++++++++++++++++++++++++++++++++++++++++++++++++++++++++++++++++++++++++

 => CYCLE No.:    1
 ------------------------------------------------------------------------------------------------------------------------------------
 => Phase  1 Name: nuclear
 ------------------------------------------------------------------------------------------------------------------------------------
 => New parameters, shifts, and standard deviations

 Atom        x       dx      sx       y       dy      sy       z       dz      sz       B       dB      sB      occ.    docc.   socc.

 La       0.00000 0.00000 0.00000  0.00000 0.00000 0.00000  0.00000 0.00000 0.00000  0.25812 0.00000 0.00000  0.02083 0.00000 0.00000
 B        0.19972 0.00000 0.00000  0.50000 0.00000 0.00000  0.50000 0.00000 0.00000  0.11925 0.00000 0.00000  0.12500 0.00000 0.00000

 ==> PROFILE PARAMETERS FOR PATTERN#  1

 => Overall scale factor:     35.601894379    -7.381847382     0.659749925
 => Eta(p-Voigt) or m(Pearson VII):   0.000000  0.000000  0.000000
 => Overall tem. factor:     0.000000    0.000000    0.000000
 => Halfwidth parameters: 
         0.143431    0.000000    0.000000
        -0.523140    0.000000    0.000000
         0.590412    0.000000    0.000000
 => Cell parameters: 
        4.156885    0.000000    0.000000
        4.156885    0.000000    0.000000
        4.156885    0.000000    0.000000
       90.000000    0.000000    0.000000
       90.000000    0.000000    0.000000
       90.000000    0.000000    0.000000
 => Preferred orientation: 
         0.000000    0.000000    0.000000
         0.000000    0.000000    0.000000
 => Asymmetry parameters: 
         0.000000    0.000000    0.000000
         0.000000    0.000000    0.000000
         0.000000    0.000000    0.000000
         0.000000    0.000000    0.000000
 => X and Y parameters: 
         0.000000    0.000000    0.000000
         0.054515    0.000000    0.000000
 => Strain parameters: 
         0.000000    0.000000    0.000000
         0.000000    0.000000    0.000000
         0.000000    0.000000    0.000000
 => Size   parameters (G,L): 
         0.000000    0.000000    0.000000
         0.000000    0.000000    0.000000
 => Further shape parameters (S_L and D_L): 
       0.080000  0.000000  0.000000
       0.080000  0.000000  0.000000

 ==> GLOBAL PARAMETERS FOR PATTERN#  1


 => Zero-point:    -0.4578    0.0000    0.0000
 => Background Polynomial Parameters ==>
       777.35      0.0000      0.0000    
       52.434      0.0000      0.0000    
       365.76      0.0000      0.0000    
       14.659      0.0000      0.0000    
      -415.68      0.0000      0.0000    
       0.0000      0.0000      0.0000    

 => Cos(2theta)-shift parameter :   0.0000  0.0000  0.0000
 => Sin(2theta)-shift parameter :   0.0000  0.0000  0.0000

 ==> RELIABILITY FACTORS WITH ALL NON-EXCLUDED POINTS FOR PATTERN:  1

 => R-Factors:   33.5      48.9     Chi2:  315.     DW-Stat.:  0.0541   Patt#:  1
 => Expected :            2.76                                1.8886
 => Deviance : 0.162E+07     Dev*:   528.1    
 => GoF-index:  18.         Sqrt(Residual/N)
 => N-P+C:  3075

 =>    SumYdif       SumYobs      SumYcal      SumwYobsSQ     Residual    Condition
     0.1699E+07    0.5079E+07    0.4238E+07    0.4048E+07    0.9696E+06     1.000    


 => Conventional Rietveld Rp,Rwp,Re and Chi2:   66.6      83.3      4.69      315.3    
 => (Values obtained using Ynet, but true sigma(y))
 =>  SumYnet, Sum(w Ynet**2):     0.2551E+07    0.1398E+07


 ==> RELIABILITY FACTORS FOR POINTS WITH BRAGG CONTRIBUTIONS FOR PATTERN:  1

 => R-Factors:   33.8      49.2     Chi2:  322.     DW-Stat.:  0.0541   Patt#:
 => Expected :            2.74                                1.8874
 => Deviance : 0.162E+07     Dev*:   539.5    
 => GoF-index:  18.         Sqrt(Residual/N)
 => N-P+C:  3010

 =>    SumYdif       SumYobs      SumYcal      SumwYobsSQ     Residual    Condition
     0.1697E+07    0.5029E+07    0.4188E+07    0.4002E+07    0.9695E+06     1.000    


 => Conventional Rietveld Rp,Rwp,Re and Chi2:   66.5      83.3      4.64      322.1    
 => (Values obtained using Ynet, but true sigma(y))
 =>  SumYnet, Sum(w Ynet**2):     0.2551E+07    0.1398E+07


 => Global user-weigthed Chi2 (Bragg contrib.):   322.    

 => ---------> Pattern#  1
 => Phase:  1
 =>    Bragg R-factor:  33.1    
 =>    RF-factor     :  19.2    
 ++++++++++++++++++++++++++++++++++++++++++++++++++++++++++++++++++++++++++++++++++++++++++++++++++++++++++++++++++++++++++++++++++++

 => CYCLE No.:    2
 ------------------------------------------------------------------------------------------------------------------------------------
 => Phase  1 Name: nuclear
 ------------------------------------------------------------------------------------------------------------------------------------
 => New parameters, shifts, and standard deviations

 Atom        x       dx      sx       y       dy      sy       z       dz      sz       B       dB      sB      occ.    docc.   socc.

 La       0.00000 0.00000 0.00000  0.00000 0.00000 0.00000  0.00000 0.00000 0.00000  0.25812 0.00000 0.00000  0.02083 0.00000 0.00000
 B        0.19972 0.00000 0.00000  0.50000 0.00000 0.00000  0.50000 0.00000 0.00000  0.11925 0.00000 0.00000  0.12500 0.00000 0.00000

 ==> PROFILE PARAMETERS FOR PATTERN#  1

 => Overall scale factor:     31.910961151    -3.690932274     0.617219388
 => Eta(p-Voigt) or m(Pearson VII):   0.000000  0.000000  0.000000
 => Overall tem. factor:     0.000000    0.000000    0.000000
 => Halfwidth parameters: 
         0.143431    0.000000    0.000000
        -0.523140    0.000000    0.000000
         0.590412    0.000000    0.000000
 => Cell parameters: 
        4.156885    0.000000    0.000000
        4.156885    0.000000    0.000000
        4.156885    0.000000    0.000000
       90.000000    0.000000    0.000000
       90.000000    0.000000    0.000000
       90.000000    0.000000    0.000000
 => Preferred orientation: 
         0.000000    0.000000    0.000000
         0.000000    0.000000    0.000000
 => Asymmetry parameters: 
         0.000000    0.000000    0.000000
         0.000000    0.000000    0.000000
         0.000000    0.000000    0.000000
         0.000000    0.000000    0.000000
 => X and Y parameters: 
         0.000000    0.000000    0.000000
         0.054515    0.000000    0.000000
 => Strain parameters: 
         0.000000    0.000000    0.000000
         0.000000    0.000000    0.000000
         0.000000    0.000000    0.000000
 => Size   parameters (G,L): 
         0.000000    0.000000    0.000000
         0.000000    0.000000    0.000000
 => Further shape parameters (S_L and D_L): 
       0.080000  0.000000  0.000000
       0.080000  0.000000  0.000000

 ==> GLOBAL PARAMETERS FOR PATTERN#  1


 => Zero-point:    -0.4578    0.0000    0.0000
 => Background Polynomial Parameters ==>
       777.35      0.0000      0.0000    
       52.434      0.0000      0.0000    
       365.76      0.0000      0.0000    
       14.659      0.0000      0.0000    
      -415.68      0.0000      0.0000    
       0.0000      0.0000      0.0000    

 => Cos(2theta)-shift parameter :   0.0000  0.0000  0.0000
 => Sin(2theta)-shift parameter :   0.0000  0.0000  0.0000

 ==> RELIABILITY FACTORS WITH ALL NON-EXCLUDED POINTS FOR PATTERN:  1

 => R-Factors:   34.4      45.8     Chi2:  276.     DW-Stat.:  0.0500   Patt#:  1
 => Expected :            2.76                                1.8886
 => Deviance : 0.186E+07     Dev*:   604.8    
 => GoF-index:  17.         Sqrt(Residual/N)
 => N-P+C:  3075

 =>    SumYdif       SumYobs      SumYcal      SumwYobsSQ     Residual    Condition
     0.1745E+07    0.5079E+07    0.3944E+07    0.4048E+07    0.8486E+06     1.000    


 => Conventional Rietveld Rp,Rwp,Re and Chi2:   68.4      77.9      4.69      276.0    
 => (Values obtained using Ynet, but true sigma(y))
 =>  SumYnet, Sum(w Ynet**2):     0.2551E+07    0.1398E+07


 ==> RELIABILITY FACTORS FOR POINTS WITH BRAGG CONTRIBUTIONS FOR PATTERN:  1

 => R-Factors:   34.7      46.0     Chi2:  282.     DW-Stat.:  0.0500   Patt#:
 => Expected :            2.74                                1.8874
 => Deviance : 0.186E+07     Dev*:   617.9    
 => GoF-index:  17.         Sqrt(Residual/N)
 => N-P+C:  3010

 =>    SumYdif       SumYobs      SumYcal      SumwYobsSQ     Residual    Condition
     0.1743E+07    0.5029E+07    0.3894E+07    0.4002E+07    0.8486E+06     1.000    


 => Conventional Rietveld Rp,Rwp,Re and Chi2:   68.3      77.9      4.64      281.9    
 => (Values obtained using Ynet, but true sigma(y))
 =>  SumYnet, Sum(w Ynet**2):     0.2551E+07    0.1398E+07


 => Global user-weigthed Chi2 (Bragg contrib.):   282.    

 => ---------> Pattern#  1
 => Phase:  1
 =>    Bragg R-factor:  44.4    
 =>    RF-factor     :  26.1    
 ++++++++++++++++++++++++++++++++++++++++++++++++++++++++++++++++++++++++++++++++++++++++++++++++++++++++++++++++++++++++++++++++++++

 => CYCLE No.:    3
 ------------------------------------------------------------------------------------------------------------------------------------
 => Phase  1 Name: nuclear
 ------------------------------------------------------------------------------------------------------------------------------------
 => New parameters, shifts, and standard deviations

 Atom        x       dx      sx       y       dy      sy       z       dz      sz       B       dB      sB      occ.    docc.   socc.

 La       0.00000 0.00000 0.00000  0.00000 0.00000 0.00000  0.00000 0.00000 0.00000  0.25812 0.00000 0.00000  0.02083 0.00000 0.00000
 B        0.19972 0.00000 0.00000  0.50000 0.00000 0.00000  0.50000 0.00000 0.00000  0.11925 0.00000 0.00000  0.12500 0.00000 0.00000

 ==> PROFILE PARAMETERS FOR PATTERN#  1

 => Overall scale factor:     30.065500259    -1.845460176     0.606120825
 => Eta(p-Voigt) or m(Pearson VII):   0.000000  0.000000  0.000000
 => Overall tem. factor:     0.000000    0.000000    0.000000
 => Halfwidth parameters: 
         0.143431    0.000000    0.000000
        -0.523140    0.000000    0.000000
         0.590412    0.000000    0.000000
 => Cell parameters: 
        4.156885    0.000000    0.000000
        4.156885    0.000000    0.000000
        4.156885    0.000000    0.000000
       90.000000    0.000000    0.000000
       90.000000    0.000000    0.000000
       90.000000    0.000000    0.000000
 => Preferred orientation: 
         0.000000    0.000000    0.000000
         0.000000    0.000000    0.000000
 => Asymmetry parameters: 
         0.000000    0.000000    0.000000
         0.000000    0.000000    0.000000
         0.000000    0.000000    0.000000
         0.000000    0.000000    0.000000
 => X and Y parameters: 
         0.000000    0.000000    0.000000
         0.054515    0.000000    0.000000
 => Strain parameters: 
         0.000000    0.000000    0.000000
         0.000000    0.000000    0.000000
         0.000000    0.000000    0.000000
 => Size   parameters (G,L): 
         0.000000    0.000000    0.000000
         0.000000    0.000000    0.000000
 => Further shape parameters (S_L and D_L): 
       0.080000  0.000000  0.000000
       0.080000  0.000000  0.000000

 ==> GLOBAL PARAMETERS FOR PATTERN#  1


 => Zero-point:    -0.4578    0.0000    0.0000
 => Background Polynomial Parameters ==>
       777.35      0.0000      0.0000    
       52.434      0.0000      0.0000    
       365.76      0.0000      0.0000    
       14.659      0.0000      0.0000    
      -415.68      0.0000      0.0000    
       0.0000      0.0000      0.0000    

 => Cos(2theta)-shift parameter :   0.0000  0.0000  0.0000
 => Sin(2theta)-shift parameter :   0.0000  0.0000  0.0000

 ==> RELIABILITY FACTORS WITH ALL NON-EXCLUDED POINTS FOR PATTERN:  1

 => R-Factors:   35.1      45.0     Chi2:  266.     DW-Stat.:  0.0466   Patt#:  1
 => Expected :            2.76                                1.8886
 => Deviance : 0.203E+07     Dev*:   659.3    
 => GoF-index:  16.         Sqrt(Residual/N)
 => N-P+C:  3075

 =>    SumYdif       SumYobs      SumYcal      SumwYobsSQ     Residual    Condition
     0.1784E+07    0.5079E+07    0.3797E+07    0.4048E+07    0.8184E+06     1.000    


 => Conventional Rietveld Rp,Rwp,Re and Chi2:   69.9      76.5      4.69      266.1    
 => (Values obtained using Ynet, but true sigma(y))
 =>  SumYnet, Sum(w Ynet**2):     0.2551E+07    0.1398E+07


 ==> RELIABILITY FACTORS FOR POINTS WITH BRAGG CONTRIBUTIONS FOR PATTERN:  1

 => R-Factors:   35.4      45.2     Chi2:  272.     DW-Stat.:  0.0466   Patt#:
 => Expected :            2.74                                1.8874
 => Deviance : 0.203E+07     Dev*:   673.6    
 => GoF-index:  16.         Sqrt(Residual/N)
 => N-P+C:  3010

 =>    SumYdif       SumYobs      SumYcal      SumwYobsSQ     Residual    Condition
     0.1782E+07    0.5029E+07    0.3747E+07    0.4002E+07    0.8183E+06     1.000    


 => Conventional Rietveld Rp,Rwp,Re and Chi2:   69.9      76.5      4.64      271.9    
 => (Values obtained using Ynet, but true sigma(y))
 =>  SumYnet, Sum(w Ynet**2):     0.2551E+07    0.1398E+07


 => Global user-weigthed Chi2 (Bragg contrib.):   272.    

 => ---------> Pattern#  1
 => Phase:  1
 =>    Bragg R-factor:  50.1    
 =>    RF-factor     :  30.0    
 ++++++++++++++++++++++++++++++++++++++++++++++++++++++++++++++++++++++++++++++++++++++++++++++++++++++++++++++++++++++++++++++++++++

 => CYCLE No.:    4
 ------------------------------------------------------------------------------------------------------------------------------------
 => Phase  1 Name: nuclear
 ------------------------------------------------------------------------------------------------------------------------------------
 => New parameters, shifts, and standard deviations

 Atom        x       dx      sx       y       dy      sy       z       dz      sz       B       dB      sB      occ.    docc.   socc.

 La       0.00000 0.00000 0.00000  0.00000 0.00000 0.00000  0.00000 0.00000 0.00000  0.25812 0.00000 0.00000  0.02083 0.00000 0.00000
 B        0.19972 0.00000 0.00000  0.50000 0.00000 0.00000  0.50000 0.00000 0.00000  0.11925 0.00000 0.00000  0.12500 0.00000 0.00000

 ==> PROFILE PARAMETERS FOR PATTERN#  1

 => Overall scale factor:     29.142774582    -0.922724962     0.603313327
 => Eta(p-Voigt) or m(Pearson VII):   0.000000  0.000000  0.000000
 => Overall tem. factor:     0.000000    0.000000    0.000000
 => Halfwidth parameters: 
         0.143431    0.000000    0.000000
        -0.523140    0.000000    0.000000
         0.590412    0.000000    0.000000
 => Cell parameters: 
        4.156885    0.000000    0.000000
        4.156885    0.000000    0.000000
        4.156885    0.000000    0.000000
       90.000000    0.000000    0.000000
       90.000000    0.000000    0.000000
       90.000000    0.000000    0.000000
 => Preferred orientation: 
         0.000000    0.000000    0.000000
         0.000000    0.000000    0.000000
 => Asymmetry parameters: 
         0.000000    0.000000    0.000000
         0.000000    0.000000    0.000000
         0.000000    0.000000    0.000000
         0.000000    0.000000    0.000000
 => X and Y parameters: 
         0.000000    0.000000    0.000000
         0.054515    0.000000    0.000000
 => Strain parameters: 
         0.000000    0.000000    0.000000
         0.000000    0.000000    0.000000
         0.000000    0.000000    0.000000
 => Size   parameters (G,L): 
         0.000000    0.000000    0.000000
         0.000000    0.000000    0.000000
 => Further shape parameters (S_L and D_L): 
       0.080000  0.000000  0.000000
       0.080000  0.000000  0.000000

 ==> GLOBAL PARAMETERS FOR PATTERN#  1


 => Zero-point:    -0.4578    0.0000    0.0000
 => Background Polynomial Parameters ==>
       777.35      0.0000      0.0000    
       52.434      0.0000      0.0000    
       365.76      0.0000      0.0000    
       14.659      0.0000      0.0000    
      -415.68      0.0000      0.0000    
       0.0000      0.0000      0.0000    

 => Cos(2theta)-shift parameter :   0.0000  0.0000  0.0000
 => Sin(2theta)-shift parameter :   0.0000  0.0000  0.0000

 ==> RELIABILITY FACTORS WITH ALL NON-EXCLUDED POINTS FOR PATTERN:  1

 => R-Factors:   35.5      44.8     Chi2:  264.     DW-Stat.:  0.0445   Patt#:  1
 => Expected :            2.76                                1.8886
 => Deviance : 0.213E+07     Dev*:   691.5    
 => GoF-index:  16.         Sqrt(Residual/N)
 => N-P+C:  3075

 =>    SumYdif       SumYobs      SumYcal      SumwYobsSQ     Residual    Condition
     0.1805E+07    0.5079E+07    0.3724E+07    0.4048E+07    0.8108E+06     1.000    


 => Conventional Rietveld Rp,Rwp,Re and Chi2:   70.8      76.2      4.69      263.7    
 => (Values obtained using Ynet, but true sigma(y))
 =>  SumYnet, Sum(w Ynet**2):     0.2551E+07    0.1398E+07


 ==> RELIABILITY FACTORS FOR POINTS WITH BRAGG CONTRIBUTIONS FOR PATTERN:  1

 => R-Factors:   35.9      45.0     Chi2:  269.     DW-Stat.:  0.0445   Patt#:
 => Expected :            2.74                                1.8874
 => Deviance : 0.213E+07     Dev*:   706.4    
 => GoF-index:  16.         Sqrt(Residual/N)
 => N-P+C:  3010

 =>    SumYdif       SumYobs      SumYcal      SumwYobsSQ     Residual    Condition
     0.1804E+07    0.5029E+07    0.3674E+07    0.4002E+07    0.8108E+06     1.000    


 => Conventional Rietveld Rp,Rwp,Re and Chi2:   70.7      76.2      4.64      269.4    
 => (Values obtained using Ynet, but true sigma(y))
 =>  SumYnet, Sum(w Ynet**2):     0.2551E+07    0.1398E+07


 => Global user-weigthed Chi2 (Bragg contrib.):   269.    

 => ---------> Pattern#  1
 => Phase:  1
 =>    Bragg R-factor:  53.0    
 =>    RF-factor     :  32.0    
 ++++++++++++++++++++++++++++++++++++++++++++++++++++++++++++++++++++++++++++++++++++++++++++++++++++++++++++++++++++++++++++++++++++

 => CYCLE No.:    5
 ------------------------------------------------------------------------------------------------------------------------------------
 => Phase  1 Name: nuclear
 ------------------------------------------------------------------------------------------------------------------------------------
 => New parameters, shifts, and standard deviations

 Atom        x       dx      sx       y       dy      sy       z       dz      sz       B       dB      sB      occ.    docc.   socc.

 La       0.00000 0.00000 0.00000  0.00000 0.00000 0.00000  0.00000 0.00000 0.00000  0.25812 0.00000 0.00000  0.02083 0.00000 0.00000
 B        0.19972 0.00000 0.00000  0.50000 0.00000 0.00000  0.50000 0.00000 0.00000  0.11925 0.00000 0.00000  0.12500 0.00000 0.00000

 ==> PROFILE PARAMETERS FOR PATTERN#  1

 => Overall scale factor:     28.681411743    -0.461362183     0.602610409
 => Eta(p-Voigt) or m(Pearson VII):   0.000000  0.000000  0.000000
 => Overall tem. factor:     0.000000    0.000000    0.000000
 => Halfwidth parameters: 
         0.143431    0.000000    0.000000
        -0.523140    0.000000    0.000000
         0.590412    0.000000    0.000000
 => Cell parameters: 
        4.156885    0.000000    0.000000
        4.156885    0.000000    0.000000
        4.156885    0.000000    0.000000
       90.000000    0.000000    0.000000
       90.000000    0.000000    0.000000
       90.000000    0.000000    0.000000
 => Preferred orientation: 
         0.000000    0.000000    0.000000
         0.000000    0.000000    0.000000
 => Asymmetry parameters: 
         0.000000    0.000000    0.000000
         0.000000    0.000000    0.000000
         0.000000    0.000000    0.000000
         0.000000    0.000000    0.000000
 => X and Y parameters: 
         0.000000    0.000000    0.000000
         0.054515    0.000000    0.000000
 => Strain parameters: 
         0.000000    0.000000    0.000000
         0.000000    0.000000    0.000000
         0.000000    0.000000    0.000000
 => Size   parameters (G,L): 
         0.000000    0.000000    0.000000
         0.000000    0.000000    0.000000
 => Further shape parameters (S_L and D_L): 
       0.080000  0.000000  0.000000
       0.080000  0.000000  0.000000

 ==> GLOBAL PARAMETERS FOR PATTERN#  1


 => Zero-point:    -0.4578    0.0000    0.0000
 => Background Polynomial Parameters ==>
       777.35      0.0000      0.0000    
       52.434      0.0000      0.0000    
       365.76      0.0000      0.0000    
       14.659      0.0000      0.0000    
      -415.68      0.0000      0.0000    
       0.0000      0.0000      0.0000    

 => Cos(2theta)-shift parameter :   0.0000  0.0000  0.0000
 => Sin(2theta)-shift parameter :   0.0000  0.0000  0.0000

 ==> RELIABILITY FACTORS WITH ALL NON-EXCLUDED POINTS FOR PATTERN:  1

 => R-Factors:   35.8      44.7     Chi2:  263.     DW-Stat.:  0.0435   Patt#:  1
 => Expected :            2.76                                1.8886
 => Deviance : 0.218E+07     Dev*:   709.0    
 => GoF-index:  16.         Sqrt(Residual/N)
 => N-P+C:  3075

 =>    SumYdif       SumYobs      SumYcal      SumwYobsSQ     Residual    Condition
     0.1817E+07    0.5079E+07    0.3687E+07    0.4048E+07    0.8089E+06     1.000    


 => Conventional Rietveld Rp,Rwp,Re and Chi2:   71.2      76.1      4.69      263.1    
 => (Values obtained using Ynet, but true sigma(y))
 =>  SumYnet, Sum(w Ynet**2):     0.2551E+07    0.1398E+07


 ==> RELIABILITY FACTORS FOR POINTS WITH BRAGG CONTRIBUTIONS FOR PATTERN:  1

 => R-Factors:   36.1      45.0     Chi2:  269.     DW-Stat.:  0.0435   Patt#:
 => Expected :            2.74                                1.8874
 => Deviance : 0.218E+07     Dev*:   724.2    
 => GoF-index:  16.         Sqrt(Residual/N)
 => N-P+C:  3010

 =>    SumYdif       SumYobs      SumYcal      SumwYobsSQ     Residual    Condition
     0.1815E+07    0.5029E+07    0.3637E+07    0.4002E+07    0.8089E+06     1.000    


 => Conventional Rietveld Rp,Rwp,Re and Chi2:   71.2      76.1      4.64      268.7    
 => (Values obtained using Ynet, but true sigma(y))
 =>  SumYnet, Sum(w Ynet**2):     0.2551E+07    0.1398E+07


 => Global user-weigthed Chi2 (Bragg contrib.):   269.    

 => ---------> Pattern#  1
 => Phase:  1
 =>    Bragg R-factor:  54.4    
 =>    RF-factor     :  33.1    
 ++++++++++++++++++++++++++++++++++++++++++++++++++++++++++++++++++++++++++++++++++++++++++++++++++++++++++++++++++++++++++++++++++++

 => CYCLE No.:    6
 ------------------------------------------------------------------------------------------------------------------------------------
 => Phase  1 Name: nuclear
 ------------------------------------------------------------------------------------------------------------------------------------
 => New parameters, shifts, and standard deviations

 Atom        x       dx      sx       y       dy      sy       z       dz      sz       B       dB      sB      occ.    docc.   socc.

 La       0.00000 0.00000 0.00000  0.00000 0.00000 0.00000  0.00000 0.00000 0.00000  0.25812 0.00000 0.00000  0.02083 0.00000 0.00000
 B        0.19972 0.00000 0.00000  0.50000 0.00000 0.00000  0.50000 0.00000 0.00000  0.11925 0.00000 0.00000  0.12500 0.00000 0.00000

 ==> PROFILE PARAMETERS FOR PATTERN#  1

 => Overall scale factor:     28.450731277    -0.230679885     0.602434218
 => Eta(p-Voigt) or m(Pearson VII):   0.000000  0.000000  0.000000
 => Overall tem. factor:     0.000000    0.000000    0.000000
 => Halfwidth parameters: 
         0.143431    0.000000    0.000000
        -0.523140    0.000000    0.000000
         0.590412    0.000000    0.000000
 => Cell parameters: 
        4.156885    0.000000    0.000000
        4.156885    0.000000    0.000000
        4.156885    0.000000    0.000000
       90.000000    0.000000    0.000000
       90.000000    0.000000    0.000000
       90.000000    0.000000    0.000000
 => Preferred orientation: 
         0.000000    0.000000    0.000000
         0.000000    0.000000    0.000000
 => Asymmetry parameters: 
         0.000000    0.000000    0.000000
         0.000000    0.000000    0.000000
         0.000000    0.000000    0.000000
         0.000000    0.000000    0.000000
 => X and Y parameters: 
         0.000000    0.000000    0.000000
         0.054515    0.000000    0.000000
 => Strain parameters: 
         0.000000    0.000000    0.000000
         0.000000    0.000000    0.000000
         0.000000    0.000000    0.000000
 => Size   parameters (G,L): 
         0.000000    0.000000    0.000000
         0.000000    0.000000    0.000000
 => Further shape parameters (S_L and D_L): 
       0.080000  0.000000  0.000000
       0.080000  0.000000  0.000000

 ==> GLOBAL PARAMETERS FOR PATTERN#  1


 => Zero-point:    -0.4578    0.0000    0.0000
 => Background Polynomial Parameters ==>
       777.35      0.0000      0.0000    
       52.434      0.0000      0.0000    
       365.76      0.0000      0.0000    
       14.659      0.0000      0.0000    
      -415.68      0.0000      0.0000    
       0.0000      0.0000      0.0000    

 => Cos(2theta)-shift parameter :   0.0000  0.0000  0.0000
 => Sin(2theta)-shift parameter :   0.0000  0.0000  0.0000

 ==> RELIABILITY FACTORS WITH ALL NON-EXCLUDED POINTS FOR PATTERN:  1

 => R-Factors:   35.9      44.7     Chi2:  263.     DW-Stat.:  0.0429   Patt#:  1
 => Expected :            2.76                                1.8886
 => Deviance : 0.221E+07     Dev*:   718.1    
 => GoF-index:  16.         Sqrt(Residual/N)
 => N-P+C:  3075

 =>    SumYdif       SumYobs      SumYcal      SumwYobsSQ     Residual    Condition
     0.1823E+07    0.5079E+07    0.3669E+07    0.4048E+07    0.8085E+06     1.000    


 => Conventional Rietveld Rp,Rwp,Re and Chi2:   71.4      76.1      4.69      262.9    
 => (Values obtained using Ynet, but true sigma(y))
 =>  SumYnet, Sum(w Ynet**2):     0.2551E+07    0.1398E+07


 ==> RELIABILITY FACTORS FOR POINTS WITH BRAGG CONTRIBUTIONS FOR PATTERN:  1

 => R-Factors:   36.2      44.9     Chi2:  269.     DW-Stat.:  0.0429   Patt#:
 => Expected :            2.74                                1.8874
 => Deviance : 0.221E+07     Dev*:   733.5    
 => GoF-index:  16.         Sqrt(Residual/N)
 => N-P+C:  3010

 =>    SumYdif       SumYobs      SumYcal      SumwYobsSQ     Residual    Condition
     0.1821E+07    0.5029E+07    0.3619E+07    0.4002E+07    0.8084E+06     1.000    


 => Conventional Rietveld Rp,Rwp,Re and Chi2:   71.4      76.1      4.64      268.6    
 => (Values obtained using Ynet, but true sigma(y))
 =>  SumYnet, Sum(w Ynet**2):     0.2551E+07    0.1398E+07


 => Global user-weigthed Chi2 (Bragg contrib.):   269.    

 => ---------> Pattern#  1
 => Phase:  1
 =>    Bragg R-factor:  55.1    
 =>    RF-factor     :  33.6    
 ++++++++++++++++++++++++++++++++++++++++++++++++++++++++++++++++++++++++++++++++++++++++++++++++++++++++++++++++++++++++++++++++++++

 => CYCLE No.:    7
 ------------------------------------------------------------------------------------------------------------------------------------
 => Phase  1 Name: nuclear
 ------------------------------------------------------------------------------------------------------------------------------------
 => New parameters, shifts, and standard deviations

 Atom        x       dx      sx       y       dy      sy       z       dz      sz       B       dB      sB      occ.    docc.   socc.

 La       0.00000 0.00000 0.00000  0.00000 0.00000 0.00000  0.00000 0.00000 0.00000  0.25812 0.00000 0.00000  0.02083 0.00000 0.00000
 B        0.19972 0.00000 0.00000  0.50000 0.00000 0.00000  0.50000 0.00000 0.00000  0.11925 0.00000 0.00000  0.12500 0.00000 0.00000

 ==> PROFILE PARAMETERS FOR PATTERN#  1

 => Overall scale factor:     28.335390091    -0.115341485     0.602390051
 => Eta(p-Voigt) or m(Pearson VII):   0.000000  0.000000  0.000000
 => Overall tem. factor:     0.000000    0.000000    0.000000
 => Halfwidth parameters: 
         0.143431    0.000000    0.000000
        -0.523140    0.000000    0.000000
         0.590412    0.000000    0.000000
 => Cell parameters: 
        4.156885    0.000000    0.000000
        4.156885    0.000000    0.000000
        4.156885    0.000000    0.000000
       90.000000    0.000000    0.000000
       90.000000    0.000000    0.000000
       90.000000    0.000000    0.000000
 => Preferred orientation: 
         0.000000    0.000000    0.000000
         0.000000    0.000000    0.000000
 => Asymmetry parameters: 
         0.000000    0.000000    0.000000
         0.000000    0.000000    0.000000
         0.000000    0.000000    0.000000
         0.000000    0.000000    0.000000
 => X and Y parameters: 
         0.000000    0.000000    0.000000
         0.054515    0.000000    0.000000
 => Strain parameters: 
         0.000000    0.000000    0.000000
         0.000000    0.000000    0.000000
         0.000000    0.000000    0.000000
 => Size   parameters (G,L): 
         0.000000    0.000000    0.000000
         0.000000    0.000000    0.000000
 => Further shape parameters (S_L and D_L): 
       0.080000  0.000000  0.000000
       0.080000  0.000000  0.000000

 ==> GLOBAL PARAMETERS FOR PATTERN#  1


 => Zero-point:    -0.4578    0.0000    0.0000
 => Background Polynomial Parameters ==>
       777.35      0.0000      0.0000    
       52.434      0.0000      0.0000    
       365.76      0.0000      0.0000    
       14.659      0.0000      0.0000    
      -415.68      0.0000      0.0000    
       0.0000      0.0000      0.0000    

 => Cos(2theta)-shift parameter :   0.0000  0.0000  0.0000
 => Sin(2theta)-shift parameter :   0.0000  0.0000  0.0000

 ==> RELIABILITY FACTORS WITH ALL NON-EXCLUDED POINTS FOR PATTERN:  1

 => R-Factors:   35.9      44.7     Chi2:  263.     DW-Stat.:  0.0426   Patt#:  1
 => Expected :            2.76                                1.8886
 => Deviance : 0.222E+07     Dev*:   722.7    
 => GoF-index:  16.         Sqrt(Residual/N)
 => N-P+C:  3075

 =>    SumYdif       SumYobs      SumYcal      SumwYobsSQ     Residual    Condition
     0.1826E+07    0.5079E+07    0.3660E+07    0.4048E+07    0.8084E+06     1.000    


 => Conventional Rietveld Rp,Rwp,Re and Chi2:   71.6      76.1      4.69      262.9    
 => (Values obtained using Ynet, but true sigma(y))
 =>  SumYnet, Sum(w Ynet**2):     0.2551E+07    0.1398E+07


 ==> RELIABILITY FACTORS FOR POINTS WITH BRAGG CONTRIBUTIONS FOR PATTERN:  1

 => R-Factors:   36.3      44.9     Chi2:  269.     DW-Stat.:  0.0426   Patt#:
 => Expected :            2.74                                1.8874
 => Deviance : 0.222E+07     Dev*:   738.3    
 => GoF-index:  16.         Sqrt(Residual/N)
 => N-P+C:  3010

 =>    SumYdif       SumYobs      SumYcal      SumwYobsSQ     Residual    Condition
     0.1824E+07    0.5029E+07    0.3610E+07    0.4002E+07    0.8083E+06     1.000    


 => Conventional Rietveld Rp,Rwp,Re and Chi2:   71.5      76.0      4.64      268.5    
 => (Values obtained using Ynet, but true sigma(y))
 =>  SumYnet, Sum(w Ynet**2):     0.2551E+07    0.1398E+07


 => Global user-weigthed Chi2 (Bragg contrib.):   269.    

 => ---------> Pattern#  1
 => Phase:  1
 =>    Bragg R-factor:  55.5    
 =>    RF-factor     :  33.9    
 ++++++++++++++++++++++++++++++++++++++++++++++++++++++++++++++++++++++++++++++++++++++++++++++++++++++++++++++++++++++++++++++++++++

 => CYCLE No.:    8
 ------------------------------------------------------------------------------------------------------------------------------------
 => Phase  1 Name: nuclear
 ------------------------------------------------------------------------------------------------------------------------------------
 => New parameters, shifts, and standard deviations

 Atom        x       dx      sx       y       dy      sy       z       dz      sz       B       dB      sB      occ.    docc.   socc.

 La       0.00000 0.00000 0.00000  0.00000 0.00000 0.00000  0.00000 0.00000 0.00000  0.25812 0.00000 0.00000  0.02083 0.00000 0.00000
 B        0.19972 0.00000 0.00000  0.50000 0.00000 0.00000  0.50000 0.00000 0.00000  0.11925 0.00000 0.00000  0.12500 0.00000 0.00000

 ==> PROFILE PARAMETERS FOR PATTERN#  1

 => Overall scale factor:     28.277721405    -0.057669424     0.602379203
 => Eta(p-Voigt) or m(Pearson VII):   0.000000  0.000000  0.000000
 => Overall tem. factor:     0.000000    0.000000    0.000000
 => Halfwidth parameters: 
         0.143431    0.000000    0.000000
        -0.523140    0.000000    0.000000
         0.590412    0.000000    0.000000
 => Cell parameters: 
        4.156885    0.000000    0.000000
        4.156885    0.000000    0.000000
        4.156885    0.000000    0.000000
       90.000000    0.000000    0.000000
       90.000000    0.000000    0.000000
       90.000000    0.000000    0.000000
 => Preferred orientation: 
         0.000000    0.000000    0.000000
         0.000000    0.000000    0.000000
 => Asymmetry parameters: 
         0.000000    0.000000    0.000000
         0.000000    0.000000    0.000000
         0.000000    0.000000    0.000000
         0.000000    0.000000    0.000000
 => X and Y parameters: 
         0.000000    0.000000    0.000000
         0.054515    0.000000    0.000000
 => Strain parameters: 
         0.000000    0.000000    0.000000
         0.000000    0.000000    0.000000
         0.000000    0.000000    0.000000
 => Size   parameters (G,L): 
         0.000000    0.000000    0.000000
         0.000000    0.000000    0.000000
 => Further shape parameters (S_L and D_L): 
       0.080000  0.000000  0.000000
       0.080000  0.000000  0.000000

 ==> GLOBAL PARAMETERS FOR PATTERN#  1


 => Zero-point:    -0.4578    0.0000    0.0000
 => Background Polynomial Parameters ==>
       777.35      0.0000      0.0000    
       52.434      0.0000      0.0000    
       365.76      0.0000      0.0000    
       14.659      0.0000      0.0000    
      -415.68      0.0000      0.0000    
       0.0000      0.0000      0.0000    

 => Cos(2theta)-shift parameter :   0.0000  0.0000  0.0000
 => Sin(2theta)-shift parameter :   0.0000  0.0000  0.0000

 ==> RELIABILITY FACTORS WITH ALL NON-EXCLUDED POINTS FOR PATTERN:  1

 => R-Factors:   36.0      44.7     Chi2:  263.     DW-Stat.:  0.0425   Patt#:  1
 => Expected :            2.76                                1.8886
 => Deviance : 0.223E+07     Dev*:   725.0    
 => GoF-index:  16.         Sqrt(Residual/N)
 => N-P+C:  3075

 =>    SumYdif       SumYobs      SumYcal      SumwYobsSQ     Residual    Condition
     0.1827E+07    0.5079E+07    0.3655E+07    0.4048E+07    0.8083E+06     1.000    


 => Conventional Rietveld Rp,Rwp,Re and Chi2:   71.6      76.0      4.69      262.9    
 => (Values obtained using Ynet, but true sigma(y))
 =>  SumYnet, Sum(w Ynet**2):     0.2551E+07    0.1398E+07


 ==> RELIABILITY FACTORS FOR POINTS WITH BRAGG CONTRIBUTIONS FOR PATTERN:  1

 => R-Factors:   36.3      44.9     Chi2:  269.     DW-Stat.:  0.0425   Patt#:
 => Expected :            2.74                                1.8874
 => Deviance : 0.223E+07     Dev*:   740.7    
 => GoF-index:  16.         Sqrt(Residual/N)
 => N-P+C:  3010

 =>    SumYdif       SumYobs      SumYcal      SumwYobsSQ     Residual    Condition
     0.1825E+07    0.5029E+07    0.3605E+07    0.4002E+07    0.8083E+06     1.000    


 => Conventional Rietveld Rp,Rwp,Re and Chi2:   71.6      76.0      4.64      268.5    
 => (Values obtained using Ynet, but true sigma(y))
 =>  SumYnet, Sum(w Ynet**2):     0.2551E+07    0.1398E+07


 => Global user-weigthed Chi2 (Bragg contrib.):   269.    

 => ---------> Pattern#  1
 => Phase:  1
 =>    Bragg R-factor:  55.7    
 =>    RF-factor     :  34.0    


   Standard deviations have to be multiplied by: 4.5055
   (correlated residuals) See references:
  -J.F.Berar & P.Lelann, J. Appl. Cryst. 24, 1-5 (1991) 
  -J.F.Berar, Acc. in Pow. Diff. II,NIST Sp.Pub. 846, 63(1992) 

 ++++++++++++++++++++++++++++++++++++++++++++++++++++++++++++++++++++++++++++++++++++++++++++++++++++++++++++++++++++++++++++++++++++

 => CYCLE No.:    8
 =>  Convergence reached at this CYCLE !!!!
 =>  Parameter shifts set to zero
 ------------------------------------------------------------------------------------------------------------------------------------
 => Phase  1 Name: nuclear
 ------------------------------------------------------------------------------------------------------------------------------------
 => New parameters, shifts, and standard deviations

 Atom        x       dx      sx       y       dy      sy       z       dz      sz       B       dB      sB      occ.    docc.   socc.

 La       0.00000 0.00000 0.00000  0.00000 0.00000 0.00000  0.00000 0.00000 0.00000  0.25812 0.00000 0.00000  0.02083 0.00000 0.00000
 B        0.19972 0.00000 0.00000  0.50000 0.00000 0.00000  0.50000 0.00000 0.00000  0.11925 0.00000 0.00000  0.12500 0.00000 0.00000

 ==> PROFILE PARAMETERS FOR PATTERN#  1

 => Overall scale factor:     28.277721405     0.000000000     0.602379203
 => Eta(p-Voigt) or m(Pearson VII):   0.000000  0.000000  0.000000
 => Overall tem. factor:     0.000000    0.000000    0.000000
 => Halfwidth parameters: 
         0.143431    0.000000    0.000000
        -0.523140    0.000000    0.000000
         0.590412    0.000000    0.000000
 => Cell parameters: 
        4.156885    0.000000    0.000000
        4.156885    0.000000    0.000000
        4.156885    0.000000    0.000000
       90.000000    0.000000    0.000000
       90.000000    0.000000    0.000000
       90.000000    0.000000    0.000000
 => Preferred orientation: 
         0.000000    0.000000    0.000000
         0.000000    0.000000    0.000000
 => Asymmetry parameters: 
         0.000000    0.000000    0.000000
         0.000000    0.000000    0.000000
         0.000000    0.000000    0.000000
         0.000000    0.000000    0.000000
 => X and Y parameters: 
         0.000000    0.000000    0.000000
         0.054515    0.000000    0.000000
 => Strain parameters: 
         0.000000    0.000000    0.000000
         0.000000    0.000000    0.000000
         0.000000    0.000000    0.000000
 => Size   parameters (G,L): 
         0.000000    0.000000    0.000000
         0.000000    0.000000    0.000000
 => Further shape parameters (S_L and D_L): 
       0.080000  0.000000  0.000000
       0.080000  0.000000  0.000000

 ==> GLOBAL PARAMETERS FOR PATTERN#  1


 => Zero-point:    -0.4578    0.0000    0.0000
 => Background Polynomial Parameters ==>
       777.35      0.0000      0.0000    
       52.434      0.0000      0.0000    
       365.76      0.0000      0.0000    
       14.659      0.0000      0.0000    
      -415.68      0.0000      0.0000    
       0.0000      0.0000      0.0000    

 => Cos(2theta)-shift parameter :   0.0000  0.0000  0.0000
 => Sin(2theta)-shift parameter :   0.0000  0.0000  0.0000

 ==> RELIABILITY FACTORS WITH ALL NON-EXCLUDED POINTS FOR PATTERN:  1

 => R-Factors:   36.0      44.7     Chi2:  263.     DW-Stat.:  0.0425   Patt#:  1
 => Expected :            2.76                                1.8886
 => Deviance : 0.223E+07     Dev*:   725.0    
 => GoF-index:  16.         Sqrt(Residual/N)
 => N-P+C:  3075

 =>    SumYdif       SumYobs      SumYcal      SumwYobsSQ     Residual    Condition
     0.1827E+07    0.5079E+07    0.3655E+07    0.4048E+07    0.8083E+06     1.000    


 => Conventional Rietveld Rp,Rwp,Re and Chi2:   71.6      76.0      4.69      262.9    
 => (Values obtained using Ynet, but true sigma(y))
 =>  SumYnet, Sum(w Ynet**2):     0.2551E+07    0.1398E+07

 => N-sigma of the GoF:    10268.201

 ==> RELIABILITY FACTORS FOR POINTS WITH BRAGG CONTRIBUTIONS FOR PATTERN:  1

 => R-Factors:   36.3      44.9     Chi2:  269.     DW-Stat.:  0.0425   Patt#:
 => Expected :            2.74                                1.8874
 => Deviance : 0.223E+07     Dev*:   740.7    
 => GoF-index:  16.         Sqrt(Residual/N)
 => N-P+C:  3010

 =>    SumYdif       SumYobs      SumYcal      SumwYobsSQ     Residual    Condition
     0.1825E+07    0.5029E+07    0.3605E+07    0.4002E+07    0.8083E+06     1.000    


 => Conventional Rietveld Rp,Rwp,Re and Chi2:   71.6      76.0      4.64      268.5    
 => (Values obtained using Ynet, but true sigma(y))
 =>  SumYnet, Sum(w Ynet**2):     0.2551E+07    0.1398E+07

 => N-sigma of the GoF:    10378.404

 => Global user-weigthed Chi2 (Bragg contrib.):   269.    

 => ---------> Pattern#  1
 => Phase:  1
 =>    Bragg R-factor:  55.7    
 =>    RF-factor     :  34.0    

 --------------------------------------------------------------------------------------------------------------------------------------------------------
 Pattern#  1 Phase No.:   1 Phase name: nuclear
 --------------------------------------------------------------------------------------------------------------------------------------------------------

   No.  Code     H   K   L  Mult     Hw         2theta      Icalc       Iobs      Sigma      HwG     HwL       ETA       d-hkl        CORR

      1   1      1   0   0     6  0.731118      22.528     2112.6     7034.7     32.206  0.701364  0.055586  0.101148  4.156885     80.176331
      2   1      1   1   0    12  0.702600      32.071     3420.4     6567.6     30.573  0.672236  0.056722  0.107230  2.939362     81.815392
      3   1      1   1   1     8  0.679762      39.549     3383.1     6854.9     25.984  0.648748  0.057931  0.113019  2.399979     37.137444
      4   1      2   0   0     6  0.659592      45.990     2574.0     4852.8     23.066  0.627882  0.059221  0.118881  2.078443     21.354900
      5   1      2   1   0    24  0.640918      51.795     1713.8     2708.1     18.515  0.608463  0.060601  0.124990  1.859016     69.928001
      6   1      2   1   1    24  0.623134      57.168      807.1     3154.4     23.476  0.589877  0.062082  0.131469  1.697041     59.697586
      7   1      2   2   0    12  0.588854      67.073       16.5        0.0      5.014  0.553791  0.065402  0.145986  1.469681     23.583893
      8   1      2   2   1    24  0.571917      71.744     9554.5    22145.5     46.371  0.535829  0.067275  0.154266  1.385628     43.127769
      9   1      3   0   0     6  0.571917      71.744     1387.8     3216.7      6.735  0.535829  0.067275  0.154266  1.385628     10.781942
     10   1      3   1   0    24  0.554906      76.293     6260.9    13663.1     34.768  0.517696  0.069319  0.163416  1.314523     39.994278
     11   1      3   1   1    24  0.537709      80.756      371.0      508.4      8.812  0.499260  0.071562  0.173610  1.253348     37.534580
     12   1      2   2   2     8  0.520242      85.162      993.8     2757.5     18.387  0.480417  0.074037  0.185059  1.199989     11.865570
     13   1      3   2   0    24  0.502457      89.539       63.1      339.8      8.714  0.461090  0.076788  0.198015  1.152913     34.079453
     14   1      3   2   1    48  0.484361      93.914      401.3      453.4     16.106  0.441249  0.079870  0.212779  1.110974     65.831009
     15   1      4   0   0     6  0.447798     102.761     2193.7     4657.1     23.784  0.400379  0.087343  0.249114  1.039221      7.873926
     16   1      3   2   2    24  0.430170     107.288     2238.8     4936.2     21.321  0.380031  0.091962  0.271309  1.008193     31.210724
     17   1      4   1   0    24  0.430170     107.288       53.7      118.4      0.511  0.380031  0.091962  0.271309  1.008193     31.210724
     18   1      4   1   1    24  0.414324     111.931      171.0      389.6      1.184  0.360935  0.097402  0.296206  0.979787     31.220264
     19   1      3   3   0    12  0.414324     111.931     5249.5    11960.0     36.362  0.360935  0.097402  0.296206  0.979787     15.610133
     20   1      3   3   1    24  0.402525     116.730      297.7     1276.4     12.462  0.345190  0.103936  0.322822  0.953655     31.561459
     21   1      4   2   0    24  0.399116     121.742     1463.8     2603.2     18.021  0.336924  0.111992  0.348191  0.929508     32.307198
     22   1      4   2   1    48  0.412112     127.042     4788.5     9216.5     31.478  0.343868  0.122267  0.366179  0.907107     67.183456
     23   1      3   3   2    24  0.455472     132.743     2534.3     5068.3     27.017  0.379509  0.136013  0.368330  0.886251     35.669777
     24   1      4   2   2    24  0.754323     146.234      426.6     1682.6     15.431  0.651048  0.187713  0.312098  0.848521     45.125885
     25   1      4   3   0    24  1.222059     155.179     3197.1     9369.3     28.671  1.083964  0.253655  0.263973  0.831377     58.539139
     26   1      5   0   0     6  1.222059     155.179       28.8       84.3      0.258  1.083964  0.253655  0.263973  0.831377     14.634785

     -----------------------------------------------------
     BRAGG R-Factors and weight fractions for Pattern #  1
     -----------------------------------------------------

 => Phase:  1     nuclear
 => Bragg R-factor:   55.7       Vol:   71.830( 0.000)  Fract(%):  100.00( 3.01)
 => Rf-factor=  34.1             ATZ:         203.711   Brindley:  1.0000

     -----------------------------------------------------------------
      SYMBOLIC NAMES AND FINAL VALUES AND SIGMA OF REFINED PARAMETERS:
     -----------------------------------------------------------------

      ->  Parameter number    1 :                                     Scale_ph1_pat1     28.277721    ( +/-    0.60237920     )

 ------------------------------------------------------------------
 => Number of bytes for floating point variables: 4
 => Dimensions of dynamic allocated arrays in this run of FullProf:
 ------------------------------------------------------------------

 => Total approximate array memory (dynamic + static): 132451053 bytes

    MaxPOINT=    80000 Max.num. of points(+int. Inten.)/diffraction pattern       
    MaxREFLT=    25000 Max.num. of reflections/diffraction pattern               
    MaxPARAM=      500 Max.num. of refinable parameters                          
    MaxOVERL=     9000 Max.num. of overlapping reflections                       

 ----------------------------------------------------------
 => Number of bytes for floating point arrays: 4
 => Dimensions of fixed arrays in this release of FullProf:
 ----------------------------------------------------------

    NPATT   =       80 Max.num. of powder diffraction patterns                    
    NATS    =      830 Max.num. of atoms (all kind) in asymmetric unit            
    MPAR    =     1800 Max.num. of non atomic parameters/phase                    
    IEXCL   =       30 Max.num. of excluded regions                               
    IBACP   =      377 Max.num. of background points for interpolation            
    NPHT    =       16 Max.num. of phases                                         
    NMAGM   =        8 Max.num. of rotation-matrices sets for magnetic structure  
    NBASIS  =       12 Max.num. of basis functions associated to a single atom    
    NIREPS  =        9 Max.num. of irreducible representations to be combined     
    N_EQ    =      384 Max.num. of user-supplied symmetry operators/propagation vectors
    NGL     =      400 Max.num. of global parameters/diffraction pattern          
    N_LINC  =       50 Max.num. of global linear restraints                        
    NAT_P   =       80 Max.num. of atomic parameters per atom                     
    NCONST  =     3500 Max.num. of slack constraints per phase                    
    N_SPE   =       30 Max.num. of different chemical species                     
    N_FORM  =       60 Max.num. of scattering factor values in a table            
    NPR     =      150 Max.num. of points defining a numerical profile            
    INPR    =       25 Max.num. of different numerical peak shapes                
    NPRC    =      150 Max.num. of terms in the table for correcting intensities  
    NSOL    =       10 Max.num. of solutions to be stored in Montecarlo searchs   

 
              CPU Time:     1.645 seconds
                            0.027 minutes

 => Run finished at:     Date: 26/09/2026  Time: 12:23:29.848                              
