

        **********************************************************
        ** PROGRAM FullProf.2k (Version 8.40 - Feb2026-ILL JRC) **
        **********************************************************
                       M U L T I -- P A T T E R N                 
            Rietveld, Profile Matching & Integrated Intensity     
                 Refinement of X-ray and/or Neutron Data


    Date: 06/10/2026  Time: 18:33:24.926                              

 => PCR file code: y2o3
 => DAT file code: y2o3                 -> Relative contribution: 1.0000                                                            

 ==> CONDITIONS OF THIS RUN FOR PATTERN No.:  1

 => Global Refinement of neutron powder data                                                                                        
 => Title: Y2O3 Ge(551) 300mm_varH 15/10/13

 => Number of phases:    1
 => Number of excluded regions:    2
 => Number of scattering factors supplied:    0
 => Conventional weights: w=1.0/Variance(yobs)
 => Asymmetry correction as in J.Appl.Cryst. 26,128(1993)
 => Background linearly interpolated between the   21 points given
 => The    7th default profile function was selected
 => T-C-H Pseudo-Voigt function 
    This function is convoluted with asymmetry due to axial 
    divergence as formulated by: 
    van Laar and Yelon, J. Appl. Cryst. 17, 47(1984).
    and using the method of:
    Finger, Cox and Jephcoat, J. Appl. Cryst. 27, 892 (1994).
    Fortran 90 module adapted from function PROFVAL (in F77) : 
    L.W. Finger, J. Appl. Cryst. 31, 111 (1998).


 ==> INPUT/OUTPUT OPTIONS:

 => Generate bacground file *.bac
 => Generate file *.PRF for plot
 => Output Integrated Intensities
 => Generate new input file *.PCR

 => X-Y type of data: 2theta/TOF/E(Kev) Intens sigma for pattern:  1
 => Plot pattern at each cycle
 => Wavelengths:  1.54822 1.54822
 => Alpha2/Alpha1 ratio:   0.0000
 => Cos(Monochromator angle)=   0.0000
 => Asymmetry correction for angles lower than  160.000 degrees
 => Absorption correction (AC), muR-eff =   0.0000  0.0000
 => Base of peaks: 2.0*HW*   20.00

 => Number of cycles:  100
 => Relaxation factors ==>    for coordinates:  1.00
 => for anisotropic temperature factors:  1.00
 => for halfwidth/strain/size/further parameters:  1.00
 => for lattice constants and propagation vectors:  1.00
 => EPS-value for convergence:    0.1
 => Background ==> 
    Position   Intensity
       12.59     9864.10        0.00
       19.42     9431.19        0.00
       21.88     9165.11        0.00
       27.90     8813.41        0.00
       32.91     8632.38        0.00
       39.12     8237.01        0.00
       45.71     7896.96        0.00
       51.94     7764.39        0.00
       60.56     7483.52        0.00
       68.20     7260.78        0.00
       81.33     7112.58        0.00
       88.80     6847.34        0.00
       94.32     6772.01        0.00
       98.15     6625.67        0.00
      100.98     6586.06        0.00
      104.31     6502.65        0.00
      108.72     6404.95        0.00
      116.07     6495.75        0.00
      121.49     6277.98        0.00
      131.28     6314.67        0.00

      135.79     6504.06        0.00

 

 => Excluded regions for Pattern#  1
    From     to
      0.0000     12.0000
    137.5000    180.0000

 => Number of Least-Squares parameters varied:     1

 =>--------------------------->
 =>------->  PATTERN number:  1
 =>--------------------------->
 => Global parameters and codes ==>
 => Zero-point:    -0.0162    0.0000
 => Perpendicular Displacement parameter and code:     0.00    0.00
 => Parallel      Displacement parameter and code:     0.00    0.00

 => Reading Intensity data  =>>

 -> No recognizable heading in input data file X,Y,sigma
    First 6 lines are considered as COMMENTS (except for TSAMP keyword)
 -> COMMENT: #Diffraction patterns were obtained by summation of runs:                                                                           
 -> COMMENT: #run051675.ctxt                                                                                                                     
 -> COMMENT: #run051676.ctxt                                                                                                                     
 -> COMMENT: #run051677.ctxt                                                                                                                     
 -> COMMENT: #run051678.ctxt                                                                                                                     
 -> COMMENT: #For details see data in separate runs                                                                                              
 ==> Angular range, step and number of points:
     2Thmin:       0.950000  2Thmax:     153.899994  Step:       0.050019  No. of points:   3060
 --------------------------------------------------------------------------------
 => Phase  No. 1
      Y2O3                                                                  
 --------------------------------------------------------------------------------
 =>-------> Pattern#  1
 => Crystal Structure Refinement
 => Preferred orientation vector:   0.0000  0.0000  1.0000

 =>-------> Data for PHASE: 1
 => Number of atoms:    3
 => Number of distance  constraints:    0
 => Number of angle     constraints:    0

 => Symmetry information on space group: I a -3              
 -> The multiplicity of the general position is:  48
 -> The space group is Centric (-1 at origin)   
 -> Lattice type  I: { 000; 1/2 1/2 1/2 }+                         
 -> Reduced set of symmetry operators:

  No.  IT   Symmetry symbol    Rotation part     Associated Translation
   1: ( 1)   1            -->     ( x, y, z) + {  0.0000  0.0000  0.0000}
   2: ( 4)   2 ( x, 0, 0) -->     ( x,-y,-z) + {  0.5000  0.5000  0.0000}
   3: ( 3)   2 ( 0, y, 0) -->     (-x, y,-z) + {  0.0000  0.5000  0.5000}
   4: ( 2)   2 ( 0, 0, z) -->     (-x,-y, z) + {  0.5000  0.0000  0.5000}
   5: ( 9)  3- ( x, x, x) -->     ( y, z, x) + {  0.0000  0.0000  0.0000}
   6: (12)  3- (-x, x,-x) -->     (-y,-z, x) + {  0.5000  0.0000  0.5000}
   7: (11)  3- (-x,-x, x) -->     ( y,-z,-x) + {  0.5000  0.5000  0.0000}
   8: (10)  3- ( x,-x,-x) -->     (-y, z,-x) + {  0.0000  0.5000  0.5000}
   9: ( 5)  3+ ( x, x, x) -->     ( z, x, y) + {  0.0000  0.0000  0.0000}
  10: ( 8)  3+ (-x,-x, x) -->     (-z, x,-y) + {  0.0000  0.5000  0.5000}
  11: ( 7)  3+ ( x,-x,-x) -->     (-z,-x, y) + {  0.5000  0.0000  0.5000}
  12: ( 6)  3+ (-x, x,-x) -->     ( z,-x,-y) + {  0.5000  0.5000  0.0000}


        Information on Space Group: 
        --------------------------- 

 =>   Number of Space group: 206
 =>  Hermann-Mauguin Symbol: I a -3
 =>             Hall Symbol: -I 2b 2c 3
 =>            Setting Type: IT (Generated from Hermann-Mauguin symbol)
 =>          Crystal System: Cubic
 =>              Laue Class: m-3
 =>             Point Group: m-3
 =>         Bravais Lattice: I
 =>          Lattice Symbol: cI
 =>  Reduced Number of S.O.:  12
 =>    General multiplicity:  48
 =>          Centrosymmetry: Centric (-1 at origin)
 =>  Generators (exc. -1&L):   3
 =>         Asymmetric unit:  0.000 <= x <=  0.500
                              0.000 <= y <=  0.500
                              0.000 <= z <=  0.250
 => Centring vectors:  1
 => Latt( 1): (1/2,1/2,1/2)                                                                         

 => List of all Symmetry Operators and Symmetry Symbols

 => SYMM(  1): x,y,z                             Symbol: 1
 => SYMM(  2): x+1/2,-y+1/2,-z                   Symbol: 2 (1/2,0,0) x,1/4,0
 => SYMM(  3): -x,y+1/2,-z+1/2                   Symbol: 2 (0,1/2,0) 0,y,1/4
 => SYMM(  4): -x+1/2,-y,z+1/2                   Symbol: 2 (0,0,1/2) 1/4,0,z
 => SYMM(  5): y,z,x                             Symbol: 3- x,x,x
 => SYMM(  6): -y+1/2,-z,x+1/2                   Symbol: 3+ (1/3,-1/3,1/3) x,-x+1/6,x+1/6
 => SYMM(  7): y+1/2,-z+1/2,-x                   Symbol: 3+ (1/3,1/3,-1/3) x,x-1/6,-x+1/3
 => SYMM(  8): -y,z+1/2,-x+1/2                   Symbol: 3- (-1/3,1/3,1/3) x,-x+1/3,-x+1/6
 => SYMM(  9): z,x,y                             Symbol: 3+ x,x,x
 => SYMM( 10): -z,x+1/2,-y+1/2                   Symbol: 3- x,x+1/2,-x
 => SYMM( 11): -z+1/2,-x,y+1/2                   Symbol: 3+ x,-x,-x+1/2
 => SYMM( 12): z+1/2,-x+1/2,-y                   Symbol: 3- x,-x+1/2,x-1/2
 => SYMM( 13): -x,-y,-z                          Symbol: -1 0,0,0
 => SYMM( 14): -x+1/2,y+1/2,z                    Symbol: b 1/4,y,z
 => SYMM( 15): x,-y+1/2,z+1/2                    Symbol: c x,1/4,z
 => SYMM( 16): x+1/2,y,-z+1/2                    Symbol: a x,y,1/4
 => SYMM( 17): -y,-z,-x                          Symbol: -3- x,x,x; 0,0,0
 => SYMM( 18): y+1/2,z,-x+1/2                    Symbol: -3+ x,-x+1/2,x-1/2; 1/2,0,0
 => SYMM( 19): -y+1/2,z+1/2,x                    Symbol: -3+ x,x+1/2,-x; 0,1/2,0
 => SYMM( 20): y,-z+1/2,x+1/2                    Symbol: -3- x,-x,-x+1/2; 0,0,1/2
 => SYMM( 21): -z,-x,-y                          Symbol: -3+ x,x,x; 0,0,0
 => SYMM( 22): z,-x+1/2,y+1/2                    Symbol: -3- x,x-1/2,-x+1; 1/2,0,1/2
 => SYMM( 23): z+1/2,x,-y+1/2                    Symbol: -3+ x,-x+1,-x+1/2; 1/2,1/2,0
 => SYMM( 24): -z+1/2,x+1/2,y                    Symbol: -3- x,-x+1/2,x+1/2; 0,1/2,1/2
 => SYMM( 25): x+1/2,y+1/2,z+1/2                 Symbol: t (1/2,1/2,1/2)
 => SYMM( 26): x,-y,-z+1/2                       Symbol: 2 x,0,1/4
 => SYMM( 27): -x+1/2,y,-z                       Symbol: 2 1/4,y,0
 => SYMM( 28): -x,-y+1/2,z                       Symbol: 2 0,1/4,z
 => SYMM( 29): y+1/2,z+1/2,x+1/2                 Symbol: 3- (1/2,1/2,1/2) x,x,x
 => SYMM( 30): -y,-z+1/2,x                       Symbol: 3+ (-1/6,1/6,-1/6) x,-x+1/6,x+1/6
 => SYMM( 31): y,-z,-x+1/2                       Symbol: 3+ (-1/6,-1/6,1/6) x,x-1/6,-x+1/3
 => SYMM( 32): -y+1/2,z,-x                       Symbol: 3- (1/6,-1/6,-1/6) x,-x+1/3,-x+1/6
 => SYMM( 33): z+1/2,x+1/2,y+1/2                 Symbol: 3+ (1/2,1/2,1/2) x,x,x
 => SYMM( 34): -z+1/2,x,-y                       Symbol: 3- (1/6,1/6,-1/6) x,x-1/6,-x+1/3
 => SYMM( 35): -z,-x+1/2,y                       Symbol: 3+ (-1/6,1/6,1/6) x,-x+1/3,-x+1/6
 => SYMM( 36): z,-x,-y+1/2                       Symbol: 3- (1/6,-1/6,1/6) x,-x+1/6,x+1/6
 => SYMM( 37): -x+1/2,-y+1/2,-z+1/2              Symbol: -1 1/4,1/4,1/4
 => SYMM( 38): -x,y,z+1/2                        Symbol: c 0,y,z
 => SYMM( 39): x+1/2,-y,z                        Symbol: a x,0,z
 => SYMM( 40): x,y+1/2,-z                        Symbol: b x,y,0
 => SYMM( 41): -y+1/2,-z+1/2,-x+1/2              Symbol: -3- x,x,x; 1/4,1/4,1/4
 => SYMM( 42): y,z+1/2,-x                        Symbol: -3+ x,-x+1/2,x-1/2; 1/4,1/4,-1/4
 => SYMM( 43): -y,z,x+1/2                        Symbol: -3+ x,x+1/2,-x; -1/4,1/4,1/4
 => SYMM( 44): y+1/2,-z,x                        Symbol: -3- x,-x,-x+1/2; 1/4,-1/4,1/4
 => SYMM( 45): -z+1/2,-x+1/2,-y+1/2              Symbol: -3+ x,x,x; 1/4,1/4,1/4
 => SYMM( 46): z+1/2,-x,y                        Symbol: -3- x,x-1/2,-x; 1/4,-1/4,-1/4
 => SYMM( 47): z,x+1/2,-y                        Symbol: -3+ x,-x,-x-1/2; -1/4,1/4,-1/4
 => SYMM( 48): -z,x,y+1/2                        Symbol: -3- x,-x-1/2,x+1/2; -1/4,-1/4,1/4

 => Special Wyckoff Positions for I a -3
 
    Multp     Site        Representative Coordinates (centring translations excluded)
     24       d              x,0,1/4             -x,1/2,1/4          0,1/4,x                                 
                             1/2,1/4,-x          1/4,x,0             1/4,-x,1/2                              
                             -x,0,3/4            x,1/2,3/4           0,3/4,-x                                
                             1/2,3/4,x           3/4,-x,0            3/4,x,1/2                               
 
     16       c              x,x,x               x+1/2,-x+1/2,-x     -x,x+1/2,-x+1/2                         
                             -x+1/2,-x,x+1/2     -x,-x,-x            -x+1/2,x+1/2,x                          
                             x,-x+1/2,x+1/2      x+1/2,x,-x+1/2                                              
 
      8       b              1/4,1/4,1/4         3/4,1/4,3/4         3/4,3/4,1/4                             
                             1/4,3/4,3/4                                                                     
 
      8       a              0,0,0               1/2,1/2,0           0,1/2,1/2                               
                             1/2,0,1/2                                                                       
 

 => Initial parameters ==>
 Atom    Ntyp                  X         Y         Z         B         occ.         in  fin  Spc  Mult
                             B11       B22       B33       B12       B13       B23
 Y1     Y                 -0.03236   0.00000   0.25000   0.00000   0.50000           0    0    0   24
                 Codes:    0.00000   0.00000   0.00000   0.00000   0.00000
                 Betas:    0.00303   0.00272   0.00295   0.00000   0.00000  -0.00025
                 Codes:    0.00000   0.00000   0.00000   0.00000   0.00000   0.00000
 Y2     Y                  0.25000   0.25000   0.25000   0.00000   0.16667           0    0    0    8
                 Codes:    0.00000   0.00000   0.00000   0.00000   0.00000
                 Betas:    0.00304   0.00304   0.00304  -0.00013  -0.00013  -0.00013
                 Codes:    0.00000   0.00000   0.00000   0.00000   0.00000   0.00000
 O1     O                  0.39072   0.15204   0.38030   0.00000   1.00000           0    0    0   48
                 Codes:    0.00000   0.00000   0.00000   0.00000   0.00000
                 Betas:    0.00299   0.00310   0.00273  -0.00007  -0.00020  -0.00001
                 Codes:    0.00000   0.00000   0.00000   0.00000   0.00000   0.00000

 => It is assumed that THE FIRST GIVEN SITE plus all the other atoms 
    occupying THE SAME POSITION have a total full occupation (no vacancies!)
  (if this is not the case, change the order of atoms to obtain correct values for the content of the unit cell)
    The given occupation factors have been obtained mutiplying m/M by   0.5000
      -> Atom: Y   ,  Chemical element: Y   Atomic Mass:    88.9059
      -> Atom: Y   ,  Chemical element: Y   Atomic Mass:    88.9059
      -> Atom: O   ,  Chemical element: O   Atomic Mass:    15.9994
 => The given value of ATZ is       3612.97 the program has calculated:        3612.97
    The value of ATZ given in the input PCR file will be used for quantitative analysis
 => The chemical content of the unit cell is: 
      24.0000 Y    +   8.0002 Y    +  48.0000 O      
 => The normalized site occupation numbers in % are: 
     100.0000 Y1     :      100.0020 Y2     :      100.0000 O1       
 => The density (volumic mass) of the compound is:    5.029 g/cm3

 =>-------> PROFILE PARAMETERS FOR PATTERN:  1

 => Overall scale factor:    1.06020    
 => ETA (p-Voigt) OR M (Pearson VII):   0.0000
 => Overall temperature factor:      0.00000
 => Halfwidth U,V,W:      0.03663    -0.06835     0.13143
 => X and Y parameters:       0.0000      0.0000
 => Direct cell parameters:   10.6057  10.6057  10.6057  90.0000  90.0000  90.0000
 => Preferred orientation parameters:   0.0000  0.0000
 => Asymmetry parameters     :      0.00000     0.00000     0.00000     0.00000
 => Strain parameters        :      0.00000     0.00000     0.00000
 => Size   parameters        :      0.00000     0.00000
 => Further shape parameters (S_L and D_L):   0.00000   0.00000
    S_L is source width/detector distance
    D_L is detector width/detector distance

 ==> CODEWORDS FOR PROFILE PARAMETERS of PATTERN#  1

 => Overall scale factor:   11.000
 => ETA (p-Voigt) OR M (Pearson VII):    0.000
 => Overall temperature factor:    0.000
 => Halfwidth U,V,W:    0.000   0.000   0.000
 => X and Y parameters:    0.000   0.000
 => Direct cell parameters:    0.000   0.000   0.000   0.000   0.000   0.000
 => Preferred orientation parameters:    0.000   0.000
 => Asymmetry parameters     :    0.000   0.000   0.000   0.000
 => Strain parameters        :    0.000   0.000   0.000
 => Size   parameters        :    0.000   0.000

 => Cell constraints according to Laue symmetry: m-3  

        Metric information:
        -------------------

 => Direct cell parameters:

         a =      10.6057      b =      10.6057      c =      10.6057
     alpha =       90.000   beta =       90.000  gamma =       90.000
                        Direct Cell Volume =    1192.9534

 => Reciprocal cell parameters:

         a*=     0.094289      b*=     0.094289      c*=     0.094289
     alpha*=       90.000   beta*=       90.000  gamma*=       90.000
                    Reciprocal Cell Volume =   0.00083826

 => Direct and Reciprocal Metric Tensors:

                   GD                                       GR
    112.4818      0.0000      0.0000          0.008890    0.000000    0.000000
      0.0000    112.4818      0.0000          0.000000    0.008890    0.000000
      0.0000      0.0000    112.4818          0.000000    0.000000    0.008890

 =>  Cartesian frame: x // a; z is along c*; y is within the ab-plane   

     Crystal_to_Orthonormal_Matrix              Orthonormal_to_Crystal Matrix
              Cr_Orth_cel                               Orth_Cr_cel  
     10.6057      0.0000      0.0000          0.094289   -0.000000   -0.000000
      0.0000     10.6057      0.0000          0.000000    0.094289   -0.000000
      0.0000      0.0000     10.6057          0.000000    0.000000    0.094289

     Busing-Levy B-matrix: Hc=B.H            Inverse of the Busing-Levy B-matrix
                BL_M                                      BL_Minv  
    0.094289    0.000000    0.000000           10.6057     -0.0000     -0.0000
    0.000000    0.094289   -0.000000            0.0000     10.6057      0.0000
    0.000000    0.000000    0.094289            0.0000      0.0000     10.6057

 => Laue symmetry m-3   will be used to generate HKL for pattern#   1
 => Reflections generated between S(1/d)min:  0.0107 A-1 and S(1/d)max:  1.2893 A-1
 =>                                    dmax: 93.3763 A   and      dmin:  0.7756 A
 => The number of reflections generated is:    229
 => The max. scatt. variable (gen.ref.) is:       172.8970
 => Scattering coefficients from internal table

 => Scattering lengths:

 Y      0.7750
 O      0.5803

     --------------------------------------------------------------
      SYMBOLIC NAMES AND INITIAL VALUES OF PARAMETERS TO BE VARIED:
     --------------------------------------------------------------

      ->  Parameter number    1   -> Symbolic Name:                                     Scale_ph1_pat1     1.0602000    
  
 
 => Optimizations for routine tasks applied:
 => Calculation mode for patter#:   1  CM_PSEUDO_VOIGT
 


   Standard deviations have to be multiplied by: 2.8655
   (correlated residuals) See references:
  -J.F.Berar & P.Lelann, J. Appl. Cryst. 24, 1-5 (1991) 
  -J.F.Berar, Acc. in Pow. Diff. II,NIST Sp.Pub. 846, 63(1992) 

 ++++++++++++++++++++++++++++++++++++++++++++++++++++++++++++++++++++++++++++++++++++++++++++++++++++++++++++++++++++++++++++++++++++

 => CYCLE No.:   14
 =>  Convergence reached at this CYCLE !!!!
 =>  Parameter shifts set to zero
 ------------------------------------------------------------------------------------------------------------------------------------
 => Phase  1 Name: Y2O3
 ------------------------------------------------------------------------------------------------------------------------------------
 => New parameters, shifts, and standard deviations

 Atom        x       dx      sx       y       dy      sy       z       dz      sz       B       dB      sB      occ.    docc.   socc.

 Y1      -0.03236 0.00000 0.00000  0.00000 0.00000 0.00000  0.25000 0.00000 0.00000  0.00000 0.00000 0.00000  0.50000 0.00000 0.00000
 Y2       0.25000 0.00000 0.00000  0.25000 0.00000 0.00000  0.25000 0.00000 0.00000  0.00000 0.00000 0.00000  0.16667 0.00000 0.00000
 O1       0.39072 0.00000 0.00000  0.15204 0.00000 0.00000  0.38030 0.00000 0.00000  0.00000 0.00000 0.00000  1.00000 0.00000 0.00000

 Atom         B11      DB11      SB11       B22      DB22      SB22       B33      DB33      SB33
              B12      DB12      SB12       B13      DB13      SB13       B23      DB23      SB23
 Y1      0.003030  0.000000  0.000000  0.002720  0.000000  0.000000  0.002950  0.000000  0.000000
         0.000000  0.000000  0.000000  0.000000  0.000000  0.000000 -0.000250  0.000000  0.000000

    U-Eigen Value (A**2) ----      Eigen vector(Orth. syst.)
        0.01727          ----    1.00000    0.00000    0.00000
        0.01459          ----    0.00000    0.84199    0.53949
        0.01772          ----    0.00000    0.53949   -0.84199

    Isotropic temperature factor Uequiv(A**2):   0.0165
    Isotropic temperature factor Bequiv(A**2):   1.3048

     R.M.S. in ANGSTROMS ------       Angles with A, B, C
        0.13140          ----      0.000     90.000     90.000
        0.12078          ----     90.000     32.649     57.351
        0.13313          ----     90.000     57.351    147.351
 
 Y2      0.003040  0.000000  0.000000  0.003040  0.000000  0.000000  0.003040  0.000000  0.000000
        -0.000130  0.000000  0.000000 -0.000130  0.000000  0.000000 -0.000130  0.000000  0.000000

    U-Eigen Value (A**2) ----      Eigen vector(Orth. syst.)
        0.01584          ----    0.57735    0.57735    0.57735
        0.01806          ----    0.70711   -0.70711    0.00000
        0.01806          ----    0.40825    0.40825   -0.81650

    Isotropic temperature factor Uequiv(A**2):   0.0173
    Isotropic temperature factor Bequiv(A**2):   1.3678

     R.M.S. in ANGSTROMS ------       Angles with A, B, C
        0.12586          ----     54.736     54.736     54.736
        0.13440          ----     45.000    135.000     90.000
        0.13440          ----     65.905     65.905    144.736
 
 O1      0.002990  0.000000  0.000000  0.003100  0.000000  0.000000  0.002730  0.000000  0.000000
        -0.000070  0.000000  0.000000 -0.000200  0.000000  0.000000 -0.000010  0.000000  0.000000

    U-Eigen Value (A**2) ----      Eigen vector(Orth. syst.)
        0.01735          ----    0.60260    0.68763   -0.40502
        0.01799          ----    0.63433   -0.72067   -0.27975
        0.01492          ----   -0.48425   -0.08834   -0.87046

    Isotropic temperature factor Uequiv(A**2):   0.0168
    Isotropic temperature factor Bequiv(A**2):   1.3228

     R.M.S. in ANGSTROMS ------       Angles with A, B, C
        0.13172          ----     52.944     46.557    113.892
        0.13414          ----     50.630    136.110    106.245
        0.12213          ----    118.963     95.068    150.512
 

 ==> PROFILE PARAMETERS FOR PATTERN#  1

 => Overall scale factor:      0.127793387     0.000000000     0.000652687
 => Eta(p-Voigt) or m(Pearson VII):   0.000000  0.000000  0.000000
 => Overall tem. factor:     0.000000    0.000000    0.000000
 => Halfwidth parameters: 
         0.036631    0.000000    0.000000
        -0.068345    0.000000    0.000000
         0.131426    0.000000    0.000000
 => Cell parameters: 
       10.605744    0.000000    0.000000
       10.605744    0.000000    0.000000
       10.605744    0.000000    0.000000
       90.000000    0.000000    0.000000
       90.000000    0.000000    0.000000
       90.000000    0.000000    0.000000
 => Preferred orientation: 
         0.000000    0.000000    0.000000
         0.000000    0.000000    0.000000
 => Asymmetry parameters: 
         0.000000    0.000000    0.000000
         0.000000    0.000000    0.000000
         0.000000    0.000000    0.000000
         0.000000    0.000000    0.000000
 => X and Y parameters: 
         0.000000    0.000000    0.000000
         0.000000    0.000000    0.000000
 => Strain parameters: 
         0.000000    0.000000    0.000000
         0.000000    0.000000    0.000000
         0.000000    0.000000    0.000000
 => Size   parameters (G,L): 
         0.000000    0.000000    0.000000
         0.000000    0.000000    0.000000
 => Further shape parameters (S_L and D_L): 
       0.000000  0.000000  0.000000
       0.000000  0.000000  0.000000

 ==> GLOBAL PARAMETERS FOR PATTERN#  1


 => Zero-point:    -0.0162    0.0000    0.0000

 => Cos(2theta)-shift parameter :   0.0000  0.0000  0.0000
 => Sin(2theta)-shift parameter :   0.0000  0.0000  0.0000

 ==> RELIABILITY FACTORS WITH ALL NON-EXCLUDED POINTS FOR PATTERN:  1

 => R-Factors:   1.97      3.20     Chi2:  6.67     DW-Stat.:  0.2771   Patt#:  1
 => Expected :            1.24                                1.8767
 => Deviance : 0.198E+05     Dev*:   7.879    
 => GoF-index:  2.6         Sqrt(Residual/N)
 => N-P+C:  2508

 =>    SumYdif       SumYobs      SumYcal      SumwYobsSQ     Residual    Condition
     0.3880E+06    0.1967E+08    0.1956E+08    0.1634E+08    0.1674E+05     1.000    


 => Conventional Rietveld Rp,Rwp,Re and Chi2:   36.8      24.8      9.60      6.675    
 => (Values obtained using Ynet, but true sigma(y))
 =>  SumYnet, Sum(w Ynet**2):     0.1053E+07    0.2724E+06

 => N-sigma of the GoF:      200.946

 ==> RELIABILITY FACTORS FOR POINTS WITH BRAGG CONTRIBUTIONS FOR PATTERN:  1

 => R-Factors:   1.97      3.20     Chi2:  6.67     DW-Stat.:  0.2771   Patt#:
 => Expected :            1.24                                1.8767
 => Deviance : 0.198E+05     Dev*:   7.879    
 => GoF-index:  2.6         Sqrt(Residual/N)
 => N-P+C:  2508

 =>    SumYdif       SumYobs      SumYcal      SumwYobsSQ     Residual    Condition
     0.3880E+06    0.1967E+08    0.1956E+08    0.1634E+08    0.1674E+05     1.000    


 => Conventional Rietveld Rp,Rwp,Re and Chi2:   36.8      24.8      9.60      6.675    
 => (Values obtained using Ynet, but true sigma(y))
 =>  SumYnet, Sum(w Ynet**2):     0.1053E+07    0.2724E+06

 => N-sigma of the GoF:      200.946

 => Global user-weigthed Chi2 (Bragg contrib.):   6.67    

 --------------------------------------------------------------------------------------------------------------------------------------------------------
 Pattern#  1 Phase No.:   1 Phase name: Y2O3
 --------------------------------------------------------------------------------------------------------------------------------------------------------

   No.  Code     H   K   L  Mult     Hw         2theta      Icalc       Iobs      Sigma      HwG     HwL       ETA       d-hkl        CORR

      1   1      2   0   0     6  0.349483      16.788       23.6        0.0     60.895  0.349483  0.000000  0.000001  5.302872    142.303497
      2   1      2   1   1    24  0.346722      20.598      845.6      743.9     56.499  0.346722  0.000000  0.000001  4.329777    381.558746
      3   1      2   2   0    12  0.344437      23.828        8.7       12.6     42.238  0.344437  0.000000  0.000001  3.749697    143.878540
      4   1      2   2   2     8  0.340686      29.292     4213.2     3464.2     44.705  0.340686  0.000000  0.000001  3.061615     64.669800
      5   1      2   3   1    24  0.339080      31.698      240.1      182.2     10.942  0.339080  0.000000  0.000001  2.834504    167.248337
      6   1      3   2   1    24  0.339080      31.698      551.1      418.3     25.112  0.339080  0.000000  0.000001  2.834504    167.248337
      7   1      4   0   0     6  0.337604      33.951       19.5       37.5     28.820  0.337604  0.000000  0.000001  2.651436     36.798027
      8   1      4   1   1    24  0.336233      36.079       91.0      105.5     27.926  0.336233  0.000000  0.000001  2.499798    131.606171
      9   1      2   4   0    12  0.334952      38.103       44.0       19.7     16.651  0.334952  0.000000  0.000001  2.371516     59.574852
     10   1      4   2   0    12  0.334952      38.103       24.5       10.9      9.257  0.334952  0.000000  0.000001  2.371516     59.574852
     11   1      3   3   2    24  0.333746      40.040     2065.6     1759.1     28.042  0.333746  0.000000  0.000001  2.261152    108.969635
     12   1      4   2   2    24  0.332607      41.903       76.7       84.7     22.744  0.332607  0.000000  0.000001  2.164888    100.497177
     13   1      3   4   1    24  0.331528      43.700      482.6      392.8     15.450  0.331528  0.000000  0.000001  2.079957     93.338531
     14   1      4   3   1    24  0.331528      43.700      258.2      210.2      8.268  0.331528  0.000000  0.000001  2.079957     93.338531
     15   1      2   5   1    24  0.329523      47.129      272.7      271.0     13.535  0.329523  0.000000  0.000001  1.936335     81.912857
     16   1      5   2   1    24  0.329523      47.129      190.1      188.9      9.433  0.329523  0.000000  0.000001  1.936335     81.912857
     17   1      4   4   0    12  0.328589      48.773     7648.7     6782.8     29.994  0.328589  0.000000  0.000001  1.874848     38.642464
     18   1      4   3   3    24  0.327696      50.377      105.9      125.8     21.634  0.327696  0.000000  0.000001  1.818870     73.210472
     19   1      4   4   2    24  0.326841      51.945       15.1        4.6      9.353  0.326841  0.000000  0.000001  1.767624     69.597488
     20   1      6   0   0     6  0.326841      51.945       18.1        5.5     11.188  0.326841  0.000000  0.000001  1.767624     17.399372
     21   1      3   5   2    24  0.326023      53.479      151.5      137.2      5.256  0.326023  0.000000  0.000001  1.720479     66.373421
     22   1      5   3   2    24  0.326023      53.479      237.2      214.8      8.228  0.326023  0.000000  0.000001  1.720479     66.373421
     23   1      6   1   1    24  0.326023      53.479      271.7      246.1      9.425  0.326023  0.000000  0.000001  1.720479     66.373421
     24   1      2   6   0    12  0.325238      54.984       94.5       99.8     19.485  0.325238  0.000000  0.000001  1.676916     31.740112
     25   1      6   2   0    12  0.325238      54.984        9.5       10.1      1.966  0.325238  0.000000  0.000001  1.676916     31.740112
     26   1      4   5   1    24  0.324486      56.462      452.2      502.4     16.246  0.324486  0.000000  0.000001  1.636502     60.870861
     27   1      5   4   1    24  0.324486      56.462      184.5      205.0      6.630  0.324486  0.000000  0.000001  1.636502     60.870861
     28   1      6   2   2    24  0.323765      57.915     2180.4     2095.9     24.671  0.323765  0.000000  0.000001  1.598876     58.506935
     29   1      3   6   1    24  0.323075      59.345      606.2      576.9     13.040  0.323075  0.000000  0.000001  1.563732     56.356697
     30   1      6   3   1    24  0.323075      59.345      468.1      445.5     10.069  0.323075  0.000000  0.000001  1.563732     56.356697
     31   1      4   4   4     8  0.322414      60.754        1.2       49.4     17.773  0.322414  0.000000  0.000001  1.530807     18.131239
     32   1      4   5   3    24  0.321782      62.144        0.3        0.2      0.045  0.321782  0.000000  0.000001  1.499879     52.595795
     33   1      5   4   3    24  0.321782      62.144      122.0      112.6     21.061  0.321782  0.000000  0.000001  1.499879     52.595795
     34   1      4   6   0    12  0.321178      63.516      105.5       38.6     15.213  0.321178  0.000000  0.000001  1.470752     25.472088
     35   1      6   4   0    12  0.321178      63.516       39.9       14.6      5.760  0.321178  0.000000  0.000001  1.470752     25.472088
     36   1      6   3   3    24  0.320603      64.873        9.7        9.5      0.129  0.320603  0.000000  0.000001  1.443259     49.422913
     37   1      2   7   1    24  0.320603      64.873      490.6      480.7      6.555  0.320603  0.000000  0.000001  1.443259     49.422901
     38   1      5   5   2    24  0.320603      64.873       96.0       94.0      1.282  0.320603  0.000000  0.000001  1.443259     49.422901
     39   1      7   2   1    24  0.320603      64.873     1199.2     1175.0     16.024  0.320603  0.000000  0.000001  1.443259     49.422901
     40   1      4   6   2    24  0.320056      66.214       59.0       52.8     10.284  0.320056  0.000000  0.000001  1.417252     48.018288
     41   1      6   4   2    24  0.320056      66.214       58.7       52.5     10.234  0.320056  0.000000  0.000001  1.417252     48.018288
     42   1      3   7   2    24  0.318582      70.160      592.6      642.0     15.552  0.318582  0.000000  0.000001  1.346931     44.394367
     43   1      5   6   1    24  0.318582      70.160       19.8       21.4      0.519  0.318582  0.000000  0.000001  1.346931     44.394367
     44   1      6   5   1    24  0.318582      70.160        3.1        3.4      0.082  0.318582  0.000000  0.000001  1.346931     44.394367
     45   1      7   3   2    24  0.318582      70.160      244.2      264.6      6.409  0.318582  0.000000  0.000001  1.346931     44.394367
     46   1      8   0   0     6  0.318148      71.453     1220.0     1315.1     22.832  0.318148  0.000000  0.000001  1.325718     10.838326
     47   1      4   7   1    24  0.317744      72.736       80.9       81.7      4.073  0.317744  0.000000  0.000001  1.305477     42.383575
     48   1      5   5   4    24  0.317744      72.736       13.0       13.1      0.654  0.317744  0.000000  0.000001  1.305477     42.383575
     49   1      7   4   1    24  0.317744      72.736       19.2       19.4      0.967  0.317744  0.000000  0.000001  1.305477     42.383575
     50   1      8   1   1    24  0.317744      72.736      316.2      319.3     15.921  0.317744  0.000000  0.000001  1.305477     42.383575
     51   1      2   8   0    12  0.317369      74.011       28.6       23.7      4.181  0.317369  0.000000  0.000001  1.286135     20.739618
     52   1      6   4   4    24  0.317369      74.011       16.7       13.8      2.440  0.317369  0.000000  0.000001  1.286135     41.479237
     53   1      8   2   0    12  0.317369      74.011       96.2       79.8     14.069  0.317369  0.000000  0.000001  1.286135     20.739618
     54   1      5   6   3    24  0.317025      75.277       80.2       51.2      9.694  0.317025  0.000000  0.000001  1.267629     40.635002
     55   1      6   5   3    24  0.317025      75.277       91.3       58.3     11.035  0.317025  0.000000  0.000001  1.267629     40.635002
     56   1      6   6   0    12  0.316713      76.536       43.1       55.3      5.927  0.316713  0.000000  0.000001  1.249899     19.923113
     57   1      8   2   2    24  0.316713      76.536      108.0      138.7     14.873  0.316713  0.000000  0.000001  1.249899     39.846226
     58   1      3   8   1    24  0.316433      77.788       23.2       27.8      1.653  0.316433  0.000000  0.000001  1.232893     39.108780
     59   1      4   7   3    24  0.316433      77.788       78.3       94.0      5.586  0.316433  0.000000  0.000001  1.232893     39.108780
     60   1      7   4   3    24  0.316433      77.788       81.4       97.7      5.809  0.316433  0.000000  0.000001  1.232893     39.108780

   No.  Code     H   K   L  Mult     Hw         2theta      Icalc       Iobs      Sigma      HwG     HwL       ETA       d-hkl        CORR

     61   1      8   3   1    24  0.316433      77.788      113.3      135.9      8.079  0.316433  0.000000  0.000001  1.232893     39.108780
     62   1      6   6   2    24  0.316188      79.034      906.4     1005.1     22.177  0.316188  0.000000  0.000001  1.216562     38.418976
     63   1      5   7   2    24  0.315977      80.276      175.5      201.7     18.333  0.315977  0.000000  0.000001  1.200864     37.773560
     64   1      7   5   2    24  0.315977      80.276       23.8       27.3      2.485  0.315977  0.000000  0.000001  1.200864     37.773560
     65   1      4   8   0    12  0.315804      81.512        1.7        0.0      9.440  0.315804  0.000000  0.000001  1.185758     18.584791
     66   1      8   4   0    12  0.315804      81.512        1.6        0.0      8.811  0.315804  0.000000  0.000001  1.185758     18.584791
     67   1      8   3   3    24  0.315668      82.745      129.9      144.2     20.586  0.315668  0.000000  0.000001  1.171209     36.604462
     68   1      4   8   2    24  0.315574      83.974       55.8       82.3      6.854  0.315574  0.000000  0.000001  1.157182     36.075848
     69   1      8   4   2    24  0.315574      83.974      109.8      162.1     13.497  0.315574  0.000000  0.000001  1.157182     36.075848
     70   1      2   9   1    24  0.315521      85.200       46.6       54.8      1.618  0.315521  0.000000  0.000001  1.143647     35.581654
     71   1      6   5   5    24  0.315521      85.200      522.2      614.7     18.138  0.315521  0.000000  0.000001  1.143647     35.581654
     72   1      6   7   1    24  0.315521      85.200        0.0        0.0      0.000  0.315521  0.000000  0.000001  1.143647     35.581654
     73   1      7   6   1    24  0.315521      85.200       48.2       56.8      1.675  0.315521  0.000000  0.000001  1.143647     35.581654
     74   1      9   2   1    24  0.315521      85.200        2.6        3.0      0.089  0.315521  0.000000  0.000001  1.143647     35.581646
     75   1      6   6   4    24  0.315513      86.425      130.0      157.4     20.087  0.315513  0.000000  0.000001  1.130576     35.119991
     76   1      5   7   4    24  0.315553      87.647      203.6      262.1     14.115  0.315553  0.000000  0.000001  1.117944     34.689236
     77   1      5   8   1    24  0.315553      87.647       59.2       76.2      4.104  0.315553  0.000000  0.000001  1.117944     34.689236
     78   1      7   5   4    24  0.315553      87.647       34.1       43.9      2.366  0.315553  0.000000  0.000001  1.117944     34.689236
     79   1      8   5   1    24  0.315553      87.647        1.2        1.5      0.082  0.315553  0.000000  0.000001  1.117944     34.689236
     80   1      3   9   2    24  0.315784      90.090       10.3       12.4      0.188  0.315784  0.000000  0.000001  1.093899     33.914574
     81   1      6   7   3    24  0.315784      90.090      448.8      540.9      8.228  0.315784  0.000000  0.000001  1.093899     33.914574
     82   1      7   6   3    24  0.315784      90.090      728.7      878.3     13.362  0.315784  0.000000  0.000001  1.093899     33.914574
     83   1      9   3   2    24  0.315784      90.090       19.2       23.2      0.352  0.315784  0.000000  0.000001  1.093899     33.914570
     84   1      8   4   4    24  0.315983      91.311     1859.6     2296.3     22.917  0.315983  0.000000  0.000001  1.082444     33.568184
     85   1      4   9   1    24  0.316242      92.533        4.8        5.8      0.174  0.316242  0.000000  0.000001  1.071342     33.247662
     86   1      5   8   3    24  0.316242      92.533       67.4       82.4      2.457  0.316242  0.000000  0.000001  1.071342     33.247662
     87   1      8   5   3    24  0.316242      92.533      430.0      525.3     15.667  0.316242  0.000000  0.000001  1.071342     33.247662
     88   1      9   4   1    24  0.316242      92.533       68.6       83.9      2.501  0.316242  0.000000  0.000001  1.071342     33.247662
     89   1      6   8   0    12  0.316565      93.756       70.1       80.4      6.120  0.316565  0.000000  0.000001  1.060574     16.476055
     90   1      8   6   0    12  0.316565      93.756      131.6      151.0     11.490  0.316565  0.000000  0.000001  1.060574     16.476055
     91   1     10   0   0     6  0.316565      93.756       28.5       32.8      2.492  0.316565  0.000000  0.000001  1.060574      8.238028
     92   1      7   7   2    24  0.316957      94.980      493.2      650.1     20.695  0.316957  0.000000  0.000001  1.050125     32.680763
     93   1     10   1   1    24  0.316957      94.980        3.7        4.9      0.155  0.316957  0.000000  0.000001  1.050125     32.680763
     94   1      2  10   0    12  0.317423      96.207       42.7       57.9      1.593  0.317423  0.000000  0.000001  1.039979     16.216473
     95   1      6   8   2    24  0.317423      96.207      322.9      438.6     12.058  0.317423  0.000000  0.000001  1.039979     32.432945
     96   1      8   6   2    24  0.317423      96.207       53.0       72.0      1.978  0.317423  0.000000  0.000001  1.039979     32.432945
     97   1     10   2   0    12  0.317423      96.207      142.4      193.4      5.317  0.317423  0.000000  0.000001  1.039979     16.216473
     98   1      4   9   3    24  0.317968      97.437      277.5      384.9     18.932  0.317968  0.000000  0.000001  1.030121     32.208107
     99   1      9   4   3    24  0.317968      97.437       18.4       25.6      1.258  0.317968  0.000000  0.000001  1.030121     32.208107
    100   1      6   6   6     8  0.318597      98.670       75.5       95.7      2.673  0.318597  0.000000  0.000001  1.020538     10.668602
    101   1     10   2   2    24  0.318597      98.670      509.9      646.2     18.059  0.318597  0.000000  0.000001  1.020538     32.005806
    102   1      3  10   1    24  0.319319      99.907       74.4       95.2      1.329  0.319319  0.000000  0.000001  1.011218     31.825716
    103   1      5   9   2    24  0.319319      99.907      207.6      265.6      3.709  0.319319  0.000000  0.000001  1.011218     31.825716
    104   1      6   7   5    24  0.319319      99.907      194.3      248.6      3.472  0.319319  0.000000  0.000001  1.011218     31.825716
    105   1      7   6   5    24  0.319319      99.907      347.2      444.2      6.204  0.319319  0.000000  0.000001  1.011218     31.825716
    106   1     10   3   1    24  0.319319      99.907       76.2       97.5      1.362  0.319319  0.000000  0.000001  1.011218     31.825716
    107   1      9   5   2    24  0.319319      99.907      356.2      455.8      6.365  0.319319  0.000000  0.000001  1.011218     31.825716
    108   1      7   7   4    24  0.321068     102.396       40.8       56.2      1.711  0.321068  0.000000  0.000001  0.993319     31.531305
    109   1      7   8   1    24  0.321068     102.396      149.0      205.4      6.248  0.321068  0.000000  0.000001  0.993319     31.531305
    110   1      8   5   5    24  0.321068     102.396      250.0      344.7     10.487  0.321068  0.000000  0.000001  0.993319     31.531305
    111   1      8   7   1    24  0.321068     102.396       62.6       86.3      2.627  0.321068  0.000000  0.000001  0.993319     31.531305
    112   1      4  10   0    12  0.322113     103.649      157.9      215.4      7.441  0.322113  0.000000  0.000001  0.984719     15.708422
    113   1      6   8   4    24  0.322113     103.649       35.9       48.9      1.691  0.322113  0.000000  0.000001  0.984719     31.416843
    114   1      8   6   4    24  0.322113     103.649      195.6      266.8      9.219  0.322113  0.000000  0.000001  0.984719     31.416843
    115   1     10   4   0    12  0.322113     103.649       45.5       62.0      2.143  0.322113  0.000000  0.000001  0.984719     15.708422
    116   1      6   9   1    24  0.323285     104.909      403.9      539.0     12.362  0.323285  0.000000  0.000001  0.976338     31.324287
    117   1      9   6   1    24  0.323285     104.909      168.1      224.3      5.145  0.323285  0.000000  0.000001  0.976338     31.324287
    118   1     10   3   3    24  0.323285     104.909      117.8      157.2      3.606  0.323285  0.000000  0.000001  0.976338     31.324287
    119   1      4  10   2    24  0.324595     106.177       31.2       47.5      1.802  0.324595  0.000000  0.000001  0.968168     31.253849
    120   1     10   4   2    24  0.324595     106.177      324.0      492.4     18.689  0.324595  0.000000  0.000001  0.968168     31.253849

   No.  Code     H   K   L  Mult     Hw         2theta      Icalc       Iobs      Sigma      HwG     HwL       ETA       d-hkl        CORR

    121   1      5   9   4    24  0.326055     107.452       51.9       73.8      2.915  0.326055  0.000000  0.000001  0.960199     31.205849
    122   1      7   8   3    24  0.326055     107.452       77.5      110.2      4.350  0.326055  0.000000  0.000001  0.960199     31.205849
    123   1      8   7   3    24  0.326055     107.452       87.1      123.9      4.890  0.326055  0.000000  0.000001  0.960199     31.205849
    124   1      9   5   4    24  0.326055     107.452      151.2      215.0      8.489  0.326055  0.000000  0.000001  0.960199     31.205849
    125   1      5  10   1    24  0.329487     110.031      227.4      328.2      4.607  0.329487  0.000000  0.000001  0.944835     31.179150
    126   1      6   9   3    24  0.329487     110.031       19.9       28.7      0.403  0.329487  0.000000  0.000001  0.944835     31.179150
    127   1     10   5   1    24  0.329487     110.031      346.5      500.1      7.021  0.329487  0.000000  0.000001  0.944835     31.179150
    128   1      2  11   1    24  0.329487     110.031       45.5       65.6      0.921  0.329487  0.000000  0.000001  0.944835     31.179150
    129   1      9   6   3    24  0.329487     110.031       57.7       83.2      1.169  0.329487  0.000000  0.000001  0.944835     31.179150
    130   1     11   2   1    24  0.329487     110.031      410.1      591.8      8.309  0.329487  0.000000  0.000001  0.944835     31.179150
    131   1      8   8   0    12  0.331493     111.336      423.1      629.3     20.923  0.331493  0.000000  0.000001  0.937424     15.600899
    132   1     10   4   4    24  0.336184     113.983      144.4      245.8     19.440  0.336184  0.000000  0.000001  0.923112     31.323750
    133   1      8   8   2    24  0.336184     113.983        7.2       12.2      0.967  0.336184  0.000000  0.000001  0.923112     31.323755
    134   1      3  11   2    24  0.338920     115.326      712.1     1069.5     14.603  0.338920  0.000000  0.000001  0.916197     31.425522
    135   1      5  10   3    24  0.338920     115.326       23.6       35.4      0.483  0.338920  0.000000  0.000001  0.916197     31.425522
    136   1      7   7   6    24  0.338920     115.326       17.0       25.5      0.349  0.338920  0.000000  0.000001  0.916197     31.425522
    137   1      7   9   2    24  0.338920     115.326       47.3       71.0      0.970  0.338920  0.000000  0.000001  0.916197     31.425522
    138   1      9   7   2    24  0.338920     115.326      135.8      204.0      2.785  0.338920  0.000000  0.000001  0.916197     31.425522
    139   1     10   5   3    24  0.338920     115.326        8.1       12.2      0.167  0.338920  0.000000  0.000001  0.916197     31.425522
    140   1     11   3   2    24  0.338920     115.326      175.7      263.9      3.604  0.338920  0.000000  0.000001  0.916197     31.425522
    141   1      6  10   0    12  0.341955     116.685      110.5      158.7     19.253  0.341955  0.000000  0.000001  0.909435     15.778275
    142   1      8   6   6    24  0.341955     116.685        2.4        3.4      0.414  0.341955  0.000000  0.000001  0.909435     31.556549
    143   1     10   6   0    12  0.341955     116.685        2.5        3.6      0.438  0.341955  0.000000  0.000001  0.909435     15.778275
    144   1      4  11   1    24  0.345322     118.060       42.4       64.4      4.064  0.345322  0.000000  0.000001  0.902821     31.718702
    145   1     11   4   1    24  0.345322     118.060       58.0       88.0      5.550  0.345322  0.000000  0.000001  0.902821     31.718702
    146   1      7   8   5    24  0.345322     118.060        1.2        1.8      0.116  0.345322  0.000000  0.000001  0.902821     31.718712
    147   1      8   7   5    24  0.345322     118.060      117.1      177.9     11.219  0.345322  0.000000  0.000001  0.902821     31.718712
    148   1      6  10   2    24  0.349063     119.452      181.1      289.8     10.729  0.349063  0.000000  0.000001  0.896349     31.914238
    149   1     10   6   2    24  0.349063     119.452      181.7      290.8     10.765  0.349063  0.000000  0.000001  0.896349     31.914238
    150   1      6   9   5    24  0.353223     120.864       37.5       57.2     18.619  0.353223  0.000000  0.000001  0.890014     32.145794
    151   1      9   6   5    24  0.353223     120.864        2.4        3.6      1.182  0.353223  0.000000  0.000001  0.890014     32.145798
    152   1      8   8   4    24  0.357855     122.298        6.0        5.5      5.477  0.357855  0.000000  0.000001  0.883812     32.416512
    153   1     12   0   0     6  0.357855     122.298       15.1       13.9     13.827  0.357855  0.000000  0.000001  0.883812      8.104128
    154   1     12   1   1    24  0.363024     123.754        2.9        4.5      0.097  0.363024  0.000000  0.000001  0.877738     32.730087
    155   1      4  11   3    24  0.363024     123.754       27.9       43.5      0.928  0.363024  0.000000  0.000001  0.877738     32.730095
    156   1      7   9   4    24  0.363024     123.754       73.7      114.8      2.448  0.363024  0.000000  0.000001  0.877738     32.730095
    157   1      8   9   1    24  0.363024     123.754      472.9      736.1     15.703  0.363024  0.000000  0.000001  0.877738     32.730095
    158   1      9   7   4    24  0.363024     123.754        9.1       14.2      0.303  0.363024  0.000000  0.000001  0.877738     32.730095
    159   1      9   8   1    24  0.363024     123.754       48.5       75.5      1.610  0.363024  0.000000  0.000001  0.877738     32.730095
    160   1     11   4   3    24  0.363024     123.754       38.0       59.1      1.261  0.363024  0.000000  0.000001  0.877738     32.730095
    161   1      2  12   0    12  0.368802     125.236      174.6      239.7     12.610  0.368802  0.000000  0.000001  0.871787     16.545496
    162   1     12   2   0    12  0.368802     125.236      123.7      169.8      8.935  0.368802  0.000000  0.000001  0.871787     16.545496
    163   1      7  10   1    24  0.375279     126.745      182.5      303.8      4.686  0.375279  0.000000  0.000001  0.865955     33.504505
    164   1     10   5   5    24  0.375279     126.745       20.8       34.6      0.533  0.375279  0.000000  0.000001  0.865955     33.504505
    165   1     10   7   1    24  0.375279     126.745       99.9      166.3      2.564  0.375279  0.000000  0.000001  0.865955     33.504505
    166   1      5  11   2    24  0.375279     126.745      480.2      799.7     12.332  0.375279  0.000000  0.000001  0.865955     33.504509
    167   1     11   5   2    24  0.375279     126.745      127.1      211.7      3.265  0.375279  0.000000  0.000001  0.865955     33.504509
    168   1      6  10   4    24  0.382560     128.284        0.2        0.3      0.012  0.382560  0.000000  0.000001  0.860240     33.977051
    169   1     10   6   4    24  0.382560     128.284      181.6      295.8      9.898  0.382560  0.000000  0.000001  0.860240     33.977051
    170   1     12   2   2    24  0.382560     128.284      228.1      371.5     12.432  0.382560  0.000000  0.000001  0.860239     33.977051
    171   1      3  12   1    24  0.390773     129.857       64.1      103.3      5.052  0.390773  0.000000  0.000001  0.854635     34.516418
    172   1      8   9   3    24  0.390773     129.857       46.2       74.4      3.639  0.390774  0.000000  0.000001  0.854635     34.516418
    173   1      9   8   3    24  0.390773     129.857      151.8      244.7     11.965  0.390774  0.000000  0.000001  0.854635     34.516418
    174   1     12   3   1    24  0.390773     129.857       17.9       28.9      1.413  0.390773  0.000000  0.000001  0.854635     34.516418
    175   1      6  11   1    24  0.410658     133.117      247.5      411.8      6.754  0.410658  0.000000  0.000001  0.843748     35.836151
    176   1      7  10   3    24  0.410658     133.117        0.4        0.7      0.012  0.410658  0.000000  0.000001  0.843748     35.836151
    177   1     10   7   3    24  0.410658     133.117       13.1       21.7      0.356  0.410658  0.000000  0.000001  0.843748     35.836151
    178   1     11   6   1    24  0.410658     133.117      700.2     1165.2     19.109  0.410658  0.000000  0.000001  0.843748     35.836151
    179   1      4  12   0    12  0.422764     134.813      312.9      530.3     13.629  0.422764  0.000000  0.000001  0.838458     18.321617
    180   1     12   4   0    12  0.422764     134.813      321.2      544.4     13.991  0.422764  0.000000  0.000001  0.838458     18.321617

   No.  Code     H   K   L  Mult     Hw         2theta      Icalc       Iobs      Sigma      HwG     HwL       ETA       d-hkl        CORR

    181   1      8   7   7    24  0.436699     136.561       64.7      111.9     11.106  0.436699  0.000000  0.000001  0.833266     37.572388
    182   1     12   3   3    24  0.436699     136.561       51.4       88.9      8.827  0.436699  0.000000  0.000001  0.833266     37.572388
    183   1      5  11   4    24  0.436700     136.561        0.7        1.3      0.125  0.436700  0.000000  0.000001  0.833266     37.572403
    184   1     11   5   4    24  0.436700     136.561       49.3       85.2      8.461  0.436700  0.000000  0.000001  0.833266     37.572403

     -----------------------------------------------------
     BRAGG R-Factors and weight fractions for Pattern #  1
     -----------------------------------------------------

 => Phase:  1     Y2O3
 => Bragg R-factor:   21.1       Vol: 1192.953( 0.000)  Fract(%):  100.00( 0.72)
 => Rf-factor=  13.8             ATZ:        3612.974   Brindley:  1.0000

     -----------------------------------------------------------------
      SYMBOLIC NAMES AND FINAL VALUES AND SIGMA OF REFINED PARAMETERS:
     -----------------------------------------------------------------

      ->  Parameter number    1 :                                     Scale_ph1_pat1    0.12779339    ( +/-    0.65268698E-03 )

 ------------------------------------------------------------------
 => Number of bytes for floating point variables: 4
 => Dimensions of dynamic allocated arrays in this run of FullProf:
 ------------------------------------------------------------------

 => Total approximate array memory (dynamic + static): 132451053 bytes

    MaxPOINT=    80000 Max.num. of points(+int. Inten.)/diffraction pattern       
    MaxREFLT=    25000 Max.num. of reflections/diffraction pattern               
    MaxPARAM=      500 Max.num. of refinable parameters                          
    MaxOVERL=     9000 Max.num. of overlapping reflections                       

 ----------------------------------------------------------
 => Number of bytes for floating point arrays: 4
 => Dimensions of fixed arrays in this release of FullProf:
 ----------------------------------------------------------

    NPATT   =       80 Max.num. of powder diffraction patterns                    
    NATS    =      830 Max.num. of atoms (all kind) in asymmetric unit            
    MPAR    =     1800 Max.num. of non atomic parameters/phase                    
    IEXCL   =       30 Max.num. of excluded regions                               
    IBACP   =      377 Max.num. of background points for interpolation            
    NPHT    =       16 Max.num. of phases                                         
    NMAGM   =        8 Max.num. of rotation-matrices sets for magnetic structure  
    NBASIS  =       12 Max.num. of basis functions associated to a single atom    
    NIREPS  =        9 Max.num. of irreducible representations to be combined     
    N_EQ    =      384 Max.num. of user-supplied symmetry operators/propagation vectors
    NGL     =      400 Max.num. of global parameters/diffraction pattern          
    N_LINC  =       50 Max.num. of global linear restraints                        
    NAT_P   =       80 Max.num. of atomic parameters per atom                     
    NCONST  =     3500 Max.num. of slack constraints per phase                    
    N_SPE   =       30 Max.num. of different chemical species                     
    N_FORM  =       60 Max.num. of scattering factor values in a table            
    NPR     =      150 Max.num. of points defining a numerical profile            
    INPR    =       25 Max.num. of different numerical peak shapes                
    NPRC    =      150 Max.num. of terms in the table for correcting intensities  
    NSOL    =       10 Max.num. of solutions to be stored in Montecarlo searchs   

 
              CPU Time:     0.453 seconds
                            0.008 minutes

 => Run finished at:     Date: 06/10/2026  Time: 18:33:25.383                              
