

        **********************************************************
        ** PROGRAM FullProf.2k (Version 8.40 - Feb2026-ILL JRC) **
        **********************************************************
                       M U L T I -- P A T T E R N                 
            Rietveld, Profile Matching & Integrated Intensity     
                 Refinement of X-ray and/or Neutron Data


    Date: 25/09/2026  Time: 13:12:21.052                              

 => PCR file code: scale-fit
 => DAT file code: scale-fit            -> Relative contribution: 1.0000                                                            

 ==> CONDITIONS OF THIS RUN FOR PATTERN No.:  1

 => Global Refinement of neutron powder data                                                                                        
 => Neutron Time-Of-Flight data                                                                                                     
 => Abcisa variable is T.O.F. in microsecs
 => Title:  Diamond - DREAM (ESS) McStas-simulated reduced TOF data

 => Number of phases:    1
 => Number of excluded regions:    2
 => Number of scattering factors supplied:    0
 => Conventional weights: w=1.0/Variance(yobs)
 => Asymmetry correction as in J.Appl.Cryst. 26,128(1993)
 => Background linearly interpolated between the    8 points given
 => The    9th default profile function was selected
 => T.O.F Profile Function #1 
    Decay double Exponential convoluted with pseudo-Voigt:
    Omega(DT) = (1-eta)N {Exp(u).Erfc(y)+ Exp(v).Erfc(z)} +  
                2N eta/pi{-Im[Exp(p)E1(p)]-Im[Exp(q)E1(q)]}  

 ==> INPUT/OUTPUT OPTIONS:

 => Generate bacground file *.bac
 => Generate file *.PRF for plot
 => Output Integrated Intensities
 => Generate new input file *.PCR

 => X-Y type of data: 2theta/TOF/E(Kev) Intens sigma for pattern:  1
 => Plot pattern at each cycle
 => Absorption correction type: 0
 => Base of peaks: 2.0*HW*   30.00

 => Number of cycles:  100
 => Relaxation factors ==>    for coordinates:  1.00
 => for anisotropic temperature factors:  1.00
 => for halfwidth/strain/size/further parameters:  1.00
 => for lattice constants and propagation vectors:  1.00
 => EPS-value for convergence:    0.1
 => Background ==> 
    Position   Intensity
    10000.00       -0.23        0.00
    14000.00        0.39        0.00
    21000.00        0.70        0.00
    27500.00        0.57        0.00
    40000.00        0.30        0.00
    50000.00        0.61        0.00
    61000.00        0.74        0.00
    70000.00        0.61        0.00

 

 => Excluded regions for Pattern#  1
    From     to
      0.0000   9999.0000
  70001.0000 200000.0000

 => Number of Least-Squares parameters varied:     1

 =>--------------------------->
 =>------->  PATTERN number:  1
 =>--------------------------->
 => Global parameters and codes ==>
 => Zero-point:     0.0000    0.0000
 => D-spacing to T.O.F. coefficient dtt1 and code:  28385.861     0.000
 => D-spacing to T.O.F. coefficient dtt2 and code:      0.000     0.000
 => D-spacing to T.O.F. coefficient dtt_1OverD and code:      0.000     0.000
 => T.O.F. 2theta average detector angle      :     90.000

 => Reading Intensity data  =>>

 -> No recognizable heading in input data file X,Y,sigma
    First 6 lines are considered as COMMENTS (except for TSAMP keyword)
 -> COMMENT: Diamond DREAM (ESS) McStas-simulated reduced TOF data                                                                               
 -> COMMENT:      8530.1009       0.000000       1.000000                                                                                        
 -> COMMENT:      8559.1022       0.000000       1.000000                                                                                        
 -> COMMENT:      8588.1034       0.000000       1.000000                                                                                        
 -> COMMENT:      8617.1047       0.000000       1.000000                                                                                        
 -> COMMENT:      8646.1060       0.000000       1.000000                                                                                        
 ==> T.O.F. range, and number of points:
    TOFmin:    8675.107422  TOFmax:   66503.687500
    No. of points:   1995
 --------------------------------------------------------------------------------
 => Phase  No. 1
      Diamond                                                               
 --------------------------------------------------------------------------------
 =>-------> Pattern#  1
 => Crystal Structure Refinement
 => Preferred orientation vector:   0.0000  0.0000  1.0000

 =>-------> Data for PHASE: 1
 => Number of atoms:    1
 => Number of distance  constraints:    0
 => Number of angle     constraints:    0

 => Symmetry information on space group: F d -3 m:1          
 -> The multiplicity of the general position is: 192
 -> The space group is Centric (-1 not at origin
 -> Lattice type  F: { 000;  0  1/2 1/2; 1/2  0  1/2; 1/2 1/2  0 }+
 -> Reduced set of symmetry operators:

  No.  IT   Symmetry symbol    Rotation part     Associated Translation
   1: ( 1)   1            -->     ( x, y, z) + {  0.0000  0.0000  0.0000}
   2: (16)  4+ ( 0, 0, z) -->     (-y, x, z) + {  0.2500  0.2500  0.2500}
   3: ( 4)   2 ( x, 0, 0) -->     ( x,-y,-z) + {  0.0000  0.0000  0.0000}
   4: ( 5)  3+ ( x, x, x) -->     ( z, x, y) + {  0.0000  0.0000  0.0000}
   5: ( 2)   2 ( 0, 0, z) -->     (-x,-y, z) + {  0.0000  0.0000  0.0000}
   6: (13)   2 ( x, x, 0) -->     ( y, x,-z) + {  0.2500  0.2500  0.2500}
   7: (18)   2 ( 0, y, y) -->     (-x, z, y) + {  0.2500  0.2500  0.2500}
   8: ( 6)  3+ (-x, x,-x) -->     ( z,-x,-y) + {  0.0000  0.0000  0.0000}
   9: ( 9)  3- ( x, x, x) -->     ( y, z, x) + {  0.0000  0.0000  0.0000}
  10: (15)  4- ( 0, 0, z) -->     ( y,-x, z) + {  0.2500  0.2500  0.2500}
  11: ( 3)   2 ( 0, y, 0) -->     (-x, y,-z) + {  0.0000  0.0000  0.0000}
  12: ( 7)  3+ ( x,-x,-x) -->     (-z,-x, y) + {  0.0000  0.0000  0.0000}
  13: (17)  4- ( x, 0, 0) -->     ( x, z,-y) + {  0.2500  0.2500  0.2500}
  14: (23)  4- ( 0, y, 0) -->     (-z, y, x) + {  0.2500  0.2500  0.2500}
  15: (19)   2 ( 0, y,-y) -->     (-x,-z,-y) + {  0.2500  0.2500  0.2500}
  16: (11)  3- (-x,-x, x) -->     ( y,-z,-x) + {  0.0000  0.0000  0.0000}
  17: (10)  3- ( x,-x,-x) -->     (-y, z,-x) + {  0.0000  0.0000  0.0000}
  18: (14)   2 ( x,-x, 0) -->     (-y,-x,-z) + {  0.2500  0.2500  0.2500}
  19: (20)  4+ ( x, 0, 0) -->     ( x,-z, y) + {  0.2500  0.2500  0.2500}
  20: ( 8)  3+ (-x,-x, x) -->     (-z, x,-y) + {  0.0000  0.0000  0.0000}
  21: (12)  3- (-x, x,-x) -->     (-y,-z, x) + {  0.0000  0.0000  0.0000}
  22: (21)  4+ ( 0, y, 0) -->     ( z, y,-x) + {  0.2500  0.2500  0.2500}
  23: (24)   2 (-x, 0, x) -->     (-z,-y,-x) + {  0.2500  0.2500  0.2500}
  24: (22)   2 ( x, 0, x) -->     ( z,-y, x) + {  0.2500  0.2500  0.2500}
  25: (25)  -1            -->     (-x,-y,-z) + {  0.2500  0.2500  0.2500}
  26: (40) -4+ ( 0, 0, z) -->     ( y,-x,-z) + {  0.0000  0.0000  0.0000}
  27: (28)   m ( 0, y, z) -->     (-x, y, z) + {  0.2500  0.2500  0.2500}
  28: (29) -3+ ( x, x, x) -->     (-z,-x,-y) + {  0.2500  0.2500  0.2500}
  29: (26)   m ( x, y, 0) -->     ( x, y,-z) + {  0.2500  0.2500  0.2500}
  30: (37)   m ( x,-x, z) -->     (-y,-x, z) + {  0.0000  0.0000  0.0000}
  31: (42)   m ( x, y,-y) -->     ( x,-z,-y) + {  0.0000  0.0000  0.0000}
  32: (30) -3+ (-x, x,-x) -->     (-z, x, y) + {  0.2500  0.2500  0.2500}
  33: (33) -3- ( x, x, x) -->     (-y,-z,-x) + {  0.2500  0.2500  0.2500}
  34: (39) -4- ( 0, 0, z) -->     (-y, x,-z) + {  0.0000  0.0000  0.0000}
  35: (27)   m ( x, 0, z) -->     ( x,-y, z) + {  0.2500  0.2500  0.2500}
  36: (31) -3+ ( x,-x,-x) -->     ( z, x,-y) + {  0.2500  0.2500  0.2500}
  37: (41) -4- ( x, 0, 0) -->     (-x,-z, y) + {  0.0000  0.0000  0.0000}
  38: (47) -4- ( 0, y, 0) -->     ( z,-y,-x) + {  0.0000  0.0000  0.0000}
  39: (43)   m ( x, y, y) -->     ( x, z, y) + {  0.0000  0.0000  0.0000}
  40: (35) -3- (-x,-x, x) -->     (-y, z, x) + {  0.2500  0.2500  0.2500}
  41: (34) -3- ( x,-x,-x) -->     ( y,-z, x) + {  0.2500  0.2500  0.2500}
  42: (38)   m ( x, x, z) -->     ( y, x, z) + {  0.0000  0.0000  0.0000}
  43: (44) -4+ ( x, 0, 0) -->     (-x, z,-y) + {  0.0000  0.0000  0.0000}
  44: (32) -3+ (-x,-x, x) -->     ( z,-x, y) + {  0.2500  0.2500  0.2500}
  45: (36) -3- (-x, x,-x) -->     ( y, z,-x) + {  0.2500  0.2500  0.2500}
  46: (45) -4+ ( 0, y, 0) -->     (-z,-y, x) + {  0.0000  0.0000  0.0000}
  47: (48)   m ( x, y, x) -->     ( z, y, x) + {  0.0000  0.0000  0.0000}
  48: (46)   m (-x, y, x) -->     (-z, y,-x) + {  0.0000  0.0000  0.0000}


        Information on Space Group: 
        --------------------------- 

 =>   Number of Space group: 227
 =>  Hermann-Mauguin Symbol: F d -3 m:1
 =>             Hall Symbol: F 4d 2 3 -1d
 =>            Setting Type: Generated from Hall symbol
 =>          Crystal System: Cubic
 =>              Laue Class: m-3m
 =>             Point Group: m-3m
 =>         Bravais Lattice: F
 =>          Lattice Symbol: cF
 =>  Reduced Number of S.O.:  24
 =>    General multiplicity: 192
 =>          Centrosymmetry: Centric (-1 not at origin)  Gen(-1):-x+1/4,-y+1/4,-z+1/4
 =>  Generators (exc. -1&L):   3
 =>         Asymmetric unit:  0.000 <= x <=  0.500
                              0.000 <= y <=  0.125
                             -0.125 <= z <=  0.125
 =>               Centre at: (1/8,1/8,1/8)
 => Centring vectors:  3
 => Latt( 1): (1/2,1/2,0)                          => Latt( 2): (1/2,0,1/2)                         
 => Latt( 3): (0,1/2,1/2)                                                                           

 => List of all Symmetry Operators and Symmetry Symbols

 => SYMM(  1): x,y,z                             Symbol: 1
 => SYMM(  2): -y+1/4,x+1/4,z+1/4                Symbol: 4+ (0,0,1/4) 0,1/4,z
 => SYMM(  3): x,-y,-z                           Symbol: 2 x,0,0
 => SYMM(  4): z,x,y                             Symbol: 3+ x,x,x
 => SYMM(  5): -x,-y,z                           Symbol: 2 0,0,z
 => SYMM(  6): y+1/4,x+1/4,-z+1/4                Symbol: 2 (1/4,1/4,0) x,x,1/8
 => SYMM(  7): -x+1/4,z+1/4,y+1/4                Symbol: 2 (0,1/4,1/4) 1/8,y,y
 => SYMM(  8): z,-x,-y                           Symbol: 3- x,-x,x
 => SYMM(  9): y,z,x                             Symbol: 3- x,x,x
 => SYMM( 10): y+1/4,-x+1/4,z+1/4                Symbol: 4- (0,0,1/4) 1/4,0,z
 => SYMM( 11): -x,y,-z                           Symbol: 2 0,y,0
 => SYMM( 12): -z,-x,y                           Symbol: 3+ x,-x,-x
 => SYMM( 13): x+1/4,z+1/4,-y+1/4                Symbol: 4- (1/4,0,0) x,1/4,0
 => SYMM( 14): -z+1/4,y+1/4,x+1/4                Symbol: 4- (0,1/4,0) 0,y,1/4
 => SYMM( 15): -x+1/4,-z+1/4,-y+1/4              Symbol: 2 1/8,y,-y+1/4
 => SYMM( 16): y,-z,-x                           Symbol: 3+ x,x,-x
 => SYMM( 17): -y,z,-x                           Symbol: 3- x,-x,-x
 => SYMM( 18): -y+1/4,-x+1/4,-z+1/4              Symbol: 2 x,-x+1/4,1/8
 => SYMM( 19): x+1/4,-z+1/4,y+1/4                Symbol: 4+ (1/4,0,0) x,0,1/4
 => SYMM( 20): -z,x,-y                           Symbol: 3- x,x,-x
 => SYMM( 21): -y,-z,x                           Symbol: 3+ x,-x,x
 => SYMM( 22): z+1/4,y+1/4,-x+1/4                Symbol: 4+ (0,1/4,0) 1/4,y,0
 => SYMM( 23): -z+1/4,-y+1/4,-x+1/4              Symbol: 2 x,1/8,-x+1/4
 => SYMM( 24): z+1/4,-y+1/4,x+1/4                Symbol: 2 (1/4,0,1/4) x,1/8,x
 => SYMM( 25): -x+1/4,-y+1/4,-z+1/4              Symbol: -1 1/8,1/8,1/8
 => SYMM( 26): y,-x,-z                           Symbol: -4+ 0,0,z; 0,0,0
 => SYMM( 27): -x+1/4,y+1/4,z+1/4                Symbol: d (0,1/4,1/4) 1/8,y,z
 => SYMM( 28): -z+1/4,-x+1/4,-y+1/4              Symbol: -3+ x,x,x; 1/8,1/8,1/8
 => SYMM( 29): x+1/4,y+1/4,-z+1/4                Symbol: d (1/4,1/4,0) x,y,1/8
 => SYMM( 30): -y,-x,z                           Symbol: m x,-x,z
 => SYMM( 31): x,-z,-y                           Symbol: m x,y,-y
 => SYMM( 32): -z+1/4,x+1/4,y+1/4                Symbol: -3- x,-x,x+1/2; -1/8,1/8,3/8
 => SYMM( 33): -y+1/4,-z+1/4,-x+1/4              Symbol: -3- x,x,x; 1/8,1/8,1/8
 => SYMM( 34): -y,x,-z                           Symbol: -4- 0,0,z; 0,0,0
 => SYMM( 35): x+1/4,-y+1/4,z+1/4                Symbol: d (1/4,0,1/4) x,1/8,z
 => SYMM( 36): z+1/4,x+1/4,-y+1/4                Symbol: -3+ x,-x+1/2,-x; 1/8,3/8,-1/8
 => SYMM( 37): -x,-z,y                           Symbol: -4- x,0,0; 0,0,0
 => SYMM( 38): z,-y,-x                           Symbol: -4- 0,y,0; 0,0,0
 => SYMM( 39): x,z,y                             Symbol: m x,y,y
 => SYMM( 40): -y+1/4,z+1/4,x+1/4                Symbol: -3+ x,x+1/2,-x; -1/8,3/8,1/8
 => SYMM( 41): y+1/4,-z+1/4,x+1/4                Symbol: -3- x,-x,-x+1/2; 1/8,-1/8,3/8
 => SYMM( 42): y,x,z                             Symbol: m x,x,z
 => SYMM( 43): -x,z,-y                           Symbol: -4+ x,0,0; 0,0,0
 => SYMM( 44): z+1/4,-x+1/4,y+1/4                Symbol: -3- x,x-1/2,-x+1/2; 3/8,-1/8,1/8
 => SYMM( 45): y+1/4,z+1/4,-x+1/4                Symbol: -3+ x,-x+1/2,x-1/2; 3/8,1/8,-1/8
 => SYMM( 46): -z,-y,x                           Symbol: -4+ 0,y,0; 0,0,0
 => SYMM( 47): z,y,x                             Symbol: m x,y,x
 => SYMM( 48): -z,y,-x                           Symbol: m x,y,-x
 => SYMM( 49): x+1/2,y+1/2,z                     Symbol: t (1/2,1/2,0)
 => SYMM( 50): -y+3/4,x+3/4,z+1/4                Symbol: 4+ (0,0,1/4) 0,3/4,z
 => SYMM( 51): x+1/2,-y+1/2,-z                   Symbol: 2 (1/2,0,0) x,1/4,0
 => SYMM( 52): z+1/2,x+1/2,y                     Symbol: 3+ (1/3,1/3,1/3) x,x+1/6,x-1/6
 => SYMM( 53): -x+1/2,-y+1/2,z                   Symbol: 2 1/4,1/4,z
 => SYMM( 54): y+3/4,x+3/4,-z+1/4                Symbol: 2 (3/4,3/4,0) x,x,1/8
 => SYMM( 55): -x+3/4,z+3/4,y+1/4                Symbol: 2 (0,1/2,1/2) 3/8,y,y-1/4
 => SYMM( 56): z+1/2,-x+1/2,-y                   Symbol: 3- x,-x+1/2,x-1/2
 => SYMM( 57): y+1/2,z+1/2,x                     Symbol: 3- (1/3,1/3,1/3) x,x-1/6,x-1/3
 => SYMM( 58): y+3/4,-x+3/4,z+1/4                Symbol: 4- (0,0,1/4) 3/4,0,z
 => SYMM( 59): -x+1/2,y+1/2,-z                   Symbol: 2 (0,1/2,0) 1/4,y,0
 => SYMM( 60): -z+1/2,-x+1/2,y                   Symbol: 3+ x,-x+1/2,-x+1/2
 => SYMM( 61): x+3/4,z+3/4,-y+1/4                Symbol: 4- (3/4,0,0) x,1/2,-1/4
 => SYMM( 62): -z+3/4,y+3/4,x+1/4                Symbol: 4- (0,3/4,0) 1/4,y,1/2
 => SYMM( 63): -x+3/4,-z+3/4,-y+1/4              Symbol: 2 (0,1/4,-1/4) 3/8,y,-y+1/2
 => SYMM( 64): y+1/2,-z+1/2,-x                   Symbol: 3+ (1/3,1/3,-1/3) x,x-1/6,-x+1/3
 => SYMM( 65): -y+1/2,z+1/2,-x                   Symbol: 3- x,-x+1/2,-x
 => SYMM( 66): -y+3/4,-x+3/4,-z+1/4              Symbol: 2 x,-x+3/4,1/8
 => SYMM( 67): x+3/4,-z+3/4,y+1/4                Symbol: 4+ (3/4,0,0) x,1/4,1/2
 => SYMM( 68): -z+1/2,x+1/2,-y                   Symbol: 3- (1/3,1/3,-1/3) x,x+1/6,-x+1/6
 => SYMM( 69): -y+1/2,-z+1/2,x                   Symbol: 3+ x,-x+1/2,x
 => SYMM( 70): z+3/4,y+3/4,-x+1/4                Symbol: 4+ (0,3/4,0) 1/2,y,-1/4
 => SYMM( 71): -z+3/4,-y+3/4,-x+1/4              Symbol: 2 (1/4,0,-1/4) x,3/8,-x+1/2
 => SYMM( 72): z+3/4,-y+3/4,x+1/4                Symbol: 2 (1/2,0,1/2) x,3/8,x-1/4
 => SYMM( 73): -x+3/4,-y+3/4,-z+1/4              Symbol: -1 3/8,3/8,1/8
 => SYMM( 74): y+1/2,-x+1/2,-z                   Symbol: -4+ 1/2,0,z; 1/2,0,0
 => SYMM( 75): -x+3/4,y+3/4,z+1/4                Symbol: g (0,3/4,1/4) 3/8,y,z
 => SYMM( 76): -z+3/4,-x+3/4,-y+1/4              Symbol: -3+ x,x-1/2,x-1/2; 5/8,1/8,1/8
 => SYMM( 77): x+3/4,y+3/4,-z+1/4                Symbol: g (3/4,3/4,0) x,y,1/8
 => SYMM( 78): -y+1/2,-x+1/2,z                   Symbol: m x,-x+1/2,z
 => SYMM( 79): x+1/2,-z+1/2,-y                   Symbol: g (1/2,1/4,-1/4) x,y,-y+1/4
 => SYMM( 80): -z+3/4,x+3/4,y+1/4                Symbol: -3- x,-x+1/2,x+1; -1/8,5/8,7/8
 => SYMM( 81): -y+3/4,-z+3/4,-x+1/4              Symbol: -3- x,x+1/2,x; 1/8,5/8,1/8
 => SYMM( 82): -y+1/2,x+1/2,-z                   Symbol: -4- 0,1/2,z; 0,1/2,0
 => SYMM( 83): x+3/4,-y+3/4,z+1/4                Symbol: d (3/4,0,1/4) x,3/8,z
 => SYMM( 84): z+3/4,x+3/4,-y+1/4                Symbol: -3+ x,-x+1,-x-1/2; 1/8,7/8,-5/8
 => SYMM( 85): -x+1/2,-z+1/2,y                   Symbol: -4- x,1/4,1/4; 1/4,1/4,1/4
 => SYMM( 86): z+1/2,-y+1/2,-x                   Symbol: -4- 1/4,y,-1/4; 1/4,1/4,-1/4
 => SYMM( 87): x+1/2,z+1/2,y                     Symbol: g (1/2,1/4,1/4) x,y,y-1/4
 => SYMM( 88): -y+3/4,z+3/4,x+1/4                Symbol: -3+ x,x+1,-x; -1/8,7/8,1/8
 => SYMM( 89): y+3/4,-z+3/4,x+1/4                Symbol: -3- x,-x+1/2,-x+3/2; 5/8,-1/8,7/8
 => SYMM( 90): y+1/2,x+1/2,z                     Symbol: n (1/2,1/2,0) x,x,z
 => SYMM( 91): -x+1/2,z+1/2,-y                   Symbol: -4+ x,1/4,-1/4; 1/4,1/4,-1/4
 => SYMM( 92): z+3/4,-x+3/4,y+1/4                Symbol: -3- x,x-1,-x+1; 7/8,-1/8,1/8
 => SYMM( 93): y+3/4,z+3/4,-x+1/4                Symbol: -3+ x,-x+1,x-3/2; 7/8,1/8,-5/8
 => SYMM( 94): -z+1/2,-y+1/2,x                   Symbol: -4+ 1/4,y,1/4; 1/4,1/4,1/4
 => SYMM( 95): z+1/2,y+1/2,x                     Symbol: g (1/4,1/2,1/4) x,y,x-1/4
 => SYMM( 96): -z+1/2,y+1/2,-x                   Symbol: g (1/4,1/2,-1/4) x,y,-x+1/4
 => SYMM( 97): x+1/2,y,z+1/2                     Symbol: t (1/2,0,1/2)
 => SYMM( 98): -y+3/4,x+1/4,z+3/4                Symbol: 4+ (0,0,3/4) 1/4,1/2,z
 => SYMM( 99): x+1/2,-y,-z+1/2                   Symbol: 2 (1/2,0,0) x,0,1/4
 => SYMM(100): z+1/2,x,y+1/2                     Symbol: 3+ (1/3,1/3,1/3) x,x-1/3,x-1/6
 => SYMM(101): -x+1/2,-y,z+1/2                   Symbol: 2 (0,0,1/2) 1/4,0,z
 => SYMM(102): y+3/4,x+1/4,-z+3/4                Symbol: 2 (1/2,1/2,0) x,x-1/4,3/8
 => SYMM(103): -x+3/4,z+1/4,y+3/4                Symbol: 2 (0,1/2,1/2) 3/8,y,y+1/4
 => SYMM(104): z+1/2,-x,-y+1/2                   Symbol: 3- (1/3,-1/3,1/3) x,-x+1/3,x-1/6
 => SYMM(105): y+1/2,z,x+1/2                     Symbol: 3- (1/3,1/3,1/3) x,x-1/6,x+1/6
 => SYMM(106): y+3/4,-x+1/4,z+3/4                Symbol: 4- (0,0,3/4) 1/2,-1/4,z
 => SYMM(107): -x+1/2,y,-z+1/2                   Symbol: 2 1/4,y,1/4
 => SYMM(108): -z+1/2,-x,y+1/2                   Symbol: 3+ x,-x,-x+1/2
 => SYMM(109): x+3/4,z+1/4,-y+3/4                Symbol: 4- (3/4,0,0) x,1/2,1/4
 => SYMM(110): -z+3/4,y+1/4,x+3/4                Symbol: 4- (0,1/4,0) 0,y,3/4
 => SYMM(111): -x+3/4,-z+1/4,-y+3/4              Symbol: 2 (0,-1/4,1/4) 3/8,y,-y+1/2
 => SYMM(112): y+1/2,-z,-x+1/2                   Symbol: 3+ x,x-1/2,-x+1/2
 => SYMM(113): -y+1/2,z,-x+1/2                   Symbol: 3- x,-x+1/2,-x+1/2
 => SYMM(114): -y+3/4,-x+1/4,-z+3/4              Symbol: 2 (1/4,-1/4,0) x,-x+1/2,3/8
 => SYMM(115): x+3/4,-z+1/4,y+3/4                Symbol: 4+ (3/4,0,0) x,-1/4,1/2
 => SYMM(116): -z+1/2,x,-y+1/2                   Symbol: 3- x,x,-x+1/2
 => SYMM(117): -y+1/2,-z,x+1/2                   Symbol: 3+ (1/3,-1/3,1/3) x,-x+1/6,x+1/6
 => SYMM(118): z+3/4,y+1/4,-x+3/4                Symbol: 4+ (0,1/4,0) 3/4,y,0
 => SYMM(119): -z+3/4,-y+1/4,-x+3/4              Symbol: 2 x,1/8,-x+3/4
 => SYMM(120): z+3/4,-y+1/4,x+3/4                Symbol: 2 (3/4,0,3/4) x,1/8,x
 => SYMM(121): -x+3/4,-y+1/4,-z+3/4              Symbol: -1 3/8,1/8,3/8
 => SYMM(122): y+1/2,-x,-z+1/2                   Symbol: -4+ 1/4,-1/4,z; 1/4,-1/4,1/4
 => SYMM(123): -x+3/4,y+1/4,z+3/4                Symbol: d (0,1/4,3/4) 3/8,y,z
 => SYMM(124): -z+3/4,-x+1/4,-y+3/4              Symbol: -3+ x,x,x+1/2; 1/8,1/8,5/8
 => SYMM(125): x+3/4,y+1/4,-z+3/4                Symbol: g (3/4,1/4,0) x,y,3/8
 => SYMM(126): -y+1/2,-x,z+1/2                   Symbol: g (1/4,-1/4,1/2) x,-x+1/4,z
 => SYMM(127): x+1/2,-z,-y+1/2                   Symbol: g (1/2,-1/4,1/4) x,y,-y+1/4
 => SYMM(128): -z+3/4,x+1/4,y+3/4                Symbol: -3- x,-x,x+1; -1/8,1/8,7/8
 => SYMM(129): -y+3/4,-z+1/4,-x+3/4              Symbol: -3- x,x-1/2,x-1/2; 5/8,1/8,1/8
 => SYMM(130): -y+1/2,x,-z+1/2                   Symbol: -4- 1/4,1/4,z; 1/4,1/4,1/4
 => SYMM(131): x+3/4,-y+1/4,z+3/4                Symbol: g (3/4,0,3/4) x,1/8,z
 => SYMM(132): z+3/4,x+1/4,-y+3/4                Symbol: -3+ x,-x+3/2,-x+1/2; 5/8,7/8,-1/8
 => SYMM(133): -x+1/2,-z,y+1/2                   Symbol: -4- x,-1/4,1/4; 1/4,-1/4,1/4
 => SYMM(134): z+1/2,-y,-x+1/2                   Symbol: -4- 1/2,y,0; 1/2,0,0
 => SYMM(135): x+1/2,z,y+1/2                     Symbol: g (1/2,1/4,1/4) x,y,y+1/4
 => SYMM(136): -y+3/4,z+1/4,x+3/4                Symbol: -3+ x,x+1,-x+1/2; -1/8,7/8,5/8
 => SYMM(137): y+3/4,-z+1/4,x+3/4                Symbol: -3- x,-x-1/2,-x+1; 1/8,-5/8,7/8
 => SYMM(138): y+1/2,x,z+1/2                     Symbol: g (1/4,1/4,1/2) x,x-1/4,z
 => SYMM(139): -x+1/2,z,-y+1/2                   Symbol: -4+ x,1/4,1/4; 1/4,1/4,1/4
 => SYMM(140): z+3/4,-x+1/4,y+3/4                Symbol: -3- x,x-3/2,-x+1; 7/8,-5/8,1/8
 => SYMM(141): y+3/4,z+1/4,-x+3/4                Symbol: -3+ x,-x+1,x-1; 7/8,1/8,-1/8
 => SYMM(142): -z+1/2,-y,x+1/2                   Symbol: -4+ 0,y,1/2; 0,0,1/2
 => SYMM(143): z+1/2,y,x+1/2                     Symbol: n (1/2,0,1/2) x,y,x
 => SYMM(144): -z+1/2,y,-x+1/2                   Symbol: m x,y,-x+1/2
 => SYMM(145): x,y+1/2,z+1/2                     Symbol: t (0,1/2,1/2)
 => SYMM(146): -y+1/4,x+3/4,z+3/4                Symbol: 4+ (0,0,3/4) -1/4,1/2,z
 => SYMM(147): x,-y+1/2,-z+1/2                   Symbol: 2 x,1/4,1/4
 => SYMM(148): z,x+1/2,y+1/2                     Symbol: 3+ (1/3,1/3,1/3) x,x+1/6,x+1/3
 => SYMM(149): -x,-y+1/2,z+1/2                   Symbol: 2 (0,0,1/2) 0,1/4,z
 => SYMM(150): y+1/4,x+3/4,-z+3/4                Symbol: 2 (1/2,1/2,0) x,x+1/4,3/8
 => SYMM(151): -x+1/4,z+3/4,y+3/4                Symbol: 2 (0,3/4,3/4) 1/8,y,y
 => SYMM(152): z,-x+1/2,-y+1/2                   Symbol: 3- x,-x+1/2,x
 => SYMM(153): y,z+1/2,x+1/2                     Symbol: 3- (1/3,1/3,1/3) x,x+1/3,x+1/6
 => SYMM(154): y+1/4,-x+3/4,z+3/4                Symbol: 4- (0,0,3/4) 1/2,1/4,z
 => SYMM(155): -x,y+1/2,-z+1/2                   Symbol: 2 (0,1/2,0) 0,y,1/4
 => SYMM(156): -z,-x+1/2,y+1/2                   Symbol: 3+ (-1/3,1/3,1/3) x,-x+1/6,-x+1/3
 => SYMM(157): x+1/4,z+3/4,-y+3/4                Symbol: 4- (1/4,0,0) x,3/4,0
 => SYMM(158): -z+1/4,y+3/4,x+3/4                Symbol: 4- (0,3/4,0) -1/4,y,1/2
 => SYMM(159): -x+1/4,-z+3/4,-y+3/4              Symbol: 2 1/8,y,-y+3/4
 => SYMM(160): y,-z+1/2,-x+1/2                   Symbol: 3+ x,x,-x+1/2
 => SYMM(161): -y,z+1/2,-x+1/2                   Symbol: 3- (-1/3,1/3,1/3) x,-x+1/3,-x+1/6
 => SYMM(162): -y+1/4,-x+3/4,-z+3/4              Symbol: 2 (-1/4,1/4,0) x,-x+1/2,3/8
 => SYMM(163): x+1/4,-z+3/4,y+3/4                Symbol: 4+ (1/4,0,0) x,0,3/4
 => SYMM(164): -z,x+1/2,-y+1/2                   Symbol: 3- x,x+1/2,-x
 => SYMM(165): -y,-z+1/2,x+1/2                   Symbol: 3+ x,-x,x+1/2
 => SYMM(166): z+1/4,y+3/4,-x+3/4                Symbol: 4+ (0,3/4,0) 1/2,y,1/4
 => SYMM(167): -z+1/4,-y+3/4,-x+3/4              Symbol: 2 (-1/4,0,1/4) x,3/8,-x+1/2
 => SYMM(168): z+1/4,-y+3/4,x+3/4                Symbol: 2 (1/2,0,1/2) x,3/8,x+1/4
 => SYMM(169): -x+1/4,-y+3/4,-z+3/4              Symbol: -1 1/8,3/8,3/8
 => SYMM(170): y,-x+1/2,-z+1/2                   Symbol: -4+ 1/4,1/4,z; 1/4,1/4,1/4
 => SYMM(171): -x+1/4,y+3/4,z+3/4                Symbol: g (0,3/4,3/4) 1/8,y,z
 => SYMM(172): -z+1/4,-x+3/4,-y+3/4              Symbol: -3+ x,x+1/2,x; 1/8,5/8,1/8
 => SYMM(173): x+1/4,y+3/4,-z+3/4                Symbol: d (1/4,3/4,0) x,y,3/8
 => SYMM(174): -y,-x+1/2,z+1/2                   Symbol: g (-1/4,1/4,1/2) x,-x+1/4,z
 => SYMM(175): x,-z+1/2,-y+1/2                   Symbol: m x,y,-y+1/2
 => SYMM(176): -z+1/4,x+3/4,y+3/4                Symbol: -3- x,-x-1/2,x+3/2; -5/8,1/8,7/8
 => SYMM(177): -y+1/4,-z+3/4,-x+3/4              Symbol: -3- x,x,x+1/2; 1/8,1/8,5/8
 => SYMM(178): -y,x+1/2,-z+1/2                   Symbol: -4- -1/4,1/4,z; -1/4,1/4,1/4
 => SYMM(179): x+1/4,-y+3/4,z+3/4                Symbol: g (1/4,0,3/4) x,3/8,z
 => SYMM(180): z+1/4,x+3/4,-y+3/4                Symbol: -3+ x,-x+1,-x; 1/8,7/8,-1/8
 => SYMM(181): -x,-z+1/2,y+1/2                   Symbol: -4- x,0,1/2; 0,0,1/2
 => SYMM(182): z,-y+1/2,-x+1/2                   Symbol: -4- 1/4,y,1/4; 1/4,1/4,1/4
 => SYMM(183): x,z+1/2,y+1/2                     Symbol: n (0,1/2,1/2) x,y,y
 => SYMM(184): -y+1/4,z+3/4,x+3/4                Symbol: -3+ x,x+3/2,-x-1/2; -5/8,7/8,1/8
 => SYMM(185): y+1/4,-z+3/4,x+3/4                Symbol: -3- x,-x,-x+1; 1/8,-1/8,7/8
 => SYMM(186): y,x+1/2,z+1/2                     Symbol: g (1/4,1/4,1/2) x,x+1/4,z
 => SYMM(187): -x,z+1/2,-y+1/2                   Symbol: -4+ x,1/2,0; 0,1/2,0
 => SYMM(188): z+1/4,-x+3/4,y+3/4                Symbol: -3- x,x-1,-x+3/2; 7/8,-1/8,5/8
 => SYMM(189): y+1/4,z+3/4,-x+3/4                Symbol: -3+ x,-x+3/2,x-1; 7/8,5/8,-1/8
 => SYMM(190): -z,-y+1/2,x+1/2                   Symbol: -4+ -1/4,y,1/4; -1/4,1/4,1/4
 => SYMM(191): z,y+1/2,x+1/2                     Symbol: g (1/4,1/2,1/4) x,y,x+1/4
 => SYMM(192): -z,y+1/2,-x+1/2                   Symbol: g (-1/4,1/2,1/4) x,y,-x+1/4

 => Special Wyckoff Positions for F d -3 m:1
 
    Multp     Site        Representative Coordinates (centring translations excluded)
     96       h              1/8,y,-y+1/4        -y+1/4,3/8,-y+1/2   1/8,-y,y+3/4                            
                             -y+1/4,1/8,y        7/8,-y,-y+1/4       y+1/4,3/8,y                             
                             y,-y+1/4,1/8        y+1/4,1/8,-y+1/2    7/8,y,y+3/4                             
                             y,y+1/4,3/8         -y,-y+1/4,7/8       -y,y+3/4,1/8                            
                             1/8,-y+1/4,y        y,7/8,y+3/4         1/8,y+1/4,-y+1/2                        
                             y,1/8,-y+1/4        3/8,y+1/4,y         -y,7/8,-y+1/4                           
                             -y+1/4,y,1/8        -y,1/8,y+3/4        3/8,-y+1/4,-y+1/2                       
                             -y+1/4,-y,7/8       y+1/4,y,3/8         y+1/4,-y+1/2,1/8                        
 
     96       g              x,x,z               -x+1/4,x+1/4,z+1/4  x,-x,-z                                 
                             z,x,x               -x,-x,z             x+1/4,x+1/4,-z+1/4                      
                             -x+1/4,z+1/4,x+1/4  z,-x,-x             x,z,x                                   
                             x+1/4,-x+1/4,z+1/4  -x,x,-z             -z,-x,x                                 
                             x+1/4,z+1/4,-x+1/4  -z+1/4,x+1/4,x+1/4  -x+1/4,-z+1/4,-x+1/4                    
                             x,-z,-x             -x,z,-x             -x+1/4,-x+1/4,-z+1/4                    
                             x+1/4,-z+1/4,x+1/4  -z,x,-x             -x,-z,x                                 
                             z+1/4,x+1/4,-x+1/4  -z+1/4,-x+1/4,-x+1/4z+1/4,-x+1/4,x+1/4                      
 
     48       f              x,0,0               1/4,x+1/4,1/4       0,x,0                                   
                             -x,0,0              -x+1/4,1/4,1/4      0,-x,0                                  
                             0,0,x               1/4,-x+1/4,1/4      x+1/4,1/4,1/4                           
                             1/4,1/4,x+1/4       0,0,-x              1/4,1/4,-x+1/4                          
 
     32       e              x,x,x               -x+1/4,x+1/4,x+1/4  x,-x,-x                                 
                             -x,-x,x             x+1/4,x+1/4,-x+1/4  x+1/4,-x+1/4,x+1/4                      
                             -x,x,-x             -x+1/4,-x+1/4,-x+1/4                                        
 
     16       d              5/8,5/8,5/8         5/8,7/8,7/8         3/8,3/8,5/8                             
                             7/8,5/8,7/8                                                                     
 
     16       c              1/8,1/8,1/8         1/8,3/8,3/8         7/8,7/8,1/8                             
                             3/8,1/8,3/8                                                                     
 
      8       b              1/2,1/2,1/2         3/4,3/4,3/4                                                 
 
      8       a              0,0,0               1/4,1/4,1/4                                                 
 

 => Initial parameters ==>
 Atom    Ntyp                  X         Y         Z         B         occ.         in  fin  Spc  Mult
                             B11       B22       B33       B12       B13       B23
 C      C                  0.12500   0.12500   0.12500   0.89263   0.08333           0    0    0   16
                 Codes:    0.00000   0.00000   0.00000   0.00000   0.00000

 => It is assumed that THE FIRST GIVEN SITE plus all the other atoms 
    occupying THE SAME POSITION have a total full occupation (no vacancies!)
  (if this is not the case, change the order of atoms to obtain correct values for the content of the unit cell)
    The given occupation factors have been obtained mutiplying m/M by   0.0833
      -> Atom: C   ,  Chemical element: C   Atomic Mass:    12.0110
 => The given value of ATZ is      27673.34 the program has calculated:         192.16
    The value of ATZ given in the input PCR file will be used for quantitative analysis
 => The chemical content of the unit cell is: 
      16.0000 C      
 => The normalized site occupation numbers in % are: 
     100.0000 C        
 => The density (volumic mass) of the compound is:    7.032 g/cm3

 =>-------> PROFILE PARAMETERS FOR PATTERN:  1

 => Overall scale factor:    14.5708    
 => T.O.F. Extinction parameter:   0.0000
 => Overall temperature factor:      0.00000
 => T.O.F. Gaussian variances Sig-2, Sig-1, Sig-0, Sig-Q:      0.00000  4887.91797 46937.71875     0.00000
 => T.O.F. Isotropic Gaussian strain parameter (G-strain):       0.0000
 => T.O.F. Iso-Gaussian and Aniso-Lor (platelets/needles) Size parameters (G-Size,Ani-LorSiz)  :      0.00000     0.00000
 => T.O.F. Lorentzian FWHM Gam-2, Gam-1, Gam-0:      0.00000     0.00000     0.00000
 => T.O.F. Isotropic Lorentzian strain and size parameters (LStr,LSiz):      0.00000     0.00000
 => Direct cell parameters:    3.5670   3.5670   3.5670  90.0000  90.0000  90.0000
 => Preferred orientation parameters:   0.0000  0.0000
 => T.O.F. Peak shape parameter alpha0,beta0,alpha1,beta1/kappa,alpha-q,beta-Q:      0.00000     0.01433     0.02254     0.00000     0.00000     0.00000
 => Model-dependent Strain parameters s2,s1,s0:      0.00000     0.00000     0.00000


 ==> CODEWORDS FOR PROFILE PARAMETERS of PATTERN#  1

 => Codeword -Overall scale factor:   11.0000    
 => Codeword  - T.O.F. Extinction parameter:   0.0000
 => Codeword  - Overall temperature factor:      0.00000
 => Codewords - T.O.F. Gaussian variances Sig-2, Sig-1, Sig-0, Sig-Q:      0.00000     0.00000     0.00000     0.00000
 => Codewords - T.O.F. Isotropic Gaussian strain parameter (G-strain):       0.0000
 => Codewords - T.O.F. Iso-Gaussian and Aniso-Lor (platelets/needles) Size parameters (G-Size,Ani-LorSize)  :      0.00000     0.00000
 => Codewords - T.O.F. Lorentzian FWHM Gam-2, Gam-1, Gam-0:      0.00000     0.00000     0.00000
 => Codewords - T.O.F. Isotropic Lorentzian strain and size parameters (LStr,LSiz):      0.00000     0.00000
 => Codewords - Direct cell parameters:    0.0000   0.0000   0.0000   0.0000   0.0000   0.0000
 => Codewords - Preferred orientation parameters:   0.0000  0.0000
 => Codewords - T.O.F. Peak shape parameter alpha0,beta0,alpha1,beta1/kappa,alpha-q,beta-Q:      0.00000     0.00000     0.00000     0.00000     0.00000     0.00000
=> Codewords - Model-dependent Strain parameters s2,s1,s0:      0.00000     0.00000     0.00000


 => Cell constraints according to Laue symmetry: m-3m 

        Metric information:
        -------------------

 => Direct cell parameters:

         a =       3.5670      b =       3.5670      c =       3.5670
     alpha =       90.000   beta =       90.000  gamma =       90.000
                        Direct Cell Volume =      45.3847

 => Reciprocal cell parameters:

         a*=     0.280348      b*=     0.280348      c*=     0.280348
     alpha*=       90.000   beta*=       90.000  gamma*=       90.000
                    Reciprocal Cell Volume =   0.02203387

 => Direct and Reciprocal Metric Tensors:

                   GD                                       GR
     12.7235      0.0000      0.0000          0.078595    0.000000    0.000000
      0.0000     12.7235      0.0000          0.000000    0.078595    0.000000
      0.0000      0.0000     12.7235          0.000000    0.000000    0.078595

 =>  Cartesian frame: x // a; z is along c*; y is within the ab-plane   

     Crystal_to_Orthonormal_Matrix              Orthonormal_to_Crystal Matrix
              Cr_Orth_cel                               Orth_Cr_cel  
      3.5670      0.0000      0.0000          0.280348   -0.000000   -0.000000
      0.0000      3.5670      0.0000          0.000000    0.280348   -0.000000
      0.0000      0.0000      3.5670          0.000000    0.000000    0.280348

     Busing-Levy B-matrix: Hc=B.H            Inverse of the Busing-Levy B-matrix
                BL_M                                      BL_Minv  
    0.280348    0.000000    0.000000            3.5670     -0.0000     -0.0000
    0.000000    0.280348   -0.000000            0.0000      3.5670      0.0000
    0.000000    0.000000    0.280348            0.0000      0.0000      3.5670

 => Laue symmetry m-3m  will be used to generate HKL for pattern#   1
 => Reflections generated between S(1/d)min:  0.4268 A-1 and S(1/d)max:  3.3085 A-1
 =>                                    dmax:  2.3428 A   and      dmin:  0.3023 A
 => The number of reflections generated is:     60
 => The max. scatt. variable (gen.ref.) is:     66503.6875
 => Scattering coefficients from internal table

 => Scattering lengths:

 C      0.6646

     --------------------------------------------------------------
      SYMBOLIC NAMES AND INITIAL VALUES OF PARAMETERS TO BE VARIED:
     --------------------------------------------------------------

      ->  Parameter number    1   -> Symbolic Name:                                     Scale_ph1_pat1     14.570800    
  
 
 => No optimization for routine tasks
 ++++++++++++++++++++++++++++++++++++++++++++++++++++++++++++++++++++++++++++++++++++++++++++++++++++++++++++++++++++++++++++++++++++

 => CYCLE No.:    1
 ------------------------------------------------------------------------------------------------------------------------------------
 => Phase  1 Name: Diamond
 ------------------------------------------------------------------------------------------------------------------------------------
 => New parameters, shifts, and standard deviations

 Atom        x       dx      sx       y       dy      sy       z       dz      sz       B       dB      sB      occ.    docc.   socc.

 C        0.12500 0.00000 0.00000  0.12500 0.00000 0.00000  0.12500 0.00000 0.00000  0.89263 0.00000 0.00000  0.08333 0.00000 0.00000

 ==> PROFILE PARAMETERS FOR PATTERN#  1

 => Overall scale factor       :     14.572589874     0.001790256     0.069818474
 => T.O.F. Extinction parameter:     0.000000    0.000000    0.000000
 => Overall temperature  factor:     0.000000    0.000000    0.000000
 => T.O.F. Gaussian variances Sig-2, Sig-1, Sig-0: 
         0.000000    0.000000    0.000000
      4887.917969    0.000000    0.000000
     46937.718750    0.000000    0.000000

 => T.O.F. Gaussian variance Sig-Q:     0.000000    0.000000    0.000000
 => T.O.F. Isotropic Gaussian strain parameter (G-strain)::      0.00000     0.00000     0.00000
 => T.O.F. Isotropic Gaussian  Size  parameter (G-size)  ::      0.00000     0.00000     0.00000
 => T.O.F. Anisotropic Lorentzian  Size  parameter (Ani-LorSize)  ::      0.00000     0.00000     0.00000
 => T.O.F. Lorentzian FWHM Gam-2, Gam-1, Gam-0: 
         0.000000    0.000000    0.000000
         0.000000    0.000000    0.000000
         0.000000    0.000000    0.000000

 => T.O.F. Isotropic Lorentzian strain and size parameters (LStr,LSiz): 
         0.000000    0.000000    0.000000
         0.000000    0.000000    0.000000

 => Model-dependent Strain parameters s2,s1,s0: 
         0.000000    0.000000    0.000000
         0.000000    0.000000    0.000000
         0.000000    0.000000    0.000000

 => Direct cell parameters: 
        3.567000    0.000000    0.000000
        3.567000    0.000000    0.000000
        3.567000    0.000000    0.000000
       90.000000    0.000000    0.000000
       90.000000    0.000000    0.000000
       90.000000    0.000000    0.000000

 => Preferred orientation parameters: 
         0.000000    0.000000    0.000000
         0.000000    0.000000    0.000000

 => T.O.F. Peak shape parameter a0,b0,a1,b1/kappa: 
        0.000000    0.000000    0.000000
        0.014330    0.000000    0.000000
        0.022544    0.000000    0.000000
        0.000000    0.000000    0.000000

 => Absorption parameters: 
       0.000000  0.000000  0.000000
       0.000000  0.000000  0.000000

 ==> GLOBAL PARAMETERS FOR PATTERN#  1


 => Zero-point:     0.0000    0.0000    0.0000

 => T.O.F.- dtt1       (    TOFo=dtt1*dsp     ):  28385.86      0.00      0.00
 => T.O.F.- dtt2       (TOF=TOFo+dtt2*dsp*dsp ):      0.00      0.00      0.00
 => T.O.F.- dtt_1OverD (TOF=TOF+dtt_1overD/dsp):      0.00      0.00      0.00

 ==> RELIABILITY FACTORS WITH ALL NON-EXCLUDED POINTS FOR PATTERN:  1

 => R-Factors:   15.7      17.0     Chi2:  18.2     DW-Stat.:  0.3166   Patt#:  1
 => Expected :            3.97                                1.8600
 => Deviance :  247.         Dev*:  0.9644E-01
 => GoF-index:  4.3         Sqrt(Residual/N)
 => N-P+C:  1947

 =>    SumYdif       SumYobs      SumYcal      SumwYobsSQ     Residual    Condition
      508.5         3229.         3033.        0.1234E+07    0.3549E+05     1.000    


 => Conventional Rietveld Rp,Rwp,Re and Chi2:   23.0      20.7      4.84      18.23    
 => (Values obtained using Ynet, but true sigma(y))
 =>  SumYnet, Sum(w Ynet**2):      2210.        0.8296E+06


 ==> RELIABILITY FACTORS FOR POINTS WITH BRAGG CONTRIBUTIONS FOR PATTERN:  1

 => R-Factors:   15.7      17.0     Chi2:  18.2     DW-Stat.:  0.3166   Patt#:
 => Expected :            3.97                                1.8600
 => Deviance :  247.         Dev*:  0.9644E-01
 => GoF-index:  4.3         Sqrt(Residual/N)
 => N-P+C:  1947

 =>    SumYdif       SumYobs      SumYcal      SumwYobsSQ     Residual    Condition
      508.5         3229.         3033.        0.1234E+07    0.3549E+05     1.000    


 => Conventional Rietveld Rp,Rwp,Re and Chi2:   23.0      20.7      4.84      18.23    
 => (Values obtained using Ynet, but true sigma(y))
 =>  SumYnet, Sum(w Ynet**2):      2210.        0.8296E+06


 => Global user-weigthed Chi2 (Bragg contrib.):   18.2    

 => ---------> Pattern#  1
 => Phase:  1
 =>    Bragg R-factor:  16.6    
 =>    RF-factor     :  34.5    


   Standard deviations have to be multiplied by: 4.8745
   (correlated residuals) See references:
  -J.F.Berar & P.Lelann, J. Appl. Cryst. 24, 1-5 (1991) 
  -J.F.Berar, Acc. in Pow. Diff. II,NIST Sp.Pub. 846, 63(1992) 

 ++++++++++++++++++++++++++++++++++++++++++++++++++++++++++++++++++++++++++++++++++++++++++++++++++++++++++++++++++++++++++++++++++++

 => CYCLE No.:    1
 =>  Convergence reached at this CYCLE !!!!
 =>  Parameter shifts set to zero
 ------------------------------------------------------------------------------------------------------------------------------------
 => Phase  1 Name: Diamond
 ------------------------------------------------------------------------------------------------------------------------------------
 => New parameters, shifts, and standard deviations

 Atom        x       dx      sx       y       dy      sy       z       dz      sz       B       dB      sB      occ.    docc.   socc.

 C        0.12500 0.00000 0.00000  0.12500 0.00000 0.00000  0.12500 0.00000 0.00000  0.89263 0.00000 0.00000  0.08333 0.00000 0.00000

 ==> PROFILE PARAMETERS FOR PATTERN#  1

 => Overall scale factor       :     14.572589874     0.000000000     0.069818474
 => T.O.F. Extinction parameter:     0.000000    0.000000    0.000000
 => Overall temperature  factor:     0.000000    0.000000    0.000000
 => T.O.F. Gaussian variances Sig-2, Sig-1, Sig-0: 
         0.000000    0.000000    0.000000
      4887.917969    0.000000    0.000000
     46937.718750    0.000000    0.000000

 => T.O.F. Gaussian variance Sig-Q:     0.000000    0.000000    0.000000
 => T.O.F. Isotropic Gaussian strain parameter (G-strain)::      0.00000     0.00000     0.00000
 => T.O.F. Isotropic Gaussian  Size  parameter (G-size)  ::      0.00000     0.00000     0.00000
 => T.O.F. Anisotropic Lorentzian  Size  parameter (Ani-LorSize)  ::      0.00000     0.00000     0.00000
 => T.O.F. Lorentzian FWHM Gam-2, Gam-1, Gam-0: 
         0.000000    0.000000    0.000000
         0.000000    0.000000    0.000000
         0.000000    0.000000    0.000000

 => T.O.F. Isotropic Lorentzian strain and size parameters (LStr,LSiz): 
         0.000000    0.000000    0.000000
         0.000000    0.000000    0.000000

 => Model-dependent Strain parameters s2,s1,s0: 
         0.000000    0.000000    0.000000
         0.000000    0.000000    0.000000
         0.000000    0.000000    0.000000

 => Direct cell parameters: 
        3.567000    0.000000    0.000000
        3.567000    0.000000    0.000000
        3.567000    0.000000    0.000000
       90.000000    0.000000    0.000000
       90.000000    0.000000    0.000000
       90.000000    0.000000    0.000000

 => Preferred orientation parameters: 
         0.000000    0.000000    0.000000
         0.000000    0.000000    0.000000

 => T.O.F. Peak shape parameter a0,b0,a1,b1/kappa: 
        0.000000    0.000000    0.000000
        0.014330    0.000000    0.000000
        0.022544    0.000000    0.000000
        0.000000    0.000000    0.000000

 => Absorption parameters: 
       0.000000  0.000000  0.000000
       0.000000  0.000000  0.000000

 ==> GLOBAL PARAMETERS FOR PATTERN#  1


 => Zero-point:     0.0000    0.0000    0.0000

 => T.O.F.- dtt1       (    TOFo=dtt1*dsp     ):  28385.86      0.00      0.00
 => T.O.F.- dtt2       (TOF=TOFo+dtt2*dsp*dsp ):      0.00      0.00      0.00
 => T.O.F.- dtt_1OverD (TOF=TOF+dtt_1overD/dsp):      0.00      0.00      0.00

 ==> RELIABILITY FACTORS WITH ALL NON-EXCLUDED POINTS FOR PATTERN:  1

 => R-Factors:   15.7      17.0     Chi2:  18.2     DW-Stat.:  0.3166   Patt#:  1
 => Expected :            3.97                                1.8600
 => Deviance :  247.         Dev*:  0.9644E-01
 => GoF-index:  4.3         Sqrt(Residual/N)
 => N-P+C:  1947

 =>    SumYdif       SumYobs      SumYcal      SumwYobsSQ     Residual    Condition
      508.5         3229.         3033.        0.1234E+07    0.3549E+05     1.000    


 => Conventional Rietveld Rp,Rwp,Re and Chi2:   23.0      20.7      4.84      18.23    
 => (Values obtained using Ynet, but true sigma(y))
 =>  SumYnet, Sum(w Ynet**2):      2210.        0.8296E+06

 => N-sigma of the GoF:      537.524

 ==> RELIABILITY FACTORS FOR POINTS WITH BRAGG CONTRIBUTIONS FOR PATTERN:  1

 => R-Factors:   15.7      17.0     Chi2:  18.2     DW-Stat.:  0.3166   Patt#:
 => Expected :            3.97                                1.8600
 => Deviance :  247.         Dev*:  0.9644E-01
 => GoF-index:  4.3         Sqrt(Residual/N)
 => N-P+C:  1947

 =>    SumYdif       SumYobs      SumYcal      SumwYobsSQ     Residual    Condition
      508.5         3229.         3033.        0.1234E+07    0.3549E+05     1.000    


 => Conventional Rietveld Rp,Rwp,Re and Chi2:   23.0      20.7      4.84      18.23    
 => (Values obtained using Ynet, but true sigma(y))
 =>  SumYnet, Sum(w Ynet**2):      2210.        0.8296E+06

 => N-sigma of the GoF:      537.524

 => Global user-weigthed Chi2 (Bragg contrib.):   18.2    

 => ---------> Pattern#  1
 => Phase:  1
 =>    Bragg R-factor:  16.6    
 =>    RF-factor     :  34.5    

 --------------------------------------------------------------------------------------------------------------------------------------------------------
 Pattern#  1 Phase No.:   1 Phase name: Diamond
 --------------------------------------------------------------------------------------------------------------------------------------------------------

   No.  Code     H   K   L  Mult     Hw     2theta/TOF      Icalc       Iobs      Sigma    HwG     HwL     ETA     d-hkl  TOF_alpha  TOF_beta     CORR

      1   1      5   7   5    24   513.577   10176.246        3.0       16.1      4.620 513.577   0.000   0.000  0.358497  0.062885  0.014330  1.000000
      2   1      9   3   3    24   513.577   10176.246        3.0       16.1      4.620 513.577   0.000   0.000  0.358497  0.062885  0.014330  1.000000
      3   1      1   7   7    24   513.577   10176.246        3.0       16.1      4.620 513.577   0.000   0.000  0.358497  0.062885  0.014330  1.000000
      4   1      4   8   4    24   513.683   10334.026       16.2       82.7     23.394 513.683   0.000   0.000  0.364055  0.061925  0.014330  1.000000
      5   1      1   9   3    48   513.875   10614.132       11.2       54.4     18.138 513.875   0.000   0.000  0.373923  0.060290  0.014330  1.000000
      6   1      6   6   4    24   514.001   10793.538        0.0        0.0      0.000 514.001   0.000   0.000  0.380243  0.059288  0.014330  1.000000
      7   1      4   8   2    48   514.182   11047.538        0.0        0.0      0.000 514.182   0.000   0.000  0.389192  0.057925  0.014330  1.000000
      8   1      7   3   5    48   514.230   11113.891       17.9       43.4      9.720 514.230   0.000   0.000  0.391529  0.057579  0.014330  1.000000
      9   1      9   1   1    24   514.230   11113.891        8.9       21.7      4.860 514.230   0.000   0.000  0.391529  0.057579  0.014330  1.000000
     10   1      8   4   0    24   514.382   11320.359       42.7       63.6      6.009 514.382   0.000   0.000  0.398803  0.056529  0.014330  1.000000
     11   1      2   6   6    24   514.602   11614.442       54.5       59.7      4.494 514.602   0.000   0.000  0.409163  0.055098  0.014330  1.000000
     12   1      5   5   5     8   514.661   11691.614        4.8        5.4      0.466 514.661   0.000   0.000  0.411882  0.054734  0.014330  1.000000
     13   1      1   7   5    48   514.661   11691.615       29.0       32.6      2.796 514.661   0.000   0.000  0.411882  0.054734  0.014330  1.000000
     14   1      8   2   2    24   514.847   11932.705        0.0        0.0      0.000 514.847   0.000   0.000  0.420375  0.053628  0.014330  1.000000
     15   1      6   0   6    12   514.847   11932.705        0.0        0.0      0.000 514.847   0.000   0.000  0.420375  0.053628  0.014330  1.000000
     16   1      4   6   4    24   515.121   12278.651        0.0        0.0      0.000 515.121   0.000   0.000  0.432562  0.052117  0.014330  1.000000
     17   1      7   3   3    24   515.194   12369.944       24.0       19.8      4.284 515.194   0.000   0.000  0.435778  0.051733  0.014330  1.000000
     18   1      0   0   8     6   515.428   12656.546       29.3        6.1      3.485 515.428   0.000   0.000  0.445875  0.050561  0.014330  1.000000
     19   1      1   3   7    48   515.871   13181.933       82.1        0.0      5.814 515.871   0.000   0.000  0.464384  0.048546  0.014330  1.000000
     20   1      3   5   5    24   515.871   13181.933       41.0        0.0      2.907 515.871   0.000   0.000  0.464384  0.048546  0.014330  1.000000
     21   1      4   6   2    48   516.175   13530.416        0.0        0.0      0.000 516.175   0.000   0.000  0.476660  0.047296  0.014330  1.000000
     22   1      1   5   5    24   516.759   14178.165       72.7       67.7      4.788 516.759   0.000   0.000  0.499480  0.045135  0.014330  1.000000
     23   1      1   7   1    24   516.759   14178.167       72.7       67.7      4.788 516.759   0.000   0.000  0.499480  0.045135  0.014330  1.000000
     24   1      4   4   4     8   517.168   14614.519      121.6      498.3     11.476 517.168   0.000   0.000  0.514852  0.043787  0.014330  1.000000
     25   1      6   2   2    24   517.799   15264.367      499.5     1484.5     19.598 517.799   0.000   0.000  0.537745  0.041923  0.014330  1.000000
     26   1      5   3   3    24   517.975   15440.840      135.4      423.3      8.132 517.975   0.000   0.000  0.543962  0.041444  0.014330  1.000000
     27   1      0   2   6    24   518.555   16009.404        0.0        0.0      0.000 518.555   0.000   0.000  0.563992  0.039972  0.014330  1.000000
     28   1      4   2   4    24   519.478   16875.395        0.0        0.0      0.000 519.478   0.000   0.000  0.594500  0.037921  0.014330  1.000000
     29   1      3   1   5    48   519.741   17114.771      541.3      980.3     18.680 519.741   0.000   0.000  0.602933  0.037391  0.014330  1.000000
     30   1      0   4   4    12   520.629   17899.057      719.4     1234.6     19.528 520.629   0.000   0.000  0.630562  0.035752  0.014330  1.000000
     31   1      1   1   5    24   522.542   19486.025      602.1     2254.4     21.001 522.542   0.000   0.000  0.686469  0.032841  0.014330  1.000000
     32   1      3   3   3     8   522.542   19486.025      200.7      751.5      7.000 522.542   0.000   0.000  0.686469  0.032841  0.014330  1.000000
     33   1      2   4   2    24   524.068   20668.053        0.0        0.0      0.000 524.068   0.000   0.000  0.728111  0.030962  0.014330  1.000000
     34   1      3   3   1    24   527.663   23228.885     1609.7     2636.0     24.355 527.663   0.000   0.000  0.818326  0.027549  0.014330  1.000000
     35   1      0   0   4     6   530.878   25313.092     2521.9     3258.3     24.360 530.878   0.000   0.000  0.891750  0.025281  0.014330  1.000000
     36   1      2   2   2     8   537.603   29229.037     6878.2     5230.9     26.550 537.603   0.000   0.000  1.029704  0.021894  0.014330  1.000000
     37   1      1   1   3    24   540.027   30528.734     6358.4     5642.6     26.557 540.027   0.000   0.000  1.075491  0.020962  0.014330  1.000000
     38   1      2   0   2    12   550.805   35798.113        0.0        0.0      0.000 550.805   0.000   0.000  1.261125  0.017876  0.014330  1.000000
     39   1      1   1   1     8   612.562   58458.074    37726.4    39072.9     48.256 612.562   0.000   0.000  2.059408  0.010947  0.014330  1.000000

     -----------------------------------------------------
     BRAGG R-Factors and weight fractions for Pattern #  1
     -----------------------------------------------------

 => Phase:  1     Diamond
 => Bragg R-factor:   16.6       Vol:   45.385( 0.000)  Fract(%):  100.00( 0.68)
 => Rf-factor=  34.5             ATZ:         192.161   Brindley:  1.0000

     -----------------------------------------------------------------
      SYMBOLIC NAMES AND FINAL VALUES AND SIGMA OF REFINED PARAMETERS:
     -----------------------------------------------------------------

      ->  Parameter number    1 :                                     Scale_ph1_pat1     14.572590    ( +/-    0.69818474E-01 )

 ------------------------------------------------------------------
 => Number of bytes for floating point variables: 4
 => Dimensions of dynamic allocated arrays in this run of FullProf:
 ------------------------------------------------------------------

 => Total approximate array memory (dynamic + static): 132451053 bytes

    MaxPOINT=    80000 Max.num. of points(+int. Inten.)/diffraction pattern       
    MaxREFLT=    25000 Max.num. of reflections/diffraction pattern               
    MaxPARAM=      500 Max.num. of refinable parameters                          
    MaxOVERL=     9000 Max.num. of overlapping reflections                       

 ----------------------------------------------------------
 => Number of bytes for floating point arrays: 4
 => Dimensions of fixed arrays in this release of FullProf:
 ----------------------------------------------------------

    NPATT   =       80 Max.num. of powder diffraction patterns                    
    NATS    =      830 Max.num. of atoms (all kind) in asymmetric unit            
    MPAR    =     1800 Max.num. of non atomic parameters/phase                    
    IEXCL   =       30 Max.num. of excluded regions                               
    IBACP   =      377 Max.num. of background points for interpolation            
    NPHT    =       16 Max.num. of phases                                         
    NMAGM   =        8 Max.num. of rotation-matrices sets for magnetic structure  
    NBASIS  =       12 Max.num. of basis functions associated to a single atom    
    NIREPS  =        9 Max.num. of irreducible representations to be combined     
    N_EQ    =      384 Max.num. of user-supplied symmetry operators/propagation vectors
    NGL     =      400 Max.num. of global parameters/diffraction pattern          
    N_LINC  =       50 Max.num. of global linear restraints                        
    NAT_P   =       80 Max.num. of atomic parameters per atom                     
    NCONST  =     3500 Max.num. of slack constraints per phase                    
    N_SPE   =       30 Max.num. of different chemical species                     
    N_FORM  =       60 Max.num. of scattering factor values in a table            
    NPR     =      150 Max.num. of points defining a numerical profile            
    INPR    =       25 Max.num. of different numerical peak shapes                
    NPRC    =      150 Max.num. of terms in the table for correcting intensities  
    NSOL    =       10 Max.num. of solutions to be stored in Montecarlo searchs   

 
              CPU Time:     0.094 seconds
                            0.002 minutes

 => Run finished at:     Date: 25/09/2026  Time: 13:12:21.162                              
