

        **********************************************************
        ** PROGRAM FullProf.2k (Version 8.40 - Feb2026-ILL JRC) **
        **********************************************************
                       M U L T I -- P A T T E R N                 
            Rietveld, Profile Matching & Integrated Intensity     
                 Refinement of X-ray and/or Neutron Data


    Date: 26/09/2026  Time: 12:23:29.884                              

 => PCR file code: pbso4
 => DAT file code: pbso4                -> Relative contribution: 1.0000                                                            

 ==> CONDITIONS OF THIS RUN FOR PATTERN No.:  1

 => Global Refinement of neutron powder data                                                                                        
 => Title: PbSO4 D1A(ILL),Rietveld Round Robin, R.J. Hill,JApC 25,589(1992)

 => Number of phases:    1
 => Number of excluded regions:    2
 => Number of scattering factors supplied:    0
 => Conventional weights: w=1.0/Variance(yobs)
 => Asymmetry correction as in J.Appl.Cryst. 26,128(1993)
 => Background linearly interpolated between the    8 points given
 => The    7th default profile function was selected
 => T-C-H Pseudo-Voigt function 
    This function is convoluted with asymmetry due to axial 
    divergence as formulated by: 
    van Laar and Yelon, J. Appl. Cryst. 17, 47(1984).
    and using the method of:
    Finger, Cox and Jephcoat, J. Appl. Cryst. 27, 892 (1994).
    Fortran 90 module adapted from function PROFVAL (in F77) : 
    L.W. Finger, J. Appl. Cryst. 31, 111 (1998).


 ==> INPUT/OUTPUT OPTIONS:

 => Output Obs and Calc intensities on last cycle
 => Generate bacground file *.bac
 => Generate file *.PRF for plot
 => Output Integrated Intensities
 => Generate new input file *.PCR

 => Data in D1A,D2B format as prepared by D1A(D2B)SUM for pattern:  1
 => Plot pattern at each cycle
 => Wavelengths:  1.91200 1.91200
 => Alpha2/Alpha1 ratio:   1.0000
 => Cos(Monochromator angle)=   0.0000
 => Asymmetry correction for angles lower than  180.000 degrees
 => Absorption correction (AC), muR-eff =   0.0000  0.0000
 => Base of peaks: 2.0*HW*   30.00

 => Number of cycles:  100
 => Relaxation factors ==>    for coordinates:  1.00
 => for anisotropic temperature factors:  1.00
 => for halfwidth/strain/size/further parameters:  1.00
 => for lattice constants and propagation vectors:  1.00
 => EPS-value for convergence:    0.1
 => Background ==> 
    Position   Intensity
       11.00      209.99        0.00
       15.00      196.76        0.00
       20.00      195.72        0.00
       30.00      190.75        0.00
       50.00      208.25        0.00
       70.00      202.08        0.00
      120.00      245.44        0.00
      153.00      224.84        0.00

 

 => Excluded regions for Pattern#  1
    From     to
      0.0000     10.0000
    155.4500    180.0000

 => Number of Least-Squares parameters varied:     1

 =>--------------------------->
 =>------->  PATTERN number:  1
 =>--------------------------->
 => Global parameters and codes ==>
 => Zero-point:    -0.0842    0.0000
 => Perpendicular Displacement parameter and code:     0.00    0.00
 => Parallel      Displacement parameter and code:     0.00    0.00

 => Reading Intensity data  =>>

 -> Heading of input data:

   ->   Title:  PbSO4 D1A(ILL)(Rietveld Refinement Round Robin, R.J. Hill, JApC 25, 589 (1992)                                                     

   ->    Step:  0.050
   ->   Thmin:   10.000
   -> Monitors:   10000.  10000.
 ==> Angular range, step and number of points:
     2Thmin:      10.000000  2Thmax:     155.449997  Step:       0.050000  No. of points:   2910
 --------------------------------------------------------------------------------
 => Phase  No. 1
      PbSO4                                                                 
 --------------------------------------------------------------------------------
 =>-------> Pattern#  1
 => Crystal Structure Refinement
 => Preferred orientation vector:   0.0000  0.0000  1.0000

 =>-------> Data for PHASE: 1
 => Number of atoms:    5
 => Number of distance  constraints:    0
 => Number of angle     constraints:    0

 => Symmetry information on space group: P n m a             
 -> The multiplicity of the general position is:   8
 -> The space group is Centric (-1 at origin)   
 -> Lattice type  P: { 000 }                                       
 -> Reduced set of symmetry operators:

  No.  IT   Symmetry symbol    Rotation part     Associated Translation
   1: ( 1)   1            -->     ( x, y, z) + {  0.0000  0.0000  0.0000}
   2: ( 4)   2 ( x, 0, 0) -->     ( x,-y,-z) + {  0.5000  0.5000  0.5000}
   3: ( 3)   2 ( 0, y, 0) -->     (-x, y,-z) + {  0.0000  0.5000  0.0000}
   4: ( 2)   2 ( 0, 0, z) -->     (-x,-y, z) + {  0.5000  0.0000  0.5000}


        Information on Space Group: 
        --------------------------- 

 =>   Number of Space group:  62
 =>  Hermann-Mauguin Symbol: P n m a
 =>             Hall Symbol: -P 2ac 2n
 =>            Setting Type: IT (Generated from Hermann-Mauguin symbol)
 =>          Crystal System: Orthorhombic
 =>              Laue Class: mmm
 =>             Point Group: mmm
 =>         Bravais Lattice: P
 =>          Lattice Symbol: oP
 =>  Reduced Number of S.O.:   4
 =>    General multiplicity:   8
 =>          Centrosymmetry: Centric (-1 at origin)
 =>  Generators (exc. -1&L):   2
 =>         Asymmetric unit:  0.000 <= x <=  0.500
                              0.000 <= y <=  0.250
                              0.000 <= z <=  1.000
 => Centring vectors:  0
                                                                                                    

 => List of all Symmetry Operators and Symmetry Symbols

 => SYMM(  1): x,y,z                             Symbol: 1
 => SYMM(  2): x+1/2,-y+1/2,-z+1/2               Symbol: 2 (1/2,0,0) x,1/4,1/4
 => SYMM(  3): -x,y+1/2,-z                       Symbol: 2 (0,1/2,0) 0,y,0
 => SYMM(  4): -x+1/2,-y,z+1/2                   Symbol: 2 (0,0,1/2) 1/4,0,z
 => SYMM(  5): -x,-y,-z                          Symbol: -1 0,0,0
 => SYMM(  6): -x+1/2,y+1/2,z+1/2                Symbol: n (0,1/2,1/2) 1/4,y,z
 => SYMM(  7): x,-y+1/2,z                        Symbol: m x,1/4,z
 => SYMM(  8): x+1/2,y,-z+1/2                    Symbol: a x,y,1/4

 => Special Wyckoff Positions for P n m a
 
    Multp     Site        Representative Coordinates (centring translations excluded)
      4       c              x,1/4,z             x+1/2,1/4,-z+1/2    -x,3/4,-z                               
                             -x+1/2,3/4,z+1/2                                                                
 
      4       b              0,0,1/2             1/2,1/2,0           0,1/2,1/2                               
                             1/2,0,0                                                                         
 
      4       a              0,0,0               1/2,1/2,1/2         0,1/2,0                                 
                             1/2,0,1/2                                                                       
 

 => Initial parameters ==>
 Atom    Ntyp                  X         Y         Z         B         occ.         in  fin  Spc  Mult
                             B11       B22       B33       B12       B13       B23
 Pb     PB                 0.18752   0.25000   0.16705   1.39017   0.50000           0    0    1    4
                 Codes:    0.00000   0.00000   0.00000   0.00000   0.00000
 S      S                  0.06549   0.25000   0.68373   0.39270   0.50000           0    0    2    4
                 Codes:    0.00000   0.00000   0.00000   0.00000   0.00000
 O1     O                  0.90816   0.25000   0.59544   1.99307   0.50000           0    0    3    4
                 Codes:    0.00000   0.00000   0.00000   0.00000   0.00000
 O2     O                  0.19355   0.25000   0.54331   1.47771   0.50000           0    0    3    4
                 Codes:    0.00000   0.00000   0.00000   0.00000   0.00000
 O3     O                  0.08109   0.02727   0.80869   1.30007   1.00000           0    0    3    8
                 Codes:    0.00000   0.00000   0.00000   0.00000   0.00000

 => It is assumed that THE FIRST GIVEN SITE plus all the other atoms 
    occupying THE SAME POSITION have a total full occupation (no vacancies!)
  (if this is not the case, change the order of atoms to obtain correct values for the content of the unit cell)
    The given occupation factors have been obtained mutiplying m/M by   0.5000
      -> Atom: PB  ,  Chemical element: PB  Atomic Mass:   207.2000
      -> Atom: S   ,  Chemical element: S   Atomic Mass:    32.0600
      -> Atom: O   ,  Chemical element: O   Atomic Mass:    15.9994
      -> Atom: O   ,  Chemical element: O   Atomic Mass:    15.9994
      -> Atom: O   ,  Chemical element: O   Atomic Mass:    15.9994
 => The given value of ATZ is       1213.03 the program has calculated:        1213.03
    The value of ATZ given in the input PCR file will be used for quantitative analysis
 => The chemical content of the unit cell is: 
       4.0000 PB   +   4.0000 S    +   4.0000 O    +   4.0000 O    +   8.0000 O      
 => The normalized site occupation numbers in % are: 
     100.0000 Pb     :      100.0000 S      :      100.0000 O1     :      100.0000 O2     :      100.0000 O3       
 => The density (volumic mass) of the compound is:    6.325 g/cm3

 =>-------> PROFILE PARAMETERS FOR PATTERN:  1

 => Overall scale factor:    1.46381    
 => ETA (p-Voigt) OR M (Pearson VII):   0.0000
 => Overall temperature factor:      0.00000
 => Halfwidth U,V,W:      0.15340    -0.45310     0.41941
 => X and Y parameters:       0.0000      0.0868
 => Direct cell parameters:    8.4795   5.3973   6.9590  90.0000  90.0000  90.0000
 => Preferred orientation parameters:   0.0000  0.0000
 => Asymmetry parameters     :      0.29465     0.02261    -0.10961     0.04941
 => Strain parameters        :      0.00000     0.00000     0.00000
 => Size   parameters        :      0.00000     0.00000
 => Further shape parameters (S_L and D_L):   0.00000   0.00000
    S_L is source width/detector distance
    D_L is detector width/detector distance

 ==> CODEWORDS FOR PROFILE PARAMETERS of PATTERN#  1

 => Overall scale factor:   11.000
 => ETA (p-Voigt) OR M (Pearson VII):    0.000
 => Overall temperature factor:    0.000
 => Halfwidth U,V,W:    0.000   0.000   0.000
 => X and Y parameters:    0.000   0.000
 => Direct cell parameters:    0.000   0.000   0.000   0.000   0.000   0.000
 => Preferred orientation parameters:    0.000   0.000
 => Asymmetry parameters     :    0.000   0.000   0.000   0.000
 => Strain parameters        :    0.000   0.000   0.000
 => Size   parameters        :    0.000   0.000

 => Cell constraints according to Laue symmetry: mmm  

        Metric information:
        -------------------

 => Direct cell parameters:

         a =       8.4795      b =       5.3973      c =       6.9590
     alpha =       90.000   beta =       90.000  gamma =       90.000
                        Direct Cell Volume =     318.4848

 => Reciprocal cell parameters:

         a*=     0.117931      b*=     0.185279      c*=     0.143699
     alpha*=       90.000   beta*=       90.000  gamma*=       90.000
                    Reciprocal Cell Volume =   0.00313987

 => Direct and Reciprocal Metric Tensors:

                   GD                                       GR
     71.9020      0.0000      0.0000          0.013908    0.000000    0.000000
      0.0000     29.1304      0.0000          0.000000    0.034328    0.000000
      0.0000      0.0000     48.4273          0.000000    0.000000    0.020650

 =>  Cartesian frame: x // a; z is along c*; y is within the ab-plane   

     Crystal_to_Orthonormal_Matrix              Orthonormal_to_Crystal Matrix
              Cr_Orth_cel                               Orth_Cr_cel  
      8.4795      0.0000      0.0000          0.117931   -0.000000   -0.000000
      0.0000      5.3973      0.0000          0.000000    0.185279   -0.000000
      0.0000      0.0000      6.9590          0.000000    0.000000    0.143699

     Busing-Levy B-matrix: Hc=B.H            Inverse of the Busing-Levy B-matrix
                BL_M                                      BL_Minv  
    0.117931    0.000000    0.000000            8.4795     -0.0000     -0.0000
    0.000000    0.185279   -0.000000            0.0000      5.3973      0.0000
    0.000000    0.000000    0.143699            0.0000      0.0000      6.9590

 => Laue symmetry mmm   will be used to generate HKL for pattern#   1
 => Reflections generated between S(1/d)min:  0.0912 A-1 and S(1/d)max:  1.0460 A-1
 =>                                    dmax: 10.9689 A   and      dmin:  0.9560 A
 => The number of reflections generated is:    217
 => The max. scatt. variable (gen.ref.) is:       179.0000
 => Scattering coefficients from internal table

 => Scattering lengths:

 PB     0.9405
 S      0.2847
 O      0.5803

     --------------------------------------------------------------
      SYMBOLIC NAMES AND INITIAL VALUES OF PARAMETERS TO BE VARIED:
     --------------------------------------------------------------

      ->  Parameter number    1   -> Symbolic Name:                                     Scale_ph1_pat1     1.4638150    
  
 
 => Optimizations for routine tasks applied:
 => Calculation mode for patter#:   1  CM_PSEUDO_VOIGT
 


   Standard deviations have to be multiplied by: 2.6735
   (correlated residuals) See references:
  -J.F.Berar & P.Lelann, J. Appl. Cryst. 24, 1-5 (1991) 
  -J.F.Berar, Acc. in Pow. Diff. II,NIST Sp.Pub. 846, 63(1992) 

 ++++++++++++++++++++++++++++++++++++++++++++++++++++++++++++++++++++++++++++++++++++++++++++++++++++++++++++++++++++++++++++++++++++

 => CYCLE No.:    1
 =>  Convergence reached at this CYCLE !!!!
 =>  Parameter shifts set to zero
 ------------------------------------------------------------------------------------------------------------------------------------
 => Phase  1 Name: PbSO4
 ------------------------------------------------------------------------------------------------------------------------------------
 => New parameters, shifts, and standard deviations

 Atom        x       dx      sx       y       dy      sy       z       dz      sz       B       dB      sB      occ.    docc.   socc.

 Pb       0.18752 0.00000 0.00000  0.25000 0.00000 0.00000  0.16705 0.00000 0.00000  1.39017 0.00000 0.00000  0.50000 0.00000 0.00000
 S        0.06549 0.00000 0.00000  0.25000 0.00000 0.00000  0.68373 0.00000 0.00000  0.39270 0.00000 0.00000  0.50000 0.00000 0.00000
 O1       0.90816 0.00000 0.00000  0.25000 0.00000 0.00000  0.59544 0.00000 0.00000  1.99307 0.00000 0.00000  0.50000 0.00000 0.00000
 O2       0.19355 0.00000 0.00000  0.25000 0.00000 0.00000  0.54331 0.00000 0.00000  1.47771 0.00000 0.00000  0.50000 0.00000 0.00000
 O3       0.08109 0.00000 0.00000  0.02727 0.00000 0.00000  0.80869 0.00000 0.00000  1.30007 0.00000 0.00000  1.00000 0.00000 0.00000

 ==> PROFILE PARAMETERS FOR PATTERN#  1

 => Overall scale factor:      1.463811517     0.000000000     0.001860619
 => Eta(p-Voigt) or m(Pearson VII):   0.000000  0.000000  0.000000
 => Overall tem. factor:     0.000000    0.000000    0.000000
 => Halfwidth parameters: 
         0.153402    0.000000    0.000000
        -0.453103    0.000000    0.000000
         0.419409    0.000000    0.000000
 => Cell parameters: 
        8.479506    0.000000    0.000000
        5.397256    0.000000    0.000000
        6.958973    0.000000    0.000000
       90.000000    0.000000    0.000000
       90.000000    0.000000    0.000000
       90.000000    0.000000    0.000000
 => Preferred orientation: 
         0.000000    0.000000    0.000000
         0.000000    0.000000    0.000000
 => Asymmetry parameters: 
         0.294650    0.000000    0.000000
         0.022610    0.000000    0.000000
        -0.109610    0.000000    0.000000
         0.049410    0.000000    0.000000
 => X and Y parameters: 
         0.000000    0.000000    0.000000
         0.086818    0.000000    0.000000
 => Strain parameters: 
         0.000000    0.000000    0.000000
         0.000000    0.000000    0.000000
         0.000000    0.000000    0.000000
 => Size   parameters (G,L): 
         0.000000    0.000000    0.000000
         0.000000    0.000000    0.000000
 => Further shape parameters (S_L and D_L): 
       0.000000  0.000000  0.000000
       0.000000  0.000000  0.000000

 ==> GLOBAL PARAMETERS FOR PATTERN#  1


 => Zero-point:    -0.0842    0.0000    0.0000

 => Cos(2theta)-shift parameter :   0.0000  0.0000  0.0000
 => Sin(2theta)-shift parameter :   0.0000  0.0000  0.0000

 ==> RELIABILITY FACTORS WITH ALL NON-EXCLUDED POINTS FOR PATTERN:  1

 => R-Factors:   3.06      3.67     Chi2:  3.54     DW-Stat.:  0.3934   Patt#:  1
 => Expected :            1.95                                1.8854
 => Deviance : 0.178E+04     Dev*:  0.6108    
 => GoF-index:  1.9         Sqrt(Residual/N)
 => N-P+C:  2908

 =>    SumYdif       SumYobs      SumYcal      SumwYobsSQ     Residual    Condition
     0.3346E+05    0.1093E+07    0.1092E+07    0.7642E+07    0.1028E+05     1.000    


 => Conventional Rietveld Rp,Rwp,Re and Chi2:   7.23      6.84      3.64      3.537    
 => (Values obtained using Ynet, but true sigma(y))
 =>  SumYnet, Sum(w Ynet**2):     0.4631E+06    0.2199E+07

 => N-sigma of the GoF:       96.722

 ==> RELIABILITY FACTORS FOR POINTS WITH BRAGG CONTRIBUTIONS FOR PATTERN:  1

 => R-Factors:   3.06      3.67     Chi2:  3.54     DW-Stat.:  0.3934   Patt#:
 => Expected :            1.95                                1.8854
 => Deviance : 0.178E+04     Dev*:  0.6108    
 => GoF-index:  1.9         Sqrt(Residual/N)
 => N-P+C:  2908

 =>    SumYdif       SumYobs      SumYcal      SumwYobsSQ     Residual    Condition
     0.3346E+05    0.1093E+07    0.1092E+07    0.7642E+07    0.1028E+05     1.000    


 => Conventional Rietveld Rp,Rwp,Re and Chi2:   7.23      6.84      3.64      3.537    
 => (Values obtained using Ynet, but true sigma(y))
 =>  SumYnet, Sum(w Ynet**2):     0.4631E+06    0.2199E+07

 => N-sigma of the GoF:       96.722

 => Global user-weigthed Chi2 (Bragg contrib.):   3.54    

 --------------------------------------------------------------------------------------------------------------------------------------------------------
 Pattern#  1 Phase No.:   1 Phase name: PbSO4
 --------------------------------------------------------------------------------------------------------------------------------------------------------

   No.  Code     H   K   L  Mult     Hw         2theta      Icalc       Iobs      Sigma      HwG     HwL       ETA       d-hkl        CORR

      1   1      1   0   1     4  0.632746      20.474       35.5       39.3      5.163  0.585308  0.088222  0.181487  5.379352     64.349167
      2   1      0   1   1     4  0.616534      25.907       11.9       13.7      1.582  0.568600  0.089085  0.187754  4.264870     40.843250
      3   1      2   0   0     2  0.616068      26.063        2.0        2.3      0.346  0.568118  0.089113  0.187946  4.239753     20.188141
      4   1      1   1   1     8  0.607090      29.063       35.6       39.7      1.946  0.558811  0.089687  0.191751  3.810090     65.634926
      5   1      2   0   1     4  0.602423      30.620       79.3       78.7      1.856  0.553956  0.090012  0.193826  3.620699     29.743452
      6   1      0   0   2     2  0.598592      31.895      207.8      214.4      2.307  0.549964  0.090293  0.195579  3.479486     13.777123
      7   1      2   1   0     4  0.594287      33.325      452.5      456.6      2.920  0.545468  0.090623  0.197605  3.334080     25.391966
      8   1      1   0   2     4  0.590584      34.553      103.1      103.3      1.629  0.541595  0.090920  0.199396  3.219016     23.747116
      9   1      2   1   1     8  0.582948      37.078      680.8      669.6      3.127  0.533585  0.091570  0.203233  3.006799     41.734463
     10   1      1   1   2     8  0.572659      40.461      675.1      644.6      2.803  0.522744  0.092526  0.208724  2.764644     35.651379
     11   1      0   2   0     2  0.569497      41.495      299.1      272.7      1.604  0.519402  0.092839  0.210489  2.698628      8.520975
     12   1      2   0   2     4  0.569055      41.640      106.1       96.2      0.684  0.518934  0.092883  0.210738  2.689676     16.937180
     13   1      3   0   1     4  0.565431      42.823        4.0        1.9      0.354  0.515096  0.093254  0.212812  2.618736     16.119654
     14   1      1   2   1     8  0.553487      46.698      426.3      409.0      1.949  0.502393  0.094562  0.220009  2.412118     27.736277
     15   1      2   1   2     8  0.553182      46.797      127.9      121.6      0.594  0.502066  0.094597  0.220200  2.407314     27.636190
     16   1      3   1   1     8  0.549828      47.878      141.9      141.2      1.413  0.498485  0.094989  0.222328  2.356052     26.581423
     17   1      2   2   0     4  0.544280      49.660      397.6      389.8      1.880  0.492544  0.095661  0.225953  2.276582     12.497025
     18   1      1   0   3     4  0.541376      50.589      266.6      270.8      1.498  0.489429  0.096025  0.227902  2.237448     12.116930
     19   1      3   0   2     4  0.537998      51.667      566.8      595.2      1.986  0.485797  0.096458  0.230217  2.193867     11.702050
     20   1      2   2   1     8  0.535567      52.441      949.4      965.7      2.469  0.483179  0.096776  0.231915  2.163739     22.840906
     21   1      0   2   2     4  0.532954      53.271      155.4      161.2      0.720  0.480361  0.097125  0.233770  2.132435     11.132389
     22   1      0   1   3     4  0.532846      53.305      139.2      144.0      0.643  0.480245  0.097140  0.233847  2.131165     11.120796
     23   1      4   0   0     2  0.531879      53.612       77.3       76.6      0.555  0.479201  0.097271  0.234541  2.119876      5.509066
     24   1      1   2   2     8  0.527276      55.068      599.3      609.9      1.335  0.474224  0.097907  0.237910  2.068043     21.109022
     25   1      1   1   3     8  0.527170      55.101      687.1      697.7      1.512  0.474109  0.097922  0.237989  2.066884     21.088591
     26   1      2   0   3     4  0.524191      56.040      109.5      110.9      0.294  0.470881  0.098346  0.240224  2.034990     10.265613
     27   1      3   1   2     8  0.523942      56.118      426.3      431.4      1.045  0.470611  0.098382  0.240413  2.032382     20.486097
     28   1      4   0   1     4  0.523510      56.254      565.7      567.5      1.451  0.470142  0.098444  0.240741  2.027874     10.204105
     29   1      4   1   0     4  0.518074      57.960      396.7      428.2      1.920  0.464232  0.099245  0.244953  1.973137      9.739271
     30   1      2   2   2     8  0.510764      60.242       38.6       44.9      0.598  0.456254  0.100371  0.250857  1.905045     18.363447
     31   1      2   1   3     8  0.510663      60.273       16.6       19.2      0.243  0.456143  0.100387  0.250941  1.904139     18.348932
     32   1      4   1   1     8  0.510005      60.478       30.1       33.9      0.537  0.455423  0.100492  0.251487  1.898306     18.255615
     33   1      3   2   1     8  0.507831      61.153        1.6        2.1      0.203  0.453042  0.100840  0.253307  1.879336     17.954582
     34   1      4   0   2     4  0.499432      63.751       18.9       16.8      0.576  0.443809  0.102235  0.260588  1.810350      8.445597
     35   1      3   0   3     4  0.497205      64.437      243.0      249.2      1.627  0.441352  0.102619  0.262588  1.793117      8.316689
     36   1      0   3   1     4  0.490236      66.577       53.6       52.9      0.762  0.433637  0.103859  0.269040  1.741818      7.942466
     37   1      0   0   4     2  0.489943      66.666       19.8       19.5      0.262  0.433311  0.103913  0.269318  1.739743      3.963816
     38   1      1   2   3     8  0.487462      67.425      156.5      153.3      1.017  0.430554  0.104370  0.271694  1.722431     15.609642
     39   1      4   1   2     8  0.486579      67.696       71.8       72.0      0.563  0.429571  0.104535  0.272550  1.716371     15.524460
     40   1      1   3   1     8  0.485076      68.155        0.0        0.0      0.000  0.427897  0.104817  0.274017  1.706193     15.382347
     41   1      1   0   4     4  0.484786      68.243        0.2        0.2      0.002  0.427573  0.104872  0.274303  1.704243      7.677624
     42   1      3   2   2     8  0.484497      68.332        0.0        0.0      0.000  0.427251  0.104927  0.274587  1.702310     15.328439
     43   1      3   1   3     8  0.484400      68.361       78.6       72.7      1.020  0.427143  0.104945  0.274682  1.701664     15.319479
     44   1      4   2   0     4  0.479072      69.985        4.9        5.6      0.475  0.421189  0.105976  0.280032  1.667040      7.423399
     45   1      2   3   0     4  0.477336      70.514       10.2       11.1      0.678  0.419243  0.106320  0.281819  1.656149      7.350522
     46   1      5   0   1     4  0.475966      70.931        0.2        0.3      0.038  0.417704  0.106595  0.283244  1.647679      7.294343
     47   1      1   1   4     8  0.472229      72.066        1.0        1.2      0.060  0.413500  0.107358  0.287201  1.625150     14.294081
     48   1      2   2   3     8  0.472170      72.084        4.9        5.7      0.275  0.413434  0.107370  0.287264  1.624802     14.289579
     49   1      4   2   1     8  0.471555      72.271       10.1       11.1      0.369  0.412741  0.107498  0.287925  1.621173     14.242729
     50   1      2   3   1     8  0.469838      72.792       62.5       61.0      1.001  0.410803  0.107857  0.289787  1.611151     14.114206
     51   1      2   0   4     4  0.469554      72.879        0.0        0.0      0.000  0.410482  0.107917  0.290097  1.609508      7.046632
     52   1      5   1   1     8  0.463571      74.695        0.2        0.1      0.002  0.403702  0.109209  0.296782  1.575881     13.672215
     53   1      1   3   2     8  0.462574      74.997      464.4      455.3      1.718  0.402568  0.109430  0.297924  1.570453     13.605649
     54   1      4   0   3     4  0.461535      75.312      227.3      234.6      1.065  0.401386  0.109661  0.299122  1.564850      6.768677
     55   1      2   1   4     8  0.457275      76.606       10.0       10.3      0.481  0.396524  0.110632  0.304136  1.542388     13.267910
     56   1      5   0   2     4  0.453762      77.674       60.7       58.3      1.004  0.392496  0.111457  0.308394  1.524466      6.529027
     57   1      4   2   2     8  0.449499      78.972       37.0       33.9      0.522  0.387585  0.112491  0.313717  1.503399     12.817421
     58   1      4   1   3     8  0.449407      79.000       13.1       12.0      0.174  0.387479  0.112514  0.313833  1.502954     12.812407
     59   1      2   3   2     8  0.447841      79.479        0.0        0.0      0.000  0.385668  0.112903  0.315836  1.495396     12.727771
     60   1      3   2   3     8  0.447442      79.600      386.9      373.4      1.614  0.385206  0.113003  0.316350  1.493486     12.706526

   No.  Code     H   K   L  Mult     Hw         2theta      Icalc       Iobs      Sigma      HwG     HwL       ETA       d-hkl        CORR

     61   1      3   3   1     8  0.445200      80.286        8.7        8.3      0.132  0.382606  0.113571  0.319268  1.482864     12.589404
     62   1      3   0   4     4  0.444927      80.370       34.9       33.3      0.574  0.382289  0.113641  0.319626  1.481583      6.287700
     63   1      5   1   2     8  0.441795      81.331       64.7       66.2      0.770  0.378642  0.114456  0.323802  1.467068     12.418602
     64   1      0   2   4     4  0.440734      81.657       55.6       56.2      0.719  0.377402  0.114737  0.325242  1.462223      6.183522
     65   1      1   2   4     8  0.435979      83.127      265.0      256.0      1.542  0.371824  0.116032  0.331854  1.440956     12.145490
     66   1      3   1   4     8  0.433175      83.999        4.9        5.1      0.168  0.368514  0.116824  0.335881  1.428730     12.021778
     67   1      0   3   3     4  0.431522      84.516      121.0      110.9      1.035  0.366555  0.117302  0.338304  1.421623      5.975564
     68   1      6   0   0     2  0.429553      85.134       45.5       46.2      0.594  0.364214  0.117882  0.341237  1.413251      2.967285
     69   1      5   2   1     8  0.427896      85.657       98.2       98.5      0.687  0.362237  0.118379  0.343748  1.406278     11.801903
     70   1      1   3   3     8  0.426885      85.978      166.5      159.5      0.974  0.361027  0.118687  0.345300  1.402055     11.761652
     71   1      3   3   2     8  0.424245      86.819      187.8      181.5      1.209  0.357857  0.119508  0.349423  1.391139     11.659300
     72   1      6   0   1     4  0.422740      87.302        0.5        0.5      0.013  0.356041  0.119988  0.351823  1.384979      5.801324
     73   1      2   2   4     8  0.422087      87.512        2.3        2.3      0.065  0.355251  0.120198  0.352875  1.382322     11.578463
     74   1      1   0   5     4  0.419885      88.226      160.2      159.1      0.604  0.352580  0.120921  0.356477  1.373417      5.749272
     75   1      4   3   0     4  0.419456      88.366      406.5      408.6      1.208  0.352057  0.121065  0.357189  1.371691      5.741627
     76   1      5   0   3     4  0.418796      88.581       38.4       39.1      0.128  0.351252  0.121287  0.358291  1.369040      5.729957
     77   1      6   1   0     4  0.418326      88.735      218.5      224.4      0.966  0.350678  0.121446  0.359080  1.367159      5.721725
     78   1      4   2   3     8  0.414946      89.853       39.2       37.5      0.327  0.346530  0.122622  0.364877  1.353721     11.328249
     79   1      0   4   0     2  0.413830      90.227      484.9      464.9      1.434  0.345150  0.123024  0.366843  1.349314      2.822855
     80   1      2   3   3     8  0.413463      90.351        0.4        0.4      0.001  0.344696  0.123157  0.367494  1.347870     11.279455
     81   1      0   1   5     4  0.413421      90.365      136.2      131.3      0.430  0.344645  0.123172  0.367567  1.347706      5.639052
     82   1      4   3   1     8  0.412936      90.528        0.3        0.3      0.001  0.344043  0.123349  0.368435  1.345796     11.262368
     83   1      4   0   4     4  0.412692      90.611        5.9        5.8      0.027  0.343740  0.123439  0.368872  1.344838      5.627257
     84   1      6   1   1     8  0.411846      90.898      256.7      271.2      1.288  0.342688  0.123753  0.370400  1.341515     11.227448
     85   1      1   1   5     8  0.409159      91.822        0.1        0.1      0.003  0.339325  0.124778  0.375362  1.331000     11.143704
     86   1      5   2   2     8  0.408216      92.150        3.2        4.1      0.045  0.338138  0.125149  0.377144  1.327321     11.115115
     87   1      5   1   3     8  0.408138      92.177       59.3       76.7      0.818  0.338039  0.125180  0.377293  1.327015     11.112750
     88   1      2   0   5     4  0.406946      92.597       20.0       25.9      0.495  0.336531  0.125659  0.379583  1.322366      5.538599
     89   1      6   0   2     4  0.403614      93.793       52.2       50.8      0.680  0.332274  0.127054  0.386195  1.309368      5.490557
     90   1      1   4   1     8  0.403462      93.849        7.9        7.7      0.096  0.332077  0.127120  0.386506  1.308770     10.976815
     91   1      4   1   4     8  0.402482      94.210       38.4       37.0      0.440  0.330812  0.127550  0.388520  1.304939     10.949533
     92   1      3   2   4     8  0.400900      94.801      486.2      487.0      1.824  0.328754  0.128264  0.391844  1.298727     10.906284
     93   1      2   4   0     4  0.397629      96.065        2.8        2.7      0.024  0.324439  0.129829  0.399017  1.285770      5.410070
     94   1      2   1   5     8  0.397281      96.203      202.0      203.7      1.340  0.323974  0.130003  0.399807  1.284378     10.811233
     95   1      4   3   2     8  0.395233      97.034        0.0        0.0      0.000  0.321214  0.131066  0.404577  1.276109     10.759718
     96   1      6   1   2     8  0.394340      97.406        0.0        0.0      0.000  0.319997  0.131551  0.406725  1.272458     10.737778
     97   1      3   3   3     8  0.393752      97.656      252.7      260.0      1.497  0.319188  0.131878  0.408168  1.270030     10.723465
     98   1      2   4   1     8  0.392395      98.245        6.3        7.9      0.216  0.317307  0.132659  0.411575  1.264369     10.690989
     99   1      0   4   2     4  0.390908      98.914       38.3       43.4      0.702  0.315212  0.133562  0.415460  1.258033      5.328084
    100   1      6   2   0     4  0.389520      99.565      136.6      135.5      1.068  0.313221  0.134458  0.419251  1.251963      5.312194
    101   1      3   0   5     4  0.388775      99.928       17.5       17.0      0.280  0.312135  0.134964  0.421362  1.248627      5.303807
    102   1      1   4   2     8  0.387854     100.391       49.5       46.3      0.751  0.310773  0.135617  0.424057  1.244412     10.587126
    103   1      1   3   4     8  0.386349     101.190       65.6       69.6      0.900  0.308493  0.136765  0.428700  1.237253     10.554235
    104   1      6   2   1     8  0.385333     101.766        9.7       10.4      0.310  0.306908  0.137609  0.432037  1.232181     10.532443
    105   1      1   2   5     8  0.383803     102.711       60.0       61.2      0.442  0.304423  0.139023  0.437482  1.224018     10.500150
    106   1      5   2   3     8  0.383260     103.076      839.2      849.9      2.332  0.303505  0.139579  0.439572  1.220916     10.488819
    107   1      3   1   5     8  0.382527     103.601       79.6       81.9      0.610  0.302225  0.140391  0.442565  1.216498     10.473612
    108   1      5   3   1     8  0.382305     103.770        5.8        5.7      0.063  0.301825  0.140654  0.443521  1.215092     10.469010
    109   1      5   0   4     4  0.382196     103.854       17.6       16.8      0.245  0.301626  0.140787  0.444002  1.214387      5.233372
    110   1      6   0   3     4  0.381126     104.767       12.6       12.6      0.241  0.299579  0.142237  0.449121  1.206900      5.222273
    111   1      2   4   2     8  0.381016     104.870       33.0       33.3      0.548  0.299357  0.142404  0.449697  1.206059     10.442270
    112   1      4   2   4     8  0.380719     105.168       18.3       18.7      0.473  0.298734  0.142888  0.451346  1.203657     10.436017
    113   1      2   3   4     8  0.380256     105.684        2.4        3.2      0.177  0.297702  0.143735  0.454175  1.199538     10.426176
    114   1      3   4   1     8  0.380248     105.694        1.1        1.5      0.083  0.297682  0.143752  0.454232  1.199456     10.425990
    115   1      7   0   1     4  0.379694     106.464        2.2        2.5      0.169  0.296264  0.145040  0.458379  1.193412      5.206841
    116   1      2   2   5     8  0.379308     107.235      148.4      154.7      1.227  0.294994  0.146362  0.462442  1.187465     10.404131
    117   1      5   1   4     8  0.379191     107.590       54.9       59.7      0.641  0.294464  0.146981  0.464274  1.184768     10.400680
    118   1      4   3   3     8  0.379089     108.130       22.0       19.8      0.376  0.293726  0.147935  0.467014  1.180705     10.396563
    119   1      6   2   2     8  0.379075     108.491      117.8      118.5      1.226  0.293283  0.148581  0.468807  1.178026     10.394583
    120   1      6   1   3     8  0.379075     108.520        1.0        1.0      0.011  0.293249  0.148633  0.468950  1.177812     10.394451

   No.  Code     H   K   L  Mult     Hw         2theta      Icalc       Iobs      Sigma      HwG     HwL       ETA       d-hkl        CORR

    121   1      7   1   1     8  0.379660     110.252       23.6       23.8      0.299  0.291714  0.151841  0.477112  1.165266     10.393755
    122   1      4   0   5     4  0.379842     110.510      252.5      262.5      1.512  0.291575  0.152331  0.478254  1.163449      5.197435
    123   1      5   3   2     8  0.379884     110.564        2.5        2.5      0.015  0.291548  0.152436  0.478493  1.163067     10.395146
    124   1      0   0   6     2  0.380289     111.027       72.9       70.9      0.776  0.291368  0.153331  0.480489  1.159829      2.599518
    125   1      1   4   3     8  0.380986     111.660       95.0       93.2      1.013  0.291254  0.154576  0.483106  1.155465     10.403735
    126   1      3   4   2     8  0.382287     112.566      244.1      232.6      1.458  0.291373  0.156402  0.486614  1.149332     10.415222
    127   1      1   0   6     4  0.382337     112.596        6.1        5.8      0.037  0.291383  0.156464  0.486726  1.149129      5.207837
    128   1      7   0   2     4  0.383754     113.368      219.7      235.7      1.499  0.291774  0.158066  0.489468  1.144011      5.214376
    129   1      3   3   4     8  0.383855     113.418        2.1        2.2      0.015  0.291808  0.158170  0.489637  1.143684     10.429698
    130   1      4   4   0     4  0.385726     114.250       34.7       29.6      0.777  0.292552  0.159942  0.492305  1.138291      5.223638
    131   1      4   1   5     8  0.386102     114.400        0.7        0.7      0.022  0.292723  0.160268  0.492758  1.137325     10.450829
    132   1      3   2   5     8  0.387861     115.050       45.4       43.5      0.982  0.293585  0.161692  0.494595  1.133206     10.467450
    133   1      2   4   3     8  0.392430     116.446       53.0       56.2      0.442  0.296183  0.164861  0.497897  1.124567     10.510490
    134   1      1   1   6     8  0.392814     116.550        0.6        0.6      0.003  0.296418  0.165102  0.498106  1.123937     10.514092
    135   1      4   4   1     8  0.393172     116.645      329.4      331.3      1.746  0.296639  0.165324  0.498292  1.123362     10.517439
    136   1      7   1   2     8  0.395984     117.348      118.3      127.7      1.189  0.298434  0.166987  0.499533  1.119147     10.543666
    137   1      2   0   6     4  0.396286     117.419        5.0        5.4      0.057  0.298632  0.167158  0.499645  1.118724      5.273235
    138   1      6   3   0     4  0.402164     118.680      153.9      151.3      1.411  0.302643  0.170250  0.501202  1.111360      5.300305
    139   1      5   2   4     8  0.405827     119.370       90.9       94.6      1.130  0.305262  0.172001  0.501707  1.107425     10.633936
    140   1      6   2   3     8  0.411839     120.389       33.4       34.8      0.394  0.309705  0.174665  0.501996  1.101738     10.688029
    141   1      0   3   5     4  0.412878     120.554      142.6      144.6      1.272  0.310487  0.175104  0.501991  1.100835      5.348655
    142   1      6   3   1     8  0.416985     121.175       32.3       31.8      0.404  0.313617  0.176786  0.501844  1.097453     10.733801
    143   1      6   0   4     4  0.417647     121.272        0.5        0.5      0.005  0.314127  0.177050  0.501803  1.096933      5.369831
    144   1      2   1   6     8  0.419601     121.550      263.7      273.5      1.700  0.315637  0.177818  0.501657  1.095439     10.756900
    145   1      1   3   5     8  0.424857     122.261       16.2       16.2      0.139  0.319749  0.179814  0.501101  1.091673     10.803007
    146   1      7   2   1     8  0.425186     122.303      119.5      120.2      0.977  0.320008  0.179936  0.501059  1.091449     10.805876
    147   1      5   3   3     8  0.428162     122.682      138.9      142.5      1.304  0.322366  0.181023  0.500648  1.089471     10.831806
    148   1      4   4   2     8  0.441015     124.173       10.4        8.8      0.394  0.332728  0.185454  0.498320  1.081870     10.942592
    149   1      3   4   3     8  0.448182     124.922      226.4      199.9      1.550  0.338607  0.187775  0.496738  1.078158     11.003684
    150   1      4   3   4     8  0.450228     125.127       22.1       20.4      0.160  0.340296  0.188422  0.496259  1.077155     11.021043
    151   1      5   0   5     4  0.452920     125.391       65.1       64.4      0.592  0.342525  0.189263  0.495612  1.075870      5.521920
    152   1      6   1   4     8  0.454884     125.580        8.2        8.2      0.076  0.344155  0.189870  0.495130  1.074957     11.060433
    153   1      7   0   3     4  0.457515     125.829       96.3       96.9      0.859  0.346345  0.190674  0.494471  1.073762      5.541316
    154   1      3   0   6     4  0.459220     125.987       46.0       45.5      0.506  0.347768  0.191191  0.494037  1.073005      5.548496
    155   1      4   2   5     8  0.470295     126.967      246.1      260.2      1.775  0.357065  0.194461  0.491108  1.068388     11.189852
    156   1      0   5   1     4  0.474661     127.333       43.5       40.7      0.314  0.360754  0.195714  0.489911  1.066694      5.613143
    157   1      0   4   4     4  0.475922     127.437       19.1       16.9      0.139  0.361821  0.196072  0.489562  1.066217      5.618396
    158   1      0   2   6     4  0.477623     127.575        0.3        0.3      0.002  0.363262  0.196554  0.489089  1.065582      5.625475
    159   1      2   3   5     8  0.477833     127.592      142.4      118.4      1.173  0.363441  0.196613  0.489030  1.065504     11.252703
    160   1      8   0   0     2  0.493874     128.828      239.1      248.5      1.765  0.377114  0.201031  0.484475  1.059938      2.846424
    161   1      6   3   2     8  0.497827     129.116        0.1        0.1      0.001  0.380502  0.202091  0.483335  1.058669     11.418343
    162   1      1   5   1     8  0.498829     129.188        8.7        9.0      0.064  0.381362  0.202359  0.483045  1.058353     11.426613
    163   1      1   4   4     8  0.500321     129.294        4.0        4.1      0.029  0.382642  0.202755  0.482614  1.057887     11.438915
    164   1      1   2   6     8  0.502331     129.436      202.4      202.9      1.455  0.384370  0.203287  0.482032  1.057267     11.455489
    165   1      5   1   5     8  0.509543     129.934       29.4       28.1      0.290  0.390579  0.205176  0.479941  1.055112     11.514857
    166   1      7   2   2     8  0.515974     130.363      177.8      179.5      1.165  0.396131  0.206837  0.478075  1.053277     11.567709
    167   1      7   1   3     8  0.516523     130.400      123.4      124.6      0.824  0.396606  0.206978  0.477916  1.053124     11.572218
    168   1      3   1   6     8  0.519109     130.568       24.2       23.9      0.218  0.398843  0.207639  0.477166  1.052409     11.593443
    169   1      8   0   1     4  0.536658     131.662       35.4       31.8      0.587  0.414070  0.212046  0.472107  1.047853      5.868612
    170   1      2   5   0     4  0.544013     132.097      185.9      174.6      1.983  0.420476  0.213856  0.470009  1.046079      5.898689
    171   1      5   4   1     8  0.553321     132.630        1.3        1.2      0.055  0.428597  0.216120  0.467378  1.043935     11.873430
    172   1      8   1   0     4  0.571333     133.609        1.0        1.0      0.095  0.444357  0.220425  0.462379  1.040072      6.010229
    173   1      2   5   1     8  0.600698     135.083      228.6      219.8      1.974  0.470153  0.227264  0.454531  1.034457     12.259982
    174   1      2   4   4     8  0.603147     135.200        0.0        0.0      0.000  0.472309  0.227826  0.453895  1.034021     12.279957
    175   1      2   2   6     8  0.606449     135.356      142.6      134.0      1.310  0.475216  0.228582  0.453041  1.033442     12.306891
    176   1      8   1   1     8  0.635704     136.676        6.4        7.6      0.246  0.501027  0.235194  0.445707  1.028646     12.545670
    177   1      3   3   5     8  0.654971     137.489      333.0      334.2      2.527  0.518062  0.239478  0.441103  1.025782     12.703104
    178   1      1   5   2     8  0.671829     138.168       42.3       39.6      0.461  0.532987  0.243187  0.437218  1.023441     12.841020
    179   1      4   4   3     8  0.683630     138.626      245.8      248.5      2.646  0.543444  0.245763  0.434578  1.021885     12.937663
    180   1      4   0   6     4  0.719786     139.956        0.1        0.2      0.011  0.575525  0.253574  0.426876  1.017495      6.617184

   No.  Code     H   K   L  Mult     Hw         2theta      Icalc       Iobs      Sigma      HwG     HwL       ETA       d-hkl        CORR

    181   1      6   2   4     8  0.731411     140.362       13.9       18.1      0.806  0.585851  0.256061  0.424519  1.016191     13.329968
    182   1      8   0   2     4  0.752581     141.075       45.7       52.5      1.629  0.604666  0.260565  0.420370  1.013937      6.752168
    183   1      5   4   2     8  0.788961     142.231       57.8       59.2      1.973  0.637028  0.268239  0.413645  1.010385     13.804792
    184   1      5   3   4     8  0.833142     143.532        0.6        0.8      0.074  0.676369  0.277464  0.406113  1.006542     14.171126
    185   1      6   3   3     8  0.889352     145.046       28.4       28.6      0.576  0.726465  0.289084  0.397428  1.002266     14.639476
    186   1      2   5   2     8  0.896220     145.222      147.8      147.0      2.387  0.732588  0.290497  0.396429  1.001785     14.696862
    187   1      4   1   6     8  0.924547     145.925        5.3        4.9      0.066  0.757850  0.296308  0.392444  0.999882     14.933975
    188   1      5   2   5     8  0.932402     146.114      137.9      128.7      1.571  0.764856  0.297916  0.391376  0.999377     14.999837
    189   1      3   5   1     8  0.954752     146.641       80.2       77.3      0.726  0.784794  0.302481  0.388419  0.997991     15.187480
    190   1      7   2   3     8  0.959809     146.757       90.6       88.5      0.825  0.789306  0.303512  0.387766  0.997687     15.229978
    191   1      3   4   4     8  0.961268     146.791       16.6       16.3      0.152  0.790608  0.303810  0.387579  0.997600     15.242263
    192   1      3   2   6     8  0.970097     146.992      190.7      191.7      1.965  0.798485  0.305609  0.386457  0.997080     15.316525
    193   1      8   1   2     8  0.980059     147.216        6.6        6.7      0.084  0.807374  0.307637  0.385212  0.996505     15.400385
    194   1      7   3   1     8  1.016644     148.010       13.4       13.9      0.326  0.840024  0.315067  0.380823  0.994501     15.708997
    195   1      7   0   4     4  1.024056     148.166       41.4       43.4      1.073  0.846640  0.316570  0.379967  0.994115      7.885820
    196   1      6   0   5     4  1.074354     149.182       79.4       87.1      2.396  0.891540  0.326741  0.374438  0.991646      8.098824
    197   1      1   0   7     4  1.175754     151.034        0.1        0.1      0.004  0.982082  0.347147  0.364589  0.987376      8.530663
    198   1      8   2   0     4  1.197399     151.400      146.4      175.7      5.058  1.001412  0.351489  0.362682  0.986569      8.623239
    199   1      0   5   3     4  1.468872     155.285       11.8       12.4      0.605  1.243893  0.405677  0.343217  0.978674      9.794004

     -----------------------------------------------------
     BRAGG R-Factors and weight fractions for Pattern #  1
     -----------------------------------------------------

 => Phase:  1     PbSO4
 => Bragg R-factor:   3.43       Vol:  318.485( 0.000)  Fract(%):  100.00( 0.18)
 => Rf-factor=  2.18             ATZ:        1213.030   Brindley:  1.0000

     -----------------------------------------------------------------
      SYMBOLIC NAMES AND FINAL VALUES AND SIGMA OF REFINED PARAMETERS:
     -----------------------------------------------------------------

      ->  Parameter number    1 :                                     Scale_ph1_pat1     1.4638115    ( +/-    0.18606187E-02 )

 ------------------------------------------------------------------
 => Number of bytes for floating point variables: 4
 => Dimensions of dynamic allocated arrays in this run of FullProf:
 ------------------------------------------------------------------

 => Total approximate array memory (dynamic + static): 132451053 bytes

    MaxPOINT=    80000 Max.num. of points(+int. Inten.)/diffraction pattern       
    MaxREFLT=    25000 Max.num. of reflections/diffraction pattern               
    MaxPARAM=      500 Max.num. of refinable parameters                          
    MaxOVERL=     9000 Max.num. of overlapping reflections                       

 ----------------------------------------------------------
 => Number of bytes for floating point arrays: 4
 => Dimensions of fixed arrays in this release of FullProf:
 ----------------------------------------------------------

    NPATT   =       80 Max.num. of powder diffraction patterns                    
    NATS    =      830 Max.num. of atoms (all kind) in asymmetric unit            
    MPAR    =     1800 Max.num. of non atomic parameters/phase                    
    IEXCL   =       30 Max.num. of excluded regions                               
    IBACP   =      377 Max.num. of background points for interpolation            
    NPHT    =       16 Max.num. of phases                                         
    NMAGM   =        8 Max.num. of rotation-matrices sets for magnetic structure  
    NBASIS  =       12 Max.num. of basis functions associated to a single atom    
    NIREPS  =        9 Max.num. of irreducible representations to be combined     
    N_EQ    =      384 Max.num. of user-supplied symmetry operators/propagation vectors
    NGL     =      400 Max.num. of global parameters/diffraction pattern          
    N_LINC  =       50 Max.num. of global linear restraints                        
    NAT_P   =       80 Max.num. of atomic parameters per atom                     
    NCONST  =     3500 Max.num. of slack constraints per phase                    
    N_SPE   =       30 Max.num. of different chemical species                     
    N_FORM  =       60 Max.num. of scattering factor values in a table            
    NPR     =      150 Max.num. of points defining a numerical profile            
    INPR    =       25 Max.num. of different numerical peak shapes                
    NPRC    =      150 Max.num. of terms in the table for correcting intensities  
    NSOL    =       10 Max.num. of solutions to be stored in Montecarlo searchs   

 
              CPU Time:     0.254 seconds
                            0.004 minutes

 => Run finished at:     Date: 26/09/2026  Time: 12:23:30.139                              
