

        **********************************************************
        ** PROGRAM FullProf.2k (Version 8.40 - Feb2026-ILL JRC) **
        **********************************************************
                       M U L T I -- P A T T E R N                 
            Rietveld, Profile Matching & Integrated Intensity     
                 Refinement of X-ray and/or Neutron Data


    Date: 03/10/2026  Time: 19:36:14.724                              

 => PCR file code: scale-fit
 => DAT file code: scale-fit            -> Relative contribution: 1.0000                                                            

 ==> CONDITIONS OF THIS RUN FOR PATTERN No.:  1

 => Global Refinement of neutron powder data                                                                                        
 => Neutron Time-Of-Flight data                                                                                                     
 => Abcisa variable is T.O.F. in microsecs
 => Title:  Refinement of instrumental parameters of PEARL (NPROF=9)

 => Number of phases:    1
 => Number of excluded regions:    2
 => Number of scattering factors supplied:    0
 => Conventional weights: w=1.0/Variance(yobs)
 => Asymmetry correction as in J.Appl.Cryst. 26,128(1993)
 => Background refined by polynomial function
 => The    9th default profile function was selected
 => T.O.F Profile Function #1 
    Decay double Exponential convoluted with pseudo-Voigt:
    Omega(DT) = (1-eta)N {Exp(u).Erfc(y)+ Exp(v).Erfc(z)} +  
                2N eta/pi{-Im[Exp(p)E1(p)]-Im[Exp(q)E1(q)]}  

 ==> INPUT/OUTPUT OPTIONS:

 => Generate bacground file *.bac
 => Generate file *.PRF for plot
 => Output Integrated Intensities
 => Generate new input file *.PCR

 => X-Y type of data: 2theta/TOF/E(Kev) Intens sigma for pattern:  1
 => Plot pattern at each cycle
 => Absorption correction type: 2
 => Base of peaks: 2.0*HW*    8.00

 => Number of cycles:   20
 => Relaxation factors ==>    for coordinates:  1.00
 => for anisotropic temperature factors:  1.00
 => for halfwidth/strain/size/further parameters:  1.00
 => for lattice constants and propagation vectors:  1.00
 => EPS-value for convergence:    0.1

 => Excluded regions for Pattern#  1
    From     to
   1000.1000   2000.0000
  18700.0000  20000.0000

 => Number of Least-Squares parameters varied:     1

 =>--------------------------->
 =>------->  PATTERN number:  1
 =>--------------------------->
 => Global parameters and codes ==>
 => Zero-point:     3.0518    0.0000
 => Background parameters and codes ==>
 => Origin of polynomial at 2theta/TOF/E(KeV): 7000.000  
  2181.0      221.41      376.64     -1931.7      1965.9     -588.88    
        0.00        0.00        0.00        0.00        0.00        0.00
 => D-spacing to T.O.F. coefficient dtt1 and code:   4677.930     0.000
 => D-spacing to T.O.F. coefficient dtt2 and code:      1.762     0.000
 => D-spacing to T.O.F. coefficient dtt_1OverD and code:      0.000     0.000
 => T.O.F. 2theta average detector angle      :     90.000

 => Reading Intensity data  =>>

 => Heading of input data file X,Y,sigma

 ->   X = RALF TOF / 32 (microseconds); Y = FullProf RALF-read Iobs; sigma = RALF sigma * Y / I                                         
 ->   Last point (not read by FullProf): Y = I * 32 / (10 * dt), dt = header dt/t * TOF                                                 
 ->   Converted by tools/fullprof/ralf_to_xydata.py; original bytes: Ceo2_PEARL.ralf                                                    
 -> INTER   1.0   1.0   0  0                                                                                                            
 -> Input X-values multiplied internally by       1.0000
 -> Input Y & Sigma-values multiplied internally by       1.0000
 -> TEMP    0.0                                                                                                                         
 ==> T.O.F. range, and number of points:
    TOFmin:    1500.250000  TOFmax:   19400.187500
    No. of points:   2524
 --------------------------------------------------------------------------------
 => Phase  No. 1
      LaMnO3                                                                
 --------------------------------------------------------------------------------
 =>-------> Pattern#  1
 => Crystal Structure Refinement
 => Preferred orientation vector:   0.0000  0.0000  1.0000

 =>-------> Data for PHASE: 1
 => Number of atoms:    2
 => Number of distance  constraints:    0
 => Number of angle     constraints:    0

 => Symmetry information on space group: F m 3 m             
 -> The multiplicity of the general position is: 192
 -> The space group is Centric (-1 at origin)   
 -> Lattice type  F: { 000;  0  1/2 1/2; 1/2  0  1/2; 1/2 1/2  0 }+
 -> Reduced set of symmetry operators:

  No.  IT   Symmetry symbol    Rotation part     Associated Translation
   1: ( 1)   1            -->     ( x, y, z) + {  0.0000  0.0000  0.0000}
   2: ( 4)   2 ( x, 0, 0) -->     ( x,-y,-z) + {  0.0000  0.0000  0.0000}
   3: ( 3)   2 ( 0, y, 0) -->     (-x, y,-z) + {  0.0000  0.0000  0.0000}
   4: ( 2)   2 ( 0, 0, z) -->     (-x,-y, z) + {  0.0000  0.0000  0.0000}
   5: ( 9)  3- ( x, x, x) -->     ( y, z, x) + {  0.0000  0.0000  0.0000}
   6: (12)  3- (-x, x,-x) -->     (-y,-z, x) + {  0.0000  0.0000  0.0000}
   7: (11)  3- (-x,-x, x) -->     ( y,-z,-x) + {  0.0000  0.0000  0.0000}
   8: (10)  3- ( x,-x,-x) -->     (-y, z,-x) + {  0.0000  0.0000  0.0000}
   9: ( 5)  3+ ( x, x, x) -->     ( z, x, y) + {  0.0000  0.0000  0.0000}
  10: ( 8)  3+ (-x,-x, x) -->     (-z, x,-y) + {  0.0000  0.0000  0.0000}
  11: ( 7)  3+ ( x,-x,-x) -->     (-z,-x, y) + {  0.0000  0.0000  0.0000}
  12: ( 6)  3+ (-x, x,-x) -->     ( z,-x,-y) + {  0.0000  0.0000  0.0000}
  13: (14)   2 ( x,-x, 0) -->     (-y,-x,-z) + {  0.0000  0.0000  0.0000}
  14: (15)  4- ( 0, 0, z) -->     ( y,-x, z) + {  0.0000  0.0000  0.0000}
  15: (16)  4+ ( 0, 0, z) -->     (-y, x, z) + {  0.0000  0.0000  0.0000}
  16: (13)   2 ( x, x, 0) -->     ( y, x,-z) + {  0.0000  0.0000  0.0000}
  17: (24)   2 (-x, 0, x) -->     (-z,-y,-x) + {  0.0000  0.0000  0.0000}
  18: (21)  4+ ( 0, y, 0) -->     ( z, y,-x) + {  0.0000  0.0000  0.0000}
  19: (22)   2 ( x, 0, x) -->     ( z,-y, x) + {  0.0000  0.0000  0.0000}
  20: (23)  4- ( 0, y, 0) -->     (-z, y, x) + {  0.0000  0.0000  0.0000}
  21: (19)   2 ( 0, y,-y) -->     (-x,-z,-y) + {  0.0000  0.0000  0.0000}
  22: (18)   2 ( 0, y, y) -->     (-x, z, y) + {  0.0000  0.0000  0.0000}
  23: (17)  4- ( x, 0, 0) -->     ( x, z,-y) + {  0.0000  0.0000  0.0000}
  24: (20)  4+ ( x, 0, 0) -->     ( x,-z, y) + {  0.0000  0.0000  0.0000}


        Information on Space Group: 
        --------------------------- 

 =>   Number of Space group: 225
 =>  Hermann-Mauguin Symbol: F m 3 m
 =>             Hall Symbol: -F 4 2 3
 =>            Setting Type: IT (Generated from Hermann-Mauguin symbol)
 =>          Crystal System: Cubic
 =>              Laue Class: m-3m
 =>             Point Group: m-3m
 =>         Bravais Lattice: F
 =>          Lattice Symbol: cF
 =>  Reduced Number of S.O.:  24
 =>    General multiplicity: 192
 =>          Centrosymmetry: Centric (-1 at origin)
 =>  Generators (exc. -1&L):   3
 =>         Asymmetric unit:  0.000 <= x <=  0.500
                              0.000 <= y <=  0.250
                              0.000 <= z <=  0.250
 => Centring vectors:  3
 => Latt( 1): (1/2,1/2,0)                          => Latt( 2): (1/2,0,1/2)                         
 => Latt( 3): (0,1/2,1/2)                                                                           

 => List of all Symmetry Operators and Symmetry Symbols

 => SYMM(  1): x,y,z                             Symbol: 1
 => SYMM(  2): x,-y,-z                           Symbol: 2 x,0,0
 => SYMM(  3): -x,y,-z                           Symbol: 2 0,y,0
 => SYMM(  4): -x,-y,z                           Symbol: 2 0,0,z
 => SYMM(  5): y,z,x                             Symbol: 3- x,x,x
 => SYMM(  6): -y,-z,x                           Symbol: 3+ x,-x,x
 => SYMM(  7): y,-z,-x                           Symbol: 3+ x,x,-x
 => SYMM(  8): -y,z,-x                           Symbol: 3- x,-x,-x
 => SYMM(  9): z,x,y                             Symbol: 3+ x,x,x
 => SYMM( 10): -z,x,-y                           Symbol: 3- x,x,-x
 => SYMM( 11): -z,-x,y                           Symbol: 3+ x,-x,-x
 => SYMM( 12): z,-x,-y                           Symbol: 3- x,-x,x
 => SYMM( 13): y,x,z                             Symbol: m x,x,z
 => SYMM( 14): -y,x,-z                           Symbol: -4- 0,0,z; 0,0,0
 => SYMM( 15): y,-x,-z                           Symbol: -4+ 0,0,z; 0,0,0
 => SYMM( 16): -y,-x,z                           Symbol: m x,-x,z
 => SYMM( 17): z,y,x                             Symbol: m x,y,x
 => SYMM( 18): -z,-y,x                           Symbol: -4+ 0,y,0; 0,0,0
 => SYMM( 19): -z,y,-x                           Symbol: m x,y,-x
 => SYMM( 20): z,-y,-x                           Symbol: -4- 0,y,0; 0,0,0
 => SYMM( 21): x,z,y                             Symbol: m x,y,y
 => SYMM( 22): x,-z,-y                           Symbol: m x,y,-y
 => SYMM( 23): -x,-z,y                           Symbol: -4- x,0,0; 0,0,0
 => SYMM( 24): -x,z,-y                           Symbol: -4+ x,0,0; 0,0,0
 => SYMM( 25): -x,-y,-z                          Symbol: -1 0,0,0
 => SYMM( 26): -x,y,z                            Symbol: m 0,y,z
 => SYMM( 27): x,-y,z                            Symbol: m x,0,z
 => SYMM( 28): x,y,-z                            Symbol: m x,y,0
 => SYMM( 29): -y,-z,-x                          Symbol: -3- x,x,x; 0,0,0
 => SYMM( 30): y,z,-x                            Symbol: -3+ x,-x,x; 0,0,0
 => SYMM( 31): -y,z,x                            Symbol: -3+ x,x,-x; 0,0,0
 => SYMM( 32): y,-z,x                            Symbol: -3- x,-x,-x; 0,0,0
 => SYMM( 33): -z,-x,-y                          Symbol: -3+ x,x,x; 0,0,0
 => SYMM( 34): z,-x,y                            Symbol: -3- x,x,-x; 0,0,0
 => SYMM( 35): z,x,-y                            Symbol: -3+ x,-x,-x; 0,0,0
 => SYMM( 36): -z,x,y                            Symbol: -3- x,-x,x; 0,0,0
 => SYMM( 37): -y,-x,-z                          Symbol: 2 x,-x,0
 => SYMM( 38): y,-x,z                            Symbol: 4- 0,0,z
 => SYMM( 39): -y,x,z                            Symbol: 4+ 0,0,z
 => SYMM( 40): y,x,-z                            Symbol: 2 x,x,0
 => SYMM( 41): -z,-y,-x                          Symbol: 2 x,0,-x
 => SYMM( 42): z,y,-x                            Symbol: 4+ 0,y,0
 => SYMM( 43): z,-y,x                            Symbol: 2 x,0,x
 => SYMM( 44): -z,y,x                            Symbol: 4- 0,y,0
 => SYMM( 45): -x,-z,-y                          Symbol: 2 0,y,-y
 => SYMM( 46): -x,z,y                            Symbol: 2 0,y,y
 => SYMM( 47): x,z,-y                            Symbol: 4- x,0,0
 => SYMM( 48): x,-z,y                            Symbol: 4+ x,0,0
 => SYMM( 49): x+1/2,y+1/2,z                     Symbol: t (1/2,1/2,0)
 => SYMM( 50): x+1/2,-y+1/2,-z                   Symbol: 2 (1/2,0,0) x,1/4,0
 => SYMM( 51): -x+1/2,y+1/2,-z                   Symbol: 2 (0,1/2,0) 1/4,y,0
 => SYMM( 52): -x+1/2,-y+1/2,z                   Symbol: 2 1/4,1/4,z
 => SYMM( 53): y+1/2,z+1/2,x                     Symbol: 3- (1/3,1/3,1/3) x,x-1/6,x-1/3
 => SYMM( 54): -y+1/2,-z+1/2,x                   Symbol: 3+ x,-x+1/2,x
 => SYMM( 55): y+1/2,-z+1/2,-x                   Symbol: 3+ (1/3,1/3,-1/3) x,x-1/6,-x+1/3
 => SYMM( 56): -y+1/2,z+1/2,-x                   Symbol: 3- x,-x+1/2,-x
 => SYMM( 57): z+1/2,x+1/2,y                     Symbol: 3+ (1/3,1/3,1/3) x,x+1/6,x-1/6
 => SYMM( 58): -z+1/2,x+1/2,-y                   Symbol: 3- (1/3,1/3,-1/3) x,x+1/6,-x+1/6
 => SYMM( 59): -z+1/2,-x+1/2,y                   Symbol: 3+ x,-x+1/2,-x+1/2
 => SYMM( 60): z+1/2,-x+1/2,-y                   Symbol: 3- x,-x+1/2,x-1/2
 => SYMM( 61): y+1/2,x+1/2,z                     Symbol: n (1/2,1/2,0) x,x,z
 => SYMM( 62): -y+1/2,x+1/2,-z                   Symbol: -4- 0,1/2,z; 0,1/2,0
 => SYMM( 63): y+1/2,-x+1/2,-z                   Symbol: -4+ 1/2,0,z; 1/2,0,0
 => SYMM( 64): -y+1/2,-x+1/2,z                   Symbol: m x,-x+1/2,z
 => SYMM( 65): z+1/2,y+1/2,x                     Symbol: g (1/4,1/2,1/4) x,y,x-1/4
 => SYMM( 66): -z+1/2,-y+1/2,x                   Symbol: -4+ 1/4,y,1/4; 1/4,1/4,1/4
 => SYMM( 67): -z+1/2,y+1/2,-x                   Symbol: g (1/4,1/2,-1/4) x,y,-x+1/4
 => SYMM( 68): z+1/2,-y+1/2,-x                   Symbol: -4- 1/4,y,-1/4; 1/4,1/4,-1/4
 => SYMM( 69): x+1/2,z+1/2,y                     Symbol: g (1/2,1/4,1/4) x,y,y-1/4
 => SYMM( 70): x+1/2,-z+1/2,-y                   Symbol: g (1/2,1/4,-1/4) x,y,-y+1/4
 => SYMM( 71): -x+1/2,-z+1/2,y                   Symbol: -4- x,1/4,1/4; 1/4,1/4,1/4
 => SYMM( 72): -x+1/2,z+1/2,-y                   Symbol: -4+ x,1/4,-1/4; 1/4,1/4,-1/4
 => SYMM( 73): -x+1/2,-y+1/2,-z                  Symbol: -1 1/4,1/4,0
 => SYMM( 74): -x+1/2,y+1/2,z                    Symbol: b 1/4,y,z
 => SYMM( 75): x+1/2,-y+1/2,z                    Symbol: a x,1/4,z
 => SYMM( 76): x+1/2,y+1/2,-z                    Symbol: n (1/2,1/2,0) x,y,0
 => SYMM( 77): -y+1/2,-z+1/2,-x                  Symbol: -3- x,x+1/2,x; 0,1/2,0
 => SYMM( 78): y+1/2,z+1/2,-x                    Symbol: -3+ x,-x+1/2,x-1; 1/2,0,-1/2
 => SYMM( 79): -y+1/2,z+1/2,x                    Symbol: -3+ x,x+1/2,-x; 0,1/2,0
 => SYMM( 80): y+1/2,-z+1/2,x                    Symbol: -3- x,-x+1/2,-x+1; 1/2,0,1/2
 => SYMM( 81): -z+1/2,-x+1/2,-y                  Symbol: -3+ x,x-1/2,x-1/2; 1/2,0,0
 => SYMM( 82): z+1/2,-x+1/2,y                    Symbol: -3- x,x-1/2,-x+1/2; 1/2,0,0
 => SYMM( 83): z+1/2,x+1/2,-y                    Symbol: -3+ x,-x+1/2,-x-1/2; 0,1/2,-1/2
 => SYMM( 84): -z+1/2,x+1/2,y                    Symbol: -3- x,-x+1/2,x+1/2; 0,1/2,1/2
 => SYMM( 85): -y+1/2,-x+1/2,-z                  Symbol: 2 x,-x+1/2,0
 => SYMM( 86): y+1/2,-x+1/2,z                    Symbol: 4- 1/2,0,z
 => SYMM( 87): -y+1/2,x+1/2,z                    Symbol: 4+ 0,1/2,z
 => SYMM( 88): y+1/2,x+1/2,-z                    Symbol: 2 (1/2,1/2,0) x,x,0
 => SYMM( 89): -z+1/2,-y+1/2,-x                  Symbol: 2 (1/4,0,-1/4) x,1/4,-x+1/4
 => SYMM( 90): z+1/2,y+1/2,-x                    Symbol: 4+ (0,1/2,0) 1/4,y,-1/4
 => SYMM( 91): z+1/2,-y+1/2,x                    Symbol: 2 (1/4,0,1/4) x,1/4,x-1/4
 => SYMM( 92): -z+1/2,y+1/2,x                    Symbol: 4- (0,1/2,0) 1/4,y,1/4
 => SYMM( 93): -x+1/2,-z+1/2,-y                  Symbol: 2 (0,1/4,-1/4) 1/4,y,-y+1/4
 => SYMM( 94): -x+1/2,z+1/2,y                    Symbol: 2 (0,1/4,1/4) 1/4,y,y-1/4
 => SYMM( 95): x+1/2,z+1/2,-y                    Symbol: 4- (1/2,0,0) x,1/4,-1/4
 => SYMM( 96): x+1/2,-z+1/2,y                    Symbol: 4+ (1/2,0,0) x,1/4,1/4
 => SYMM( 97): x+1/2,y,z+1/2                     Symbol: t (1/2,0,1/2)
 => SYMM( 98): x+1/2,-y,-z+1/2                   Symbol: 2 (1/2,0,0) x,0,1/4
 => SYMM( 99): -x+1/2,y,-z+1/2                   Symbol: 2 1/4,y,1/4
 => SYMM(100): -x+1/2,-y,z+1/2                   Symbol: 2 (0,0,1/2) 1/4,0,z
 => SYMM(101): y+1/2,z,x+1/2                     Symbol: 3- (1/3,1/3,1/3) x,x-1/6,x+1/6
 => SYMM(102): -y+1/2,-z,x+1/2                   Symbol: 3+ (1/3,-1/3,1/3) x,-x+1/6,x+1/6
 => SYMM(103): y+1/2,-z,-x+1/2                   Symbol: 3+ x,x-1/2,-x+1/2
 => SYMM(104): -y+1/2,z,-x+1/2                   Symbol: 3- x,-x+1/2,-x+1/2
 => SYMM(105): z+1/2,x,y+1/2                     Symbol: 3+ (1/3,1/3,1/3) x,x-1/3,x-1/6
 => SYMM(106): -z+1/2,x,-y+1/2                   Symbol: 3- x,x,-x+1/2
 => SYMM(107): -z+1/2,-x,y+1/2                   Symbol: 3+ x,-x,-x+1/2
 => SYMM(108): z+1/2,-x,-y+1/2                   Symbol: 3- (1/3,-1/3,1/3) x,-x+1/3,x-1/6
 => SYMM(109): y+1/2,x,z+1/2                     Symbol: g (1/4,1/4,1/2) x,x-1/4,z
 => SYMM(110): -y+1/2,x,-z+1/2                   Symbol: -4- 1/4,1/4,z; 1/4,1/4,1/4
 => SYMM(111): y+1/2,-x,-z+1/2                   Symbol: -4+ 1/4,-1/4,z; 1/4,-1/4,1/4
 => SYMM(112): -y+1/2,-x,z+1/2                   Symbol: g (1/4,-1/4,1/2) x,-x+1/4,z
 => SYMM(113): z+1/2,y,x+1/2                     Symbol: n (1/2,0,1/2) x,y,x
 => SYMM(114): -z+1/2,-y,x+1/2                   Symbol: -4+ 0,y,1/2; 0,0,1/2
 => SYMM(115): -z+1/2,y,-x+1/2                   Symbol: m x,y,-x+1/2
 => SYMM(116): z+1/2,-y,-x+1/2                   Symbol: -4- 1/2,y,0; 1/2,0,0
 => SYMM(117): x+1/2,z,y+1/2                     Symbol: g (1/2,1/4,1/4) x,y,y+1/4
 => SYMM(118): x+1/2,-z,-y+1/2                   Symbol: g (1/2,-1/4,1/4) x,y,-y+1/4
 => SYMM(119): -x+1/2,-z,y+1/2                   Symbol: -4- x,-1/4,1/4; 1/4,-1/4,1/4
 => SYMM(120): -x+1/2,z,-y+1/2                   Symbol: -4+ x,1/4,1/4; 1/4,1/4,1/4
 => SYMM(121): -x+1/2,-y,-z+1/2                  Symbol: -1 1/4,0,1/4
 => SYMM(122): -x+1/2,y,z+1/2                    Symbol: c 1/4,y,z
 => SYMM(123): x+1/2,-y,z+1/2                    Symbol: n (1/2,0,1/2) x,0,z
 => SYMM(124): x+1/2,y,-z+1/2                    Symbol: a x,y,1/4
 => SYMM(125): -y+1/2,-z,-x+1/2                  Symbol: -3- x,x-1/2,x-1/2; 1/2,0,0
 => SYMM(126): y+1/2,z,-x+1/2                    Symbol: -3+ x,-x+1/2,x-1/2; 1/2,0,0
 => SYMM(127): -y+1/2,z,x+1/2                    Symbol: -3+ x,x+1/2,-x+1/2; 0,1/2,1/2
 => SYMM(128): y+1/2,-z,x+1/2                    Symbol: -3- x,-x-1/2,-x+1/2; 0,-1/2,1/2
 => SYMM(129): -z+1/2,-x,-y+1/2                  Symbol: -3+ x,x,x+1/2; 0,0,1/2
 => SYMM(130): z+1/2,-x,y+1/2                    Symbol: -3- x,x-1,-x+1/2; 1/2,-1/2,0
 => SYMM(131): z+1/2,x,-y+1/2                    Symbol: -3+ x,-x+1,-x+1/2; 1/2,1/2,0
 => SYMM(132): -z+1/2,x,y+1/2                    Symbol: -3- x,-x,x+1/2; 0,0,1/2
 => SYMM(133): -y+1/2,-x,-z+1/2                  Symbol: 2 (1/4,-1/4,0) x,-x+1/4,1/4
 => SYMM(134): y+1/2,-x,z+1/2                    Symbol: 4- (0,0,1/2) 1/4,-1/4,z
 => SYMM(135): -y+1/2,x,z+1/2                    Symbol: 4+ (0,0,1/2) 1/4,1/4,z
 => SYMM(136): y+1/2,x,-z+1/2                    Symbol: 2 (1/4,1/4,0) x,x-1/4,1/4
 => SYMM(137): -z+1/2,-y,-x+1/2                  Symbol: 2 x,0,-x+1/2
 => SYMM(138): z+1/2,y,-x+1/2                    Symbol: 4+ 1/2,y,0
 => SYMM(139): z+1/2,-y,x+1/2                    Symbol: 2 (1/2,0,1/2) x,0,x
 => SYMM(140): -z+1/2,y,x+1/2                    Symbol: 4- 0,y,1/2
 => SYMM(141): -x+1/2,-z,-y+1/2                  Symbol: 2 (0,-1/4,1/4) 1/4,y,-y+1/4
 => SYMM(142): -x+1/2,z,y+1/2                    Symbol: 2 (0,1/4,1/4) 1/4,y,y+1/4
 => SYMM(143): x+1/2,z,-y+1/2                    Symbol: 4- (1/2,0,0) x,1/4,1/4
 => SYMM(144): x+1/2,-z,y+1/2                    Symbol: 4+ (1/2,0,0) x,-1/4,1/4
 => SYMM(145): x,y+1/2,z+1/2                     Symbol: t (0,1/2,1/2)
 => SYMM(146): x,-y+1/2,-z+1/2                   Symbol: 2 x,1/4,1/4
 => SYMM(147): -x,y+1/2,-z+1/2                   Symbol: 2 (0,1/2,0) 0,y,1/4
 => SYMM(148): -x,-y+1/2,z+1/2                   Symbol: 2 (0,0,1/2) 0,1/4,z
 => SYMM(149): y,z+1/2,x+1/2                     Symbol: 3- (1/3,1/3,1/3) x,x+1/3,x+1/6
 => SYMM(150): -y,-z+1/2,x+1/2                   Symbol: 3+ x,-x,x+1/2
 => SYMM(151): y,-z+1/2,-x+1/2                   Symbol: 3+ x,x,-x+1/2
 => SYMM(152): -y,z+1/2,-x+1/2                   Symbol: 3- (-1/3,1/3,1/3) x,-x+1/3,-x+1/6
 => SYMM(153): z,x+1/2,y+1/2                     Symbol: 3+ (1/3,1/3,1/3) x,x+1/6,x+1/3
 => SYMM(154): -z,x+1/2,-y+1/2                   Symbol: 3- x,x+1/2,-x
 => SYMM(155): -z,-x+1/2,y+1/2                   Symbol: 3+ (-1/3,1/3,1/3) x,-x+1/6,-x+1/3
 => SYMM(156): z,-x+1/2,-y+1/2                   Symbol: 3- x,-x+1/2,x
 => SYMM(157): y,x+1/2,z+1/2                     Symbol: g (1/4,1/4,1/2) x,x+1/4,z
 => SYMM(158): -y,x+1/2,-z+1/2                   Symbol: -4- -1/4,1/4,z; -1/4,1/4,1/4
 => SYMM(159): y,-x+1/2,-z+1/2                   Symbol: -4+ 1/4,1/4,z; 1/4,1/4,1/4
 => SYMM(160): -y,-x+1/2,z+1/2                   Symbol: g (-1/4,1/4,1/2) x,-x+1/4,z
 => SYMM(161): z,y+1/2,x+1/2                     Symbol: g (1/4,1/2,1/4) x,y,x+1/4
 => SYMM(162): -z,-y+1/2,x+1/2                   Symbol: -4+ -1/4,y,1/4; -1/4,1/4,1/4
 => SYMM(163): -z,y+1/2,-x+1/2                   Symbol: g (-1/4,1/2,1/4) x,y,-x+1/4
 => SYMM(164): z,-y+1/2,-x+1/2                   Symbol: -4- 1/4,y,1/4; 1/4,1/4,1/4
 => SYMM(165): x,z+1/2,y+1/2                     Symbol: n (0,1/2,1/2) x,y,y
 => SYMM(166): x,-z+1/2,-y+1/2                   Symbol: m x,y,-y+1/2
 => SYMM(167): -x,-z+1/2,y+1/2                   Symbol: -4- x,0,1/2; 0,0,1/2
 => SYMM(168): -x,z+1/2,-y+1/2                   Symbol: -4+ x,1/2,0; 0,1/2,0
 => SYMM(169): -x,-y+1/2,-z+1/2                  Symbol: -1 0,1/4,1/4
 => SYMM(170): -x,y+1/2,z+1/2                    Symbol: n (0,1/2,1/2) 0,y,z
 => SYMM(171): x,-y+1/2,z+1/2                    Symbol: c x,1/4,z
 => SYMM(172): x,y+1/2,-z+1/2                    Symbol: b x,y,1/4
 => SYMM(173): -y,-z+1/2,-x+1/2                  Symbol: -3- x,x,x+1/2; 0,0,1/2
 => SYMM(174): y,z+1/2,-x+1/2                    Symbol: -3+ x,-x+1,x-1/2; 1/2,1/2,0
 => SYMM(175): -y,z+1/2,x+1/2                    Symbol: -3+ x,x+1,-x-1/2; -1/2,1/2,0
 => SYMM(176): y,-z+1/2,x+1/2                    Symbol: -3- x,-x,-x+1/2; 0,0,1/2
 => SYMM(177): -z,-x+1/2,-y+1/2                  Symbol: -3+ x,x+1/2,x; 0,1/2,0
 => SYMM(178): z,-x+1/2,y+1/2                    Symbol: -3- x,x-1/2,-x+1; 1/2,0,1/2
 => SYMM(179): z,x+1/2,-y+1/2                    Symbol: -3+ x,-x+1/2,-x; 0,1/2,0
 => SYMM(180): -z,x+1/2,y+1/2                    Symbol: -3- x,-x-1/2,x+1; -1/2,0,1/2
 => SYMM(181): -y,-x+1/2,-z+1/2                  Symbol: 2 (-1/4,1/4,0) x,-x+1/4,1/4
 => SYMM(182): y,-x+1/2,z+1/2                    Symbol: 4- (0,0,1/2) 1/4,1/4,z
 => SYMM(183): -y,x+1/2,z+1/2                    Symbol: 4+ (0,0,1/2) -1/4,1/4,z
 => SYMM(184): y,x+1/2,-z+1/2                    Symbol: 2 (1/4,1/4,0) x,x+1/4,1/4
 => SYMM(185): -z,-y+1/2,-x+1/2                  Symbol: 2 (-1/4,0,1/4) x,1/4,-x+1/4
 => SYMM(186): z,y+1/2,-x+1/2                    Symbol: 4+ (0,1/2,0) 1/4,y,1/4
 => SYMM(187): z,-y+1/2,x+1/2                    Symbol: 2 (1/4,0,1/4) x,1/4,x+1/4
 => SYMM(188): -z,y+1/2,x+1/2                    Symbol: 4- (0,1/2,0) -1/4,y,1/4
 => SYMM(189): -x,-z+1/2,-y+1/2                  Symbol: 2 0,y,-y+1/2
 => SYMM(190): -x,z+1/2,y+1/2                    Symbol: 2 (0,1/2,1/2) 0,y,y
 => SYMM(191): x,z+1/2,-y+1/2                    Symbol: 4- x,1/2,0
 => SYMM(192): x,-z+1/2,y+1/2                    Symbol: 4+ x,0,1/2

 => Initial parameters ==>
 Atom    Ntyp                  X         Y         Z         B         occ.         in  fin  Spc  Mult
                             B11       B22       B33       B12       B13       B23
 Ce     CE                 0.00000   0.00000   0.00000   0.30159   0.02083           0    0    0    4
                 Codes:    0.00000   0.00000   0.00000   0.00000   0.00000
 O      O                  0.25000   0.25000   0.25000   0.49641   0.04167           0    0    0    8
                 Codes:    0.00000   0.00000   0.00000   0.00000   0.00000

 => It is assumed that THE FIRST GIVEN SITE plus all the other atoms 
    occupying THE SAME POSITION have a total full occupation (no vacancies!)
  (if this is not the case, change the order of atoms to obtain correct values for the content of the unit cell)
    The given occupation factors have been obtained mutiplying m/M by   0.0208
      -> Atom: CE  ,  Chemical element: CE  Atomic Mass:   140.1200
      -> Atom: O   ,  Chemical element: O   Atomic Mass:    15.9994
 => The given value of ATZ is        688.29 the program has calculated:         688.29
    The value of ATZ given in the input PCR file will be used for quantitative analysis
 => The chemical content of the unit cell is: 
       4.0000 CE   +   8.0019 O      
 => The normalized site occupation numbers in % are: 
     100.0000 Ce     :      100.0240 O        
 => The density (volumic mass) of the compound is:    7.219 g/cm3

 =>-------> PROFILE PARAMETERS FOR PATTERN:  1

 => Overall scale factor:    2115.27    
 => T.O.F. Extinction parameter:   0.0000
 => Overall temperature factor:      0.00000
 => T.O.F. Gaussian variances Sig-2, Sig-1, Sig-0, Sig-Q:      3.57510    83.80880     0.00000     0.00000
 => T.O.F. Isotropic Gaussian strain parameter (G-strain):       0.0000
 => T.O.F. Iso-Gaussian and Aniso-Lor (platelets/needles) Size parameters (G-Size,Ani-LorSiz)  :      0.00000     0.00000
 => T.O.F. Lorentzian FWHM Gam-2, Gam-1, Gam-0:      0.00000     4.84070     0.00000
 => T.O.F. Isotropic Lorentzian strain and size parameters (LStr,LSiz):      0.00000     0.00000
 => Direct cell parameters:    5.4105   5.4105   5.4105  90.0000  90.0000  90.0000
 => Preferred orientation parameters:   0.0000  0.0000
 => T.O.F. Peak shape parameter alpha0,beta0,alpha1,beta1/kappa,alpha-q,beta-Q:      0.00000     0.02545     0.25156     0.02901     0.00000     0.00000
 => Model-dependent Strain parameters s2,s1,s0:      0.00000     0.00000     0.00000


 ==> CODEWORDS FOR PROFILE PARAMETERS of PATTERN#  1

 => Codeword -Overall scale factor:   11.0000    
 => Codeword  - T.O.F. Extinction parameter:   0.0000
 => Codeword  - Overall temperature factor:      0.00000
 => Codewords - T.O.F. Gaussian variances Sig-2, Sig-1, Sig-0, Sig-Q:      0.00000     0.00000     0.00000     0.00000
 => Codewords - T.O.F. Isotropic Gaussian strain parameter (G-strain):       0.0000
 => Codewords - T.O.F. Iso-Gaussian and Aniso-Lor (platelets/needles) Size parameters (G-Size,Ani-LorSize)  :      0.00000     0.00000
 => Codewords - T.O.F. Lorentzian FWHM Gam-2, Gam-1, Gam-0:      0.00000     0.00000     0.00000
 => Codewords - T.O.F. Isotropic Lorentzian strain and size parameters (LStr,LSiz):      0.00000     0.00000
 => Codewords - Direct cell parameters:    0.0000   0.0000   0.0000   0.0000   0.0000   0.0000
 => Codewords - Preferred orientation parameters:   0.0000  0.0000
 => Codewords - T.O.F. Peak shape parameter alpha0,beta0,alpha1,beta1/kappa,alpha-q,beta-Q:      0.00000     0.00000     0.00000     0.00000     0.00000     0.00000
=> Codewords - Model-dependent Strain parameters s2,s1,s0:      0.00000     0.00000     0.00000


 => Cell constraints according to Laue symmetry: m-3m 

        Metric information:
        -------------------

 => Direct cell parameters:

         a =       5.4105      b =       5.4105      c =       5.4105
     alpha =       90.000   beta =       90.000  gamma =       90.000
                        Direct Cell Volume =     158.3839

 => Reciprocal cell parameters:

         a*=     0.184826      b*=     0.184826      c*=     0.184826
     alpha*=       90.000   beta*=       90.000  gamma*=       90.000
                    Reciprocal Cell Volume =   0.00631377

 => Direct and Reciprocal Metric Tensors:

                   GD                                       GR
     29.2735      0.0000      0.0000          0.034161    0.000000    0.000000
      0.0000     29.2735      0.0000          0.000000    0.034161    0.000000
      0.0000      0.0000     29.2735          0.000000    0.000000    0.034161

 =>  Cartesian frame: x // a; z is along c*; y is within the ab-plane   

     Crystal_to_Orthonormal_Matrix              Orthonormal_to_Crystal Matrix
              Cr_Orth_cel                               Orth_Cr_cel  
      5.4105      0.0000      0.0000          0.184826   -0.000000   -0.000000
      0.0000      5.4105      0.0000          0.000000    0.184826   -0.000000
      0.0000      0.0000      5.4105          0.000000    0.000000    0.184826

     Busing-Levy B-matrix: Hc=B.H            Inverse of the Busing-Levy B-matrix
                BL_M                                      BL_Minv  
    0.184826    0.000000    0.000000            5.4105     -0.0000     -0.0000
    0.000000    0.184826   -0.000000            0.0000      5.4105      0.0000
    0.000000    0.000000    0.184826            0.0000      0.0000      5.4105

 => Laue symmetry m-3m  will be used to generate HKL for pattern#   1
 => Reflections generated between S(1/d)min:  0.2411 A-1 and S(1/d)max:  2.6487 A-1
 =>                                    dmax:  4.1472 A   and      dmin:  0.3775 A
 => The number of reflections generated is:    110
 => The max. scatt. variable (gen.ref.) is:     19400.1875
 => Scattering coefficients from internal table

 => Scattering lengths:

 CE     0.4840
 O      0.5803

     --------------------------------------------------------------
      SYMBOLIC NAMES AND INITIAL VALUES OF PARAMETERS TO BE VARIED:
     --------------------------------------------------------------

      ->  Parameter number    1   -> Symbolic Name:                                     Scale_ph1_pat1     2115.2739    
  
 
 => No optimization for routine tasks
 ++++++++++++++++++++++++++++++++++++++++++++++++++++++++++++++++++++++++++++++++++++++++++++++++++++++++++++++++++++++++++++++++++++

 => CYCLE No.:    1
 ------------------------------------------------------------------------------------------------------------------------------------
 => Phase  1 Name: LaMnO3
 ------------------------------------------------------------------------------------------------------------------------------------
 => New parameters, shifts, and standard deviations

 Atom        x       dx      sx       y       dy      sy       z       dz      sz       B       dB      sB      occ.    docc.   socc.

 Ce       0.00000 0.00000 0.00000  0.00000 0.00000 0.00000  0.00000 0.00000 0.00000  0.30159 0.00000 0.00000  0.02083 0.00000 0.00000
 O        0.25000 0.00000 0.00000  0.25000 0.00000 0.00000  0.25000 0.00000 0.00000  0.49641 0.00000 0.00000  0.04167 0.00000 0.00000

 ==> PROFILE PARAMETERS FOR PATTERN#  1

 => Overall scale factor       :   2115.250732422    -0.023122821     4.584922791
 => T.O.F. Extinction parameter:     0.000000    0.000000    0.000000
 => Overall temperature  factor:     0.000000    0.000000    0.000000
 => T.O.F. Gaussian variances Sig-2, Sig-1, Sig-0: 
         3.575100    0.000000    0.000000
        83.808800    0.000000    0.000000
         0.000000    0.000000    0.000000

 => T.O.F. Gaussian variance Sig-Q:     0.000000    0.000000    0.000000
 => T.O.F. Isotropic Gaussian strain parameter (G-strain)::      0.00000     0.00000     0.00000
 => T.O.F. Isotropic Gaussian  Size  parameter (G-size)  ::      0.00000     0.00000     0.00000
 => T.O.F. Anisotropic Lorentzian  Size  parameter (Ani-LorSize)  ::      0.00000     0.00000     0.00000
 => T.O.F. Lorentzian FWHM Gam-2, Gam-1, Gam-0: 
         0.000000    0.000000    0.000000
         4.840700    0.000000    0.000000
         0.000000    0.000000    0.000000

 => T.O.F. Isotropic Lorentzian strain and size parameters (LStr,LSiz): 
         0.000000    0.000000    0.000000
         0.000000    0.000000    0.000000

 => Model-dependent Strain parameters s2,s1,s0: 
         0.000000    0.000000    0.000000
         0.000000    0.000000    0.000000
         0.000000    0.000000    0.000000

 => Direct cell parameters: 
        5.410495    0.000000    0.000000
        5.410495    0.000000    0.000000
        5.410495    0.000000    0.000000
       90.000000    0.000000    0.000000
       90.000000    0.000000    0.000000
       90.000000    0.000000    0.000000

 => Preferred orientation parameters: 
         0.000000    0.000000    0.000000
         0.000000    0.000000    0.000000

 => T.O.F. Peak shape parameter a0,b0,a1,b1/kappa: 
        0.000000    0.000000    0.000000
        0.025455    0.000000    0.000000
        0.251559    0.000000    0.000000
        0.029005    0.000000    0.000000

 => Absorption parameters: 
       0.000290  0.000000  0.000000
       0.000000  0.000000  0.000000

 ==> GLOBAL PARAMETERS FOR PATTERN#  1


 => Zero-point:     3.0518    0.0000    0.0000
 => Background Polynomial Parameters ==>
       2181.0      0.0000      0.0000    
       221.41      0.0000      0.0000    
       376.64      0.0000      0.0000    
      -1931.7      0.0000      0.0000    
       1965.9      0.0000      0.0000    
      -588.88      0.0000      0.0000    

 => T.O.F.- dtt1       (    TOFo=dtt1*dsp     ):   4677.93      0.00      0.00
 => T.O.F.- dtt2       (TOF=TOFo+dtt2*dsp*dsp ):      1.76      0.00      0.00
 => T.O.F.- dtt_1OverD (TOF=TOF+dtt_1overD/dsp):      0.00      0.00      0.00

 ==> RELIABILITY FACTORS WITH ALL NON-EXCLUDED POINTS FOR PATTERN:  1

 => R-Factors:   4.43      5.29     Chi2:  3.85     DW-Stat.:  0.5239   Patt#:  1
 => Expected :            2.70                                1.8694
 => Deviance : 0.322E+05     Dev*:   14.42    
 => GoF-index:  2.0         Sqrt(Residual/N)
 => N-P+C:  2235

 =>    SumYdif       SumYobs      SumYcal      SumwYobsSQ     Residual    Condition
     0.4037E+06    0.9118E+07    0.9097E+07    0.3069E+07     8594.         1.000    


 => Conventional Rietveld Rp,Rwp,Re and Chi2:   11.1      9.24      4.71      3.845    
 => (Values obtained using Ynet, but true sigma(y))
 =>  SumYnet, Sum(w Ynet**2):     0.3654E+07    0.1006E+07


 ==> RELIABILITY FACTORS FOR POINTS WITH BRAGG CONTRIBUTIONS FOR PATTERN:  1

 => R-Factors:   4.32      5.28     Chi2:  4.69     DW-Stat.:  0.5822   Patt#:
 => Expected :            2.44                                1.8480
 => Deviance : 0.260E+05     Dev*:   15.75    
 => GoF-index:  2.2         Sqrt(Residual/N)
 => N-P+C:  1650

 =>    SumYdif       SumYobs      SumYcal      SumwYobsSQ     Residual    Condition
     0.3362E+06    0.7791E+07    0.7779E+07    0.2770E+07     7732.         1.000    


 => Conventional Rietveld Rp,Rwp,Re and Chi2:   9.22      8.77      4.05      4.686    
 => (Values obtained using Ynet, but true sigma(y))
 =>  SumYnet, Sum(w Ynet**2):     0.3645E+07    0.1005E+07


 => Global user-weigthed Chi2 (Bragg contrib.):   4.69    

 => ---------> Pattern#  1
 => Phase:  1
 =>    Bragg R-factor:  1.82    
 =>    RF-factor     :  3.31    


   Standard deviations have to be multiplied by: 2.6165
   (correlated residuals) See references:
  -J.F.Berar & P.Lelann, J. Appl. Cryst. 24, 1-5 (1991) 
  -J.F.Berar, Acc. in Pow. Diff. II,NIST Sp.Pub. 846, 63(1992) 

 ++++++++++++++++++++++++++++++++++++++++++++++++++++++++++++++++++++++++++++++++++++++++++++++++++++++++++++++++++++++++++++++++++++

 => CYCLE No.:    1
 =>  Convergence reached at this CYCLE !!!!
 =>  Parameter shifts set to zero
 ------------------------------------------------------------------------------------------------------------------------------------
 => Phase  1 Name: LaMnO3
 ------------------------------------------------------------------------------------------------------------------------------------
 => New parameters, shifts, and standard deviations

 Atom        x       dx      sx       y       dy      sy       z       dz      sz       B       dB      sB      occ.    docc.   socc.

 Ce       0.00000 0.00000 0.00000  0.00000 0.00000 0.00000  0.00000 0.00000 0.00000  0.30159 0.00000 0.00000  0.02083 0.00000 0.00000
 O        0.25000 0.00000 0.00000  0.25000 0.00000 0.00000  0.25000 0.00000 0.00000  0.49641 0.00000 0.00000  0.04167 0.00000 0.00000

 ==> PROFILE PARAMETERS FOR PATTERN#  1

 => Overall scale factor       :   2115.250732422     0.000000000     4.584922791
 => T.O.F. Extinction parameter:     0.000000    0.000000    0.000000
 => Overall temperature  factor:     0.000000    0.000000    0.000000
 => T.O.F. Gaussian variances Sig-2, Sig-1, Sig-0: 
         3.575100    0.000000    0.000000
        83.808800    0.000000    0.000000
         0.000000    0.000000    0.000000

 => T.O.F. Gaussian variance Sig-Q:     0.000000    0.000000    0.000000
 => T.O.F. Isotropic Gaussian strain parameter (G-strain)::      0.00000     0.00000     0.00000
 => T.O.F. Isotropic Gaussian  Size  parameter (G-size)  ::      0.00000     0.00000     0.00000
 => T.O.F. Anisotropic Lorentzian  Size  parameter (Ani-LorSize)  ::      0.00000     0.00000     0.00000
 => T.O.F. Lorentzian FWHM Gam-2, Gam-1, Gam-0: 
         0.000000    0.000000    0.000000
         4.840700    0.000000    0.000000
         0.000000    0.000000    0.000000

 => T.O.F. Isotropic Lorentzian strain and size parameters (LStr,LSiz): 
         0.000000    0.000000    0.000000
         0.000000    0.000000    0.000000

 => Model-dependent Strain parameters s2,s1,s0: 
         0.000000    0.000000    0.000000
         0.000000    0.000000    0.000000
         0.000000    0.000000    0.000000

 => Direct cell parameters: 
        5.410495    0.000000    0.000000
        5.410495    0.000000    0.000000
        5.410495    0.000000    0.000000
       90.000000    0.000000    0.000000
       90.000000    0.000000    0.000000
       90.000000    0.000000    0.000000

 => Preferred orientation parameters: 
         0.000000    0.000000    0.000000
         0.000000    0.000000    0.000000

 => T.O.F. Peak shape parameter a0,b0,a1,b1/kappa: 
        0.000000    0.000000    0.000000
        0.025455    0.000000    0.000000
        0.251559    0.000000    0.000000
        0.029005    0.000000    0.000000

 => Absorption parameters: 
       0.000290  0.000000  0.000000
       0.000000  0.000000  0.000000

 ==> GLOBAL PARAMETERS FOR PATTERN#  1


 => Zero-point:     3.0518    0.0000    0.0000
 => Background Polynomial Parameters ==>
       2181.0      0.0000      0.0000    
       221.41      0.0000      0.0000    
       376.64      0.0000      0.0000    
      -1931.7      0.0000      0.0000    
       1965.9      0.0000      0.0000    
      -588.88      0.0000      0.0000    

 => T.O.F.- dtt1       (    TOFo=dtt1*dsp     ):   4677.93      0.00      0.00
 => T.O.F.- dtt2       (TOF=TOFo+dtt2*dsp*dsp ):      1.76      0.00      0.00
 => T.O.F.- dtt_1OverD (TOF=TOF+dtt_1overD/dsp):      0.00      0.00      0.00

 ==> RELIABILITY FACTORS WITH ALL NON-EXCLUDED POINTS FOR PATTERN:  1

 => R-Factors:   4.43      5.29     Chi2:  3.85     DW-Stat.:  0.5239   Patt#:  1
 => Expected :            2.70                                1.8694
 => Deviance : 0.322E+05     Dev*:   14.42    
 => GoF-index:  2.0         Sqrt(Residual/N)
 => N-P+C:  2235

 =>    SumYdif       SumYobs      SumYcal      SumwYobsSQ     Residual    Condition
     0.4037E+06    0.9118E+07    0.9097E+07    0.3069E+07     8594.         1.000    


 => Conventional Rietveld Rp,Rwp,Re and Chi2:   11.1      9.24      4.71      3.845    
 => (Values obtained using Ynet, but true sigma(y))
 =>  SumYnet, Sum(w Ynet**2):     0.3654E+07    0.1006E+07

 => N-sigma of the GoF:       95.106

 ==> RELIABILITY FACTORS FOR POINTS WITH BRAGG CONTRIBUTIONS FOR PATTERN:  1

 => R-Factors:   4.32      5.28     Chi2:  4.69     DW-Stat.:  0.5822   Patt#:
 => Expected :            2.44                                1.8480
 => Deviance : 0.260E+05     Dev*:   15.75    
 => GoF-index:  2.2         Sqrt(Residual/N)
 => N-P+C:  1650

 =>    SumYdif       SumYobs      SumYcal      SumwYobsSQ     Residual    Condition
     0.3362E+06    0.7791E+07    0.7779E+07    0.2770E+07     7732.         1.000    


 => Conventional Rietveld Rp,Rwp,Re and Chi2:   9.22      8.77      4.05      4.686    
 => (Values obtained using Ynet, but true sigma(y))
 =>  SumYnet, Sum(w Ynet**2):     0.3645E+07    0.1005E+07

 => N-sigma of the GoF:      105.875

 => Global user-weigthed Chi2 (Bragg contrib.):   5.21    

 => ---------> Pattern#  1
 => Phase:  1
 =>    Bragg R-factor:  1.82    
 =>    RF-factor     :  3.31    

 --------------------------------------------------------------------------------------------------------------------------------------------------------
 Pattern#  1 Phase No.:   1 Phase name: LaMnO3
 --------------------------------------------------------------------------------------------------------------------------------------------------------

   No.  Code     H   K   L  Mult     Hw     2theta/TOF      Icalc       Iobs      Sigma    HwG     HwL     ETA     d-hkl  TOF_alpha  TOF_beta     CORR

      1   1     12   4   0    24    10.382    2000.925    12529.9    13523.1    538.695   9.257   2.071   0.254  0.427737  0.588116  0.891948  0.999703
      2   1      9   7   5    48    10.549    2032.942     4246.3     4766.0    296.166   9.406   2.104   0.254  0.434581  0.578853  0.838638  0.999698
      3   1     11   5   3    48    10.549    2032.942     4246.3     4766.0    296.166   9.406   2.104   0.254  0.434581  0.578853  0.838638  0.999698
      4   1     10   6   4    48    10.654    2052.905    36901.9    41832.7    686.249   9.499   2.124   0.254  0.438849  0.573224  0.807465  0.999695
      5   1     12   2   2    24    10.654    2052.906    18451.0    20916.6    343.128   9.499   2.124   0.254  0.438849  0.573224  0.807464  0.999695
      6   1     12   2   0    24    10.798    2080.462     1860.7     2403.1    230.678   9.628   2.153   0.254  0.444740  0.565632  0.766848  0.999691
      7   1      7   7   7     8    10.835    2087.527      825.6     1023.2     68.802   9.661   2.160   0.254  0.446250  0.563717  0.756863  0.999690
      8   1     11   5   1    48    10.835    2087.527     4953.5     6139.2    412.812   9.661   2.160   0.254  0.446250  0.563717  0.756863  0.999690
      9   1      8   8   4    24    10.948    2109.160    21851.7    22378.1    702.424   9.762   2.183   0.254  0.450875  0.557936  0.727314  0.999687
     10   1     12   0   0     6    10.948    2109.160     5462.9     5594.5    175.606   9.762   2.183   0.254  0.450875  0.557936  0.727314  0.999687
     11   1     10   6   2    48    11.104    2139.078     4586.6     3167.8    370.859   9.902   2.214   0.254  0.457270  0.550132  0.688864  0.999683
     12   1      9   7   3    48    11.145    2146.759     5773.0     5086.1    321.583   9.937   2.221   0.254  0.458912  0.548164  0.679420  0.999681
     13   1     11   3   3    24    11.145    2146.759     2886.5     2543.1    160.792   9.937   2.221   0.254  0.458912  0.548164  0.679420  0.999681
     14   1      8   6   6    24    11.268    2170.307    25977.4    26871.1    516.737  10.047   2.246   0.254  0.463946  0.542216  0.651496  0.999678
     15   1     10   6   0    24    11.268    2170.307    25977.4    26871.1    516.737  10.047   2.246   0.254  0.463946  0.542216  0.651496  0.999678
     16   1      8   8   2    24    11.439    2202.946     2842.5     2610.2    182.144  10.200   2.280   0.254  0.470923  0.534183  0.615211  0.999673
     17   1     10   4   4    24    11.439    2202.946     2842.5     2610.2    182.144  10.200   2.280   0.254  0.470923  0.534183  0.615211  0.999673
     18   1      9   5   5    24    11.483    2211.338     3386.3     3382.7    134.179  10.239   2.288   0.254  0.472717  0.532155  0.606310  0.999672
     19   1      9   7   1    48    11.483    2211.338     6772.7     6765.4    268.357  10.239   2.288   0.254  0.472717  0.532155  0.606310  0.999672
     20   1     11   3   1    48    11.483    2211.338     6772.7     6765.4    268.358  10.239   2.288   0.254  0.472717  0.532155  0.606310  0.999672
     21   1      8   8   0    12    11.618    2237.102    15551.8    14486.8    833.518  10.360   2.315   0.254  0.478225  0.526027  0.580010  0.999668
     22   1     11   1   1    24    11.853    2282.118     4002.8     2522.0    333.061  10.570   2.362   0.254  0.487848  0.515650  0.537532  0.999661
     23   1      7   7   5    24    11.853    2282.118     4002.8     2522.0    333.061  10.570   2.362   0.254  0.487848  0.515650  0.537532  0.999661
     24   1     10   4   2    48    12.002    2310.469    75058.0    79074.8   1250.127  10.703   2.391   0.254  0.493908  0.509323  0.512857  0.999657
     25   1      8   6   4    48    12.209    2349.967     8916.6     7692.6    426.969  10.888   2.432   0.254  0.502352  0.500763  0.480905  0.999651
     26   1     10   4   0    24    12.209    2349.967     4458.3     3846.3    213.485  10.888   2.432   0.254  0.502352  0.500763  0.480905  0.999651
     27   1      9   5   3    48    12.263    2360.162     9543.5     8039.4    608.042  10.935   2.442   0.254  0.504531  0.498599  0.473086  0.999650
     28   1      6   6   6     8    12.658    2435.448     1885.1     1559.8    130.405  11.288   2.520   0.254  0.520625  0.483186  0.420251  0.999639
     29   1     10   2   2    24    12.658    2435.448     5655.3     4679.5    391.215  11.288   2.520   0.254  0.520625  0.483186  0.420251  0.999639
     30   1      9   5   1    48    12.717    2446.802    11486.6    11673.6    450.703  11.341   2.532   0.254  0.523052  0.480944  0.412974  0.999637
     31   1      7   7   3    24    12.717    2446.802     5743.3     5836.8    225.352  11.341   2.532   0.254  0.523052  0.480944  0.412974  0.999637
     32   1      8   6   2    48    12.901    2481.842   112439.8   120689.5   1135.649  11.506   2.568   0.254  0.530543  0.474154  0.391548  0.999632
     33   1     10   2   0    24    12.901    2481.842    56219.9    60344.7    567.824  11.506   2.568   0.254  0.530543  0.474154  0.391548  0.999632
     34   1      8   6   0    24    13.160    2530.992     7244.1     8092.3    416.083  11.736   2.619   0.254  0.541049  0.464946  0.363929  0.999624
     35   1     10   0   0     6    13.160    2530.992     1811.0     2023.1    104.021  11.736   2.619   0.254  0.541049  0.464946  0.363929  0.999624
     36   1      7   5   5    24    13.227    2543.742     6991.9     7415.4    259.025  11.796   2.632   0.254  0.543775  0.462616  0.357193  0.999623
     37   1      9   3   3    24    13.227    2543.742     6991.9     7415.4    259.025  11.796   2.632   0.254  0.543775  0.462616  0.357193  0.999623
     38   1      7   7   1    24    13.227    2543.742     6991.9     7415.4    259.025  11.796   2.632   0.254  0.543775  0.462616  0.357193  0.999623
     39   1      8   4   4    24    13.434    2583.182    69984.4    71130.3   1377.865  11.981   2.673   0.254  0.552206  0.455553  0.337392  0.999617
     40   1      9   3   1    48    13.802    2653.200    17243.3    14288.7    958.585  12.311   2.746   0.254  0.567174  0.443531  0.305745  0.999606
     41   1      6   6   4    24    14.039    2698.046    88367.2    89353.2   1507.954  12.522   2.792   0.254  0.576761  0.436158  0.287569  0.999600
     42   1      8   4   2    48    14.373    2761.538    24731.5    22976.0    842.565  12.820   2.858   0.254  0.590333  0.426130  0.264282  0.999590
     43   1      7   5   3    48    14.461    2778.125    21603.8    22309.2    619.422  12.899   2.875   0.254  0.593879  0.423586  0.258630  0.999588
     44   1      9   1   1    24    14.461    2778.125    10801.9    11154.6    309.712  12.899   2.875   0.254  0.593879  0.423586  0.258630  0.999588
     45   1      8   4   0    24    14.733    2829.735   113459.2   117395.3   1686.107  13.142   2.928   0.254  0.604912  0.415861  0.242078  0.999580
     46   1      6   6   2    24    15.121    2903.247    16561.9    16117.1    788.501  13.489   3.004   0.253  0.620626  0.405331  0.220957  0.999569
     47   1      5   5   5     8    15.223    2922.538     4594.3     4811.7    141.654  13.580   3.024   0.253  0.624750  0.402655  0.215846  0.999566
     48   1      7   5   1    48    15.223    2922.538    27566.0    28870.2    849.924  13.580   3.024   0.253  0.624750  0.402655  0.215846  0.999566
     49   1      6   6   0    12    15.542    2982.802    74298.4    77190.3    724.334  13.865   3.087   0.253  0.637633  0.394520  0.200920  0.999557
     50   1      8   2   2    24    15.542    2982.802   148596.8   154380.6   1448.667  13.865   3.087   0.253  0.637633  0.394520  0.200920  0.999557
     51   1      6   4   4    24    15.999    3069.278    22667.0    21659.1    597.275  14.274   3.176   0.253  0.656119  0.383405  0.181965  0.999545
     52   1      8   2   0    24    15.999    3069.278    22667.0    21659.1    597.275  14.274   3.176   0.253  0.656119  0.383405  0.181965  0.999545
     53   1      7   3   3    24    16.120    3092.098    17999.2    13984.8    876.373  14.382   3.200   0.253  0.660997  0.380575  0.177396  0.999541
     54   1      8   0   0     6    16.500    3163.740    49888.7    41290.8   1573.220  14.721   3.274   0.253  0.676312  0.371957  0.164094  0.999531
     55   1      5   5   3    24    17.197    3295.070    24188.8    23368.9    531.913  15.345   3.410   0.253  0.704386  0.357132  0.143278  0.999511
     56   1      7   3   1    48    17.197    3295.070    48377.6    46737.8   1063.827  15.345   3.410   0.253  0.704386  0.357132  0.143278  0.999511
     57   1      6   4   2    48    17.661    3382.180   553239.4   584669.6   3261.011  15.759   3.500   0.253  0.723008  0.347934  0.131600  0.999498
     58   1      6   4   0    24    18.341    3509.854    46461.2    48054.1   1226.901  16.368   3.632   0.253  0.750301  0.335278  0.116978  0.999479
     59   1      5   5   1    24    18.524    3544.097    33733.1    30214.1    741.594  16.531   3.667   0.253  0.757621  0.332038  0.113492  0.999474
     60   1      7   1   1    24    18.524    3544.097    33733.1    30214.1    741.594  16.531   3.667   0.253  0.757621  0.332038  0.113492  0.999474

   No.  Code     H   K   L  Mult     Hw     2theta/TOF      Icalc       Iobs      Sigma    HwG     HwL     ETA     d-hkl  TOF_alpha  TOF_beta     CORR

     61   1      4   4   4     8    19.106    3653.172   133194.4   128032.7   2235.801  17.053   3.780   0.252  0.780938  0.322124  0.103439  0.999458
     62   1      6   2   2    24    19.976    3815.614    70983.1    65845.3   1618.311  17.832   3.948   0.252  0.815663  0.308411  0.090983  0.999434
     63   1      5   3   3    24    20.213    3859.726    49443.8    43118.4   1326.737  18.044   3.994   0.252  0.825093  0.304886  0.088039  0.999427
     64   1      6   2   0    24    20.977    4001.849   610581.7   604678.9   3514.999  18.728   4.141   0.252  0.855474  0.294058  0.079611  0.999406
     65   1      4   4   2    24    22.145    4218.320   115916.9   109607.3   1479.912  19.774   4.365   0.252  0.901749  0.278968  0.069321  0.999374
     66   1      6   0   0     6    22.145    4218.320    28979.2    27401.8    369.978  19.774   4.365   0.252  0.901749  0.278968  0.069321  0.999374
     67   1      5   3   1    48    22.469    4278.157   155518.9   148763.5   1933.178  20.064   4.427   0.251  0.914541  0.275066  0.066918  0.999365
     68   1      4   4   0    12    23.532    4474.204   506353.2   508162.6   3421.765  21.017   4.630   0.251  0.956449  0.263013  0.060115  0.999336
     69   1      3   3   3     8    25.697    4870.896    45380.3    42386.8    690.137  22.960   5.040   0.250  1.041250  0.241593  0.050130  0.999277
     70   1      5   1   1    24    25.697    4870.896   136140.9   127160.3   2070.412  22.960   5.040   0.250  1.041250  0.241593  0.050130  0.999277
     71   1      4   2   2    24    27.323    5166.365  1910782.4  1942179.5   5253.890  24.420   5.346   0.250  1.104413  0.227776  0.044951  0.999234
     72   1      4   2   0    24    30.062    5659.469   448172.1   463531.5   3339.410  26.883   5.856   0.249  1.209823  0.207930  0.038994  0.999160
     73   1      3   3   1    24    30.886    5806.493   286448.1   302467.8   2814.605  27.624   6.009   0.249  1.241253  0.202665  0.037674  0.999139
     74   1      4   0   0     6    33.830    6327.479  1140859.9  1147165.5   4930.651  30.276   6.548   0.247  1.352624  0.185979  0.034120  0.999061
     75   1      2   2   2     8    39.481    7306.344   453038.7   447828.8   4505.074  35.379   7.561   0.245  1.561875  0.161062  0.030329  0.998916
     76   1      3   1   1    24    41.394    7631.227   890626.4   878044.6   5332.167  37.110   7.897   0.244  1.631326  0.154205  0.029551  0.998868
     77   1      2   2   0    12    49.359    8948.407  9692823.0  9765725.0  16009.854  44.340   9.260   0.240  1.912899  0.131507  0.027621  0.998673
     78   1      2   0   0     6    73.889   12654.958  3336988.8  3347620.8  22669.105  66.805  13.095   0.228  2.705247  0.092989  0.025997  0.998124
     79   1      1   1   1     8    88.311   14612.688  4159642.8  4028554.5  33916.383  80.140  15.121   0.220  3.123751  0.080531  0.025760  0.997834

     -----------------------------------------------------
     BRAGG R-Factors and weight fractions for Pattern #  1
     -----------------------------------------------------

 => Phase:  1     LaMnO3
 => Bragg R-factor:   1.82       Vol:  158.384( 0.000)  Fract(%):  100.00( 0.31)
 => Rf-factor=  3.31             ATZ:         688.286   Brindley:  1.0000

     -----------------------------------------------------------------
      SYMBOLIC NAMES AND FINAL VALUES AND SIGMA OF REFINED PARAMETERS:
     -----------------------------------------------------------------

      ->  Parameter number    1 :                                     Scale_ph1_pat1     2115.2507    ( +/-     4.5849228     )

 ------------------------------------------------------------------
 => Number of bytes for floating point variables: 4
 => Dimensions of dynamic allocated arrays in this run of FullProf:
 ------------------------------------------------------------------

 => Total approximate array memory (dynamic + static): 132451053 bytes

    MaxPOINT=    80000 Max.num. of points(+int. Inten.)/diffraction pattern       
    MaxREFLT=    25000 Max.num. of reflections/diffraction pattern               
    MaxPARAM=      500 Max.num. of refinable parameters                          
    MaxOVERL=     9000 Max.num. of overlapping reflections                       

 ----------------------------------------------------------
 => Number of bytes for floating point arrays: 4
 => Dimensions of fixed arrays in this release of FullProf:
 ----------------------------------------------------------

    NPATT   =       80 Max.num. of powder diffraction patterns                    
    NATS    =      830 Max.num. of atoms (all kind) in asymmetric unit            
    MPAR    =     1800 Max.num. of non atomic parameters/phase                    
    IEXCL   =       30 Max.num. of excluded regions                               
    IBACP   =      377 Max.num. of background points for interpolation            
    NPHT    =       16 Max.num. of phases                                         
    NMAGM   =        8 Max.num. of rotation-matrices sets for magnetic structure  
    NBASIS  =       12 Max.num. of basis functions associated to a single atom    
    NIREPS  =        9 Max.num. of irreducible representations to be combined     
    N_EQ    =      384 Max.num. of user-supplied symmetry operators/propagation vectors
    NGL     =      400 Max.num. of global parameters/diffraction pattern          
    N_LINC  =       50 Max.num. of global linear restraints                        
    NAT_P   =       80 Max.num. of atomic parameters per atom                     
    NCONST  =     3500 Max.num. of slack constraints per phase                    
    N_SPE   =       30 Max.num. of different chemical species                     
    N_FORM  =       60 Max.num. of scattering factor values in a table            
    NPR     =      150 Max.num. of points defining a numerical profile            
    INPR    =       25 Max.num. of different numerical peak shapes                
    NPRC    =      150 Max.num. of terms in the table for correcting intensities  
    NSOL    =       10 Max.num. of solutions to be stored in Montecarlo searchs   

 
              CPU Time:     0.273 seconds
                            0.005 minutes

 => Run finished at:     Date: 03/10/2026  Time: 19:36:14.995                              
