

        **********************************************************
        ** PROGRAM FullProf.2k (Version 8.40 - Feb2026-ILL JRC) **
        **********************************************************
                       M U L T I -- P A T T E R N                 
            Rietveld, Profile Matching & Integrated Intensity     
                 Refinement of X-ray and/or Neutron Data


    Date: 03/10/2026  Time: 19:36:15.016                              

 => PCR file code: full-fit
 => DAT file code: full-fit             -> Relative contribution: 1.0000                                                            

 ==> CONDITIONS OF THIS RUN FOR PATTERN No.:  1

 => Global Refinement of neutron powder data                                                                                        
 => Neutron Time-Of-Flight data                                                                                                     
 => Abcisa variable is T.O.F. in microsecs
 => Title:  Refinement of instrumental parameters of PEARL (NPROF=9)

 => Number of phases:    1
 => Number of excluded regions:    2
 => Number of scattering factors supplied:    0
 => Conventional weights: w=1.0/Variance(yobs)
 => Asymmetry correction as in J.Appl.Cryst. 26,128(1993)
 => Background refined by polynomial function
 => The    9th default profile function was selected
 => T.O.F Profile Function #1 
    Decay double Exponential convoluted with pseudo-Voigt:
    Omega(DT) = (1-eta)N {Exp(u).Erfc(y)+ Exp(v).Erfc(z)} +  
                2N eta/pi{-Im[Exp(p)E1(p)]-Im[Exp(q)E1(q)]}  

 ==> INPUT/OUTPUT OPTIONS:

 => Generate file *.PRF for plot
 => Output Integrated Intensities
 => Generate new input file *.PCR

 => X-Y type of data: 2theta/TOF/E(Kev) Intens sigma for pattern:  1
 => Plot pattern at each cycle
 => Absorption correction type: 2
 => Base of peaks: 2.0*HW*    8.00

 => Number of cycles:   10
 => Relaxation factors ==>    for coordinates:  1.00
 => for anisotropic temperature factors:  1.00
 => for halfwidth/strain/size/further parameters:  1.00
 => for lattice constants and propagation vectors:  1.00
 => EPS-value for convergence:    0.1

 => Excluded regions for Pattern#  1
    From     to
   1000.1000   2000.0000
  18700.0000  20000.0000

 => Number of Least-Squares parameters varied:    19

 =>--------------------------->
 =>------->  PATTERN number:  1
 =>--------------------------->
 => Global parameters and codes ==>
 => Zero-point:     3.0522  141.0000
 => Background parameters and codes ==>
 => Origin of polynomial at 2theta/TOF/E(KeV): 7000.000  
  2181.0      221.44      376.99     -1931.5      1965.9     -588.86    
       21.00       31.00       41.00       81.00       91.00      121.00
 => D-spacing to T.O.F. coefficient dtt1 and code:   4677.930   151.000
 => D-spacing to T.O.F. coefficient dtt2 and code:      1.762   161.000
 => D-spacing to T.O.F. coefficient dtt_1OverD and code:      0.000     0.000
 => T.O.F. 2theta average detector angle      :     90.000

 => Reading Intensity data  =>>

 => Heading of input data file X,Y,sigma

 ->   X = RALF TOF / 32 (microseconds); Y = FullProf RALF-read Iobs; sigma = RALF sigma * Y / I                                         
 ->   Last point (not read by FullProf): Y = I * 32 / (10 * dt), dt = header dt/t * TOF                                                 
 ->   Converted by tools/fullprof/ralf_to_xydata.py; original bytes: Ceo2_PEARL.ralf                                                    
 -> INTER   1.0   1.0   0  0                                                                                                            
 -> Input X-values multiplied internally by       1.0000
 -> Input Y & Sigma-values multiplied internally by       1.0000
 -> TEMP    0.0                                                                                                                         
 ==> T.O.F. range, and number of points:
    TOFmin:    1500.250000  TOFmax:   19400.187500
    No. of points:   2524
 --------------------------------------------------------------------------------
 => Phase  No. 1
      LaMnO3                                                                
 --------------------------------------------------------------------------------
 =>-------> Pattern#  1
 => Crystal Structure Refinement
 => Preferred orientation vector:   0.0000  0.0000  1.0000

 =>-------> Data for PHASE: 1
 => Number of atoms:    2
 => Number of distance  constraints:    0
 => Number of angle     constraints:    0

 => Symmetry information on space group: F m 3 m             
 -> The multiplicity of the general position is: 192
 -> The space group is Centric (-1 at origin)   
 -> Lattice type  F: { 000;  0  1/2 1/2; 1/2  0  1/2; 1/2 1/2  0 }+
 -> Reduced set of symmetry operators:

  No.  IT   Symmetry symbol    Rotation part     Associated Translation
   1: ( 1)   1            -->     ( x, y, z) + {  0.0000  0.0000  0.0000}
   2: ( 4)   2 ( x, 0, 0) -->     ( x,-y,-z) + {  0.0000  0.0000  0.0000}
   3: ( 3)   2 ( 0, y, 0) -->     (-x, y,-z) + {  0.0000  0.0000  0.0000}
   4: ( 2)   2 ( 0, 0, z) -->     (-x,-y, z) + {  0.0000  0.0000  0.0000}
   5: ( 9)  3- ( x, x, x) -->     ( y, z, x) + {  0.0000  0.0000  0.0000}
   6: (12)  3- (-x, x,-x) -->     (-y,-z, x) + {  0.0000  0.0000  0.0000}
   7: (11)  3- (-x,-x, x) -->     ( y,-z,-x) + {  0.0000  0.0000  0.0000}
   8: (10)  3- ( x,-x,-x) -->     (-y, z,-x) + {  0.0000  0.0000  0.0000}
   9: ( 5)  3+ ( x, x, x) -->     ( z, x, y) + {  0.0000  0.0000  0.0000}
  10: ( 8)  3+ (-x,-x, x) -->     (-z, x,-y) + {  0.0000  0.0000  0.0000}
  11: ( 7)  3+ ( x,-x,-x) -->     (-z,-x, y) + {  0.0000  0.0000  0.0000}
  12: ( 6)  3+ (-x, x,-x) -->     ( z,-x,-y) + {  0.0000  0.0000  0.0000}
  13: (14)   2 ( x,-x, 0) -->     (-y,-x,-z) + {  0.0000  0.0000  0.0000}
  14: (15)  4- ( 0, 0, z) -->     ( y,-x, z) + {  0.0000  0.0000  0.0000}
  15: (16)  4+ ( 0, 0, z) -->     (-y, x, z) + {  0.0000  0.0000  0.0000}
  16: (13)   2 ( x, x, 0) -->     ( y, x,-z) + {  0.0000  0.0000  0.0000}
  17: (24)   2 (-x, 0, x) -->     (-z,-y,-x) + {  0.0000  0.0000  0.0000}
  18: (21)  4+ ( 0, y, 0) -->     ( z, y,-x) + {  0.0000  0.0000  0.0000}
  19: (22)   2 ( x, 0, x) -->     ( z,-y, x) + {  0.0000  0.0000  0.0000}
  20: (23)  4- ( 0, y, 0) -->     (-z, y, x) + {  0.0000  0.0000  0.0000}
  21: (19)   2 ( 0, y,-y) -->     (-x,-z,-y) + {  0.0000  0.0000  0.0000}
  22: (18)   2 ( 0, y, y) -->     (-x, z, y) + {  0.0000  0.0000  0.0000}
  23: (17)  4- ( x, 0, 0) -->     ( x, z,-y) + {  0.0000  0.0000  0.0000}
  24: (20)  4+ ( x, 0, 0) -->     ( x,-z, y) + {  0.0000  0.0000  0.0000}


        Information on Space Group: 
        --------------------------- 

 =>   Number of Space group: 225
 =>  Hermann-Mauguin Symbol: F m 3 m
 =>             Hall Symbol: -F 4 2 3
 =>            Setting Type: IT (Generated from Hermann-Mauguin symbol)
 =>          Crystal System: Cubic
 =>              Laue Class: m-3m
 =>             Point Group: m-3m
 =>         Bravais Lattice: F
 =>          Lattice Symbol: cF
 =>  Reduced Number of S.O.:  24
 =>    General multiplicity: 192
 =>          Centrosymmetry: Centric (-1 at origin)
 =>  Generators (exc. -1&L):   3
 =>         Asymmetric unit:  0.000 <= x <=  0.500
                              0.000 <= y <=  0.250
                              0.000 <= z <=  0.250
 => Centring vectors:  3
 => Latt( 1): (1/2,1/2,0)                          => Latt( 2): (1/2,0,1/2)                         
 => Latt( 3): (0,1/2,1/2)                                                                           

 => List of all Symmetry Operators and Symmetry Symbols

 => SYMM(  1): x,y,z                             Symbol: 1
 => SYMM(  2): x,-y,-z                           Symbol: 2 x,0,0
 => SYMM(  3): -x,y,-z                           Symbol: 2 0,y,0
 => SYMM(  4): -x,-y,z                           Symbol: 2 0,0,z
 => SYMM(  5): y,z,x                             Symbol: 3- x,x,x
 => SYMM(  6): -y,-z,x                           Symbol: 3+ x,-x,x
 => SYMM(  7): y,-z,-x                           Symbol: 3+ x,x,-x
 => SYMM(  8): -y,z,-x                           Symbol: 3- x,-x,-x
 => SYMM(  9): z,x,y                             Symbol: 3+ x,x,x
 => SYMM( 10): -z,x,-y                           Symbol: 3- x,x,-x
 => SYMM( 11): -z,-x,y                           Symbol: 3+ x,-x,-x
 => SYMM( 12): z,-x,-y                           Symbol: 3- x,-x,x
 => SYMM( 13): y,x,z                             Symbol: m x,x,z
 => SYMM( 14): -y,x,-z                           Symbol: -4- 0,0,z; 0,0,0
 => SYMM( 15): y,-x,-z                           Symbol: -4+ 0,0,z; 0,0,0
 => SYMM( 16): -y,-x,z                           Symbol: m x,-x,z
 => SYMM( 17): z,y,x                             Symbol: m x,y,x
 => SYMM( 18): -z,-y,x                           Symbol: -4+ 0,y,0; 0,0,0
 => SYMM( 19): -z,y,-x                           Symbol: m x,y,-x
 => SYMM( 20): z,-y,-x                           Symbol: -4- 0,y,0; 0,0,0
 => SYMM( 21): x,z,y                             Symbol: m x,y,y
 => SYMM( 22): x,-z,-y                           Symbol: m x,y,-y
 => SYMM( 23): -x,-z,y                           Symbol: -4- x,0,0; 0,0,0
 => SYMM( 24): -x,z,-y                           Symbol: -4+ x,0,0; 0,0,0
 => SYMM( 25): -x,-y,-z                          Symbol: -1 0,0,0
 => SYMM( 26): -x,y,z                            Symbol: m 0,y,z
 => SYMM( 27): x,-y,z                            Symbol: m x,0,z
 => SYMM( 28): x,y,-z                            Symbol: m x,y,0
 => SYMM( 29): -y,-z,-x                          Symbol: -3- x,x,x; 0,0,0
 => SYMM( 30): y,z,-x                            Symbol: -3+ x,-x,x; 0,0,0
 => SYMM( 31): -y,z,x                            Symbol: -3+ x,x,-x; 0,0,0
 => SYMM( 32): y,-z,x                            Symbol: -3- x,-x,-x; 0,0,0
 => SYMM( 33): -z,-x,-y                          Symbol: -3+ x,x,x; 0,0,0
 => SYMM( 34): z,-x,y                            Symbol: -3- x,x,-x; 0,0,0
 => SYMM( 35): z,x,-y                            Symbol: -3+ x,-x,-x; 0,0,0
 => SYMM( 36): -z,x,y                            Symbol: -3- x,-x,x; 0,0,0
 => SYMM( 37): -y,-x,-z                          Symbol: 2 x,-x,0
 => SYMM( 38): y,-x,z                            Symbol: 4- 0,0,z
 => SYMM( 39): -y,x,z                            Symbol: 4+ 0,0,z
 => SYMM( 40): y,x,-z                            Symbol: 2 x,x,0
 => SYMM( 41): -z,-y,-x                          Symbol: 2 x,0,-x
 => SYMM( 42): z,y,-x                            Symbol: 4+ 0,y,0
 => SYMM( 43): z,-y,x                            Symbol: 2 x,0,x
 => SYMM( 44): -z,y,x                            Symbol: 4- 0,y,0
 => SYMM( 45): -x,-z,-y                          Symbol: 2 0,y,-y
 => SYMM( 46): -x,z,y                            Symbol: 2 0,y,y
 => SYMM( 47): x,z,-y                            Symbol: 4- x,0,0
 => SYMM( 48): x,-z,y                            Symbol: 4+ x,0,0
 => SYMM( 49): x+1/2,y+1/2,z                     Symbol: t (1/2,1/2,0)
 => SYMM( 50): x+1/2,-y+1/2,-z                   Symbol: 2 (1/2,0,0) x,1/4,0
 => SYMM( 51): -x+1/2,y+1/2,-z                   Symbol: 2 (0,1/2,0) 1/4,y,0
 => SYMM( 52): -x+1/2,-y+1/2,z                   Symbol: 2 1/4,1/4,z
 => SYMM( 53): y+1/2,z+1/2,x                     Symbol: 3- (1/3,1/3,1/3) x,x-1/6,x-1/3
 => SYMM( 54): -y+1/2,-z+1/2,x                   Symbol: 3+ x,-x+1/2,x
 => SYMM( 55): y+1/2,-z+1/2,-x                   Symbol: 3+ (1/3,1/3,-1/3) x,x-1/6,-x+1/3
 => SYMM( 56): -y+1/2,z+1/2,-x                   Symbol: 3- x,-x+1/2,-x
 => SYMM( 57): z+1/2,x+1/2,y                     Symbol: 3+ (1/3,1/3,1/3) x,x+1/6,x-1/6
 => SYMM( 58): -z+1/2,x+1/2,-y                   Symbol: 3- (1/3,1/3,-1/3) x,x+1/6,-x+1/6
 => SYMM( 59): -z+1/2,-x+1/2,y                   Symbol: 3+ x,-x+1/2,-x+1/2
 => SYMM( 60): z+1/2,-x+1/2,-y                   Symbol: 3- x,-x+1/2,x-1/2
 => SYMM( 61): y+1/2,x+1/2,z                     Symbol: n (1/2,1/2,0) x,x,z
 => SYMM( 62): -y+1/2,x+1/2,-z                   Symbol: -4- 0,1/2,z; 0,1/2,0
 => SYMM( 63): y+1/2,-x+1/2,-z                   Symbol: -4+ 1/2,0,z; 1/2,0,0
 => SYMM( 64): -y+1/2,-x+1/2,z                   Symbol: m x,-x+1/2,z
 => SYMM( 65): z+1/2,y+1/2,x                     Symbol: g (1/4,1/2,1/4) x,y,x-1/4
 => SYMM( 66): -z+1/2,-y+1/2,x                   Symbol: -4+ 1/4,y,1/4; 1/4,1/4,1/4
 => SYMM( 67): -z+1/2,y+1/2,-x                   Symbol: g (1/4,1/2,-1/4) x,y,-x+1/4
 => SYMM( 68): z+1/2,-y+1/2,-x                   Symbol: -4- 1/4,y,-1/4; 1/4,1/4,-1/4
 => SYMM( 69): x+1/2,z+1/2,y                     Symbol: g (1/2,1/4,1/4) x,y,y-1/4
 => SYMM( 70): x+1/2,-z+1/2,-y                   Symbol: g (1/2,1/4,-1/4) x,y,-y+1/4
 => SYMM( 71): -x+1/2,-z+1/2,y                   Symbol: -4- x,1/4,1/4; 1/4,1/4,1/4
 => SYMM( 72): -x+1/2,z+1/2,-y                   Symbol: -4+ x,1/4,-1/4; 1/4,1/4,-1/4
 => SYMM( 73): -x+1/2,-y+1/2,-z                  Symbol: -1 1/4,1/4,0
 => SYMM( 74): -x+1/2,y+1/2,z                    Symbol: b 1/4,y,z
 => SYMM( 75): x+1/2,-y+1/2,z                    Symbol: a x,1/4,z
 => SYMM( 76): x+1/2,y+1/2,-z                    Symbol: n (1/2,1/2,0) x,y,0
 => SYMM( 77): -y+1/2,-z+1/2,-x                  Symbol: -3- x,x+1/2,x; 0,1/2,0
 => SYMM( 78): y+1/2,z+1/2,-x                    Symbol: -3+ x,-x+1/2,x-1; 1/2,0,-1/2
 => SYMM( 79): -y+1/2,z+1/2,x                    Symbol: -3+ x,x+1/2,-x; 0,1/2,0
 => SYMM( 80): y+1/2,-z+1/2,x                    Symbol: -3- x,-x+1/2,-x+1; 1/2,0,1/2
 => SYMM( 81): -z+1/2,-x+1/2,-y                  Symbol: -3+ x,x-1/2,x-1/2; 1/2,0,0
 => SYMM( 82): z+1/2,-x+1/2,y                    Symbol: -3- x,x-1/2,-x+1/2; 1/2,0,0
 => SYMM( 83): z+1/2,x+1/2,-y                    Symbol: -3+ x,-x+1/2,-x-1/2; 0,1/2,-1/2
 => SYMM( 84): -z+1/2,x+1/2,y                    Symbol: -3- x,-x+1/2,x+1/2; 0,1/2,1/2
 => SYMM( 85): -y+1/2,-x+1/2,-z                  Symbol: 2 x,-x+1/2,0
 => SYMM( 86): y+1/2,-x+1/2,z                    Symbol: 4- 1/2,0,z
 => SYMM( 87): -y+1/2,x+1/2,z                    Symbol: 4+ 0,1/2,z
 => SYMM( 88): y+1/2,x+1/2,-z                    Symbol: 2 (1/2,1/2,0) x,x,0
 => SYMM( 89): -z+1/2,-y+1/2,-x                  Symbol: 2 (1/4,0,-1/4) x,1/4,-x+1/4
 => SYMM( 90): z+1/2,y+1/2,-x                    Symbol: 4+ (0,1/2,0) 1/4,y,-1/4
 => SYMM( 91): z+1/2,-y+1/2,x                    Symbol: 2 (1/4,0,1/4) x,1/4,x-1/4
 => SYMM( 92): -z+1/2,y+1/2,x                    Symbol: 4- (0,1/2,0) 1/4,y,1/4
 => SYMM( 93): -x+1/2,-z+1/2,-y                  Symbol: 2 (0,1/4,-1/4) 1/4,y,-y+1/4
 => SYMM( 94): -x+1/2,z+1/2,y                    Symbol: 2 (0,1/4,1/4) 1/4,y,y-1/4
 => SYMM( 95): x+1/2,z+1/2,-y                    Symbol: 4- (1/2,0,0) x,1/4,-1/4
 => SYMM( 96): x+1/2,-z+1/2,y                    Symbol: 4+ (1/2,0,0) x,1/4,1/4
 => SYMM( 97): x+1/2,y,z+1/2                     Symbol: t (1/2,0,1/2)
 => SYMM( 98): x+1/2,-y,-z+1/2                   Symbol: 2 (1/2,0,0) x,0,1/4
 => SYMM( 99): -x+1/2,y,-z+1/2                   Symbol: 2 1/4,y,1/4
 => SYMM(100): -x+1/2,-y,z+1/2                   Symbol: 2 (0,0,1/2) 1/4,0,z
 => SYMM(101): y+1/2,z,x+1/2                     Symbol: 3- (1/3,1/3,1/3) x,x-1/6,x+1/6
 => SYMM(102): -y+1/2,-z,x+1/2                   Symbol: 3+ (1/3,-1/3,1/3) x,-x+1/6,x+1/6
 => SYMM(103): y+1/2,-z,-x+1/2                   Symbol: 3+ x,x-1/2,-x+1/2
 => SYMM(104): -y+1/2,z,-x+1/2                   Symbol: 3- x,-x+1/2,-x+1/2
 => SYMM(105): z+1/2,x,y+1/2                     Symbol: 3+ (1/3,1/3,1/3) x,x-1/3,x-1/6
 => SYMM(106): -z+1/2,x,-y+1/2                   Symbol: 3- x,x,-x+1/2
 => SYMM(107): -z+1/2,-x,y+1/2                   Symbol: 3+ x,-x,-x+1/2
 => SYMM(108): z+1/2,-x,-y+1/2                   Symbol: 3- (1/3,-1/3,1/3) x,-x+1/3,x-1/6
 => SYMM(109): y+1/2,x,z+1/2                     Symbol: g (1/4,1/4,1/2) x,x-1/4,z
 => SYMM(110): -y+1/2,x,-z+1/2                   Symbol: -4- 1/4,1/4,z; 1/4,1/4,1/4
 => SYMM(111): y+1/2,-x,-z+1/2                   Symbol: -4+ 1/4,-1/4,z; 1/4,-1/4,1/4
 => SYMM(112): -y+1/2,-x,z+1/2                   Symbol: g (1/4,-1/4,1/2) x,-x+1/4,z
 => SYMM(113): z+1/2,y,x+1/2                     Symbol: n (1/2,0,1/2) x,y,x
 => SYMM(114): -z+1/2,-y,x+1/2                   Symbol: -4+ 0,y,1/2; 0,0,1/2
 => SYMM(115): -z+1/2,y,-x+1/2                   Symbol: m x,y,-x+1/2
 => SYMM(116): z+1/2,-y,-x+1/2                   Symbol: -4- 1/2,y,0; 1/2,0,0
 => SYMM(117): x+1/2,z,y+1/2                     Symbol: g (1/2,1/4,1/4) x,y,y+1/4
 => SYMM(118): x+1/2,-z,-y+1/2                   Symbol: g (1/2,-1/4,1/4) x,y,-y+1/4
 => SYMM(119): -x+1/2,-z,y+1/2                   Symbol: -4- x,-1/4,1/4; 1/4,-1/4,1/4
 => SYMM(120): -x+1/2,z,-y+1/2                   Symbol: -4+ x,1/4,1/4; 1/4,1/4,1/4
 => SYMM(121): -x+1/2,-y,-z+1/2                  Symbol: -1 1/4,0,1/4
 => SYMM(122): -x+1/2,y,z+1/2                    Symbol: c 1/4,y,z
 => SYMM(123): x+1/2,-y,z+1/2                    Symbol: n (1/2,0,1/2) x,0,z
 => SYMM(124): x+1/2,y,-z+1/2                    Symbol: a x,y,1/4
 => SYMM(125): -y+1/2,-z,-x+1/2                  Symbol: -3- x,x-1/2,x-1/2; 1/2,0,0
 => SYMM(126): y+1/2,z,-x+1/2                    Symbol: -3+ x,-x+1/2,x-1/2; 1/2,0,0
 => SYMM(127): -y+1/2,z,x+1/2                    Symbol: -3+ x,x+1/2,-x+1/2; 0,1/2,1/2
 => SYMM(128): y+1/2,-z,x+1/2                    Symbol: -3- x,-x-1/2,-x+1/2; 0,-1/2,1/2
 => SYMM(129): -z+1/2,-x,-y+1/2                  Symbol: -3+ x,x,x+1/2; 0,0,1/2
 => SYMM(130): z+1/2,-x,y+1/2                    Symbol: -3- x,x-1,-x+1/2; 1/2,-1/2,0
 => SYMM(131): z+1/2,x,-y+1/2                    Symbol: -3+ x,-x+1,-x+1/2; 1/2,1/2,0
 => SYMM(132): -z+1/2,x,y+1/2                    Symbol: -3- x,-x,x+1/2; 0,0,1/2
 => SYMM(133): -y+1/2,-x,-z+1/2                  Symbol: 2 (1/4,-1/4,0) x,-x+1/4,1/4
 => SYMM(134): y+1/2,-x,z+1/2                    Symbol: 4- (0,0,1/2) 1/4,-1/4,z
 => SYMM(135): -y+1/2,x,z+1/2                    Symbol: 4+ (0,0,1/2) 1/4,1/4,z
 => SYMM(136): y+1/2,x,-z+1/2                    Symbol: 2 (1/4,1/4,0) x,x-1/4,1/4
 => SYMM(137): -z+1/2,-y,-x+1/2                  Symbol: 2 x,0,-x+1/2
 => SYMM(138): z+1/2,y,-x+1/2                    Symbol: 4+ 1/2,y,0
 => SYMM(139): z+1/2,-y,x+1/2                    Symbol: 2 (1/2,0,1/2) x,0,x
 => SYMM(140): -z+1/2,y,x+1/2                    Symbol: 4- 0,y,1/2
 => SYMM(141): -x+1/2,-z,-y+1/2                  Symbol: 2 (0,-1/4,1/4) 1/4,y,-y+1/4
 => SYMM(142): -x+1/2,z,y+1/2                    Symbol: 2 (0,1/4,1/4) 1/4,y,y+1/4
 => SYMM(143): x+1/2,z,-y+1/2                    Symbol: 4- (1/2,0,0) x,1/4,1/4
 => SYMM(144): x+1/2,-z,y+1/2                    Symbol: 4+ (1/2,0,0) x,-1/4,1/4
 => SYMM(145): x,y+1/2,z+1/2                     Symbol: t (0,1/2,1/2)
 => SYMM(146): x,-y+1/2,-z+1/2                   Symbol: 2 x,1/4,1/4
 => SYMM(147): -x,y+1/2,-z+1/2                   Symbol: 2 (0,1/2,0) 0,y,1/4
 => SYMM(148): -x,-y+1/2,z+1/2                   Symbol: 2 (0,0,1/2) 0,1/4,z
 => SYMM(149): y,z+1/2,x+1/2                     Symbol: 3- (1/3,1/3,1/3) x,x+1/3,x+1/6
 => SYMM(150): -y,-z+1/2,x+1/2                   Symbol: 3+ x,-x,x+1/2
 => SYMM(151): y,-z+1/2,-x+1/2                   Symbol: 3+ x,x,-x+1/2
 => SYMM(152): -y,z+1/2,-x+1/2                   Symbol: 3- (-1/3,1/3,1/3) x,-x+1/3,-x+1/6
 => SYMM(153): z,x+1/2,y+1/2                     Symbol: 3+ (1/3,1/3,1/3) x,x+1/6,x+1/3
 => SYMM(154): -z,x+1/2,-y+1/2                   Symbol: 3- x,x+1/2,-x
 => SYMM(155): -z,-x+1/2,y+1/2                   Symbol: 3+ (-1/3,1/3,1/3) x,-x+1/6,-x+1/3
 => SYMM(156): z,-x+1/2,-y+1/2                   Symbol: 3- x,-x+1/2,x
 => SYMM(157): y,x+1/2,z+1/2                     Symbol: g (1/4,1/4,1/2) x,x+1/4,z
 => SYMM(158): -y,x+1/2,-z+1/2                   Symbol: -4- -1/4,1/4,z; -1/4,1/4,1/4
 => SYMM(159): y,-x+1/2,-z+1/2                   Symbol: -4+ 1/4,1/4,z; 1/4,1/4,1/4
 => SYMM(160): -y,-x+1/2,z+1/2                   Symbol: g (-1/4,1/4,1/2) x,-x+1/4,z
 => SYMM(161): z,y+1/2,x+1/2                     Symbol: g (1/4,1/2,1/4) x,y,x+1/4
 => SYMM(162): -z,-y+1/2,x+1/2                   Symbol: -4+ -1/4,y,1/4; -1/4,1/4,1/4
 => SYMM(163): -z,y+1/2,-x+1/2                   Symbol: g (-1/4,1/2,1/4) x,y,-x+1/4
 => SYMM(164): z,-y+1/2,-x+1/2                   Symbol: -4- 1/4,y,1/4; 1/4,1/4,1/4
 => SYMM(165): x,z+1/2,y+1/2                     Symbol: n (0,1/2,1/2) x,y,y
 => SYMM(166): x,-z+1/2,-y+1/2                   Symbol: m x,y,-y+1/2
 => SYMM(167): -x,-z+1/2,y+1/2                   Symbol: -4- x,0,1/2; 0,0,1/2
 => SYMM(168): -x,z+1/2,-y+1/2                   Symbol: -4+ x,1/2,0; 0,1/2,0
 => SYMM(169): -x,-y+1/2,-z+1/2                  Symbol: -1 0,1/4,1/4
 => SYMM(170): -x,y+1/2,z+1/2                    Symbol: n (0,1/2,1/2) 0,y,z
 => SYMM(171): x,-y+1/2,z+1/2                    Symbol: c x,1/4,z
 => SYMM(172): x,y+1/2,-z+1/2                    Symbol: b x,y,1/4
 => SYMM(173): -y,-z+1/2,-x+1/2                  Symbol: -3- x,x,x+1/2; 0,0,1/2
 => SYMM(174): y,z+1/2,-x+1/2                    Symbol: -3+ x,-x+1,x-1/2; 1/2,1/2,0
 => SYMM(175): -y,z+1/2,x+1/2                    Symbol: -3+ x,x+1,-x-1/2; -1/2,1/2,0
 => SYMM(176): y,-z+1/2,x+1/2                    Symbol: -3- x,-x,-x+1/2; 0,0,1/2
 => SYMM(177): -z,-x+1/2,-y+1/2                  Symbol: -3+ x,x+1/2,x; 0,1/2,0
 => SYMM(178): z,-x+1/2,y+1/2                    Symbol: -3- x,x-1/2,-x+1; 1/2,0,1/2
 => SYMM(179): z,x+1/2,-y+1/2                    Symbol: -3+ x,-x+1/2,-x; 0,1/2,0
 => SYMM(180): -z,x+1/2,y+1/2                    Symbol: -3- x,-x-1/2,x+1; -1/2,0,1/2
 => SYMM(181): -y,-x+1/2,-z+1/2                  Symbol: 2 (-1/4,1/4,0) x,-x+1/4,1/4
 => SYMM(182): y,-x+1/2,z+1/2                    Symbol: 4- (0,0,1/2) 1/4,1/4,z
 => SYMM(183): -y,x+1/2,z+1/2                    Symbol: 4+ (0,0,1/2) -1/4,1/4,z
 => SYMM(184): y,x+1/2,-z+1/2                    Symbol: 2 (1/4,1/4,0) x,x+1/4,1/4
 => SYMM(185): -z,-y+1/2,-x+1/2                  Symbol: 2 (-1/4,0,1/4) x,1/4,-x+1/4
 => SYMM(186): z,y+1/2,-x+1/2                    Symbol: 4+ (0,1/2,0) 1/4,y,1/4
 => SYMM(187): z,-y+1/2,x+1/2                    Symbol: 2 (1/4,0,1/4) x,1/4,x+1/4
 => SYMM(188): -z,y+1/2,x+1/2                    Symbol: 4- (0,1/2,0) -1/4,y,1/4
 => SYMM(189): -x,-z+1/2,-y+1/2                  Symbol: 2 0,y,-y+1/2
 => SYMM(190): -x,z+1/2,y+1/2                    Symbol: 2 (0,1/2,1/2) 0,y,y
 => SYMM(191): x,z+1/2,-y+1/2                    Symbol: 4- x,1/2,0
 => SYMM(192): x,-z+1/2,y+1/2                    Symbol: 4+ x,0,1/2

 => Initial parameters ==>
 Atom    Ntyp                  X         Y         Z         B         occ.         in  fin  Spc  Mult
                             B11       B22       B33       B12       B13       B23
 Ce     CE                 0.00000   0.00000   0.00000   0.30188   0.02083           0    0    0    4
                 Codes:    0.00000   0.00000   0.00000  51.00000   0.00000
 O      O                  0.25000   0.25000   0.25000   0.49613   0.04167           0    0    0    8
                 Codes:    0.00000   0.00000   0.00000  61.00000   0.00000

 => It is assumed that THE FIRST GIVEN SITE plus all the other atoms 
    occupying THE SAME POSITION have a total full occupation (no vacancies!)
  (if this is not the case, change the order of atoms to obtain correct values for the content of the unit cell)
    The given occupation factors have been obtained mutiplying m/M by   0.0208
      -> Atom: CE  ,  Chemical element: CE  Atomic Mass:   140.1200
      -> Atom: O   ,  Chemical element: O   Atomic Mass:    15.9994
 => The given value of ATZ is     396561.69 the program has calculated:         688.29
    The value of ATZ given in the input PCR file will be used for quantitative analysis
 => The chemical content of the unit cell is: 
       4.0000 CE   +   8.0019 O      
 => The normalized site occupation numbers in % are: 
     100.0000 Ce     :      100.0240 O        
 => The density (volumic mass) of the compound is:    7.219 g/cm3

 =>-------> PROFILE PARAMETERS FOR PATTERN:  1

 => Overall scale factor:    2115.40    
 => T.O.F. Extinction parameter:   0.0000
 => Overall temperature factor:      0.00000
 => T.O.F. Gaussian variances Sig-2, Sig-1, Sig-0, Sig-Q:      3.57570    83.80400     0.00000     0.00000
 => T.O.F. Isotropic Gaussian strain parameter (G-strain):       0.0000
 => T.O.F. Iso-Gaussian and Aniso-Lor (platelets/needles) Size parameters (G-Size,Ani-LorSiz)  :      0.00000     0.00000
 => T.O.F. Lorentzian FWHM Gam-2, Gam-1, Gam-0:      0.00000     4.84130     0.00000
 => T.O.F. Isotropic Lorentzian strain and size parameters (LStr,LSiz):      0.00000     0.00000
 => Direct cell parameters:    5.4105   5.4105   5.4105  90.0000  90.0000  90.0000
 => Preferred orientation parameters:   0.0000  0.0000
 => T.O.F. Peak shape parameter alpha0,beta0,alpha1,beta1/kappa,alpha-q,beta-Q:      0.00000     0.02545     0.25155     0.02900     0.00000     0.00000
 => Model-dependent Strain parameters s2,s1,s0:      0.00000     0.00000     0.00000


 ==> CODEWORDS FOR PROFILE PARAMETERS of PATTERN#  1

 => Codeword -Overall scale factor:   11.0000    
 => Codeword  - T.O.F. Extinction parameter:   0.0000
 => Codeword  - Overall temperature factor:      0.00000
 => Codewords - T.O.F. Gaussian variances Sig-2, Sig-1, Sig-0, Sig-Q:    191.00000   101.00000     0.00000     0.00000
 => Codewords - T.O.F. Isotropic Gaussian strain parameter (G-strain):       0.0000
 => Codewords - T.O.F. Iso-Gaussian and Aniso-Lor (platelets/needles) Size parameters (G-Size,Ani-LorSize)  :      0.00000     0.00000
 => Codewords - T.O.F. Lorentzian FWHM Gam-2, Gam-1, Gam-0:      0.00000   111.00000     0.00000
 => Codewords - T.O.F. Isotropic Lorentzian strain and size parameters (LStr,LSiz):      0.00000     0.00000
 => Codewords - Direct cell parameters:    0.0000   0.0000   0.0000   0.0000   0.0000   0.0000
 => Codewords - Preferred orientation parameters:   0.0000  0.0000
 => Codewords - T.O.F. Peak shape parameter alpha0,beta0,alpha1,beta1/kappa,alpha-q,beta-Q:      0.00000   171.00000   131.00000   181.00000     0.00000     0.00000
=> Codewords - Model-dependent Strain parameters s2,s1,s0:      0.00000     0.00000     0.00000


 => Cell constraints according to Laue symmetry: m-3m 

        Metric information:
        -------------------

 => Direct cell parameters:

         a =       5.4105      b =       5.4105      c =       5.4105
     alpha =       90.000   beta =       90.000  gamma =       90.000
                        Direct Cell Volume =     158.3839

 => Reciprocal cell parameters:

         a*=     0.184826      b*=     0.184826      c*=     0.184826
     alpha*=       90.000   beta*=       90.000  gamma*=       90.000
                    Reciprocal Cell Volume =   0.00631377

 => Direct and Reciprocal Metric Tensors:

                   GD                                       GR
     29.2735      0.0000      0.0000          0.034161    0.000000    0.000000
      0.0000     29.2735      0.0000          0.000000    0.034161    0.000000
      0.0000      0.0000     29.2735          0.000000    0.000000    0.034161

 =>  Cartesian frame: x // a; z is along c*; y is within the ab-plane   

     Crystal_to_Orthonormal_Matrix              Orthonormal_to_Crystal Matrix
              Cr_Orth_cel                               Orth_Cr_cel  
      5.4105      0.0000      0.0000          0.184826   -0.000000   -0.000000
      0.0000      5.4105      0.0000          0.000000    0.184826   -0.000000
      0.0000      0.0000      5.4105          0.000000    0.000000    0.184826

     Busing-Levy B-matrix: Hc=B.H            Inverse of the Busing-Levy B-matrix
                BL_M                                      BL_Minv  
    0.184826    0.000000    0.000000            5.4105     -0.0000     -0.0000
    0.000000    0.184826   -0.000000            0.0000      5.4105      0.0000
    0.000000    0.000000    0.184826            0.0000      0.0000      5.4105

 => Laue symmetry m-3m  will be used to generate HKL for pattern#   1
 => Reflections generated between S(1/d)min:  0.2411 A-1 and S(1/d)max:  2.6487 A-1
 =>                                    dmax:  4.1472 A   and      dmin:  0.3775 A
 => The number of reflections generated is:    110
 => The max. scatt. variable (gen.ref.) is:     19400.1875
 => Scattering coefficients from internal table

 => Scattering lengths:

 CE     0.4840
 O      0.5803

     --------------------------------------------------------------
      SYMBOLIC NAMES AND INITIAL VALUES OF PARAMETERS TO BE VARIED:
     --------------------------------------------------------------

      ->  Parameter number    1   -> Symbolic Name:                                     Scale_ph1_pat1     2115.4009    
      ->  Parameter number    2   -> Symbolic Name:                                         Bck_0_pat1     2181.0259    
      ->  Parameter number    3   -> Symbolic Name:                                         Bck_1_pat1     221.44000    
      ->  Parameter number    4   -> Symbolic Name:                                         Bck_2_pat1     376.99301    
      ->  Parameter number    5   -> Symbolic Name:                                        Biso_Ce_ph1    0.30188000    
      ->  Parameter number    6   -> Symbolic Name:                                         Biso_O_ph1    0.49612999    
      ->  Parameter number    7   -> Symbolic Name:                                  TOF_Abs1_ph1_pat1    0.28000001E-03
      ->  Parameter number    8   -> Symbolic Name:                                         Bck_3_pat1    -1931.5260    
      ->  Parameter number    9   -> Symbolic Name:                                         Bck_4_pat1     1965.9370    
      ->  Parameter number   10   -> Symbolic Name:                                     Sig-1_ph1_pat1     83.804001    
      ->  Parameter number   11   -> Symbolic Name:                                     Gam-1_ph1_pat1     4.8413000    
      ->  Parameter number   12   -> Symbolic Name:                                         Bck_5_pat1    -588.85999    
      ->  Parameter number   13   -> Symbolic Name:                                    Alpha1_ph1_pat1    0.25154501    
      ->  Parameter number   14   -> Symbolic Name:                                          Zero_pat1     3.0521801    
      ->  Parameter number   15   -> Symbolic Name:                                          Dtt1_pat1     4677.9297    
      ->  Parameter number   16   -> Symbolic Name:                                          Dtt2_pat1     1.7623800    
      ->  Parameter number   17   -> Symbolic Name:                                     Beta0_ph1_pat1    0.25455000E-01
      ->  Parameter number   18   -> Symbolic Name:                                     Beta1_ph1_pat1    0.29004000E-01
      ->  Parameter number   19   -> Symbolic Name:                                     Sig-2_ph1_pat1     3.5757000    
  
 
 => No optimization for routine tasks
 ++++++++++++++++++++++++++++++++++++++++++++++++++++++++++++++++++++++++++++++++++++++++++++++++++++++++++++++++++++++++++++++++++++

 => CYCLE No.:    1
 ------------------------------------------------------------------------------------------------------------------------------------
 => Phase  1 Name: LaMnO3
 ------------------------------------------------------------------------------------------------------------------------------------
 => New parameters, shifts, and standard deviations

 Atom        x       dx      sx       y       dy      sy       z       dz      sz       B       dB      sB      occ.    docc.   socc.

 Ce       0.00000 0.00000 0.00000  0.00000 0.00000 0.00000  0.00000 0.00000 0.00000  0.30159-0.00029 0.01357  0.02083 0.00000 0.00000
 O        0.25000 0.00000 0.00000  0.25000 0.00000 0.00000  0.25000 0.00000 0.00000  0.49641 0.00028 0.01121  0.04167 0.00000 0.00000

 ==> PROFILE PARAMETERS FOR PATTERN#  1

 => Overall scale factor       :   2115.273681641    -0.127098590    27.342756271
 => T.O.F. Extinction parameter:     0.000000    0.000000    0.000000
 => Overall temperature  factor:     0.000000    0.000000    0.000000
 => T.O.F. Gaussian variances Sig-2, Sig-1, Sig-0: 
         3.575131   -0.000569    0.639118
        83.808792    0.004790    3.710529
         0.000000    0.000000    0.000000

 => T.O.F. Gaussian variance Sig-Q:     0.000000    0.000000    0.000000
 => T.O.F. Isotropic Gaussian strain parameter (G-strain)::      0.00000     0.00000     0.00000
 => T.O.F. Isotropic Gaussian  Size  parameter (G-size)  ::      0.00000     0.00000     0.00000
 => T.O.F. Anisotropic Lorentzian  Size  parameter (Ani-LorSize)  ::      0.00000     0.00000     0.00000
 => T.O.F. Lorentzian FWHM Gam-2, Gam-1, Gam-0: 
         0.000000    0.000000    0.000000
         4.840722   -0.000578    0.249172
         0.000000    0.000000    0.000000

 => T.O.F. Isotropic Lorentzian strain and size parameters (LStr,LSiz): 
         0.000000    0.000000    0.000000
         0.000000    0.000000    0.000000

 => Model-dependent Strain parameters s2,s1,s0: 
         0.000000    0.000000    0.000000
         0.000000    0.000000    0.000000
         0.000000    0.000000    0.000000

 => Direct cell parameters: 
        5.410495    0.000000    0.000000
        5.410495    0.000000    0.000000
        5.410495    0.000000    0.000000
       90.000000    0.000000    0.000000
       90.000000    0.000000    0.000000
       90.000000    0.000000    0.000000

 => Preferred orientation parameters: 
         0.000000    0.000000    0.000000
         0.000000    0.000000    0.000000

 => T.O.F. Peak shape parameter a0,b0,a1,b1/kappa: 
        0.000000    0.000000    0.000000
        0.025455   -0.000000    0.000247
        0.251559    0.000014    0.031921
        0.029005    0.000001    0.000649

 => Absorption parameters: 
       0.000288  0.000008  0.002678
       0.000000  0.000000  0.000000

 ==> GLOBAL PARAMETERS FOR PATTERN#  1


 => Zero-point:     3.0518   -0.0004    0.2350
 => Background Polynomial Parameters ==>
       2181.0    -0.11090E-02  7.7198    
       221.42    -0.24603E-01  24.988    
       376.64    -0.35368      71.851    
      -1931.7    -0.16392      62.628    
       1965.9    -0.16269E-02  129.94    
      -588.87    -0.14905E-01  67.869    

 => T.O.F.- dtt1       (    TOFo=dtt1*dsp     ):   4677.93      0.00      0.60
 => T.O.F.- dtt2       (TOF=TOFo+dtt2*dsp*dsp ):      1.76     -0.00      0.17
 => T.O.F.- dtt_1OverD (TOF=TOF+dtt_1overD/dsp):      0.00      0.00      0.00

 ==> RELIABILITY FACTORS WITH ALL NON-EXCLUDED POINTS FOR PATTERN:  1

 => R-Factors:   4.43      5.29     Chi2:  3.88     DW-Stat.:  0.5239   Patt#:  1
 => Expected :            2.69                                1.8856
 => Deviance : 0.322E+05     Dev*:   14.54    
 => GoF-index:  2.0         Sqrt(Residual/N)
 => N-P+C:  2217

 =>    SumYdif       SumYobs      SumYcal      SumwYobsSQ     Residual    Condition
     0.4038E+06    0.9118E+07    0.9098E+07    0.3069E+07     8594.        0.3751E+13


 => Conventional Rietveld Rp,Rwp,Re and Chi2:   11.1      9.24      4.69      3.876    
 => (Values obtained using Ynet, but true sigma(y))
 =>  SumYnet, Sum(w Ynet**2):     0.3653E+07    0.1006E+07


 ==> RELIABILITY FACTORS FOR POINTS WITH BRAGG CONTRIBUTIONS FOR PATTERN:  1

 => R-Factors:   4.32      5.28     Chi2:  4.74     DW-Stat.:  0.5823   Patt#:
 => Expected :            2.43                                1.8700
 => Deviance : 0.260E+05     Dev*:   15.92    
 => GoF-index:  2.2         Sqrt(Residual/N)
 => N-P+C:  1632

 =>    SumYdif       SumYobs      SumYcal      SumwYobsSQ     Residual    Condition
     0.3363E+06    0.7791E+07    0.7780E+07    0.2770E+07     7733.        0.3751E+13


 => Conventional Rietveld Rp,Rwp,Re and Chi2:   9.23      8.77      4.03      4.738    
 => (Values obtained using Ynet, but true sigma(y))
 =>  SumYnet, Sum(w Ynet**2):     0.3645E+07    0.1005E+07


 => Global user-weigthed Chi2 (Bragg contrib.):   4.74    

 => ---------> Pattern#  1
 => Phase:  1
 =>    Bragg R-factor:  1.82    
 =>    RF-factor     :  3.31    


   Standard deviations have to be multiplied by: 2.6161
   (correlated residuals) See references:
  -J.F.Berar & P.Lelann, J. Appl. Cryst. 24, 1-5 (1991) 
  -J.F.Berar, Acc. in Pow. Diff. II,NIST Sp.Pub. 846, 63(1992) 

 ++++++++++++++++++++++++++++++++++++++++++++++++++++++++++++++++++++++++++++++++++++++++++++++++++++++++++++++++++++++++++++++++++++

 => CYCLE No.:    1
 =>  Convergence reached at this CYCLE !!!!
 =>  Parameter shifts set to zero
 ------------------------------------------------------------------------------------------------------------------------------------
 => Phase  1 Name: LaMnO3
 ------------------------------------------------------------------------------------------------------------------------------------
 => New parameters, shifts, and standard deviations

 Atom        x       dx      sx       y       dy      sy       z       dz      sz       B       dB      sB      occ.    docc.   socc.

 Ce       0.00000 0.00000 0.00000  0.00000 0.00000 0.00000  0.00000 0.00000 0.00000  0.30159 0.00000 0.01357  0.02083 0.00000 0.00000
 O        0.25000 0.00000 0.00000  0.25000 0.00000 0.00000  0.25000 0.00000 0.00000  0.49641 0.00000 0.01121  0.04167 0.00000 0.00000

 ==> PROFILE PARAMETERS FOR PATTERN#  1

 => Overall scale factor       :   2115.273681641     0.000000000    27.342756271
 => T.O.F. Extinction parameter:     0.000000    0.000000    0.000000
 => Overall temperature  factor:     0.000000    0.000000    0.000000
 => T.O.F. Gaussian variances Sig-2, Sig-1, Sig-0: 
         3.575131    0.000000    0.639118
        83.808792    0.000000    3.710529
         0.000000    0.000000    0.000000

 => T.O.F. Gaussian variance Sig-Q:     0.000000    0.000000    0.000000
 => T.O.F. Isotropic Gaussian strain parameter (G-strain)::      0.00000     0.00000     0.00000
 => T.O.F. Isotropic Gaussian  Size  parameter (G-size)  ::      0.00000     0.00000     0.00000
 => T.O.F. Anisotropic Lorentzian  Size  parameter (Ani-LorSize)  ::      0.00000     0.00000     0.00000
 => T.O.F. Lorentzian FWHM Gam-2, Gam-1, Gam-0: 
         0.000000    0.000000    0.000000
         4.840722    0.000000    0.249172
         0.000000    0.000000    0.000000

 => T.O.F. Isotropic Lorentzian strain and size parameters (LStr,LSiz): 
         0.000000    0.000000    0.000000
         0.000000    0.000000    0.000000

 => Model-dependent Strain parameters s2,s1,s0: 
         0.000000    0.000000    0.000000
         0.000000    0.000000    0.000000
         0.000000    0.000000    0.000000

 => Direct cell parameters: 
        5.410495    0.000000    0.000000
        5.410495    0.000000    0.000000
        5.410495    0.000000    0.000000
       90.000000    0.000000    0.000000
       90.000000    0.000000    0.000000
       90.000000    0.000000    0.000000

 => Preferred orientation parameters: 
         0.000000    0.000000    0.000000
         0.000000    0.000000    0.000000

 => T.O.F. Peak shape parameter a0,b0,a1,b1/kappa: 
        0.000000    0.000000    0.000000
        0.025455    0.000000    0.000247
        0.251559    0.000000    0.031921
        0.029005    0.000000    0.000649

 => Absorption parameters: 
       0.000288  0.000000  0.002678
       0.000000  0.000000  0.000000

 ==> GLOBAL PARAMETERS FOR PATTERN#  1


 => Zero-point:     3.0518    0.0000    0.2350
 => Background Polynomial Parameters ==>
       2181.0      0.0000      7.7198    
       221.42      0.0000      24.988    
       376.64      0.0000      71.851    
      -1931.7      0.0000      62.628    
       1965.9      0.0000      129.94    
      -588.87      0.0000      67.869    

 => T.O.F.- dtt1       (    TOFo=dtt1*dsp     ):   4677.93      0.00      0.60
 => T.O.F.- dtt2       (TOF=TOFo+dtt2*dsp*dsp ):      1.76      0.00      0.17
 => T.O.F.- dtt_1OverD (TOF=TOF+dtt_1overD/dsp):      0.00      0.00      0.00

 ==> RELIABILITY FACTORS WITH ALL NON-EXCLUDED POINTS FOR PATTERN:  1

 => R-Factors:   4.43      5.29     Chi2:  3.88     DW-Stat.:  0.5239   Patt#:  1
 => Expected :            2.69                                1.8856
 => Deviance : 0.322E+05     Dev*:   14.54    
 => GoF-index:  2.0         Sqrt(Residual/N)
 => N-P+C:  2217

 =>    SumYdif       SumYobs      SumYcal      SumwYobsSQ     Residual    Condition
     0.4038E+06    0.9118E+07    0.9098E+07    0.3069E+07     8594.        0.3751E+13


 => Conventional Rietveld Rp,Rwp,Re and Chi2:   11.1      9.24      4.69      3.876    
 => (Values obtained using Ynet, but true sigma(y))
 =>  SumYnet, Sum(w Ynet**2):     0.3653E+07    0.1006E+07

 => N-sigma of the GoF:       95.768

 ==> RELIABILITY FACTORS FOR POINTS WITH BRAGG CONTRIBUTIONS FOR PATTERN:  1

 => R-Factors:   4.32      5.28     Chi2:  4.74     DW-Stat.:  0.5823   Patt#:
 => Expected :            2.43                                1.8700
 => Deviance : 0.260E+05     Dev*:   15.92    
 => GoF-index:  2.2         Sqrt(Residual/N)
 => N-P+C:  1632

 =>    SumYdif       SumYobs      SumYcal      SumwYobsSQ     Residual    Condition
     0.3363E+06    0.7791E+07    0.7780E+07    0.2770E+07     7733.        0.3751E+13


 => Conventional Rietveld Rp,Rwp,Re and Chi2:   9.23      8.77      4.03      4.738    
 => (Values obtained using Ynet, but true sigma(y))
 =>  SumYnet, Sum(w Ynet**2):     0.3645E+07    0.1005E+07

 => N-sigma of the GoF:      106.780

 => Global user-weigthed Chi2 (Bragg contrib.):   5.27    

 => ---------> Pattern#  1
 => Phase:  1
 =>    Bragg R-factor:  1.82    
 =>    RF-factor     :  3.31    

 --------------------------------------------------------------------------------------------------------------------------------------------------------
 Pattern#  1 Phase No.:   1 Phase name: LaMnO3
 --------------------------------------------------------------------------------------------------------------------------------------------------------

   No.  Code     H   K   L  Mult     Hw     2theta/TOF      Icalc       Iobs      Sigma    HwG     HwL     ETA     d-hkl  TOF_alpha  TOF_beta     CORR

      1   1     12   4   0    24    10.382    2000.924    12532.6    13520.2    538.638   9.257   2.071   0.254  0.427737  0.588083  0.891918  0.999713
      2   1      9   7   5    48    10.549    2032.942     4243.1     4763.5    296.094   9.406   2.104   0.254  0.434581  0.578821  0.838610  0.999709
      3   1     11   5   3    48    10.549    2032.942     4243.1     4763.5    296.094   9.406   2.104   0.254  0.434581  0.578821  0.838610  0.999709
      4   1     10   6   4    48    10.654    2052.905    36910.4    41828.3    686.206   9.499   2.125   0.254  0.438849  0.573192  0.807438  0.999706
      5   1     12   2   2    24    10.654    2052.905    18455.2    20914.4    343.107   9.499   2.125   0.254  0.438849  0.573192  0.807437  0.999706
      6   1     12   2   0    24    10.798    2080.462     1865.1     2407.0    231.052   9.628   2.153   0.254  0.444740  0.565600  0.766822  0.999702
      7   1      7   7   7     8    10.835    2087.527      825.0     1022.3     68.757   9.661   2.160   0.254  0.446250  0.563686  0.756837  0.999701
      8   1     11   5   1    48    10.835    2087.527     4950.0     6133.5    412.540   9.661   2.160   0.254  0.446250  0.563686  0.756837  0.999701
      9   1      8   8   4    24    10.948    2109.160    21856.6    22374.6    702.374   9.762   2.183   0.254  0.450875  0.557905  0.727290  0.999698
     10   1     12   0   0     6    10.948    2109.160     5464.2     5593.6    175.594   9.762   2.183   0.254  0.450875  0.557905  0.727290  0.999698
     11   1     10   6   2    48    11.104    2139.078     4596.7     3171.6    371.263   9.901   2.214   0.254  0.457270  0.550101  0.688841  0.999694
     12   1      9   7   3    48    11.144    2146.759     5769.2     5081.2    321.355   9.937   2.222   0.254  0.458912  0.548133  0.679397  0.999692
     13   1     11   3   3    24    11.144    2146.759     2884.6     2540.6    160.678   9.937   2.222   0.254  0.458912  0.548133  0.679397  0.999692
     14   1      8   6   6    24    11.268    2170.307    25983.0    26867.6    516.700  10.047   2.246   0.254  0.463946  0.542186  0.651474  0.999689
     15   1     10   6   0    24    11.268    2170.307    25983.0    26867.6    516.700  10.047   2.246   0.254  0.463946  0.542186  0.651474  0.999689
     16   1      8   8   2    24    11.439    2202.945     2848.3     2613.5    182.346  10.200   2.280   0.254  0.470923  0.534153  0.615191  0.999684
     17   1     10   4   4    24    11.439    2202.945     2848.3     2613.5    182.346  10.200   2.280   0.254  0.470923  0.534153  0.615191  0.999684
     18   1     11   3   1    48    11.483    2211.337     6768.4     6760.9    268.225  10.239   2.289   0.254  0.472717  0.532126  0.606290  0.999683
     19   1      9   5   5    24    11.483    2211.338     3384.2     3380.5    134.115  10.239   2.289   0.254  0.472717  0.532126  0.606290  0.999683
     20   1      9   7   1    48    11.483    2211.338     6768.4     6761.0    268.229  10.239   2.289   0.254  0.472717  0.532126  0.606290  0.999683
     21   1      8   8   0    12    11.617    2237.102    15555.1    14483.3    833.483  10.359   2.315   0.254  0.478225  0.525998  0.579991  0.999679
     22   1     11   1   1    24    11.853    2282.118     4000.4     2520.2    332.990  10.570   2.362   0.254  0.487848  0.515622  0.537514  0.999673
     23   1      7   7   5    24    11.853    2282.118     4000.4     2520.2    332.989  10.570   2.362   0.254  0.487848  0.515622  0.537514  0.999673
     24   1     10   4   2    48    12.002    2310.468    75073.1    79064.3   1250.043  10.702   2.391   0.254  0.493908  0.509295  0.512840  0.999669
     25   1      8   6   4    48    12.209    2349.967     8932.1     7696.0    427.197  10.887   2.432   0.254  0.502352  0.500735  0.480889  0.999663
     26   1     10   4   0    24    12.209    2349.967     4466.0     3848.0    213.598  10.887   2.432   0.254  0.502352  0.500735  0.480889  0.999663
     27   1      9   5   3    48    12.262    2360.162     9538.2     8030.1    607.634  10.935   2.443   0.254  0.504531  0.498572  0.473071  0.999662
     28   1      6   6   6     8    12.657    2435.448     1888.1     1560.8    130.493  11.288   2.521   0.254  0.520625  0.483160  0.420237  0.999651
     29   1     10   2   2    24    12.657    2435.448     5664.3     4682.5    391.479  11.288   2.521   0.254  0.520625  0.483160  0.420237  0.999651
     30   1      9   5   1    48    12.717    2446.802    11480.8    11666.6    450.499  11.341   2.532   0.254  0.523052  0.480918  0.412960  0.999649
     31   1      7   7   3    24    12.717    2446.802     5740.4     5833.3    225.250  11.341   2.532   0.254  0.523052  0.480918  0.412960  0.999649
     32   1      8   6   2    48    12.901    2481.841   112460.6   120678.5   1135.571  11.505   2.569   0.254  0.530543  0.474128  0.391536  0.999644
     33   1     10   2   0    24    12.901    2481.841    56230.3    60339.2    567.786  11.505   2.569   0.254  0.530543  0.474128  0.391536  0.999644
     34   1      8   6   0    24    13.159    2530.991     7254.5     8097.8    416.320  11.736   2.619   0.254  0.541049  0.464920  0.363917  0.999637
     35   1     10   0   0     6    13.159    2530.991     1813.6     2024.4    104.080  11.736   2.619   0.254  0.541049  0.464920  0.363917  0.999637
     36   1      7   5   5    24    13.226    2543.742     6988.6     7411.4    258.931  11.796   2.633   0.254  0.543775  0.462590  0.357182  0.999636
     37   1      9   3   3    24    13.226    2543.742     6988.6     7411.4    258.931  11.796   2.633   0.254  0.543775  0.462590  0.357182  0.999636
     38   1      7   7   1    24    13.226    2543.742     6988.6     7411.4    258.931  11.796   2.633   0.254  0.543775  0.462590  0.357182  0.999636
     39   1      8   4   4    24    13.434    2583.182    69996.7    71121.9   1377.808  11.981   2.673   0.254  0.552206  0.455527  0.337382  0.999630
     40   1      9   3   1    48    13.802    2653.200    17235.9    14283.8    958.451  12.310   2.746   0.254  0.567174  0.443506  0.305735  0.999620
     41   1      6   6   4    24    14.038    2698.046    88381.8    89342.9   1507.869  12.521   2.792   0.254  0.576761  0.436134  0.287560  0.999613
     42   1      8   4   2    48    14.373    2761.538    24760.6    22983.4    842.805  12.820   2.858   0.254  0.590333  0.426107  0.264274  0.999604
     43   1      7   5   3    48    14.460    2778.124    21595.4    22299.0    619.227  12.898   2.875   0.254  0.593879  0.423563  0.258621  0.999602
     44   1      9   1   1    24    14.460    2778.124    10797.7    11149.5    309.614  12.898   2.875   0.254  0.593879  0.423563  0.258621  0.999602
     45   1      8   4   0    24    14.733    2829.734   113476.9   117383.9   1686.014  13.142   2.929   0.254  0.604912  0.415838  0.242071  0.999595
     46   1      6   6   2    24    15.121    2903.246    16579.3    16121.5    788.703  13.488   3.005   0.253  0.620626  0.405308  0.220951  0.999584
     47   1      5   5   5     8    15.223    2922.537     4592.7     4809.9    141.617  13.579   3.025   0.253  0.624750  0.402633  0.215840  0.999581
     48   1      7   5   1    48    15.223    2922.537    27556.4    28859.7    849.704  13.579   3.025   0.253  0.624750  0.402633  0.215840  0.999581
     49   1      6   6   0    12    15.541    2982.802    74309.2    77184.1    724.287  13.864   3.087   0.253  0.637633  0.394498  0.200914  0.999573
     50   1      8   2   2    24    15.541    2982.802   148618.5   154368.2   1448.575  13.864   3.087   0.253  0.637633  0.394498  0.200914  0.999573
     51   1      6   4   4    24    15.999    3069.278    22688.1    21659.7    597.348  14.273   3.176   0.253  0.656119  0.383383  0.181960  0.999560
     52   1      8   2   0    24    15.999    3069.278    22688.1    21659.7    597.348  14.273   3.176   0.253  0.656119  0.383383  0.181960  0.999560
     53   1      7   3   3    24    16.120    3092.098    17993.7    13975.8    876.052  14.381   3.200   0.253  0.660997  0.380554  0.177391  0.999557
     54   1      8   0   0     6    16.500    3163.739    49895.5    41282.9   1573.139  14.721   3.274   0.253  0.676312  0.371936  0.164089  0.999547
     55   1      5   5   3    24    17.197    3295.070    24182.3    23365.5    531.861  15.344   3.410   0.253  0.704386  0.357112  0.143274  0.999528
     56   1      7   3   1    48    17.197    3295.070    48364.7    46731.1   1063.724  15.344   3.410   0.253  0.704386  0.357112  0.143274  0.999528
     57   1      6   4   2    48    17.660    3382.180   553307.9   584635.6   3260.863  15.759   3.500   0.253  0.723008  0.347915  0.131597  0.999515
     58   1      6   4   0    24    18.341    3509.854    46493.6    48056.9   1227.001  16.367   3.632   0.253  0.750301  0.335259  0.116975  0.999497
     59   1      5   5   1    24    18.523    3544.097    33725.5    30207.0    741.475  16.531   3.668   0.253  0.757621  0.332020  0.113489  0.999492
     60   1      7   1   1    24    18.523    3544.097    33725.5    30207.0    741.474  16.531   3.668   0.253  0.757621  0.332020  0.113489  0.999492

   No.  Code     H   K   L  Mult     Hw     2theta/TOF      Icalc       Iobs      Sigma    HwG     HwL     ETA     d-hkl  TOF_alpha  TOF_beta     CORR

     61   1      4   4   4     8    19.106    3653.172   133209.3   128019.5   2235.671  17.052   3.781   0.252  0.780938  0.322106  0.103437  0.999477
     62   1      6   2   2    24    19.976    3815.613    71024.9    65843.6   1618.395  17.831   3.949   0.252  0.815663  0.308393  0.090981  0.999453
     63   1      5   3   3    24    20.213    3859.726    49434.7    43107.3   1326.502  18.043   3.995   0.252  0.825093  0.304869  0.088037  0.999447
     64   1      6   2   0    24    20.977    4001.849   610643.8   604642.5   3514.820  18.727   4.142   0.252  0.855474  0.294042  0.079609  0.999427
     65   1      4   4   2    24    22.145    4218.319   115972.7   109607.0   1479.946  19.773   4.366   0.252  0.901749  0.278952  0.069320  0.999396
     66   1      6   0   0     6    22.145    4218.319    28993.2    27401.8    369.987  19.773   4.366   0.252  0.901749  0.278952  0.069320  0.999396
     67   1      5   3   1    48    22.468    4278.156   155496.9   148742.7   1932.934  20.064   4.428   0.252  0.914541  0.275051  0.066917  0.999387
     68   1      4   4   0    12    23.532    4474.203   506398.9   508130.7   3421.598  21.017   4.630   0.251  0.956449  0.262999  0.060114  0.999359
     69   1      3   3   3     8    25.697    4870.896    45375.8    42382.9    690.100  22.960   5.041   0.250  1.041250  0.241580  0.050129  0.999302
     70   1      5   1   1    24    25.697    4870.896   136127.3   127148.8   2070.299  22.960   5.041   0.250  1.041250  0.241580  0.050129  0.999302
     71   1      4   2   2    24    27.323    5166.364  1910936.0  1942078.2   5253.632  24.420   5.347   0.250  1.104413  0.227764  0.044950  0.999260
     72   1      4   2   0    24    30.062    5659.469   448298.4   463511.0   3339.299  26.882   5.857   0.249  1.209823  0.207919  0.038993  0.999189
     73   1      3   3   1    24    30.885    5806.493   286432.4   302446.0   2814.389  27.623   6.009   0.249  1.241253  0.202654  0.037673  0.999168
     74   1      4   0   0     6    33.829    6327.479  1140941.6  1147106.1   4930.400  30.275   6.548   0.247  1.352624  0.185968  0.034120  0.999094
     75   1      2   2   2     8    39.481    7306.343   453125.1   447805.5   4504.885  35.378   7.562   0.245  1.561875  0.161053  0.030329  0.998954
     76   1      3   1   1    24    41.393    7631.227   890621.2   877995.7   5331.864  37.110   7.898   0.244  1.631326  0.154197  0.029550  0.998907
     77   1      2   2   0    12    49.359    8948.406  9693507.0  9765210.0  16009.037  44.339   9.261   0.240  1.912899  0.131499  0.027621  0.998719
     78   1      2   0   0     6    73.890   12654.957  3337396.5  3347055.2  22667.986  66.805  13.097   0.228  2.705247  0.092984  0.025997  0.998188
     79   1      1   1   1     8    88.312   14612.687  4159932.8  4027396.2  33914.738  80.140  15.123   0.220  3.123751  0.080527  0.025760  0.997909

     -----------------------------------------------------
     BRAGG R-Factors and weight fractions for Pattern #  1
     -----------------------------------------------------

 => Phase:  1     LaMnO3
 => Bragg R-factor:   1.82       Vol:  158.384( 0.000)  Fract(%):  100.00( 1.83)
 => Rf-factor=  3.31             ATZ:         688.286   Brindley:  1.0000

     -----------------------------------------------------------------
      SYMBOLIC NAMES AND FINAL VALUES AND SIGMA OF REFINED PARAMETERS:
     -----------------------------------------------------------------

      ->  Parameter number    1 :                                     Scale_ph1_pat1     2115.2737    ( +/-     27.342756     )
      ->  Parameter number    2 :                                         Bck_0_pat1     2181.0247    ( +/-     7.7197919     )
      ->  Parameter number    3 :                                         Bck_1_pat1     221.41541    ( +/-     24.987757     )
      ->  Parameter number    4 :                                         Bck_2_pat1     376.63934    ( +/-     71.850868     )
      ->  Parameter number    5 :                                        Biso_Ce_ph1    0.30158594    ( +/-    0.13566846E-01 )
      ->  Parameter number    6 :                                         Biso_O_ph1    0.49640828    ( +/-    0.11208148E-01 )
      ->  Parameter number    7 :                                  TOF_Abs1_ph1_pat1    0.28833677E-03( +/-    0.26775720E-02 )
      ->  Parameter number    8 :                                         Bck_3_pat1    -1931.6899    ( +/-     62.627625     )
      ->  Parameter number    9 :                                         Bck_4_pat1     1965.9354    ( +/-     129.93872     )
      ->  Parameter number   10 :                                     Sig-1_ph1_pat1     83.808792    ( +/-     3.7105291     )
      ->  Parameter number   11 :                                     Gam-1_ph1_pat1     4.8407221    ( +/-    0.24917179     )
      ->  Parameter number   12 :                                         Bck_5_pat1    -588.87488    ( +/-     67.869179     )
      ->  Parameter number   13 :                                    Alpha1_ph1_pat1    0.25155854    ( +/-    0.31920575E-01 )
      ->  Parameter number   14 :                                          Zero_pat1     3.0517714    ( +/-    0.23497131     )
      ->  Parameter number   15 :                                          Dtt1_pat1     4677.9302    ( +/-    0.60164654     )
      ->  Parameter number   16 :                                          Dtt2_pat1     1.7621024    ( +/-    0.17409635     )
      ->  Parameter number   17 :                                     Beta0_ph1_pat1    0.25454832E-01( +/-    0.24674626E-03 )
      ->  Parameter number   18 :                                     Beta1_ph1_pat1    0.29005347E-01( +/-    0.64881664E-03 )
      ->  Parameter number   19 :                                     Sig-2_ph1_pat1     3.5751314    ( +/-    0.63911819     )

 ------------------------------------------------------------------
 => Number of bytes for floating point variables: 4
 => Dimensions of dynamic allocated arrays in this run of FullProf:
 ------------------------------------------------------------------

 => Total approximate array memory (dynamic + static): 132451053 bytes

    MaxPOINT=    80000 Max.num. of points(+int. Inten.)/diffraction pattern       
    MaxREFLT=    25000 Max.num. of reflections/diffraction pattern               
    MaxPARAM=      500 Max.num. of refinable parameters                          
    MaxOVERL=     9000 Max.num. of overlapping reflections                       

 ----------------------------------------------------------
 => Number of bytes for floating point arrays: 4
 => Dimensions of fixed arrays in this release of FullProf:
 ----------------------------------------------------------

    NPATT   =       80 Max.num. of powder diffraction patterns                    
    NATS    =      830 Max.num. of atoms (all kind) in asymmetric unit            
    MPAR    =     1800 Max.num. of non atomic parameters/phase                    
    IEXCL   =       30 Max.num. of excluded regions                               
    IBACP   =      377 Max.num. of background points for interpolation            
    NPHT    =       16 Max.num. of phases                                         
    NMAGM   =        8 Max.num. of rotation-matrices sets for magnetic structure  
    NBASIS  =       12 Max.num. of basis functions associated to a single atom    
    NIREPS  =        9 Max.num. of irreducible representations to be combined     
    N_EQ    =      384 Max.num. of user-supplied symmetry operators/propagation vectors
    NGL     =      400 Max.num. of global parameters/diffraction pattern          
    N_LINC  =       50 Max.num. of global linear restraints                        
    NAT_P   =       80 Max.num. of atomic parameters per atom                     
    NCONST  =     3500 Max.num. of slack constraints per phase                    
    N_SPE   =       30 Max.num. of different chemical species                     
    N_FORM  =       60 Max.num. of scattering factor values in a table            
    NPR     =      150 Max.num. of points defining a numerical profile            
    INPR    =       25 Max.num. of different numerical peak shapes                
    NPRC    =      150 Max.num. of terms in the table for correcting intensities  
    NSOL    =       10 Max.num. of solutions to be stored in Montecarlo searchs   

 
              CPU Time:     0.242 seconds
                            0.004 minutes

 => Run finished at:     Date: 03/10/2026  Time: 19:36:15.262                              
